[    0.000000] Linux version 6.8.0-57-generic (buildd@lcy02-amd64-104) (x86_64-linux-gnu-gcc-12 (Ubuntu 12.3.0-1ubuntu1~22.04) 12.3.0, GNU ld (GNU Binutils for Ubuntu) 2.38) #59~22.04.1-Ubuntu SMP PREEMPT_DYNAMIC Wed Mar 19 17:07:41 UTC 2 (Ubuntu 6.8.0-57.59~22.04.1-generic 6.8.12)
[    0.000000] Command line: BOOT_IMAGE=/boot/vmlinuz-6.8.0-57-generic root=UUID=b5e84f74-7532-4797-9ff4-9a3261f84236 ro memmap=16G$48G isolcpus=10,11,12,13
[    0.000000] KERNEL supported cpus:
[    0.000000]   Intel GenuineIntel
[    0.000000]   AMD AuthenticAMD
[    0.000000]   Hygon HygonGenuine
[    0.000000]   Centaur CentaurHauls
[    0.000000]   zhaoxin   Shanghai  
[    0.000000] BIOS-provided physical RAM map:
[    0.000000] BIOS-e820: [mem 0x0000000000000000-0x000000000009ffff] usable
[    0.000000] BIOS-e820: [mem 0x00000000000a0000-0x00000000000fffff] reserved
[    0.000000] BIOS-e820: [mem 0x0000000000100000-0x0000000009e01fff] usable
[    0.000000] BIOS-e820: [mem 0x0000000009e02000-0x0000000009ffffff] reserved
[    0.000000] BIOS-e820: [mem 0x000000000a000000-0x000000000a1fffff] usable
[    0.000000] BIOS-e820: [mem 0x000000000a200000-0x000000000a20ffff] ACPI NVS
[    0.000000] BIOS-e820: [mem 0x000000000a210000-0x000000000affffff] usable
[    0.000000] BIOS-e820: [mem 0x000000000b000000-0x000000000b020fff] reserved
[    0.000000] BIOS-e820: [mem 0x000000000b021000-0x00000000ac58cfff] usable
[    0.000000] BIOS-e820: [mem 0x00000000ac58d000-0x00000000b258cfff] reserved
[    0.000000] BIOS-e820: [mem 0x00000000b258d000-0x00000000b266efff] ACPI data
[    0.000000] BIOS-e820: [mem 0x00000000b266f000-0x00000000b466efff] ACPI NVS
[    0.000000] BIOS-e820: [mem 0x00000000b466f000-0x00000000ba5fefff] reserved
[    0.000000] BIOS-e820: [mem 0x00000000ba5ff000-0x00000000bbff8fff] usable
[    0.000000] BIOS-e820: [mem 0x00000000bbff9000-0x00000000bbffdfff] reserved
[    0.000000] BIOS-e820: [mem 0x00000000bbffe000-0x00000000bbffffff] usable
[    0.000000] BIOS-e820: [mem 0x00000000bc000000-0x00000000bcffffff] reserved
[    0.000000] BIOS-e820: [mem 0x00000000bd7f3000-0x00000000bfffffff] reserved
[    0.000000] BIOS-e820: [mem 0x00000000e0000000-0x00000000efffffff] reserved
[    0.000000] BIOS-e820: [mem 0x00000000f7000000-0x00000000ffffffff] reserved
[    0.000000] BIOS-e820: [mem 0x0000000100000000-0x000000101de7ffff] usable
[    0.000000] BIOS-e820: [mem 0x000000101eec0000-0x00000010601fffff] reserved
[    0.000000] BIOS-e820: [mem 0x000000fd00000000-0x000000ffffffffff] reserved
[    0.000000] NX (Execute Disable) protection: active
[    0.000000] APIC: Static calls initialized
[    0.000000] e820: update [mem 0xa6da9018-0xa6dcdc57] usable ==> usable
[    0.000000] e820: update [mem 0xa6da9018-0xa6dcdc57] usable ==> usable
[    0.000000] e820: update [mem 0xa6ed5018-0xa6edfe57] usable ==> usable
[    0.000000] e820: update [mem 0xa6ed5018-0xa6edfe57] usable ==> usable
[    0.000000] extended physical RAM map:
[    0.000000] reserve setup_data: [mem 0x0000000000000000-0x000000000009ffff] usable
[    0.000000] reserve setup_data: [mem 0x00000000000a0000-0x00000000000fffff] reserved
[    0.000000] reserve setup_data: [mem 0x0000000000100000-0x0000000009e01fff] usable
[    0.000000] reserve setup_data: [mem 0x0000000009e02000-0x0000000009ffffff] reserved
[    0.000000] reserve setup_data: [mem 0x000000000a000000-0x000000000a1fffff] usable
[    0.000000] reserve setup_data: [mem 0x000000000a200000-0x000000000a20ffff] ACPI NVS
[    0.000000] reserve setup_data: [mem 0x000000000a210000-0x000000000affffff] usable
[    0.000000] reserve setup_data: [mem 0x000000000b000000-0x000000000b020fff] reserved
[    0.000000] reserve setup_data: [mem 0x000000000b021000-0x00000000a6da9017] usable
[    0.000000] reserve setup_data: [mem 0x00000000a6da9018-0x00000000a6dcdc57] usable
[    0.000000] reserve setup_data: [mem 0x00000000a6dcdc58-0x00000000a6ed5017] usable
[    0.000000] reserve setup_data: [mem 0x00000000a6ed5018-0x00000000a6edfe57] usable
[    0.000000] reserve setup_data: [mem 0x00000000a6edfe58-0x00000000ac58cfff] usable
[    0.000000] reserve setup_data: [mem 0x00000000ac58d000-0x00000000b258cfff] reserved
[    0.000000] reserve setup_data: [mem 0x00000000b258d000-0x00000000b266efff] ACPI data
[    0.000000] reserve setup_data: [mem 0x00000000b266f000-0x00000000b466efff] ACPI NVS
[    0.000000] reserve setup_data: [mem 0x00000000b466f000-0x00000000ba5fefff] reserved
[    0.000000] reserve setup_data: [mem 0x00000000ba5ff000-0x00000000bbff8fff] usable
[    0.000000] reserve setup_data: [mem 0x00000000bbff9000-0x00000000bbffdfff] reserved
[    0.000000] reserve setup_data: [mem 0x00000000bbffe000-0x00000000bbffffff] usable
[    0.000000] reserve setup_data: [mem 0x00000000bc000000-0x00000000bcffffff] reserved
[    0.000000] reserve setup_data: [mem 0x00000000bd7f3000-0x00000000bfffffff] reserved
[    0.000000] reserve setup_data: [mem 0x00000000e0000000-0x00000000efffffff] reserved
[    0.000000] reserve setup_data: [mem 0x00000000f7000000-0x00000000ffffffff] reserved
[    0.000000] reserve setup_data: [mem 0x0000000100000000-0x0000000bffffffff] usable
[    0.000000] reserve setup_data: [mem 0x0000000c00000000-0x0000000fffffffff] reserved
[    0.000000] reserve setup_data: [mem 0x0000001000000000-0x000000101de7ffff] usable
[    0.000000] reserve setup_data: [mem 0x000000101eec0000-0x00000010601fffff] reserved
[    0.000000] reserve setup_data: [mem 0x000000fd00000000-0x000000ffffffffff] reserved
[    0.000000] user-defined physical RAM map:
[    0.000000] user: [mem 0x0000000000000000-0x000000000009ffff] usable
[    0.000000] user: [mem 0x00000000000a0000-0x00000000000fffff] reserved
[    0.000000] user: [mem 0x0000000000100000-0x0000000009e01fff] usable
[    0.000000] user: [mem 0x0000000009e02000-0x0000000009ffffff] reserved
[    0.000000] user: [mem 0x000000000a000000-0x000000000a1fffff] usable
[    0.000000] user: [mem 0x000000000a200000-0x000000000a20ffff] ACPI NVS
[    0.000000] user: [mem 0x000000000a210000-0x000000000affffff] usable
[    0.000000] user: [mem 0x000000000b000000-0x000000000b020fff] reserved
[    0.000000] user: [mem 0x000000000b021000-0x00000000a6da9017] usable
[    0.000000] user: [mem 0x00000000a6da9018-0x00000000a6dcdc57] usable
[    0.000000] user: [mem 0x00000000a6dcdc58-0x00000000a6ed5017] usable
[    0.000000] user: [mem 0x00000000a6ed5018-0x00000000a6edfe57] usable
[    0.000000] user: [mem 0x00000000a6edfe58-0x00000000ac58cfff] usable
[    0.000000] user: [mem 0x00000000ac58d000-0x00000000b258cfff] reserved
[    0.000000] user: [mem 0x00000000b258d000-0x00000000b266efff] ACPI data
[    0.000000] user: [mem 0x00000000b266f000-0x00000000b466efff] ACPI NVS
[    0.000000] user: [mem 0x00000000b466f000-0x00000000ba5fefff] reserved
[    0.000000] user: [mem 0x00000000ba5ff000-0x00000000bbff8fff] usable
[    0.000000] user: [mem 0x00000000bbff9000-0x00000000bbffdfff] reserved
[    0.000000] user: [mem 0x00000000bbffe000-0x00000000bbffffff] usable
[    0.000000] user: [mem 0x00000000bc000000-0x00000000bcffffff] reserved
[    0.000000] user: [mem 0x00000000bd7f3000-0x00000000bfffffff] reserved
[    0.000000] user: [mem 0x00000000e0000000-0x00000000efffffff] reserved
[    0.000000] user: [mem 0x00000000f7000000-0x00000000ffffffff] reserved
[    0.000000] user: [mem 0x0000000100000000-0x0000000bffffffff] usable
[    0.000000] user: [mem 0x0000000c00000000-0x0000000fffffffff] reserved
[    0.000000] user: [mem 0x0000001000000000-0x000000101de7ffff] usable
[    0.000000] user: [mem 0x000000101eec0000-0x00000010601fffff] reserved
[    0.000000] user: [mem 0x000000fd00000000-0x000000ffffffffff] reserved
[    0.000000] efi: EFI v2.9 by American Megatrends
[    0.000000] efi: ACPI=0xb4656000 ACPI 2.0=0xb4656014 TPMFinalLog=0xb4623000 SMBIOS=0xb9ad9000 SMBIOS 3.0=0xb9ad8000 MEMATTR=0xa6f0e018 ESRT=0xa7dbe418 MOKvar=0xb9b39000 RNG=0xb25ba018 TPMEventLog=0xb25ae018 
[    0.000000] random: crng init done
[    0.000000] efi: Remove mem83: MMIO range=[0xe0000000-0xefffffff] (256MB) from e820 map
[    0.000000] e820: remove [mem 0xe0000000-0xefffffff] reserved
[    0.000000] efi: Remove mem84: MMIO range=[0xf7000000-0xfedfffff] (126MB) from e820 map
[    0.000000] e820: remove [mem 0xf7000000-0xfedfffff] reserved
[    0.000000] efi: Not removing mem85: MMIO range=[0xfee00000-0xfee00fff] (4KB) from e820 map
[    0.000000] efi: Remove mem86: MMIO range=[0xfee01000-0xffffffff] (17MB) from e820 map
[    0.000000] e820: remove [mem 0xfee01000-0xffffffff] reserved
[    0.000000] efi: Remove mem88: MMIO range=[0x1040000000-0x10601fffff] (514MB) from e820 map
[    0.000000] e820: remove [mem 0x1040000000-0x10601fffff] reserved
[    0.000000] secureboot: Secure boot disabled
[    0.000000] SMBIOS 3.6.0 present.
[    0.000000] DMI: Micro-Star International Co., Ltd. MS-7D75/MAG B650 TOMAHAWK WIFI (MS-7D75), BIOS 1.E0 02/20/2024
[    0.000000] tsc: Fast TSC calibration using PIT
[    0.000000] tsc: Detected 4199.917 MHz processor
[    0.000119] e820: update [mem 0x00000000-0x00000fff] usable ==> reserved
[    0.000121] e820: remove [mem 0x000a0000-0x000fffff] usable
[    0.000126] last_pfn = 0x101de80 max_arch_pfn = 0x400000000
[    0.000131] MTRR map: 5 entries (3 fixed + 2 variable; max 20), built from 9 variable MTRRs
[    0.000132] x86/PAT: Configuration [0-7]: WB  WC  UC- UC  WB  WP  UC- WT  
[    0.000347] e820: update [mem 0xc0000000-0xffffffff] usable ==> reserved
[    0.000354] last_pfn = 0xbc000 max_arch_pfn = 0x400000000
[    0.002793] esrt: Reserving ESRT space from 0x00000000a7dbe418 to 0x00000000a7dbe450.
[    0.002798] e820: update [mem 0xa7dbe000-0xa7dbefff] usable ==> reserved
[    0.002810] Using GB pages for direct mapping
[    0.003012] secureboot: Secure boot disabled
[    0.003012] RAMDISK: [mem 0xa07b4000-0xa4df3fff]
[    0.003017] ACPI: Early table checksum verification disabled
[    0.003019] ACPI: RSDP 0x00000000B4656014 000024 (v02 ALASKA)
[    0.003022] ACPI: XSDT 0x00000000B4655728 000104 (v01 ALASKA A M I    01072009 AMI  01000013)
[    0.003026] ACPI: FACP 0x00000000B2665000 000114 (v06 ALASKA A M I    01072009 AMI  00010013)
[    0.003029] ACPI: DSDT 0x00000000B25EA000 06F33C (v128 ALASKA A M I    01072009 INTL 20221020)
[    0.003031] ACPI: FACS 0x00000000B4653000 000040
[    0.003033] ACPI: SSDT 0x00000000B2667000 007F64 (v02 AMD    Splinter 00000002 MSFT 04000000)
[    0.003034] ACPI: SSDT 0x00000000B2666000 0003F1 (v02 ALASKA CPUSSDT  01072009 AMI  01072009)
[    0.003036] ACPI: FIDT 0x00000000B265E000 00009C (v01 ALASKA A M I    01072009 AMI  00010013)
[    0.003037] ACPI: MCFG 0x00000000B265D000 00003C (v01 ALASKA A M I    01072009 MSFT 00010013)
[    0.003038] ACPI: HPET 0x00000000B265C000 000038 (v01 ALASKA A M I    01072009 AMI  00000005)
[    0.003039] ACPI: WDRT 0x00000000B265B000 000047 (v01 ALASKA A M I    01072009 AMI  00000005)
[    0.003041] ACPI: UEFI 0x00000000B4000000 000048 (v01 ALASKA A M I    01072009 AMI  01000013)
[    0.003042] ACPI: FPDT 0x00000000B265A000 000044 (v01 ALASKA A M I    01072009 AMI  01000013)
[    0.003043] ACPI: VFCT 0x00000000B25DF000 00AE84 (v01 ALASKA A M I    00000001 AMD  33504F47)
[    0.003045] ACPI: SSDT 0x00000000B25D5000 009BAE (v02 AMD    AMD CPU  00000001 AMD  00000001)
[    0.003046] ACPI: SSDT 0x00000000B2663000 0006D4 (v02 AMD    CPMWLRC  00000001 INTL 20221020)
[    0.003047] ACPI: SSDT 0x00000000B2661000 0015D0 (v02 AMD    CPMDFIG2 00000001 INTL 20221020)
[    0.003049] ACPI: SSDT 0x00000000B25D2000 002AA6 (v02 AMD    CDFAAIG2 00000001 INTL 20221020)
[    0.003050] ACPI: SSDT 0x00000000B2660000 00078F (v02 AMD    CPMDFDG1 00000001 INTL 20221020)
[    0.003051] ACPI: SSDT 0x00000000B25C8000 009A53 (v02 AMD    CPMCMN   00000001 INTL 20221020)
[    0.003053] ACPI: SSDT 0x00000000B25C5000 002406 (v02 AMD    AOD      00000001 INTL 20221020)
[    0.003054] ACPI: TPM2 0x00000000B265F000 00004C (v04 ALASKA A M I    00000001 AMI  00000000)
[    0.003055] ACPI: WSMT 0x00000000B25C4000 000028 (v01 ALASKA A M I    01072009 AMI  00010013)
[    0.003056] ACPI: APIC 0x00000000B25C3000 00015E (v06 ALASKA A M I    01072009 AMI  00010013)
[    0.003058] ACPI: IVRS 0x00000000B25C2000 0000C8 (v02 AMD    AmdTable 00000001 AMD  00000001)
[    0.003059] ACPI: SSDT 0x00000000B25C1000 000500 (v02 AMD    MEMTOOL0 00000002 INTL 20221020)
[    0.003061] ACPI: SSDT 0x00000000B25C0000 00096A (v02 AMD    CPMMSOSC 00000001 INTL 20221020)
[    0.003062] ACPI: SSDT 0x00000000B25BF000 00047C (v02 AMD    AMDWOV   00000001 INTL 20221020)
[    0.003063] ACPI: SSDT 0x00000000B25BD000 001046 (v02 AMD    CPMACPV4 00000001 INTL 20221020)
[    0.003065] ACPI: SSDT 0x00000000B25BC000 00053E (v01 AMD    CPMAPMFD 00000001 INTL 20221020)
[    0.003066] ACPI: SSDT 0x00000000B25BB000 00044E (v02 AMD    AmdTable 00000001 INTL 20221020)
[    0.003067] ACPI: BGRT 0x00000000B2664000 000038 (v01 ALASKA A M I    01072009 AMI  00010013)
[    0.003068] ACPI: Reserving FACP table memory at [mem 0xb2665000-0xb2665113]
[    0.003069] ACPI: Reserving DSDT table memory at [mem 0xb25ea000-0xb265933b]
[    0.003069] ACPI: Reserving FACS table memory at [mem 0xb4653000-0xb465303f]
[    0.003070] ACPI: Reserving SSDT table memory at [mem 0xb2667000-0xb266ef63]
[    0.003070] ACPI: Reserving SSDT table memory at [mem 0xb2666000-0xb26663f0]
[    0.003071] ACPI: Reserving FIDT table memory at [mem 0xb265e000-0xb265e09b]
[    0.003071] ACPI: Reserving MCFG table memory at [mem 0xb265d000-0xb265d03b]
[    0.003071] ACPI: Reserving HPET table memory at [mem 0xb265c000-0xb265c037]
[    0.003072] ACPI: Reserving WDRT table memory at [mem 0xb265b000-0xb265b046]
[    0.003072] ACPI: Reserving UEFI table memory at [mem 0xb4000000-0xb4000047]
[    0.003072] ACPI: Reserving FPDT table memory at [mem 0xb265a000-0xb265a043]
[    0.003073] ACPI: Reserving VFCT table memory at [mem 0xb25df000-0xb25e9e83]
[    0.003073] ACPI: Reserving SSDT table memory at [mem 0xb25d5000-0xb25debad]
[    0.003074] ACPI: Reserving SSDT table memory at [mem 0xb2663000-0xb26636d3]
[    0.003074] ACPI: Reserving SSDT table memory at [mem 0xb2661000-0xb26625cf]
[    0.003074] ACPI: Reserving SSDT table memory at [mem 0xb25d2000-0xb25d4aa5]
[    0.003075] ACPI: Reserving SSDT table memory at [mem 0xb2660000-0xb266078e]
[    0.003075] ACPI: Reserving SSDT table memory at [mem 0xb25c8000-0xb25d1a52]
[    0.003076] ACPI: Reserving SSDT table memory at [mem 0xb25c5000-0xb25c7405]
[    0.003076] ACPI: Reserving TPM2 table memory at [mem 0xb265f000-0xb265f04b]
[    0.003076] ACPI: Reserving WSMT table memory at [mem 0xb25c4000-0xb25c4027]
[    0.003077] ACPI: Reserving APIC table memory at [mem 0xb25c3000-0xb25c315d]
[    0.003077] ACPI: Reserving IVRS table memory at [mem 0xb25c2000-0xb25c20c7]
[    0.003078] ACPI: Reserving SSDT table memory at [mem 0xb25c1000-0xb25c14ff]
[    0.003078] ACPI: Reserving SSDT table memory at [mem 0xb25c0000-0xb25c0969]
[    0.003078] ACPI: Reserving SSDT table memory at [mem 0xb25bf000-0xb25bf47b]
[    0.003079] ACPI: Reserving SSDT table memory at [mem 0xb25bd000-0xb25be045]
[    0.003079] ACPI: Reserving SSDT table memory at [mem 0xb25bc000-0xb25bc53d]
[    0.003080] ACPI: Reserving SSDT table memory at [mem 0xb25bb000-0xb25bb44d]
[    0.003080] ACPI: Reserving BGRT table memory at [mem 0xb2664000-0xb2664037]
[    0.003160] No NUMA configuration found
[    0.003160] Faking a node at [mem 0x0000000000000000-0x000000101de7ffff]
[    0.003165] NODE_DATA(0) allocated [mem 0x101de55000-0x101de7ffff]
[    0.003273] Zone ranges:
[    0.003273]   DMA      [mem 0x0000000000001000-0x0000000000ffffff]
[    0.003274]   DMA32    [mem 0x0000000001000000-0x00000000ffffffff]
[    0.003275]   Normal   [mem 0x0000000100000000-0x000000101de7ffff]
[    0.003276]   Device   empty
[    0.003276] Movable zone start for each node
[    0.003277] Early memory node ranges
[    0.003277]   node   0: [mem 0x0000000000001000-0x000000000009ffff]
[    0.003278]   node   0: [mem 0x0000000000100000-0x0000000009e01fff]
[    0.003279]   node   0: [mem 0x000000000a000000-0x000000000a1fffff]
[    0.003279]   node   0: [mem 0x000000000a210000-0x000000000affffff]
[    0.003280]   node   0: [mem 0x000000000b021000-0x00000000ac58cfff]
[    0.003280]   node   0: [mem 0x00000000ba5ff000-0x00000000bbff8fff]
[    0.003281]   node   0: [mem 0x00000000bbffe000-0x00000000bbffffff]
[    0.003281]   node   0: [mem 0x0000000100000000-0x0000000bffffffff]
[    0.003283]   node   0: [mem 0x0000001000000000-0x000000101de7ffff]
[    0.003284] Initmem setup node 0 [mem 0x0000000000001000-0x000000101de7ffff]
[    0.003287] On node 0, zone DMA: 1 pages in unavailable ranges
[    0.003296] On node 0, zone DMA: 96 pages in unavailable ranges
[    0.003365] On node 0, zone DMA32: 510 pages in unavailable ranges
[    0.003373] On node 0, zone DMA32: 16 pages in unavailable ranges
[    0.004537] On node 0, zone DMA32: 33 pages in unavailable ranges
[    0.004660] On node 0, zone DMA32: 24690 pages in unavailable ranges
[    0.004661] On node 0, zone DMA32: 5 pages in unavailable ranges
[    0.031650] On node 0, zone Normal: 16384 pages in unavailable ranges
[    0.032008] On node 0, zone Normal: 8576 pages in unavailable ranges
[    0.032735] ACPI: PM-Timer IO Port: 0x808
[    0.032742] ACPI: LAPIC_NMI (acpi_id[0xff] high edge lint[0x1])
[    0.032753] IOAPIC[0]: apic_id 32, version 33, address 0xfec00000, GSI 0-23
[    0.032756] IOAPIC[1]: apic_id 33, version 33, address 0xfec01000, GSI 24-55
[    0.032758] ACPI: INT_SRC_OVR (bus 0 bus_irq 0 global_irq 2 dfl dfl)
[    0.032759] ACPI: INT_SRC_OVR (bus 0 bus_irq 9 global_irq 9 low level)
[    0.032762] ACPI: Using ACPI (MADT) for SMP configuration information
[    0.032763] ACPI: HPET id: 0x10228201 base: 0xfed00000
[    0.032770] e820: update [mem 0xa6e78000-0xa6ed4fff] usable ==> reserved
[    0.032779] smpboot: Allowing 32 CPUs, 0 hotplug CPUs
[    0.032792] PM: hibernation: Registered nosave memory: [mem 0x00000000-0x00000fff]
[    0.032793] PM: hibernation: Registered nosave memory: [mem 0x000a0000-0x000fffff]
[    0.032794] PM: hibernation: Registered nosave memory: [mem 0x09e02000-0x09ffffff]
[    0.032795] PM: hibernation: Registered nosave memory: [mem 0x0a200000-0x0a20ffff]
[    0.032795] PM: hibernation: Registered nosave memory: [mem 0x0b000000-0x0b020fff]
[    0.032796] PM: hibernation: Registered nosave memory: [mem 0xa6da9000-0xa6da9fff]
[    0.032797] PM: hibernation: Registered nosave memory: [mem 0xa6dcd000-0xa6dcdfff]
[    0.032798] PM: hibernation: Registered nosave memory: [mem 0xa6e78000-0xa6ed4fff]
[    0.032798] PM: hibernation: Registered nosave memory: [mem 0xa6ed5000-0xa6ed5fff]
[    0.032799] PM: hibernation: Registered nosave memory: [mem 0xa6edf000-0xa6edffff]
[    0.032800] PM: hibernation: Registered nosave memory: [mem 0xa7dbe000-0xa7dbefff]
[    0.032800] PM: hibernation: Registered nosave memory: [mem 0xac58d000-0xb258cfff]
[    0.032801] PM: hibernation: Registered nosave memory: [mem 0xb258d000-0xb266efff]
[    0.032801] PM: hibernation: Registered nosave memory: [mem 0xb266f000-0xb466efff]
[    0.032801] PM: hibernation: Registered nosave memory: [mem 0xb466f000-0xba5fefff]
[    0.032802] PM: hibernation: Registered nosave memory: [mem 0xbbff9000-0xbbffdfff]
[    0.032803] PM: hibernation: Registered nosave memory: [mem 0xbc000000-0xbcffffff]
[    0.032803] PM: hibernation: Registered nosave memory: [mem 0xbd000000-0xbd7f2fff]
[    0.032804] PM: hibernation: Registered nosave memory: [mem 0xbd7f3000-0xbfffffff]
[    0.032804] PM: hibernation: Registered nosave memory: [mem 0xc0000000-0xfedfffff]
[    0.032804] PM: hibernation: Registered nosave memory: [mem 0xfee00000-0xfee00fff]
[    0.032805] PM: hibernation: Registered nosave memory: [mem 0xfee01000-0xffffffff]
[    0.032806] PM: hibernation: Registered nosave memory: [mem 0xc00000000-0xfffffffff]
[    0.032807] [mem 0xc0000000-0xfedfffff] available for PCI devices
[    0.032807] Booting paravirtualized kernel on bare hardware
[    0.032809] clocksource: refined-jiffies: mask: 0xffffffff max_cycles: 0xffffffff, max_idle_ns: 1910969940391419 ns
[    0.032814] setup_percpu: NR_CPUS:8192 nr_cpumask_bits:32 nr_cpu_ids:32 nr_node_ids:1
[    0.033615] percpu: Embedded 86 pages/cpu s229376 r8192 d114688 u524288
[    0.033619] pcpu-alloc: s229376 r8192 d114688 u524288 alloc=1*2097152
[    0.033620] pcpu-alloc: [0] 00 01 02 03 [0] 04 05 06 07 
[    0.033623] pcpu-alloc: [0] 08 09 10 11 [0] 12 13 14 15 
[    0.033625] pcpu-alloc: [0] 16 17 18 19 [0] 20 21 22 23 
[    0.033627] pcpu-alloc: [0] 24 25 26 27 [0] 28 29 30 31 
[    0.033640] Kernel command line: BOOT_IMAGE=/boot/vmlinuz-6.8.0-57-generic root=UUID=b5e84f74-7532-4797-9ff4-9a3261f84236 ro memmap=16G$48G isolcpus=10,11,12,13
[    0.033681] Unknown kernel command line parameters "BOOT_IMAGE=/boot/vmlinuz-6.8.0-57-generic", will be passed to user space.
[    0.036198] Dentry cache hash table entries: 8388608 (order: 14, 67108864 bytes, linear)
[    0.037319] Inode-cache hash table entries: 4194304 (order: 13, 33554432 bytes, linear)
[    0.037434] Fallback order for Node 0: 0 
[    0.037437] Built 1 zonelists, mobility grouping on.  Total pages: 12175338
[    0.037438] Policy zone: Normal
[    0.037443] mem auto-init: stack:all(zero), heap alloc:on, heap free:off
[    0.037475] software IO TLB: area num 32.
[    0.084994] Memory: 48278992K/49475044K available (22528K kernel code, 4440K rwdata, 13920K rodata, 4984K init, 4728K bss, 1195792K reserved, 0K cma-reserved)
[    0.085530] SLUB: HWalign=64, Order=0-3, MinObjects=0, CPUs=32, Nodes=1
[    0.085546] ftrace: allocating 58010 entries in 227 pages
[    0.093560] ftrace: allocated 227 pages with 5 groups
[    0.094134] Dynamic Preempt: voluntary
[    0.094206] rcu: Preemptible hierarchical RCU implementation.
[    0.094207] rcu: 	RCU restricting CPUs from NR_CPUS=8192 to nr_cpu_ids=32.
[    0.094208] 	Trampoline variant of Tasks RCU enabled.
[    0.094208] 	Rude variant of Tasks RCU enabled.
[    0.094209] 	Tracing variant of Tasks RCU enabled.
[    0.094209] rcu: RCU calculated value of scheduler-enlistment delay is 100 jiffies.
[    0.094209] rcu: Adjusting geometry for rcu_fanout_leaf=16, nr_cpu_ids=32
[    0.095679] NR_IRQS: 524544, nr_irqs: 1224, preallocated irqs: 16
[    0.095858] rcu: srcu_init: Setting srcu_struct sizes based on contention.
[    0.095981] Console: colour dummy device 80x25
[    0.095983] printk: legacy console [tty0] enabled
[    0.096209] ACPI: Core revision 20230628
[    0.096427] clocksource: hpet: mask: 0xffffffff max_cycles: 0xffffffff, max_idle_ns: 133484873504 ns
[    0.096440] APIC: Switch to symmetric I/O mode setup
[    0.097011] AMD-Vi: Using global IVHD EFR:0x246577efa2254afa, EFR2:0x0
[    0.097815] ..TIMER: vector=0x30 apic1=0 pin1=2 apic2=-1 pin2=-1
[    0.102445] clocksource: tsc-early: mask: 0xffffffffffffffff max_cycles: 0x3c8a137a4f1, max_idle_ns: 440795412118 ns
[    0.102449] Calibrating delay loop (skipped), value calculated using timer frequency.. 8399.83 BogoMIPS (lpj=4199917)
[    0.102461] x86/cpu: User Mode Instruction Prevention (UMIP) activated
[    0.102502] LVT offset 1 assigned for vector 0xf9
[    0.102626] LVT offset 2 assigned for vector 0xf4
[    0.102664] process: using mwait in idle threads
[    0.102665] Last level iTLB entries: 4KB 512, 2MB 512, 4MB 256
[    0.102667] Last level dTLB entries: 4KB 3072, 2MB 3072, 4MB 1536, 1GB 0
[    0.102669] Spectre V1 : Mitigation: usercopy/swapgs barriers and __user pointer sanitization
[    0.102671] Spectre V2 : Mitigation: Enhanced / Automatic IBRS
[    0.102673] Spectre V2 : Spectre v2 / SpectreRSB mitigation: Filling RSB on context switch
[    0.102675] Spectre V2 : mitigation: Enabling conditional Indirect Branch Prediction Barrier
[    0.102677] Spectre V2 : User space: Mitigation: STIBP always-on protection
[    0.102678] Speculative Store Bypass: Mitigation: Speculative Store Bypass disabled via prctl
[    0.102680] Speculative Return Stack Overflow: Mitigation: Safe RET
[    0.102685] x86/fpu: Supporting XSAVE feature 0x001: 'x87 floating point registers'
[    0.102686] x86/fpu: Supporting XSAVE feature 0x002: 'SSE registers'
[    0.102688] x86/fpu: Supporting XSAVE feature 0x004: 'AVX registers'
[    0.102689] x86/fpu: Supporting XSAVE feature 0x020: 'AVX-512 opmask'
[    0.102690] x86/fpu: Supporting XSAVE feature 0x040: 'AVX-512 Hi256'
[    0.102691] x86/fpu: Supporting XSAVE feature 0x080: 'AVX-512 ZMM_Hi256'
[    0.102692] x86/fpu: Supporting XSAVE feature 0x200: 'Protection Keys User registers'
[    0.102694] x86/fpu: Supporting XSAVE feature 0x800: 'Control-flow User registers'
[    0.102695] x86/fpu: xstate_offset[2]:  576, xstate_sizes[2]:  256
[    0.102697] x86/fpu: xstate_offset[5]:  832, xstate_sizes[5]:   64
[    0.102698] x86/fpu: xstate_offset[6]:  896, xstate_sizes[6]:  512
[    0.102699] x86/fpu: xstate_offset[7]: 1408, xstate_sizes[7]: 1024
[    0.102701] x86/fpu: xstate_offset[9]: 2432, xstate_sizes[9]:    8
[    0.102702] x86/fpu: xstate_offset[11]: 2440, xstate_sizes[11]:   16
[    0.102703] x86/fpu: Enabled xstate features 0xae7, context size is 2456 bytes, using 'compacted' format.
[    0.123068] Freeing SMP alternatives memory: 48K
[    0.123072] pid_max: default: 32768 minimum: 301
[    0.126262] LSM: initializing lsm=lockdown,capability,landlock,yama,apparmor,integrity
[    0.126279] landlock: Up and running.
[    0.126281] Yama: becoming mindful.
[    0.126304] AppArmor: AppArmor initialized
[    0.126373] Mount-cache hash table entries: 131072 (order: 8, 1048576 bytes, linear)
[    0.126422] Mountpoint-cache hash table entries: 131072 (order: 8, 1048576 bytes, linear)
[    0.230428] smpboot: CPU0: AMD Ryzen 9 7950X3D 16-Core Processor (family: 0x19, model: 0x61, stepping: 0x2)
[    0.230448] RCU Tasks: Setting shift to 5 and lim to 1 rcu_task_cb_adjust=1 rcu_task_cpu_ids=32.
[    0.230448] RCU Tasks Rude: Setting shift to 5 and lim to 1 rcu_task_cb_adjust=1 rcu_task_cpu_ids=32.
[    0.230448] RCU Tasks Trace: Setting shift to 5 and lim to 1 rcu_task_cb_adjust=1 rcu_task_cpu_ids=32.
[    0.230448] Performance Events: Fam17h+ 16-deep LBR, core perfctr, AMD PMU driver.
[    0.230448] ... version:                2
[    0.230448] ... bit width:              48
[    0.230448] ... generic registers:      6
[    0.230448] ... value mask:             0000ffffffffffff
[    0.230448] ... max period:             00007fffffffffff
[    0.230448] ... fixed-purpose events:   0
[    0.230448] ... event mask:             000000000000003f
[    0.230448] signal: max sigframe size: 3376
[    0.230448] rcu: Hierarchical SRCU implementation.
[    0.230448] rcu: 	Max phase no-delay instances is 400.
[    0.231804] NMI watchdog: Enabled. Permanently consumes one hw-PMU counter.
[    0.231980] smp: Bringing up secondary CPUs ...
[    0.232055] smpboot: x86: Booting SMP configuration:
[    0.232058] .... node  #0, CPUs:        #1  #2  #3  #4  #5  #6  #7  #8  #9 #10 #11 #12 #13 #14 #15 #16 #17 #18 #19 #20 #21 #22 #23 #24 #25 #26 #27 #28 #29 #30 #31
[    0.255449] Spectre V2 : Update user space SMT mitigation: STIBP always-on
[    0.271486] smp: Brought up 1 node, 32 CPUs
[    0.271486] smpboot: Max logical packages: 1
[    0.271486] smpboot: Total of 32 processors activated (268794.68 BogoMIPS)
[    0.274449] devtmpfs: initialized
[    0.274496] x86/mm: Memory block size: 2048MB
[    0.275719] ACPI: PM: Registering ACPI NVS region [mem 0x0a200000-0x0a20ffff] (65536 bytes)
[    0.275719] ACPI: PM: Registering ACPI NVS region [mem 0xb266f000-0xb466efff] (33554432 bytes)
[    0.275820] clocksource: jiffies: mask: 0xffffffff max_cycles: 0xffffffff, max_idle_ns: 1911260446275000 ns
[    0.275838] futex hash table entries: 8192 (order: 7, 524288 bytes, linear)
[    0.275909] pinctrl core: initialized pinctrl subsystem
[    0.275984] PM: RTC time: 03:09:02, date: 2025-04-21
[    0.276575] NET: Registered PF_NETLINK/PF_ROUTE protocol family
[    0.276775] DMA: preallocated 4096 KiB GFP_KERNEL pool for atomic allocations
[    0.276865] DMA: preallocated 4096 KiB GFP_KERNEL|GFP_DMA pool for atomic allocations
[    0.276957] DMA: preallocated 4096 KiB GFP_KERNEL|GFP_DMA32 pool for atomic allocations
[    0.276967] audit: initializing netlink subsys (disabled)
[    0.276982] audit: type=2000 audit(1745204941.179:1): state=initialized audit_enabled=0 res=1
[    0.276982] thermal_sys: Registered thermal governor 'fair_share'
[    0.276982] thermal_sys: Registered thermal governor 'bang_bang'
[    0.276982] thermal_sys: Registered thermal governor 'step_wise'
[    0.276982] thermal_sys: Registered thermal governor 'user_space'
[    0.276982] thermal_sys: Registered thermal governor 'power_allocator'
[    0.276982] EISA bus registered
[    0.276982] cpuidle: using governor ladder
[    0.276982] cpuidle: using governor menu
[    0.276982] acpiphp: ACPI Hot Plug PCI Controller Driver version: 0.5
[    0.277483] PCI: ECAM [mem 0xe0000000-0xefffffff] (base 0xe0000000) for domain 0000 [bus 00-ff]
[    0.277498] PCI: Using configuration type 1 for base access
[    0.277621] kprobes: kprobe jump-optimization is enabled. All kprobes are optimized if possible.
[    0.277628] HugeTLB: registered 1.00 GiB page size, pre-allocated 0 pages
[    0.277628] HugeTLB: 16380 KiB vmemmap can be freed for a 1.00 GiB page
[    0.277628] HugeTLB: registered 2.00 MiB page size, pre-allocated 0 pages
[    0.277628] HugeTLB: 28 KiB vmemmap can be freed for a 2.00 MiB page
[    0.277628] fbcon: Taking over console
[    0.277628] ACPI: Added _OSI(Module Device)
[    0.277628] ACPI: Added _OSI(Processor Device)
[    0.277628] ACPI: Added _OSI(3.0 _SCP Extensions)
[    0.277628] ACPI: Added _OSI(Processor Aggregator Device)
[    0.304620] ACPI: 16 ACPI AML tables successfully acquired and loaded
[    0.350998] ACPI: USB4 _OSC: OS supports USB3+ DisplayPort+ PCIe+ XDomain+
[    0.351003] ACPI: USB4 _OSC: OS controls USB3+ DisplayPort+ PCIe+ XDomain+
[    0.351419] ACPI: _OSC evaluation for CPUs failed, trying _PDC
[    0.352394] ACPI: Interpreter enabled
[    0.352412] ACPI: PM: (supports S0 S3 S4 S5)
[    0.352414] ACPI: Using IOAPIC for interrupt routing
[    0.355109] PCI: Using host bridge windows from ACPI; if necessary, use "pci=nocrs" and report a bug
[    0.355114] PCI: Ignoring E820 reservations for host bridge windows
[    0.355673] ACPI: Enabled 12 GPEs in block 00 to 1F
[    0.358520] ACPI: \_SB_.PCI0.GP17.XHC0.P0U0: New power resource
[    0.360688] ACPI: \_SB_.PCI0.GP17.XHC1.P0U1: New power resource
[    0.364373] ACPI: \_SB_.PCI0.GP19.XHC2.P0U2: New power resource
[    0.365245] ACPI: \_SB_.PCI0.GPP0.M237: New power resource
[    0.365619] ACPI: \_SB_.PCI0.GPP1.P0NV: New power resource
[    0.366718] ACPI: \_SB_.PCI0.GPP7.PWRS: New power resource
[    0.367143] ACPI: \_SB_.PCI0.GPP7.UP00.PWRS: New power resource
[    0.367548] ACPI: \_SB_.PCI0.GPP7.UP00.DP00.PWRS: New power resource
[    0.367951] ACPI: \_SB_.PCI0.GPP7.UP00.DP00.NV00.PWRS: New power resource
[    0.368357] ACPI: \_SB_.PCI0.GPP7.UP00.DP08.PWRS: New power resource
[    0.368650] ACPI: \_SB_.PCI0.GPP7.UP00.DP08.EP00.PWRS: New power resource
[    0.368980] ACPI: \_SB_.PCI0.GPP7.UP00.DP10.PWRS: New power resource
[    0.369268] ACPI: \_SB_.PCI0.GPP7.UP00.DP10.WN00.PWRS: New power resource
[    0.369594] ACPI: \_SB_.PCI0.GPP7.UP00.DP18.PWRS: New power resource
[    0.369889] ACPI: \_SB_.PCI0.GPP7.UP00.DP18.LN00.PWRS: New power resource
[    0.370215] ACPI: \_SB_.PCI0.GPP7.UP00.DP20.PWRS: New power resource
[    0.370808] ACPI: \_SB_.PCI0.GPP7.UP00.DP20.NV00.PWRS: New power resource
[    0.371245] ACPI: \_SB_.PCI0.GPP7.UP00.DP28.PWRS: New power resource
[    0.371821] ACPI: \_SB_.PCI0.GPP7.UP00.DP28.EP00.PWRS: New power resource
[    0.372083] ACPI: \_SB_.PCI0.GPP7.UP00.DP30.PWRS: New power resource
[    0.372666] ACPI: \_SB_.PCI0.GPP7.UP00.DP30.EP00.PWRS: New power resource
[    0.373021] ACPI: \_SB_.PCI0.GPP7.UP00.DP38.PWRS: New power resource
[    0.373611] ACPI: \_SB_.PCI0.GPP7.UP00.DP38.EP00.PWRS: New power resource
[    0.373965] ACPI: \_SB_.PCI0.GPP7.UP00.DP40.PWRS: New power resource
[    0.374369] ACPI: \_SB_.PCI0.GPP7.UP00.DP48.PWRS: New power resource
[    0.374950] ACPI: \_SB_.PCI0.GPP7.UP00.DP48.EP00.PWRS: New power resource
[    0.375305] ACPI: \_SB_.PCI0.GPP7.UP00.DP50.PWRS: New power resource
[    0.375706] ACPI: \_SB_.PCI0.GPP7.UP00.DP50.EP00.PWRS: New power resource
[    0.376115] ACPI: \_SB_.PCI0.GPP7.UP00.DP58.PWRS: New power resource
[    0.376525] ACPI: \_SB_.PCI0.GPP7.UP00.DP58.EP00.PWRS: New power resource
[    0.376930] ACPI: \_SB_.PCI0.GPP7.UP00.DP60.PWRS: New power resource
[    0.377326] ACPI: \_SB_.PCI0.GPP7.UP00.DP60.XH00.PWRS: New power resource
[    0.378357] ACPI: \_SB_.PCI0.GPP7.UP00.DP68.PWRS: New power resource
[    0.378707] ACPI: \_SB_.PCI0.GPP7.UP00.DP68.SA00.PWRS: New power resource
[    0.378767] ACPI: \_SB_.PCI0.GPP8.PWR1: New power resource
[    0.385136] ACPI: \_SB_.PRWL: New power resource
[    0.385167] ACPI: \_SB_.PRWB: New power resource
[    0.386106] ACPI: PCI Root Bridge [PCI0] (domain 0000 [bus 00-ff])
[    0.386112] acpi PNP0A08:00: _OSC: OS supports [ExtendedConfig ASPM ClockPM Segments MSI EDR HPX-Type3]
[    0.386302] acpi PNP0A08:00: _OSC: OS now controls [PCIeHotplug SHPCHotplug PME AER PCIeCapability LTR DPC]
[    0.386946] PCI host bridge to bus 0000:00
[    0.386949] pci_bus 0000:00: root bus resource [io  0x0000-0x03af window]
[    0.386953] pci_bus 0000:00: root bus resource [io  0x03e0-0x0cf7 window]
[    0.386956] pci_bus 0000:00: root bus resource [io  0x03b0-0x03df window]
[    0.386959] pci_bus 0000:00: root bus resource [io  0x0d00-0xffff window]
[    0.386963] pci_bus 0000:00: root bus resource [mem 0x000a0000-0x000dffff window]
[    0.386966] pci_bus 0000:00: root bus resource [mem 0xc0000000-0xf6ffffff window]
[    0.386970] pci_bus 0000:00: root bus resource [mem 0x1040000000-0xffffffffff window]
[    0.386974] pci_bus 0000:00: root bus resource [bus 00-ff]
[    0.386992] pci 0000:00:00.0: [1022:14d8] type 00 class 0x060000 conventional PCI endpoint
[    0.387085] pci 0000:00:00.2: [1022:14d9] type 00 class 0x080600 conventional PCI endpoint
[    0.387171] pci 0000:00:01.0: [1022:14da] type 00 class 0x060000 conventional PCI endpoint
[    0.387244] pci 0000:00:01.1: [1022:14db] type 01 class 0x060400 PCIe Root Port
[    0.387260] pci 0000:00:01.1: PCI bridge to [bus 01]
[    0.387265] pci 0000:00:01.1:   bridge window [io  0xf000-0xffff]
[    0.387269] pci 0000:00:01.1:   bridge window [mem 0xf5000000-0xf60fffff]
[    0.387277] pci 0000:00:01.1:   bridge window [mem 0xf800000000-0xfc01ffffff 64bit pref]
[    0.387334] pci 0000:00:01.1: PME# supported from D0 D3hot D3cold
[    0.387932] pci 0000:00:01.2: [1022:14db] type 01 class 0x060400 PCIe Root Port
[    0.387948] pci 0000:00:01.2: PCI bridge to [bus 02]
[    0.387954] pci 0000:00:01.2:   bridge window [mem 0xf6e00000-0xf6efffff]
[    0.388013] pci 0000:00:01.2: PME# supported from D0 D3hot D3cold
[    0.388137] pci 0000:00:02.0: [1022:14da] type 00 class 0x060000 conventional PCI endpoint
[    0.388209] pci 0000:00:02.1: [1022:14db] type 01 class 0x060400 PCIe Root Port
[    0.388224] pci 0000:00:02.1: PCI bridge to [bus 03-0f]
[    0.388230] pci 0000:00:02.1:   bridge window [io  0xc000-0xdfff]
[    0.388234] pci 0000:00:02.1:   bridge window [mem 0xf6200000-0xf67fffff]
[    0.388241] pci 0000:00:02.1:   bridge window [mem 0xfc20300000-0xfc203fffff 64bit pref]
[    0.388250] pci 0000:00:02.1: enabling Extended Tags
[    0.388298] pci 0000:00:02.1: PME# supported from D0 D3hot D3cold
[    0.388486] pci 0000:00:02.2: [1022:14db] type 01 class 0x060400 PCIe Root Port
[    0.388501] pci 0000:00:02.2: PCI bridge to [bus 10]
[    0.388507] pci 0000:00:02.2:   bridge window [mem 0xf6d00000-0xf6dfffff]
[    0.388520] pci 0000:00:02.2: enabling Extended Tags
[    0.388568] pci 0000:00:02.2: PME# supported from D0 D3hot D3cold
[    0.388691] pci 0000:00:03.0: [1022:14da] type 00 class 0x060000 conventional PCI endpoint
[    0.388770] pci 0000:00:04.0: [1022:14da] type 00 class 0x060000 conventional PCI endpoint
[    0.388852] pci 0000:00:08.0: [1022:14da] type 00 class 0x060000 conventional PCI endpoint
[    0.388925] pci 0000:00:08.1: [1022:14dd] type 01 class 0x060400 PCIe Root Port
[    0.388938] pci 0000:00:08.1: PCI bridge to [bus 11]
[    0.388943] pci 0000:00:08.1:   bridge window [io  0xe000-0xefff]
[    0.388947] pci 0000:00:08.1:   bridge window [mem 0xf6800000-0xf6bfffff]
[    0.388953] pci 0000:00:08.1:   bridge window [mem 0xfc10000000-0xfc201fffff 64bit pref]
[    0.388960] pci 0000:00:08.1: enabling Extended Tags
[    0.388988] pci 0000:00:08.1: PME# supported from D0 D3hot D3cold
[    0.389094] pci 0000:00:08.3: [1022:14dd] type 01 class 0x060400 PCIe Root Port
[    0.389107] pci 0000:00:08.3: PCI bridge to [bus 12]
[    0.389112] pci 0000:00:08.3:   bridge window [mem 0xf6c00000-0xf6cfffff]
[    0.389122] pci 0000:00:08.3: enabling Extended Tags
[    0.389150] pci 0000:00:08.3: PME# supported from D0 D3hot D3cold
[    0.389253] pci 0000:00:14.0: [1022:790b] type 00 class 0x0c0500 conventional PCI endpoint
[    0.389358] pci 0000:00:14.3: [1022:790e] type 00 class 0x060100 conventional PCI endpoint
[    0.389479] pci 0000:00:18.0: [1022:14e0] type 00 class 0x060000 conventional PCI endpoint
[    0.389518] pci 0000:00:18.1: [1022:14e1] type 00 class 0x060000 conventional PCI endpoint
[    0.389554] pci 0000:00:18.2: [1022:14e2] type 00 class 0x060000 conventional PCI endpoint
[    0.389591] pci 0000:00:18.3: [1022:14e3] type 00 class 0x060000 conventional PCI endpoint
[    0.389628] pci 0000:00:18.4: [1022:14e4] type 00 class 0x060000 conventional PCI endpoint
[    0.389664] pci 0000:00:18.5: [1022:14e5] type 00 class 0x060000 conventional PCI endpoint
[    0.389701] pci 0000:00:18.6: [1022:14e6] type 00 class 0x060000 conventional PCI endpoint
[    0.389738] pci 0000:00:18.7: [1022:14e7] type 00 class 0x060000 conventional PCI endpoint
[    0.389840] pci 0000:01:00.0: [10de:2705] type 00 class 0x030000 PCIe Legacy Endpoint
[    0.389862] pci 0000:01:00.0: BAR 0 [mem 0xf5000000-0xf5ffffff]
[    0.389866] pci 0000:01:00.0: BAR 1 [mem 0xf800000000-0xfbffffffff 64bit pref]
[    0.389871] pci 0000:01:00.0: BAR 3 [mem 0xfc00000000-0xfc01ffffff 64bit pref]
[    0.389875] pci 0000:01:00.0: BAR 5 [io  0xf000-0xf07f]
[    0.389878] pci 0000:01:00.0: ROM [mem 0xf6000000-0xf607ffff pref]
[    0.389919] pci 0000:01:00.0: PME# supported from D0 D3hot
[    0.390055] pci 0000:01:00.1: [10de:22bb] type 00 class 0x040300 PCIe Endpoint
[    0.390075] pci 0000:01:00.1: BAR 0 [mem 0xf6080000-0xf6083fff]
[    0.390184] pci 0000:00:01.1: PCI bridge to [bus 01]
[    0.390257] pci 0000:02:00.0: [1c5c:1959] type 00 class 0x010802 PCIe Endpoint
[    0.390284] pci 0000:02:00.0: BAR 0 [mem 0xf6e00000-0xf6e03fff 64bit]
[    0.390457] pci 0000:00:01.2: PCI bridge to [bus 02]
[    0.390530] pci 0000:03:00.0: [1022:43f4] type 01 class 0x060400 PCIe Switch Upstream Port
[    0.390550] pci 0000:03:00.0: PCI bridge to [bus 04-0f]
[    0.390556] pci 0000:03:00.0:   bridge window [io  0xc000-0xdfff]
[    0.390560] pci 0000:03:00.0:   bridge window [mem 0xf6200000-0xf67fffff]
[    0.390570] pci 0000:03:00.0:   bridge window [mem 0xfc20300000-0xfc203fffff 64bit pref]
[    0.390581] pci 0000:03:00.0: enabling Extended Tags
[    0.390630] pci 0000:03:00.0: PME# supported from D0 D3hot D3cold
[    0.390845] pci 0000:00:02.1: PCI bridge to [bus 03-0f]
[    0.390993] pci 0000:04:00.0: [1022:43f5] type 01 class 0x060400 PCIe Switch Downstream Port
[    0.391013] pci 0000:04:00.0: PCI bridge to [bus 05]
[    0.391021] pci 0000:04:00.0:   bridge window [mem 0xf6700000-0xf67fffff]
[    0.391038] pci 0000:04:00.0: enabling Extended Tags
[    0.391089] pci 0000:04:00.0: PME# supported from D0 D3hot D3cold
[    0.391221] pci 0000:04:04.0: [1022:43f5] type 01 class 0x060400 PCIe Switch Downstream Port
[    0.391241] pci 0000:04:04.0: PCI bridge to [bus 06]
[    0.391263] pci 0000:04:04.0: enabling Extended Tags
[    0.391315] pci 0000:04:04.0: PME# supported from D0 D3hot D3cold
[    0.391445] pci 0000:04:05.0: [1022:43f5] type 01 class 0x060400 PCIe Switch Downstream Port
[    0.391467] pci 0000:04:05.0: PCI bridge to [bus 07]
[    0.391488] pci 0000:04:05.0: enabling Extended Tags
[    0.391541] pci 0000:04:05.0: PME# supported from D0 D3hot D3cold
[    0.391673] pci 0000:04:06.0: [1022:43f5] type 01 class 0x060400 PCIe Switch Downstream Port
[    0.391693] pci 0000:04:06.0: PCI bridge to [bus 08]
[    0.391714] pci 0000:04:06.0: enabling Extended Tags
[    0.391766] pci 0000:04:06.0: PME# supported from D0 D3hot D3cold
[    0.391897] pci 0000:04:07.0: [1022:43f5] type 01 class 0x060400 PCIe Switch Downstream Port
[    0.391917] pci 0000:04:07.0: PCI bridge to [bus 09]
[    0.391938] pci 0000:04:07.0: enabling Extended Tags
[    0.391991] pci 0000:04:07.0: PME# supported from D0 D3hot D3cold
[    0.392125] pci 0000:04:08.0: [1022:43f5] type 01 class 0x060400 PCIe Switch Downstream Port
[    0.392145] pci 0000:04:08.0: PCI bridge to [bus 0a]
[    0.392151] pci 0000:04:08.0:   bridge window [io  0xd000-0xdfff]
[    0.392155] pci 0000:04:08.0:   bridge window [mem 0xf6600000-0xf66fffff]
[    0.392172] pci 0000:04:08.0: enabling Extended Tags
[    0.392223] pci 0000:04:08.0: PME# supported from D0 D3hot D3cold
[    0.392353] pci 0000:04:09.0: [1022:43f5] type 01 class 0x060400 PCIe Switch Downstream Port
[    0.392373] pci 0000:04:09.0: PCI bridge to [bus 0b]
[    0.392395] pci 0000:04:09.0: enabling Extended Tags
[    0.392448] pci 0000:04:09.0: PME# supported from D0 D3hot D3cold
[    0.392582] pci 0000:04:0a.0: [1022:43f5] type 01 class 0x060400 PCIe Switch Downstream Port
[    0.392602] pci 0000:04:0a.0: PCI bridge to [bus 0c]
[    0.392608] pci 0000:04:0a.0:   bridge window [io  0xc000-0xcfff]
[    0.392612] pci 0000:04:0a.0:   bridge window [mem 0xf6500000-0xf65fffff]
[    0.392629] pci 0000:04:0a.0: enabling Extended Tags
[    0.392680] pci 0000:04:0a.0: PME# supported from D0 D3hot D3cold
[    0.392816] pci 0000:04:0b.0: [1022:43f5] type 01 class 0x060400 PCIe Switch Downstream Port
[    0.392836] pci 0000:04:0b.0: PCI bridge to [bus 0d]
[    0.392844] pci 0000:04:0b.0:   bridge window [mem 0xf6400000-0xf64fffff]
[    0.392853] pci 0000:04:0b.0:   bridge window [mem 0xfc20300000-0xfc203fffff 64bit pref]
[    0.392864] pci 0000:04:0b.0: enabling Extended Tags
[    0.392915] pci 0000:04:0b.0: PME# supported from D0 D3hot D3cold
[    0.393049] pci 0000:04:0c.0: [1022:43f5] type 01 class 0x060400 PCIe Switch Downstream Port
[    0.393068] pci 0000:04:0c.0: PCI bridge to [bus 0e]
[    0.393075] pci 0000:04:0c.0:   bridge window [mem 0xf6300000-0xf63fffff]
[    0.393091] pci 0000:04:0c.0: enabling Extended Tags
[    0.393127] pci 0000:04:0c.0: PME# supported from D0 D3hot D3cold
[    0.393249] pci 0000:04:0d.0: [1022:43f5] type 01 class 0x060400 PCIe Switch Downstream Port
[    0.393269] pci 0000:04:0d.0: PCI bridge to [bus 0f]
[    0.393275] pci 0000:04:0d.0:   bridge window [mem 0xf6200000-0xf62fffff]
[    0.393291] pci 0000:04:0d.0: enabling Extended Tags
[    0.393327] pci 0000:04:0d.0: PME# supported from D0 D3hot D3cold
[    0.393425] pci 0000:03:00.0: PCI bridge to [bus 04-0f]
[    0.393484] pci 0000:05:00.0: [1c5c:1959] type 00 class 0x010802 PCIe Endpoint
[    0.393525] pci 0000:05:00.0: BAR 0 [mem 0xf6700000-0xf6703fff 64bit]
[    0.393539] pci 0000:05:00.0: enabling Extended Tags
[    0.393794] pci 0000:04:00.0: PCI bridge to [bus 05]
[    0.393837] pci 0000:04:04.0: PCI bridge to [bus 06]
[    0.393880] pci 0000:04:05.0: PCI bridge to [bus 07]
[    0.393923] pci 0000:04:06.0: PCI bridge to [bus 08]
[    0.393965] pci 0000:04:07.0: PCI bridge to [bus 09]
[    0.394020] pci 0000:0a:00.0: [1b21:0612] type 00 class 0x010601 PCIe Legacy Endpoint
[    0.394076] pci 0000:0a:00.0: BAR 0 [io  0xd050-0xd057]
[    0.394081] pci 0000:0a:00.0: BAR 1 [io  0xd040-0xd043]
[    0.394085] pci 0000:0a:00.0: BAR 2 [io  0xd030-0xd037]
[    0.394089] pci 0000:0a:00.0: BAR 3 [io  0xd020-0xd023]
[    0.394093] pci 0000:0a:00.0: BAR 4 [io  0xd000-0xd01f]
[    0.394098] pci 0000:0a:00.0: BAR 5 [mem 0xf6600000-0xf66001ff]
[    0.394237] pci 0000:04:08.0: PCI bridge to [bus 0a]
[    0.394280] pci 0000:04:09.0: PCI bridge to [bus 0b]
[    0.394346] pci 0000:0c:00.0: [10ec:8125] type 00 class 0x020000 PCIe Endpoint
[    0.394403] pci 0000:0c:00.0: BAR 0 [io  0xc000-0xc0ff]
[    0.394410] pci 0000:0c:00.0: BAR 2 [mem 0xf6500000-0xf650ffff 64bit]
[    0.394416] pci 0000:0c:00.0: BAR 4 [mem 0xf6510000-0xf6513fff 64bit]
[    0.394540] pci 0000:0c:00.0: supports D1 D2
[    0.394543] pci 0000:0c:00.0: PME# supported from D0 D1 D2 D3hot D3cold
[    0.394802] pci 0000:04:0a.0: PCI bridge to [bus 0c]
[    0.394865] pci 0000:0d:00.0: [14c3:0616] type 00 class 0x028000 PCIe Endpoint
[    0.394929] pci 0000:0d:00.0: BAR 0 [mem 0xfc20300000-0xfc203fffff 64bit pref]
[    0.394935] pci 0000:0d:00.0: BAR 2 [mem 0xf6400000-0xf6407fff 64bit]
[    0.394952] pci 0000:0d:00.0: enabling Extended Tags
[    0.395047] pci 0000:0d:00.0: PME# supported from D0 D3hot D3cold
[    0.395265] pci 0000:04:0b.0: PCI bridge to [bus 0d]
[    0.395317] pci 0000:0e:00.0: [1022:43f7] type 00 class 0x0c0330 PCIe Legacy Endpoint
[    0.395346] pci 0000:0e:00.0: BAR 0 [mem 0xf6300000-0xf6307fff 64bit]
[    0.395356] pci 0000:0e:00.0: enabling Extended Tags
[    0.395396] pci 0000:0e:00.0: PME# supported from D0 D3hot D3cold
[    0.395535] pci 0000:04:0c.0: PCI bridge to [bus 0e]
[    0.395586] pci 0000:0f:00.0: [1022:43f6] type 00 class 0x010601 PCIe Legacy Endpoint
[    0.395618] pci 0000:0f:00.0: BAR 5 [mem 0xf6280000-0xf62803ff]
[    0.395621] pci 0000:0f:00.0: ROM [mem 0xf6200000-0xf627ffff pref]
[    0.395628] pci 0000:0f:00.0: enabling Extended Tags
[    0.395662] pci 0000:0f:00.0: PME# supported from D0 D3hot D3cold
[    0.395751] pci 0000:04:0d.0: PCI bridge to [bus 0f]
[    0.396009] pci 0000:10:00.0: [1c5c:174a] type 00 class 0x010802 PCIe Endpoint
[    0.396040] pci 0000:10:00.0: BAR 0 [mem 0xf6d00000-0xf6d03fff 64bit]
[    0.396044] pci 0000:10:00.0: BAR 2 [mem 0xf6d05000-0xf6d05fff]
[    0.396048] pci 0000:10:00.0: BAR 3 [mem 0xf6d04000-0xf6d04fff]
[    0.396225] pci 0000:00:02.2: PCI bridge to [bus 10]
[    0.396312] pci 0000:11:00.0: [1002:164e] type 00 class 0x030000 PCIe Legacy Endpoint
[    0.396332] pci 0000:11:00.0: BAR 0 [mem 0xfc10000000-0xfc1fffffff 64bit pref]
[    0.396336] pci 0000:11:00.0: BAR 2 [mem 0xfc20000000-0xfc201fffff 64bit pref]
[    0.396340] pci 0000:11:00.0: BAR 4 [io  0xe000-0xe0ff]
[    0.396343] pci 0000:11:00.0: BAR 5 [mem 0xf6b00000-0xf6b7ffff]
[    0.396349] pci 0000:11:00.0: enabling Extended Tags
[    0.396387] pci 0000:11:00.0: PME# supported from D1 D2 D3hot D3cold
[    0.396484] pci 0000:11:00.1: [1002:1640] type 00 class 0x040300 PCIe Legacy Endpoint
[    0.396502] pci 0000:11:00.1: BAR 0 [mem 0xf6b88000-0xf6b8bfff]
[    0.396510] pci 0000:11:00.1: enabling Extended Tags
[    0.396535] pci 0000:11:00.1: PME# supported from D1 D2 D3hot D3cold
[    0.396608] pci 0000:11:00.2: [1022:1649] type 00 class 0x108000 PCIe Endpoint
[    0.396646] pci 0000:11:00.2: BAR 2 [mem 0xf6a00000-0xf6afffff]
[    0.396651] pci 0000:11:00.2: BAR 5 [mem 0xf6b8c000-0xf6b8dfff]
[    0.396656] pci 0000:11:00.2: enabling Extended Tags
[    0.396747] pci 0000:11:00.3: [1022:15b6] type 00 class 0x0c0330 PCIe Endpoint
[    0.396766] pci 0000:11:00.3: BAR 0 [mem 0xf6900000-0xf69fffff 64bit]
[    0.396773] pci 0000:11:00.3: enabling Extended Tags
[    0.396800] pci 0000:11:00.3: PME# supported from D0 D3hot D3cold
[    0.396873] pci 0000:11:00.4: [1022:15b7] type 00 class 0x0c0330 PCIe Endpoint
[    0.396892] pci 0000:11:00.4: BAR 0 [mem 0xf6800000-0xf68fffff 64bit]
[    0.396899] pci 0000:11:00.4: enabling Extended Tags
[    0.396926] pci 0000:11:00.4: PME# supported from D0 D3hot D3cold
[    0.396999] pci 0000:11:00.6: [1022:15e3] type 00 class 0x040300 PCIe Endpoint
[    0.397016] pci 0000:11:00.6: BAR 0 [mem 0xf6b80000-0xf6b87fff]
[    0.397024] pci 0000:11:00.6: enabling Extended Tags
[    0.397049] pci 0000:11:00.6: PME# supported from D0 D3hot D3cold
[    0.397132] pci 0000:00:08.1: PCI bridge to [bus 11]
[    0.397175] pci 0000:12:00.0: [1022:15b8] type 00 class 0x0c0330 PCIe Endpoint
[    0.397198] pci 0000:12:00.0: BAR 0 [mem 0xf6c00000-0xf6cfffff 64bit]
[    0.397206] pci 0000:12:00.0: enabling Extended Tags
[    0.397238] pci 0000:12:00.0: PME# supported from D0 D3hot D3cold
[    0.397325] pci 0000:00:08.3: PCI bridge to [bus 12]
[    0.403306] ACPI: PCI: Interrupt link LNKA configured for IRQ 0
[    0.403368] ACPI: PCI: Interrupt link LNKB configured for IRQ 0
[    0.403423] ACPI: PCI: Interrupt link LNKC configured for IRQ 0
[    0.403489] ACPI: PCI: Interrupt link LNKD configured for IRQ 0
[    0.403549] ACPI: PCI: Interrupt link LNKE configured for IRQ 0
[    0.403599] ACPI: PCI: Interrupt link LNKF configured for IRQ 0
[    0.403649] ACPI: PCI: Interrupt link LNKG configured for IRQ 0
[    0.403699] ACPI: PCI: Interrupt link LNKH configured for IRQ 0
[    0.405028] iommu: Default domain type: Translated
[    0.405028] iommu: DMA domain TLB invalidation policy: lazy mode
[    0.405028] SCSI subsystem initialized
[    0.405028] libata version 3.00 loaded.
[    0.405028] ACPI: bus type USB registered
[    0.405028] usbcore: registered new interface driver usbfs
[    0.405028] usbcore: registered new interface driver hub
[    0.405028] usbcore: registered new device driver usb
[    0.405028] pps_core: LinuxPPS API ver. 1 registered
[    0.405028] pps_core: Software ver. 5.3.6 - Copyright 2005-2007 Rodolfo Giometti <giometti@linux.it>
[    0.405028] PTP clock support registered
[    0.405028] EDAC MC: Ver: 3.0.0
[    0.405482] efivars: Registered efivars operations
[    0.405554] NetLabel: Initializing
[    0.405559] NetLabel:  domain hash size = 128
[    0.405562] NetLabel:  protocols = UNLABELED CIPSOv4 CALIPSO
[    0.405589] NetLabel:  unlabeled traffic allowed by default
[    0.405612] mctp: management component transport protocol core
[    0.405612] NET: Registered PF_MCTP protocol family
[    0.405612] PCI: Using ACPI for IRQ routing
[    0.412537] PCI: pci_cache_line_size set to 64 bytes
[    0.412608] e820: reserve RAM buffer [mem 0x09e02000-0x0bffffff]
[    0.412610] e820: reserve RAM buffer [mem 0x0a200000-0x0bffffff]
[    0.412611] e820: reserve RAM buffer [mem 0x0b000000-0x0bffffff]
[    0.412612] e820: reserve RAM buffer [mem 0xa6da9018-0xa7ffffff]
[    0.412614] e820: reserve RAM buffer [mem 0xa6e78000-0xa7ffffff]
[    0.412615] e820: reserve RAM buffer [mem 0xa6ed5018-0xa7ffffff]
[    0.412616] e820: reserve RAM buffer [mem 0xa7dbe000-0xa7ffffff]
[    0.412617] e820: reserve RAM buffer [mem 0xac58d000-0xafffffff]
[    0.412618] e820: reserve RAM buffer [mem 0xbbff9000-0xbbffffff]
[    0.412619] e820: reserve RAM buffer [mem 0x101de80000-0x101fffffff]
[    0.412656] pci 0000:01:00.0: vgaarb: setting as boot VGA device
[    0.412656] pci 0000:01:00.0: vgaarb: bridge control possible
[    0.412656] pci 0000:01:00.0: vgaarb: VGA device added: decodes=io+mem,owns=none,locks=none
[    0.412656] pci 0000:11:00.0: vgaarb: bridge control possible
[    0.412656] pci 0000:11:00.0: vgaarb: VGA device added: decodes=io+mem,owns=none,locks=none
[    0.412656] vgaarb: loaded
[    0.412656] hpet0: at MMIO 0xfed00000, IRQs 2, 8, 0
[    0.412656] hpet0: 3 comparators, 32-bit 14.318180 MHz counter
[    0.414519] clocksource: Switched to clocksource tsc-early
[    0.415203] VFS: Disk quotas dquot_6.6.0
[    0.415216] VFS: Dquot-cache hash table entries: 512 (order 0, 4096 bytes)
[    0.415337] AppArmor: AppArmor Filesystem Enabled
[    0.415367] pnp: PnP ACPI init
[    0.415469] system 00:00: [mem 0xe0000000-0xefffffff] has been reserved
[    0.415545] system 00:01: [mem 0x1020000000-0x103fffffff window] has been reserved
[    0.415811] system 00:03: [io  0x0a00-0x0a0f] has been reserved
[    0.415815] system 00:03: [io  0x0a10-0x0a1f] has been reserved
[    0.415818] system 00:03: [io  0x0a20-0x0a2f] has been reserved
[    0.416096] system 00:04: [io  0x04d0-0x04d1] has been reserved
[    0.416099] system 00:04: [io  0x040b] has been reserved
[    0.416103] system 00:04: [io  0x04d6] has been reserved
[    0.416106] system 00:04: [io  0x0c00-0x0c01] has been reserved
[    0.416109] system 00:04: [io  0x0c14] has been reserved
[    0.416112] system 00:04: [io  0x0c50-0x0c51] has been reserved
[    0.416115] system 00:04: [io  0x0c52] has been reserved
[    0.416118] system 00:04: [io  0x0c6c] has been reserved
[    0.416121] system 00:04: [io  0x0c6f] has been reserved
[    0.416124] system 00:04: [io  0x0cd8-0x0cdf] has been reserved
[    0.416127] system 00:04: [io  0x0800-0x089f] has been reserved
[    0.416131] system 00:04: [io  0x0b00-0x0b0f] has been reserved
[    0.416134] system 00:04: [io  0x0b20-0x0b3f] has been reserved
[    0.416137] system 00:04: [io  0x0900-0x090f] has been reserved
[    0.416140] system 00:04: [io  0x0910-0x091f] has been reserved
[    0.416143] system 00:04: [mem 0xfedc0000-0xfedc0fff] has been reserved
[    0.416147] system 00:04: [mem 0xfee00000-0xfee00fff] has been reserved
[    0.416150] system 00:04: [mem 0xfec10000-0xfec10fff] has been reserved
[    0.416154] system 00:04: [mem 0xfeb00000-0xfeb00fff] has been reserved
[    0.416157] system 00:04: [mem 0xff000000-0xffffffff] has been reserved
[    0.420461] pnp: PnP ACPI: found 5 devices
[    0.426143] clocksource: acpi_pm: mask: 0xffffff max_cycles: 0xffffff, max_idle_ns: 2085701024 ns
[    0.426197] NET: Registered PF_INET protocol family
[    0.426255] IP idents hash table entries: 262144 (order: 9, 2097152 bytes, linear)
[    0.437010] tcp_listen_portaddr_hash hash table entries: 32768 (order: 7, 524288 bytes, linear)
[    0.437042] Table-perturb hash table entries: 65536 (order: 6, 262144 bytes, linear)
[    0.437133] TCP established hash table entries: 524288 (order: 10, 4194304 bytes, linear)
[    0.437371] TCP bind hash table entries: 65536 (order: 9, 2097152 bytes, linear)
[    0.437430] TCP: Hash tables configured (established 524288 bind 65536)
[    0.437542] MPTCP token hash table entries: 65536 (order: 8, 1572864 bytes, linear)
[    0.437612] UDP hash table entries: 32768 (order: 8, 1048576 bytes, linear)
[    0.437683] UDP-Lite hash table entries: 32768 (order: 8, 1048576 bytes, linear)
[    0.437769] NET: Registered PF_UNIX/PF_LOCAL protocol family
[    0.437775] NET: Registered PF_XDP protocol family
[    0.437788] pci 0000:00:01.1: PCI bridge to [bus 01]
[    0.437793] pci 0000:00:01.1:   bridge window [io  0xf000-0xffff]
[    0.437798] pci 0000:00:01.1:   bridge window [mem 0xf5000000-0xf60fffff]
[    0.437802] pci 0000:00:01.1:   bridge window [mem 0xf800000000-0xfc01ffffff 64bit pref]
[    0.437815] pci 0000:00:01.2: PCI bridge to [bus 02]
[    0.437819] pci 0000:00:01.2:   bridge window [mem 0xf6e00000-0xf6efffff]
[    0.437832] pci 0000:04:00.0: PCI bridge to [bus 05]
[    0.437841] pci 0000:04:00.0:   bridge window [mem 0xf6700000-0xf67fffff]
[    0.437849] pci 0000:04:04.0: PCI bridge to [bus 06]
[    0.437858] pci 0000:04:05.0: PCI bridge to [bus 07]
[    0.437866] pci 0000:04:06.0: PCI bridge to [bus 08]
[    0.437875] pci 0000:04:07.0: PCI bridge to [bus 09]
[    0.437883] pci 0000:04:08.0: PCI bridge to [bus 0a]
[    0.437887] pci 0000:04:08.0:   bridge window [io  0xd000-0xdfff]
[    0.437892] pci 0000:04:08.0:   bridge window [mem 0xf6600000-0xf66fffff]
[    0.437899] pci 0000:04:09.0: PCI bridge to [bus 0b]
[    0.437908] pci 0000:04:0a.0: PCI bridge to [bus 0c]
[    0.437911] pci 0000:04:0a.0:   bridge window [io  0xc000-0xcfff]
[    0.437916] pci 0000:04:0a.0:   bridge window [mem 0xf6500000-0xf65fffff]
[    0.437923] pci 0000:04:0b.0: PCI bridge to [bus 0d]
[    0.437928] pci 0000:04:0b.0:   bridge window [mem 0xf6400000-0xf64fffff]
[    0.437933] pci 0000:04:0b.0:   bridge window [mem 0xfc20300000-0xfc203fffff 64bit pref]
[    0.437939] pci 0000:04:0c.0: PCI bridge to [bus 0e]
[    0.437944] pci 0000:04:0c.0:   bridge window [mem 0xf6300000-0xf63fffff]
[    0.437951] pci 0000:04:0d.0: PCI bridge to [bus 0f]
[    0.437956] pci 0000:04:0d.0:   bridge window [mem 0xf6200000-0xf62fffff]
[    0.437963] pci 0000:03:00.0: PCI bridge to [bus 04-0f]
[    0.437966] pci 0000:03:00.0:   bridge window [io  0xc000-0xdfff]
[    0.437971] pci 0000:03:00.0:   bridge window [mem 0xf6200000-0xf67fffff]
[    0.437976] pci 0000:03:00.0:   bridge window [mem 0xfc20300000-0xfc203fffff 64bit pref]
[    0.437982] pci 0000:00:02.1: PCI bridge to [bus 03-0f]
[    0.437985] pci 0000:00:02.1:   bridge window [io  0xc000-0xdfff]
[    0.437990] pci 0000:00:02.1:   bridge window [mem 0xf6200000-0xf67fffff]
[    0.437994] pci 0000:00:02.1:   bridge window [mem 0xfc20300000-0xfc203fffff 64bit pref]
[    0.438006] pci 0000:00:02.2: PCI bridge to [bus 10]
[    0.438010] pci 0000:00:02.2:   bridge window [mem 0xf6d00000-0xf6dfffff]
[    0.438023] pci 0000:00:08.1: PCI bridge to [bus 11]
[    0.438031] pci 0000:00:08.1:   bridge window [io  0xe000-0xefff]
[    0.438035] pci 0000:00:08.1:   bridge window [mem 0xf6800000-0xf6bfffff]
[    0.438040] pci 0000:00:08.1:   bridge window [mem 0xfc10000000-0xfc201fffff 64bit pref]
[    0.438048] pci 0000:00:08.3: PCI bridge to [bus 12]
[    0.438052] pci 0000:00:08.3:   bridge window [mem 0xf6c00000-0xf6cfffff]
[    0.438058] pci_bus 0000:00: resource 4 [io  0x0000-0x03af window]
[    0.438061] pci_bus 0000:00: resource 5 [io  0x03e0-0x0cf7 window]
[    0.438066] pci_bus 0000:00: resource 6 [io  0x03b0-0x03df window]
[    0.438069] pci_bus 0000:00: resource 7 [io  0x0d00-0xffff window]
[    0.438072] pci_bus 0000:00: resource 8 [mem 0x000a0000-0x000dffff window]
[    0.438075] pci_bus 0000:00: resource 9 [mem 0xc0000000-0xf6ffffff window]
[    0.438079] pci_bus 0000:00: resource 10 [mem 0x1040000000-0xffffffffff window]
[    0.438083] pci_bus 0000:01: resource 0 [io  0xf000-0xffff]
[    0.438086] pci_bus 0000:01: resource 1 [mem 0xf5000000-0xf60fffff]
[    0.438089] pci_bus 0000:01: resource 2 [mem 0xf800000000-0xfc01ffffff 64bit pref]
[    0.438093] pci_bus 0000:02: resource 1 [mem 0xf6e00000-0xf6efffff]
[    0.438096] pci_bus 0000:03: resource 0 [io  0xc000-0xdfff]
[    0.438099] pci_bus 0000:03: resource 1 [mem 0xf6200000-0xf67fffff]
[    0.438102] pci_bus 0000:03: resource 2 [mem 0xfc20300000-0xfc203fffff 64bit pref]
[    0.438106] pci_bus 0000:04: resource 0 [io  0xc000-0xdfff]
[    0.438109] pci_bus 0000:04: resource 1 [mem 0xf6200000-0xf67fffff]
[    0.438112] pci_bus 0000:04: resource 2 [mem 0xfc20300000-0xfc203fffff 64bit pref]
[    0.438116] pci_bus 0000:05: resource 1 [mem 0xf6700000-0xf67fffff]
[    0.438119] pci_bus 0000:0a: resource 0 [io  0xd000-0xdfff]
[    0.438122] pci_bus 0000:0a: resource 1 [mem 0xf6600000-0xf66fffff]
[    0.438125] pci_bus 0000:0c: resource 0 [io  0xc000-0xcfff]
[    0.438128] pci_bus 0000:0c: resource 1 [mem 0xf6500000-0xf65fffff]
[    0.438131] pci_bus 0000:0d: resource 1 [mem 0xf6400000-0xf64fffff]
[    0.438135] pci_bus 0000:0d: resource 2 [mem 0xfc20300000-0xfc203fffff 64bit pref]
[    0.438138] pci_bus 0000:0e: resource 1 [mem 0xf6300000-0xf63fffff]
[    0.438141] pci_bus 0000:0f: resource 1 [mem 0xf6200000-0xf62fffff]
[    0.438145] pci_bus 0000:10: resource 1 [mem 0xf6d00000-0xf6dfffff]
[    0.438148] pci_bus 0000:11: resource 0 [io  0xe000-0xefff]
[    0.438151] pci_bus 0000:11: resource 1 [mem 0xf6800000-0xf6bfffff]
[    0.438154] pci_bus 0000:11: resource 2 [mem 0xfc10000000-0xfc201fffff 64bit pref]
[    0.438158] pci_bus 0000:12: resource 1 [mem 0xf6c00000-0xf6cfffff]
[    0.438294] pci 0000:01:00.1: extending delay after power-on from D3hot to 20 msec
[    0.438315] pci 0000:01:00.1: D0 power state depends on 0000:01:00.0
[    0.438525] pci 0000:11:00.1: D0 power state depends on 0000:11:00.0
[    0.438814] PCI: CLS 64 bytes, default 64
[    0.438831] pci 0000:00:00.2: AMD-Vi: IOMMU performance counters supported
[    0.438867] Trying to unpack rootfs image as initramfs...
[    0.438874] pci 0000:00:01.0: Adding to iommu group 0
[    0.438890] pci 0000:00:01.1: Adding to iommu group 1
[    0.438905] pci 0000:00:01.2: Adding to iommu group 2
[    0.438930] pci 0000:00:02.0: Adding to iommu group 3
[    0.438945] pci 0000:00:02.1: Adding to iommu group 4
[    0.438960] pci 0000:00:02.2: Adding to iommu group 5
[    0.438982] pci 0000:00:03.0: Adding to iommu group 6
[    0.439004] pci 0000:00:04.0: Adding to iommu group 7
[    0.439027] pci 0000:00:08.0: Adding to iommu group 8
[    0.439042] pci 0000:00:08.1: Adding to iommu group 9
[    0.439061] pci 0000:00:08.3: Adding to iommu group 10
[    0.439092] pci 0000:00:14.0: Adding to iommu group 11
[    0.439107] pci 0000:00:14.3: Adding to iommu group 11
[    0.439180] pci 0000:00:18.0: Adding to iommu group 12
[    0.439195] pci 0000:00:18.1: Adding to iommu group 12
[    0.439210] pci 0000:00:18.2: Adding to iommu group 12
[    0.439225] pci 0000:00:18.3: Adding to iommu group 12
[    0.439240] pci 0000:00:18.4: Adding to iommu group 12
[    0.439254] pci 0000:00:18.5: Adding to iommu group 12
[    0.439269] pci 0000:00:18.6: Adding to iommu group 12
[    0.439284] pci 0000:00:18.7: Adding to iommu group 12
[    0.439314] pci 0000:01:00.0: Adding to iommu group 13
[    0.439330] pci 0000:01:00.1: Adding to iommu group 13
[    0.439346] pci 0000:02:00.0: Adding to iommu group 14
[    0.439361] pci 0000:03:00.0: Adding to iommu group 15
[    0.439377] pci 0000:04:00.0: Adding to iommu group 16
[    0.439392] pci 0000:04:04.0: Adding to iommu group 17
[    0.439407] pci 0000:04:05.0: Adding to iommu group 18
[    0.439423] pci 0000:04:06.0: Adding to iommu group 19
[    0.439438] pci 0000:04:07.0: Adding to iommu group 20
[    0.439453] pci 0000:04:08.0: Adding to iommu group 21
[    0.439469] pci 0000:04:09.0: Adding to iommu group 22
[    0.439484] pci 0000:04:0a.0: Adding to iommu group 23
[    0.439499] pci 0000:04:0b.0: Adding to iommu group 24
[    0.439515] pci 0000:04:0c.0: Adding to iommu group 25
[    0.439530] pci 0000:04:0d.0: Adding to iommu group 26
[    0.439536] pci 0000:05:00.0: Adding to iommu group 16
[    0.439541] pci 0000:0a:00.0: Adding to iommu group 21
[    0.439547] pci 0000:0c:00.0: Adding to iommu group 23
[    0.439552] pci 0000:0d:00.0: Adding to iommu group 24
[    0.439557] pci 0000:0e:00.0: Adding to iommu group 25
[    0.439563] pci 0000:0f:00.0: Adding to iommu group 26
[    0.439579] pci 0000:10:00.0: Adding to iommu group 27
[    0.439605] pci 0000:11:00.0: Adding to iommu group 28
[    0.439620] pci 0000:11:00.1: Adding to iommu group 29
[    0.439636] pci 0000:11:00.2: Adding to iommu group 30
[    0.439652] pci 0000:11:00.3: Adding to iommu group 31
[    0.439667] pci 0000:11:00.4: Adding to iommu group 32
[    0.439682] pci 0000:11:00.6: Adding to iommu group 33
[    0.439698] pci 0000:12:00.0: Adding to iommu group 34
[    0.442667] AMD-Vi: Extended features (0x246577efa2254afa, 0x0): PPR NX GT [5] IA GA PC GA_vAPIC
[    0.442677] AMD-Vi: Interrupt remapping enabled
[    0.455042] AMD-Vi: Virtual APIC enabled
[    0.455054] PCI-DMA: Using software bounce buffering for IO (SWIOTLB)
[    0.455057] software IO TLB: mapped [mem 0x000000009c7b4000-0x00000000a07b4000] (64MB)
[    0.455091] LVT offset 0 assigned for vector 0x400
[    0.457030] perf: AMD IBS detected (0x00000bff)
[    0.457037] perf/amd_iommu: Detected AMD IOMMU #0 (2 banks, 4 counters/bank).
[    0.457592] Initialise system trusted keyrings
[    0.457602] Key type blacklist registered
[    0.457628] workingset: timestamp_bits=36 max_order=24 bucket_order=0
[    0.457635] zbud: loaded
[    0.457836] squashfs: version 4.0 (2009/01/31) Phillip Lougher
[    0.457907] fuse: init (API version 7.39)
[    0.458001] integrity: Platform Keyring initialized
[    0.458006] integrity: Machine keyring initialized
[    0.465297] Key type asymmetric registered
[    0.465300] Asymmetric key parser 'x509' registered
[    0.465310] Block layer SCSI generic (bsg) driver version 0.4 loaded (major 243)
[    0.465344] io scheduler mq-deadline registered
[    0.466563] pcieport 0000:00:01.1: PME: Signaling with IRQ 30
[    0.466687] pcieport 0000:00:01.2: PME: Signaling with IRQ 31
[    0.466804] pcieport 0000:00:02.1: PME: Signaling with IRQ 32
[    0.466928] pcieport 0000:00:02.2: PME: Signaling with IRQ 33
[    0.467047] pcieport 0000:00:08.1: PME: Signaling with IRQ 34
[    0.467153] pcieport 0000:00:08.3: PME: Signaling with IRQ 35
[    0.468488] shpchp: Standard Hot Plug PCI Controller Driver version: 0.4
[    0.468615] input: Power Button as /devices/LNXSYSTM:00/LNXSYBUS:00/PNP0C0C:00/input/input0
[    0.468636] ACPI: button: Power Button [PWRB]
[    0.468666] input: Power Button as /devices/LNXSYSTM:00/LNXPWRBN:00/input/input1
[    0.468706] ACPI: button: Power Button [PWRF]
[    0.468770] Estimated ratio of average max frequency by base frequency (times 1024): 1214
[    0.468784] Monitor-Mwait will be used to enter C-1 state
[    0.468790] ACPI: \_SB_.PLTF.C000: Found 3 idle states
[    0.468885] ACPI: \_SB_.PLTF.C002: Found 3 idle states
[    0.469000] ACPI: \_SB_.PLTF.C004: Found 3 idle states
[    0.469112] ACPI: \_SB_.PLTF.C006: Found 3 idle states
[    0.469218] ACPI: \_SB_.PLTF.C008: Found 3 idle states
[    0.469326] ACPI: \_SB_.PLTF.C00A: Found 3 idle states
[    0.469428] ACPI: \_SB_.PLTF.C00C: Found 3 idle states
[    0.469531] ACPI: \_SB_.PLTF.C00E: Found 3 idle states
[    0.469652] ACPI: \_SB_.PLTF.C010: Found 3 idle states
[    0.469767] ACPI: \_SB_.PLTF.C012: Found 3 idle states
[    0.469881] ACPI: \_SB_.PLTF.C014: Found 3 idle states
[    0.469995] ACPI: \_SB_.PLTF.C016: Found 3 idle states
[    0.470108] ACPI: \_SB_.PLTF.C018: Found 3 idle states
[    0.470221] ACPI: \_SB_.PLTF.C01A: Found 3 idle states
[    0.470330] ACPI: \_SB_.PLTF.C01C: Found 3 idle states
[    0.470443] ACPI: \_SB_.PLTF.C01E: Found 3 idle states
[    0.470532] ACPI: \_SB_.PLTF.C001: Found 3 idle states
[    0.470635] ACPI: \_SB_.PLTF.C003: Found 3 idle states
[    0.470739] ACPI: \_SB_.PLTF.C005: Found 3 idle states
[    0.470838] ACPI: \_SB_.PLTF.C007: Found 3 idle states
[    0.470939] ACPI: \_SB_.PLTF.C009: Found 3 idle states
[    0.471041] ACPI: \_SB_.PLTF.C00B: Found 3 idle states
[    0.471140] ACPI: \_SB_.PLTF.C00D: Found 3 idle states
[    0.471236] ACPI: \_SB_.PLTF.C00F: Found 3 idle states
[    0.471345] ACPI: \_SB_.PLTF.C011: Found 3 idle states
[    0.471451] ACPI: \_SB_.PLTF.C013: Found 3 idle states
[    0.471563] ACPI: \_SB_.PLTF.C015: Found 3 idle states
[    0.471675] ACPI: \_SB_.PLTF.C017: Found 3 idle states
[    0.471782] ACPI: \_SB_.PLTF.C019: Found 3 idle states
[    0.471891] ACPI: \_SB_.PLTF.C01B: Found 3 idle states
[    0.472000] ACPI: \_SB_.PLTF.C01D: Found 3 idle states
[    0.472108] ACPI: \_SB_.PLTF.C01F: Found 3 idle states
[    0.472340] Serial: 8250/16550 driver, 32 ports, IRQ sharing enabled
[    0.474133] Linux agpgart interface v0.103
[    0.486816] tpm_crb MSFT0101:00: Disabling hwrng
[    0.490671] loop: module loaded
[    0.490871] ACPI: bus type drm_connector registered
[    0.491463] tun: Universal TUN/TAP device driver, 1.6
[    0.491492] PPP generic driver version 2.4.2
[    0.491612] i8042: PNP: No PS/2 controller found.
[    0.491648] mousedev: PS/2 mouse device common for all mice
[    0.491713] rtc_cmos 00:02: RTC can wake from S4
[    0.491895] rtc_cmos 00:02: registered as rtc0
[    0.491920] rtc_cmos 00:02: setting system clock to 2025-04-21T03:09:02 UTC (1745204942)
[    0.491944] rtc_cmos 00:02: alarms up to one month, y3k, 114 bytes nvram
[    0.491953] i2c_dev: i2c /dev entries driver
[    0.491973] device-mapper: core: CONFIG_IMA_DISABLE_HTABLE is disabled. Duplicate IMA measurements will not be recorded in the IMA log.
[    0.491982] device-mapper: uevent: version 1.0.3
[    0.492015] device-mapper: ioctl: 4.48.0-ioctl (2023-03-01) initialised: dm-devel@redhat.com
[    0.492033] platform eisa.0: Probing EISA bus 0
[    0.492036] platform eisa.0: EISA: Cannot allocate resource for mainboard
[    0.492040] platform eisa.0: Cannot allocate resource for EISA slot 1
[    0.492043] platform eisa.0: Cannot allocate resource for EISA slot 2
[    0.492046] platform eisa.0: Cannot allocate resource for EISA slot 3
[    0.492049] platform eisa.0: Cannot allocate resource for EISA slot 4
[    0.492052] platform eisa.0: Cannot allocate resource for EISA slot 5
[    0.492055] platform eisa.0: Cannot allocate resource for EISA slot 6
[    0.492058] platform eisa.0: Cannot allocate resource for EISA slot 7
[    0.492061] platform eisa.0: Cannot allocate resource for EISA slot 8
[    0.492064] platform eisa.0: EISA: Detected 0 cards
[    0.495943] ledtrig-cpu: registered to indicate activity on CPUs
[    0.496194] [drm] Initialized simpledrm 1.0.0 20200625 for simple-framebuffer.0 on minor 0
[    0.500035] Console: switching to colour frame buffer device 160x45
[    0.502041] simple-framebuffer simple-framebuffer.0: [drm] fb0: simpledrmdrmfb frame buffer device
[    0.503195] drop_monitor: Initializing network drop monitor service
[    0.503307] NET: Registered PF_INET6 protocol family
[    0.634716] Freeing initrd memory: 71936K
[    0.638408] Segment Routing with IPv6
[    0.638436] In-situ OAM (IOAM) with IPv6
[    0.638468] NET: Registered PF_PACKET protocol family
[    0.638514] Key type dns_resolver registered
[    0.640396] microcode: Current revision: 0x0a601206
[    0.640863] resctrl: L3 allocation detected
[    0.640879] resctrl: MB allocation detected
[    0.640890] resctrl: SMBA allocation detected
[    0.640903] resctrl: L3 monitoring detected
[    0.640948] IPI shorthand broadcast: enabled
[    0.642495] sched_clock: Marking stable (640327489, 1567310)->(676635442, -34740643)
[    0.642696] registered taskstats version 1
[    0.643278] Loading compiled-in X.509 certificates
[    0.643659] Loaded X.509 cert 'Build time autogenerated kernel key: 97e06c320ea13f9f6032597ec1fbd60aa16c8e09'
[    0.643990] Loaded X.509 cert 'Canonical Ltd. Live Patch Signing: 14df34d1a87cf37625abec039ef2bf521249b969'
[    0.644303] Loaded X.509 cert 'Canonical Ltd. Kernel Module Signing: 88f752e560a1e0737e31163a466ad7b70a850c19'
[    0.645234] blacklist: Loading compiled-in revocation X.509 certificates
[    0.645858] Loaded X.509 cert 'Canonical Ltd. Secure Boot Signing: 61482aa2830d0ab2ad5af10b7250da9033ddcef0'
[    0.646429] Loaded X.509 cert 'Canonical Ltd. Secure Boot Signing (2017): 242ade75ac4a15e50d50c84b0d45ff3eae707a03'
[    0.647816] Loaded X.509 cert 'Canonical Ltd. Secure Boot Signing (ESM 2018): 365188c1d374d6b07c3c8f240f8ef722433d6a8b'
[    0.649391] Loaded X.509 cert 'Canonical Ltd. Secure Boot Signing (2019): c0746fd6c5da3ae827864651ad66ae47fe24b3e8'
[    0.650301] Loaded X.509 cert 'Canonical Ltd. Secure Boot Signing (2021 v1): a8d54bbb3825cfb94fa13c9f8a594a195c107b8d'
[    0.651327] Loaded X.509 cert 'Canonical Ltd. Secure Boot Signing (2021 v2): 4cf046892d6fd3c9a5b03f98d845f90851dc6a8c'
[    0.652801] Loaded X.509 cert 'Canonical Ltd. Secure Boot Signing (2021 v3): 100437bb6de6e469b581e61cd66bce3ef4ed53af'
[    0.653547] Loaded X.509 cert 'Canonical Ltd. Secure Boot Signing (Ubuntu Core 2019): c1d57b8f6b743f23ee41f4f7ee292f06eecadfb9'
[    0.657739] Key type .fscrypt registered
[    0.658228] Key type fscrypt-provisioning registered
[    0.658747] Key type trusted registered
[    0.668090] Key type encrypted registered
[    0.668571] AppArmor: AppArmor sha256 policy hashing enabled
[    0.669337] integrity: Loading X.509 certificate: UEFI:db
[    0.670046] integrity: Loaded X.509 cert 'Microsoft Corporation UEFI CA 2011: 13adbf4309bd82709c8cd54f316ed522988a1bd4'
[    0.670741] integrity: Loading X.509 certificate: UEFI:db
[    0.671493] integrity: Loaded X.509 cert 'Microsoft Windows Production PCA 2011: a92902398e16c49778cd90f99e4f9ae17c55af53'
[    0.672303] integrity: Loading X.509 certificate: UEFI:db
[    0.673122] integrity: Loaded X.509 cert 'Microsoft Corporation: Windows UEFI CA 2023: aefc5fbbbe055d8f8daa585473499417ab5a5272'
[    0.673934] integrity: Loading X.509 certificate: UEFI:db
[    0.674749] integrity: Loaded X.509 cert 'Microsoft UEFI CA 2023: 81aa6b3244c935bce0d6628af39827421e32497d'
[    0.675553] integrity: Loading X.509 certificate: UEFI:db
[    0.676383] integrity: Loaded X.509 cert 'MSI SHIP DB: ebc30d5be5f35f8041c1c2d9e613eee2'
[    0.678064] Loading compiled-in module X.509 certificates
[    0.679071] Loaded X.509 cert 'Build time autogenerated kernel key: 97e06c320ea13f9f6032597ec1fbd60aa16c8e09'
[    0.679879] ima: Allocated hash algorithm: sha256
[    0.713315] ima: No architecture policies found
[    0.713912] evm: Initialising EVM extended attributes:
[    0.714506] evm: security.selinux
[    0.715102] evm: security.SMACK64
[    0.715683] evm: security.SMACK64EXEC
[    0.716256] evm: security.SMACK64TRANSMUTE
[    0.716816] evm: security.SMACK64MMAP
[    0.717376] evm: security.apparmor
[    0.717933] evm: security.ima
[    0.718490] evm: security.capability
[    0.719046] evm: HMAC attrs: 0x1
[    0.719855] PM:   Magic number: 5:497:159
[    0.720738] acpi device:26: hash matches
[    0.726249] RAS: Correctable Errors collector initialized.
[    0.727890] clk: Disabling unused clocks
[    0.730041] Freeing unused decrypted memory: 2028K
[    0.731009] Freeing unused kernel image (initmem) memory: 4984K
[    0.731527] Write protecting the kernel read-only data: 36864k
[    0.732272] Freeing unused kernel image (rodata/data gap) memory: 416K
[    0.765172] x86/mm: Checked W+X mappings: passed, no W+X pages found.
[    0.765688] Run /init as init process
[    0.767183]   with arguments:
[    0.767185]     /init
[    0.767186]   with environment:
[    0.767187]     HOME=/
[    0.767188]     TERM=linux
[    0.767189]     BOOT_IMAGE=/boot/vmlinuz-6.8.0-57-generic
[    0.830746] ACPI: video: Video Device [VGA] (multi-head: yes  rom: no  post: no)
[    0.831675] input: Video Bus as /devices/LNXSYSTM:00/LNXSYBUS:00/PNP0A08:00/device:20/LNXVIDEO:00/input/input2
[    0.836410] piix4_smbus 0000:00:14.0: SMBus Host Controller at 0xb00, revision 0
[    0.836433] ahci 0000:0a:00.0: version 3.0
[    0.836445] xhci_hcd 0000:0e:00.0: xHCI Host Controller
[    0.836455] xhci_hcd 0000:0e:00.0: new USB bus registered, assigned bus number 1
[    0.837089] piix4_smbus 0000:00:14.0: Using register 0x02 for SMBus port selection
[    0.838474] ahci 0000:0a:00.0: SSS flag set, parallel bus scan disabled
[    0.839757] piix4_smbus 0000:00:14.0: Auxiliary SMBus Host Controller at 0xb20
[    0.841413] ahci 0000:0a:00.0: AHCI 0001.0200 32 slots 2 ports 6 Gbps 0x3 impl SATA mode
[    0.841472] r8169 0000:0c:00.0: enabling device (0000 -> 0003)
[    0.846838] ahci 0000:0a:00.0: flags: 64bit ncq sntf stag led clo pmp pio slum part ccc 
[    0.848431] scsi host0: ahci
[    0.849677] scsi host1: ahci
[    0.849871] r8169 0000:0c:00.0 eth0: RTL8125B, d8:43:ae:91:18:49, XID 641, IRQ 49
[    0.850754] ata1: SATA max UDMA/133 abar m512@0xf6600000 port 0xf6600100 irq 48 lpm-pol 0
[    0.851726] r8169 0000:0c:00.0 eth0: jumbo features [frames: 9194 bytes, tx checksumming: ko]
[    0.852780] ata2: SATA max UDMA/133 abar m512@0xf6600000 port 0xf6600180 irq 48 lpm-pol 0
[    0.855001] ahci 0000:0f:00.0: SSS flag set, parallel bus scan disabled
[    0.855998] ahci 0000:0f:00.0: AHCI 0001.0301 32 slots 6 ports 6 Gbps 0xf impl SATA mode
[    0.856941] ahci 0000:0f:00.0: flags: 64bit ncq sntf stag pm led clo only pmp pio slum part sxs deso sadm sds apst 
[    0.858413] scsi host2: ahci
[    0.859475] scsi host3: ahci
[    0.860072] nvme 0000:02:00.0: platform quirk: setting simple suspend
[    0.860082] nvme 0000:05:00.0: platform quirk: setting simple suspend
[    0.860206] nvme nvme0: pci function 0000:05:00.0
[    0.860225] nvme nvme1: pci function 0000:10:00.0
[    0.860522] scsi host4: ahci
[    0.861930] nvme nvme2: pci function 0000:02:00.0
[    0.863643] scsi host5: ahci
[    0.869422] scsi host6: ahci
[    0.870528] scsi host7: ahci
[    0.871551] ata3: SATA max UDMA/133 abar m1024@0xf6280000 port 0xf6280100 irq 50 lpm-pol 0
[    0.872561] ata4: SATA max UDMA/133 abar m1024@0xf6280000 port 0xf6280180 irq 50 lpm-pol 0
[    0.873527] ata5: SATA max UDMA/133 abar m1024@0xf6280000 port 0xf6280200 irq 50 lpm-pol 0
[    0.874509] ata6: SATA max UDMA/133 abar m1024@0xf6280000 port 0xf6280280 irq 50 lpm-pol 0
[    0.875463] ata7: DUMMY
[    0.876391] ata8: DUMMY
[    0.879836] nvme nvme0: 32/0/0 default/read/poll queues
[    0.882396] nvme nvme2: 32/0/0 default/read/poll queues
[    0.883957]  nvme0n1: p1 p2
[    0.888520]  nvme2n1: p1 p2 p3
[    0.892460] xhci_hcd 0000:0e:00.0: hcc params 0x0200ef81 hci version 0x110 quirks 0x0000000000000010
[    0.893330] xhci_hcd 0000:0e:00.0: xHCI Host Controller
[    0.894096] xhci_hcd 0000:0e:00.0: new USB bus registered, assigned bus number 2
[    0.894727] xhci_hcd 0000:0e:00.0: Host supports USB 3.2 Enhanced SuperSpeed
[    0.895544] usb usb1: New USB device found, idVendor=1d6b, idProduct=0002, bcdDevice= 6.08
[    0.896223] usb usb1: New USB device strings: Mfr=3, Product=2, SerialNumber=1
[    0.896859] usb usb1: Product: xHCI Host Controller
[    0.897524] usb usb1: Manufacturer: Linux 6.8.0-57-generic xhci-hcd
[    0.898256] usb usb1: SerialNumber: 0000:0e:00.0
[    0.899076] hub 1-0:1.0: USB hub found
[    0.899705] hub 1-0:1.0: 12 ports detected
[    0.900739] usb usb2: We don't know the algorithms for LPM for this host, disabling LPM.
[    0.901391] usb usb2: New USB device found, idVendor=1d6b, idProduct=0003, bcdDevice= 6.08
[    0.902044] usb usb2: New USB device strings: Mfr=3, Product=2, SerialNumber=1
[    0.902706] usb usb2: Product: xHCI Host Controller
[    0.903332] usb usb2: Manufacturer: Linux 6.8.0-57-generic xhci-hcd
[    0.903934] usb usb2: SerialNumber: 0000:0e:00.0
[    0.904740] hub 2-0:1.0: USB hub found
[    0.905402] hub 2-0:1.0: 5 ports detected
[    0.906359] xhci_hcd 0000:11:00.3: xHCI Host Controller
[    0.906918] xhci_hcd 0000:11:00.3: new USB bus registered, assigned bus number 3
[    0.907935] xhci_hcd 0000:11:00.3: hcc params 0x0120ffc5 hci version 0x120 quirks 0x0000000200000010
[    0.909052] xhci_hcd 0000:11:00.3: xHCI Host Controller
[    0.909563] xhci_hcd 0000:11:00.3: new USB bus registered, assigned bus number 4
[    0.910210] xhci_hcd 0000:11:00.3: Host supports USB 3.1 Enhanced SuperSpeed
[    0.910817] usb usb3: New USB device found, idVendor=1d6b, idProduct=0002, bcdDevice= 6.08
[    0.911369] usb usb3: New USB device strings: Mfr=3, Product=2, SerialNumber=1
[    0.912043] usb usb3: Product: xHCI Host Controller
[    0.912633] usb usb3: Manufacturer: Linux 6.8.0-57-generic xhci-hcd
[    0.913208] usb usb3: SerialNumber: 0000:11:00.3
[    0.913950] hub 3-0:1.0: USB hub found
[    0.914642] hub 3-0:1.0: 2 ports detected
[    0.916887] usb usb4: We don't know the algorithms for LPM for this host, disabling LPM.
[    0.918130] usb usb4: New USB device found, idVendor=1d6b, idProduct=0003, bcdDevice= 6.08
[    0.918722] usb usb4: New USB device strings: Mfr=3, Product=2, SerialNumber=1
[    0.919297] usb usb4: Product: xHCI Host Controller
[    0.919946] usb usb4: Manufacturer: Linux 6.8.0-57-generic xhci-hcd
[    0.920664] usb usb4: SerialNumber: 0000:11:00.3
[    0.921449] hub 4-0:1.0: USB hub found
[    0.922113] hub 4-0:1.0: 2 ports detected
[    0.924709] xhci_hcd 0000:11:00.4: xHCI Host Controller
[    0.926104] xhci_hcd 0000:11:00.4: new USB bus registered, assigned bus number 5
[    0.927263] xhci_hcd 0000:11:00.4: hcc params 0x0120ffc5 hci version 0x120 quirks 0x0000000200000010
[    0.928874] xhci_hcd 0000:11:00.4: xHCI Host Controller
[    0.930226] xhci_hcd 0000:11:00.4: new USB bus registered, assigned bus number 6
[    0.931391] xhci_hcd 0000:11:00.4: Host supports USB 3.1 Enhanced SuperSpeed
[    0.932261] usb usb5: New USB device found, idVendor=1d6b, idProduct=0002, bcdDevice= 6.08
[    0.933065] usb usb5: New USB device strings: Mfr=3, Product=2, SerialNumber=1
[    0.934062] usb usb5: Product: xHCI Host Controller
[    0.934801] usb usb5: Manufacturer: Linux 6.8.0-57-generic xhci-hcd
[    0.935949] usb usb5: SerialNumber: 0000:11:00.4
[    0.936875] hub 5-0:1.0: USB hub found
[    0.937509] nvme nvme1: 32/0/0 default/read/poll queues
[    0.937510] hub 5-0:1.0: 2 ports detected
[    0.942539] usb usb6: We don't know the algorithms for LPM for this host, disabling LPM.
[    0.943714] usb usb6: New USB device found, idVendor=1d6b, idProduct=0003, bcdDevice= 6.08
[    0.944508] nvme nvme1: Ignoring bogus Namespace Identifiers
[    0.945556] usb usb6: New USB device strings: Mfr=3, Product=2, SerialNumber=1
[    0.947071] usb usb6: Product: xHCI Host Controller
[    0.947668] usb usb6: Manufacturer: Linux 6.8.0-57-generic xhci-hcd
[    0.948250] usb usb6: SerialNumber: 0000:11:00.4
[    0.948403]  nvme1n1: p1 p2
[    0.949010] hub 6-0:1.0: USB hub found
[    0.950304] hub 6-0:1.0: 2 ports detected
[    0.952773] xhci_hcd 0000:12:00.0: xHCI Host Controller
[    0.955300] xhci_hcd 0000:12:00.0: new USB bus registered, assigned bus number 7
[    0.957509] xhci_hcd 0000:12:00.0: USB3 root hub has no ports
[    0.958538] xhci_hcd 0000:12:00.0: hcc params 0x0110ffc5 hci version 0x120 quirks 0x0000000200000010
[    0.960037] xhci_hcd 0000:12:00.0: xHCI Host Controller
[    0.961077] xhci_hcd 0000:12:00.0: new USB bus registered, assigned bus number 8
[    0.962064] xhci_hcd 0000:12:00.0: Host supports USB 3.0 SuperSpeed
[    0.963062] usb usb7: New USB device found, idVendor=1d6b, idProduct=0002, bcdDevice= 6.08
[    0.964050] usb usb7: New USB device strings: Mfr=3, Product=2, SerialNumber=1
[    0.965024] usb usb7: Product: xHCI Host Controller
[    0.965993] usb usb7: Manufacturer: Linux 6.8.0-57-generic xhci-hcd
[    0.966973] usb usb7: SerialNumber: 0000:12:00.0
[    0.968039] hub 7-0:1.0: USB hub found
[    0.969010] hub 7-0:1.0: 1 port detected
[    0.970815] usb usb8: We don't know the algorithms for LPM for this host, disabling LPM.
[    0.971800] usb usb8: New USB device found, idVendor=1d6b, idProduct=0003, bcdDevice= 6.08
[    0.972760] usb usb8: New USB device strings: Mfr=3, Product=2, SerialNumber=1
[    0.973723] usb usb8: Product: xHCI Host Controller
[    0.974683] usb usb8: Manufacturer: Linux 6.8.0-57-generic xhci-hcd
[    0.975656] usb usb8: SerialNumber: 0000:12:00.0
[    0.976702] hub 8-0:1.0: USB hub found
[    0.977673] hub 8-0:1.0: config failed, hub doesn't have any ports! (err -19)
[    1.162441] ata1: SATA link down (SStatus 0 SControl 300)
[    1.181977] ata3: SATA link down (SStatus 0 SControl 300)
[    1.200623] usb 1-2: new high-speed USB device number 2 using xhci_hcd
[    1.469980] ata2: SATA link down (SStatus 0 SControl 300)
[    1.472582] tsc: Refined TSC clocksource calibration: 4200.000 MHz
[    1.473289] clocksource: tsc: mask: 0xffffffffffffffff max_cycles: 0x3c8a615336c, max_idle_ns: 440795257976 ns
[    1.475093] clocksource: Switched to clocksource tsc
[    1.479020] usb 1-2: New USB device found, idVendor=0c45, idProduct=6367, bcdDevice= 1.00
[    1.479809] usb 1-2: New USB device strings: Mfr=2, Product=1, SerialNumber=3
[    1.480429] usb 1-2: Product: HCAM01N
[    1.480950] usb 1-2: Manufacturer: Sonix Technology Co., Ltd.
[    1.481473] usb 1-2: SerialNumber: SN0001
[    1.513443] usb 2-5: new SuperSpeed USB device number 2 using xhci_hcd
[    1.529041] usb 2-5: New USB device found, idVendor=174c, idProduct=3074, bcdDevice= 0.01
[    1.529596] usb 2-5: New USB device strings: Mfr=2, Product=3, SerialNumber=0
[    1.530110] usb 2-5: Product: ASM107x
[    1.530619] usb 2-5: Manufacturer: Asmedia
[    1.538826] hub 2-5:1.0: USB hub found
[    1.539667] hub 2-5:1.0: 4 ports detected
[    1.702583] usb 1-4: new full-speed USB device number 3 using xhci_hcd
[    1.781953] ata4: SATA link down (SStatus 0 SControl 300)
[    2.071812] usb 1-4: New USB device found, idVendor=3151, idProduct=4015, bcdDevice= 1.04
[    2.073110] usb 1-4: New USB device strings: Mfr=1, Product=2, SerialNumber=0
[    2.073691] usb 1-4: Product: MonsGeek Keyboard
[    2.074214] usb 1-4: Manufacturer: ROYUAN
[    2.093971] ata5: SATA link down (SStatus 0 SControl 300)
[    2.268582] usb 1-5: new high-speed USB device number 4 using xhci_hcd
[    2.405954] ata6: SATA link down (SStatus 0 SControl 300)
[    2.429586] r8169 0000:0c:00.0 enp12s0: renamed from eth0
[    2.526016] usb 1-5: New USB device found, idVendor=174c, idProduct=2074, bcdDevice= 0.01
[    2.526785] usb 1-5: New USB device strings: Mfr=2, Product=3, SerialNumber=0
[    2.527465] usb 1-5: Product: ASM107x
[    2.528250] usb 1-5: Manufacturer: Asmedia
[    2.540041] hub 1-5:1.0: USB hub found
[    2.545007] hub 1-5:1.0: 4 ports detected
[    2.754590] usb 1-6: new high-speed USB device number 5 using xhci_hcd
[    4.603042] usb 1-6: New USB device found, idVendor=0db0, idProduct=422d, bcdDevice= 0.01
[    4.604237] usb 1-6: New USB device strings: Mfr=3, Product=1, SerialNumber=0
[    4.604805] usb 1-6: Product: USB Audio
[    4.605331] usb 1-6: Manufacturer: Generic
[    4.837583] usb 1-7: new high-speed USB device number 6 using xhci_hcd
[    5.060038] usb 1-7: New USB device found, idVendor=0e8d, idProduct=0616, bcdDevice= 1.00
[    5.061329] usb 1-7: New USB device strings: Mfr=5, Product=6, SerialNumber=7
[    5.062508] usb 1-7: Product: Wireless_Device
[    5.063034] usb 1-7: Manufacturer: MediaTek Inc.
[    5.063548] usb 1-7: SerialNumber: 000000000
[    5.287583] usb 1-10: new full-speed USB device number 7 using xhci_hcd
[    5.575551] usb 1-10: New USB device found, idVendor=1462, idProduct=7d75, bcdDevice= 0.01
[    5.576845] usb 1-10: New USB device strings: Mfr=1, Product=2, SerialNumber=3
[    5.577670] usb 1-10: Product: MYSTIC LIGHT 
[    5.578184] usb 1-10: Manufacturer: MSI
[    5.578688] usb 1-10: SerialNumber: 7D7522120106
[    5.772584] usb 1-12: new high-speed USB device number 8 using xhci_hcd
[    5.986037] usb 1-12: New USB device found, idVendor=05e3, idProduct=0608, bcdDevice=60.70
[    5.987135] usb 1-12: New USB device strings: Mfr=0, Product=1, SerialNumber=0
[    5.988338] usb 1-12: Product: USB2.0 Hub
[    6.002142] hub 1-12:1.0: USB hub found
[    6.006037] hub 1-12:1.0: 4 ports detected
[    6.030369] hid: raw HID events driver (C) Jiri Kosina
[    6.062610] usbcore: registered new interface driver usbhid
[    6.063308] usbhid: USB HID core driver
[    6.065485] input: ROYUAN MonsGeek Keyboard as /devices/pci0000:00/0000:00:02.1/0000:03:00.0/0000:04:0c.0/0000:0e:00.0/usb1/1-4/1-4:1.0/0003:3151:4015.0001/input/input3
[    6.118678] hid-generic 0003:3151:4015.0001: input,hidraw0: USB HID v1.11 Keyboard [ROYUAN MonsGeek Keyboard] on usb-0000:0e:00.0-4/input0
[    6.119719] input: ROYUAN MonsGeek Keyboard Consumer Control as /devices/pci0000:00/0000:00:02.1/0000:03:00.0/0000:04:0c.0/0000:0e:00.0/usb1/1-4/1-4:1.1/0003:3151:4015.0002/input/input4
[    6.172655] input: ROYUAN MonsGeek Keyboard System Control as /devices/pci0000:00/0000:00:02.1/0000:03:00.0/0000:04:0c.0/0000:0e:00.0/usb1/1-4/1-4:1.1/0003:3151:4015.0002/input/input5
[    6.174293] input: ROYUAN MonsGeek Keyboard as /devices/pci0000:00/0000:00:02.1/0000:03:00.0/0000:04:0c.0/0000:0e:00.0/usb1/1-4/1-4:1.1/0003:3151:4015.0002/input/input6
[    6.178305] input: ROYUAN MonsGeek Keyboard Mouse as /devices/pci0000:00/0000:00:02.1/0000:03:00.0/0000:04:0c.0/0000:0e:00.0/usb1/1-4/1-4:1.1/0003:3151:4015.0002/input/input7
[    6.181080] input: ROYUAN MonsGeek Keyboard as /devices/pci0000:00/0000:00:02.1/0000:03:00.0/0000:04:0c.0/0000:0e:00.0/usb1/1-4/1-4:1.1/0003:3151:4015.0002/input/input8
[    6.183949] hid-generic 0003:3151:4015.0002: input,hiddev0,hidraw1: USB HID v1.11 Keyboard [ROYUAN MonsGeek Keyboard] on usb-0000:0e:00.0-4/input1
[    6.185445] hid-generic 0003:3151:4015.0003: hiddev1,hidraw2: USB HID v1.11 Device [ROYUAN MonsGeek Keyboard] on usb-0000:0e:00.0-4/input2
[    6.186932] hid-generic 0003:0DB0:422D.0004: hiddev2,hidraw3: USB HID v1.11 Device [Generic USB Audio] on usb-0000:0e:00.0-6/input7
[    6.188475] input: MSI MYSTIC LIGHT  as /devices/pci0000:00/0000:00:02.1/0000:03:00.0/0000:04:0c.0/0000:0e:00.0/usb1/1-10/1-10:1.0/0003:1462:7D75.0005/input/input9
[    6.191590] hid-generic 0003:1462:7D75.0005: input,hiddev3,hidraw4: USB HID v1.10 Device [MSI MYSTIC LIGHT ] on usb-0000:0e:00.0-10/input0
[    6.242922] EXT4-fs (nvme1n1p1): mounted filesystem b5e84f74-7532-4797-9ff4-9a3261f84236 ro with ordered data mode. Quota mode: none.
[    6.316320] systemd[1]: RTC configured in localtime, applying delta of 540 minutes to system time.
[    6.323916] systemd[1]: Inserted module 'autofs4'
[    6.337575] usb 1-12.2: new full-speed USB device number 9 using xhci_hcd
[    6.338722] systemd[1]: systemd 249.11-0ubuntu3.15 running in system mode (+PAM +AUDIT +SELINUX +APPARMOR +IMA +SMACK +SECCOMP +GCRYPT +GNUTLS +OPENSSL +ACL +BLKID +CURL +ELFUTILS +FIDO2 +IDN2 -IDN +IPTC +KMOD +LIBCRYPTSETUP +LIBFDISK +PCRE2 -PWQUALITY -P11KIT -QRENCODE +BZIP2 +LZ4 +XZ +ZLIB +ZSTD -XKBCOMMON +UTMP +SYSVINIT default-hierarchy=unified)
[    6.342559] systemd[1]: Detected architecture x86-64.
[    6.348021] systemd[1]: Hostname set to <layfort-MS-7D75>.
[    6.375045] block nvme1n1: the capability attribute has been deprecated.
[    6.397797] systemd[1]: Configuration file /run/systemd/system/netplan-ovs-cleanup.service is marked world-inaccessible. This has no effect as configuration data is accessible via APIs without restrictions. Proceeding anyway.
[    6.409911] systemd[1]: /lib/systemd/system/snapd.service:23: Unknown key name 'RestartMode' in section 'Service', ignoring.
[    6.436232] systemd[1]: Queued start job for default target Graphical Interface.
[    6.449001] systemd[1]: Created slice Slice /system/modprobe.
[    6.451173] systemd[1]: Created slice Slice /system/postgresql.
[    6.454965] systemd[1]: Created slice Slice /system/systemd-fsck.
[    6.458255] systemd[1]: Created slice User and Session Slice.
[    6.460836] systemd[1]: Started Forward Password Requests to Wall Directory Watch.
[    6.466303] systemd[1]: Set up automount Arbitrary Executable File Formats File System Automount Point.
[    6.469837] systemd[1]: Reached target User and Group Name Lookups.
[    6.472380] systemd[1]: Reached target Remote File Systems.
[    6.473883] systemd[1]: Reached target Slice Units.
[    6.475350] systemd[1]: Reached target Mounting snaps.
[    6.478444] systemd[1]: Reached target Local Verity Protected Volumes.
[    6.481775] systemd[1]: Listening on Syslog Socket.
[    6.483890] systemd[1]: Listening on fsck to fsckd communication Socket.
[    6.486055] systemd[1]: Listening on initctl Compatibility Named Pipe.
[    6.488075] systemd[1]: Listening on Journal Audit Socket.
[    6.490189] systemd[1]: Listening on Journal Socket (/dev/log).
[    6.492200] systemd[1]: Listening on Journal Socket.
[    6.494207] systemd[1]: Listening on udev Control Socket.
[    6.496222] systemd[1]: Listening on udev Kernel Socket.
[    6.507635] systemd[1]: Mounting Huge Pages File System...
[    6.509934] systemd[1]: Mounting POSIX Message Queue File System...
[    6.512451] systemd[1]: Mounting Kernel Debug File System...
[    6.514724] systemd[1]: Mounting Kernel Trace File System...
[    6.517674] systemd[1]: Starting Journal Service...
[    6.521882] systemd[1]: Starting Set the console keyboard layout...
[    6.523899] systemd[1]: Starting Create List of Static Device Nodes...
[    6.526252] systemd[1]: Starting Load Kernel Module configfs...
[    6.528612] systemd[1]: Starting Load Kernel Module drm...
[    6.530842] systemd[1]: Starting Load Kernel Module efi_pstore...
[    6.532927] systemd[1]: Starting Load Kernel Module fuse...
[    6.533666] pstore: Using crash dump compression: deflate
[    6.535143] pstore: Registered efi_pstore as persistent store backend
[    6.536023] systemd[1]: Condition check resulted in File System Check on Root Device being skipped.
[    6.537877] systemd[1]: Starting Load Kernel Modules...
[    6.539802] systemd[1]: Starting Remount Root and Kernel File Systems...
[    6.542501] systemd[1]: Starting Coldplug All udev Devices...
[    6.544362] systemd[1]: Mounted Huge Pages File System.
[    6.545110] lp: driver loaded but no devices found
[    6.546719] systemd[1]: Mounted POSIX Message Queue File System.
[    6.548555] systemd[1]: Mounted Kernel Debug File System.
[    6.548799] ppdev: user-space parallel port driver
[    6.551703] systemd[1]: Mounted Kernel Trace File System.
[    6.553469] systemd[1]: Finished Set the console keyboard layout.
[    6.555493] systemd[1]: Finished Create List of Static Device Nodes.
[    6.557147] systemd[1]: modprobe@configfs.service: Deactivated successfully.
[    6.558165] systemd[1]: Finished Load Kernel Module configfs.
[    6.560041] systemd[1]: modprobe@drm.service: Deactivated successfully.
[    6.561092] systemd[1]: Finished Load Kernel Module drm.
[    6.562758] EXT4-fs (nvme1n1p1): re-mounted b5e84f74-7532-4797-9ff4-9a3261f84236 r/w. Quota mode: none.
[    6.562921] systemd[1]: modprobe@efi_pstore.service: Deactivated successfully.
[    6.564922] systemd[1]: Finished Load Kernel Module efi_pstore.
[    6.567119] systemd[1]: modprobe@fuse.service: Deactivated successfully.
[    6.568068] systemd[1]: Finished Load Kernel Module fuse.
[    6.569953] systemd[1]: Finished Load Kernel Modules.
[    6.571746] systemd[1]: Started Journal Service.
[    6.593486] Adding 2097148k swap on /swapfile.  Priority:-2 extents:16 across:1445068800k SS
[    6.598617] systemd-journald[538]: Received client request to flush runtime journal.
[    6.619991] loop0: detected capacity change from 0 to 8
[    6.621355] loop1: detected capacity change from 0 to 151312
[    6.622936] loop2: detected capacity change from 0 to 151320
[    6.624327] loop3: detected capacity change from 0 to 495616
[    6.625742] loop4: detected capacity change from 0 to 495608
[    6.627214] loop5: detected capacity change from 0 to 1034424
[    6.628928] loop6: detected capacity change from 0 to 1056784
[    6.630185] loop7: detected capacity change from 0 to 187776
[    6.633502] loop8: detected capacity change from 0 to 26472
[    6.634873] loop9: detected capacity change from 0 to 24984
[    6.636447] loop10: detected capacity change from 0 to 91008
[    6.637677] loop11: detected capacity change from 0 to 91024
[    6.639176] loop12: detected capacity change from 0 to 1128
[    6.640564] loop13: detected capacity change from 0 to 1136
[    6.668061] usb 1-12.2: New USB device found, idVendor=3633, idProduct=0008, bcdDevice= 2.00
[    6.668064] usb 1-12.2: New USB device strings: Mfr=1, Product=2, SerialNumber=3
[    6.668066] usb 1-12.2: Product: AG-DIGITAL
[    6.668067] usb 1-12.2: Manufacturer: DeepCool
[    6.668068] usb 1-12.2: SerialNumber: 100877296484
[    6.716835] hid-generic 0003:3633:0008.0006: hiddev4,hidraw5: USB HID v1.10 Device [DeepCool AG-DIGITAL] on usb-0000:0e:00.0-12.2/input0
[    6.721930] ccp 0000:11:00.2: enabling device (0000 -> 0002)
[    6.723321] ccp 0000:11:00.2: tee enabled
[    6.723871] ccp 0000:11:00.2: psp enabled
[    6.757926] cfg80211: Loading compiled-in X.509 certificates for regulatory database
[    6.758086] Loaded X.509 cert 'sforshee: 00b28ddf47aef9cea7'
[    6.758196] Loaded X.509 cert 'wens: 61c038651aabdcf94bd0ac7ff06c7248db18c600'
[    6.758270] mc: Linux media interface: v0.10
[    6.758414] RAPL PMU: API unit is 2^-32 Joules, 1 fixed counters, 163840 ms ovfl timer
[    6.758416] RAPL PMU: hw unit of domain package 2^-16 Joules
[    6.797576] usb 1-12.3: new full-speed USB device number 10 using xhci_hcd
[    6.843117] cryptd: max_cpu_qlen set to 1000
[    6.846515] nvidia: loading out-of-tree module taints kernel.
[    6.846519] nvidia: module license 'NVIDIA' taints kernel.
[    6.846520] Disabling lock debugging due to kernel taint
[    6.846522] nvidia: module license taints kernel.
[    6.847386] AVX2 version of gcm_enc/dec engaged.
[    6.847437] AES CTR mode by8 optimization enabled
[    6.860882] audit: type=1400 audit(1745172548.868:2): apparmor="STATUS" operation="profile_load" profile="unconfined" name="libreoffice-senddoc" pid=801 comm="apparmor_parser"
[    6.860918] audit: type=1400 audit(1745172548.868:3): apparmor="STATUS" operation="profile_load" profile="unconfined" name="libreoffice-xpdfimport" pid=803 comm="apparmor_parser"
[    6.860987] videodev: Linux video capture interface: v2.00
[    6.861120] audit: type=1400 audit(1745172548.868:4): apparmor="STATUS" operation="profile_load" profile="unconfined" name="libreoffice-oosplash" pid=800 comm="apparmor_parser"
[    6.861172] audit: type=1400 audit(1745172548.868:5): apparmor="STATUS" operation="profile_load" profile="unconfined" name="lsb_release" pid=791 comm="apparmor_parser"
[    6.861199] audit: type=1400 audit(1745172548.868:6): apparmor="STATUS" operation="profile_load" profile="unconfined" name="/usr/libexec/ibus-engine-hangul" pid=805 comm="apparmor_parser"
[    6.861255] audit: type=1400 audit(1745172548.868:7): apparmor="STATUS" operation="profile_load" profile="unconfined" name="/usr/bin/man" pid=797 comm="apparmor_parser"
[    6.861258] audit: type=1400 audit(1745172548.868:8): apparmor="STATUS" operation="profile_load" profile="unconfined" name="man_filter" pid=797 comm="apparmor_parser"
[    6.861261] audit: type=1400 audit(1745172548.868:9): apparmor="STATUS" operation="profile_load" profile="unconfined" name="man_groff" pid=797 comm="apparmor_parser"
[    6.861317] audit: type=1400 audit(1745172548.868:10): apparmor="STATUS" operation="profile_load" profile="unconfined" name="nvidia_modprobe" pid=792 comm="apparmor_parser"
[    6.861321] audit: type=1400 audit(1745172548.868:11): apparmor="STATUS" operation="profile_load" profile="unconfined" name="nvidia_modprobe//kmod" pid=792 comm="apparmor_parser"
[    6.916262] Bluetooth: Core ver 2.22
[    6.917771] nvidia-nvlink: Nvlink Core is being initialized, major device number 510

[    6.918962] nvidia 0000:01:00.0: vgaarb: VGA decodes changed: olddecodes=io+mem,decodes=none:owns=none
[    6.938613] NET: Registered PF_BLUETOOTH protocol family
[    6.938616] Bluetooth: HCI device and connection manager initialized
[    6.938623] Bluetooth: HCI socket layer initialized
[    6.938626] Bluetooth: L2CAP socket layer initialized
[    6.938633] Bluetooth: SCO socket layer initialized
[    6.960632] NVRM: loading NVIDIA UNIX x86_64 Kernel Module  550.120  Fri Sep 13 10:10:01 UTC 2024
[    6.966110] usbcore: registered new interface driver btusb
[    6.970084] usb 1-2: Found UVC 1.00 device HCAM01N (0c45:6367)
[    6.973625] nvidia-modeset: Loading NVIDIA Kernel Mode Setting Driver for UNIX platforms  550.120  Fri Sep 13 10:01:25 UTC 2024
[    6.973861] snd_hda_intel 0000:01:00.1: enabling device (0000 -> 0002)
[    6.973947] snd_hda_intel 0000:01:00.1: Disabling MSI
[    6.973953] snd_hda_intel 0000:01:00.1: Handle vga_switcheroo audio client
[    6.974064] snd_hda_intel 0000:11:00.1: enabling device (0000 -> 0002)
[    6.974111] snd_hda_intel 0000:11:00.1: Handle vga_switcheroo audio client
[    6.974204] snd_hda_intel 0000:11:00.6: enabling device (0000 -> 0002)
[    6.975188] mt7921e 0000:0d:00.0: enabling device (0000 -> 0002)
[    6.976825] Bluetooth: hci0: HW/SW Version: 0x008a008a, Build Time: 20231120183620
[    6.979839] snd_hda_intel 0000:11:00.6: no codecs found!
[    6.982616] mt7921e 0000:0d:00.0: ASIC revision: 79220010
[    7.008094] [drm] [nvidia-drm] [GPU ID 0x00000100] Loading driver
[    7.013912] kvm_amd: TSC scaling supported
[    7.013914] kvm_amd: Nested Virtualization enabled
[    7.013915] kvm_amd: Nested Paging enabled
[    7.013916] kvm_amd: LBR virtualization supported
