[    0.003392] ACPI: SSDT 0x00000000B2660000 00078F (v02 AMD    CPMDFDG1 00000001 INTL 20221020)
[    0.003394] ACPI: SSDT 0x00000000B25C8000 009A53 (v02 AMD    CPMCMN   00000001 INTL 20221020)
[    0.003395] ACPI: SSDT 0x00000000B25C5000 002406 (v02 AMD    AOD      00000001 INTL 20221020)
[    0.003396] ACPI: TPM2 0x00000000B265F000 00004C (v04 ALASKA A M I    00000001 AMI  00000000)
[    0.003398] ACPI: WSMT 0x00000000B25C4000 000028 (v01 ALASKA A M I    01072009 AMI  00010013)
[    0.003399] ACPI: APIC 0x00000000B25C3000 00015E (v06 ALASKA A M I    01072009 AMI  00010013)
[    0.003400] ACPI: IVRS 0x00000000B25C2000 0000C8 (v02 AMD    AmdTable 00000001 AMD  00000001)
[    0.003402] ACPI: SSDT 0x00000000B25C1000 000500 (v02 AMD    MEMTOOL0 00000002 INTL 20221020)
[    0.003403] ACPI: SSDT 0x00000000B25C0000 00096A (v02 AMD    CPMMSOSC 00000001 INTL 20221020)
[    0.003404] ACPI: SSDT 0x00000000B25BF000 00047C (v02 AMD    AMDWOV   00000001 INTL 20221020)
[    0.003406] ACPI: SSDT 0x00000000B25BD000 001046 (v02 AMD    CPMACPV4 00000001 INTL 20221020)
[    0.003407] ACPI: SSDT 0x00000000B25BC000 00053E (v01 AMD    CPMAPMFD 00000001 INTL 20221020)
[    0.003408] ACPI: SSDT 0x00000000B25BB000 00044E (v02 AMD    AmdTable 00000001 INTL 20221020)
[    0.003410] ACPI: BGRT 0x00000000B2664000 000038 (v01 ALASKA A M I    01072009 AMI  00010013)
[    0.003411] ACPI: Reserving FACP table memory at [mem 0xb2665000-0xb2665113]
[    0.003412] ACPI: Reserving DSDT table memory at [mem 0xb25ea000-0xb265933b]
[    0.003412] ACPI: Reserving FACS table memory at [mem 0xb4653000-0xb465303f]
[    0.003412] ACPI: Reserving SSDT table memory at [mem 0xb2667000-0xb266ef63]
[    0.003413] ACPI: Reserving SSDT table memory at [mem 0xb2666000-0xb26663f0]
[    0.003413] ACPI: Reserving FIDT table memory at [mem 0xb265e000-0xb265e09b]
[    0.003414] ACPI: Reserving MCFG table memory at [mem 0xb265d000-0xb265d03b]
[    0.003414] ACPI: Reserving HPET table memory at [mem 0xb265c000-0xb265c037]
[    0.003415] ACPI: Reserving WDRT table memory at [mem 0xb265b000-0xb265b046]
[    0.003415] ACPI: Reserving UEFI table memory at [mem 0xb4000000-0xb4000047]
[    0.003415] ACPI: Reserving FPDT table memory at [mem 0xb265a000-0xb265a043]
[    0.003416] ACPI: Reserving VFCT table memory at [mem 0xb25df000-0xb25e9e83]
[    0.003416] ACPI: Reserving SSDT table memory at [mem 0xb25d5000-0xb25debad]
[    0.003417] ACPI: Reserving SSDT table memory at [mem 0xb2663000-0xb26636d3]
[    0.003417] ACPI: Reserving SSDT table memory at [mem 0xb2661000-0xb26625cf]
[    0.003417] ACPI: Reserving SSDT table memory at [mem 0xb25d2000-0xb25d4aa5]
[    0.003418] ACPI: Reserving SSDT table memory at [mem 0xb2660000-0xb266078e]
[    0.003418] ACPI: Reserving SSDT table memory at [mem 0xb25c8000-0xb25d1a52]
[    0.003419] ACPI: Reserving SSDT table memory at [mem 0xb25c5000-0xb25c7405]
[    0.003419] ACPI: Reserving TPM2 table memory at [mem 0xb265f000-0xb265f04b]
[    0.003420] ACPI: Reserving WSMT table memory at [mem 0xb25c4000-0xb25c4027]
[    0.003420] ACPI: Reserving APIC table memory at [mem 0xb25c3000-0xb25c315d]
[    0.003420] ACPI: Reserving IVRS table memory at [mem 0xb25c2000-0xb25c20c7]
[    0.003421] ACPI: Reserving SSDT table memory at [mem 0xb25c1000-0xb25c14ff]
[    0.003421] ACPI: Reserving SSDT table memory at [mem 0xb25c0000-0xb25c0969]
[    0.003422] ACPI: Reserving SSDT table memory at [mem 0xb25bf000-0xb25bf47b]
[    0.003422] ACPI: Reserving SSDT table memory at [mem 0xb25bd000-0xb25be045]
[    0.003423] ACPI: Reserving SSDT table memory at [mem 0xb25bc000-0xb25bc53d]
[    0.003423] ACPI: Reserving SSDT table memory at [mem 0xb25bb000-0xb25bb44d]
[    0.003423] ACPI: Reserving BGRT table memory at [mem 0xb2664000-0xb2664037]
[    0.003505] No NUMA configuration found
[    0.003505] Faking a node at [mem 0x0000000000000000-0x000000101de7ffff]
[    0.003510] NODE_DATA(0) allocated [mem 0x101de55000-0x101de7ffff]
[    0.003616] Zone ranges:
[    0.003617]   DMA      [mem 0x0000000000001000-0x0000000000ffffff]
[    0.003618]   DMA32    [mem 0x0000000001000000-0x00000000ffffffff]
[    0.003619]   Normal   [mem 0x0000000100000000-0x000000101de7ffff]
[    0.003620]   Device   empty
[    0.003620] Movable zone start for each node
[    0.003621] Early memory node ranges
[    0.003621]   node   0: [mem 0x0000000000001000-0x000000000009ffff]
[    0.003622]   node   0: [mem 0x0000000000100000-0x0000000009e01fff]
[    0.003623]   node   0: [mem 0x000000000a000000-0x000000000a1fffff]
[    0.003623]   node   0: [mem 0x000000000a210000-0x000000000affffff]
[    0.003623]   node   0: [mem 0x000000000b021000-0x00000000ac58cfff]
[    0.003624]   node   0: [mem 0x00000000ba5ff000-0x00000000bbff8fff]
[    0.003625]   node   0: [mem 0x00000000bbffe000-0x00000000bbffffff]
[    0.003625]   node   0: [mem 0x0000000100000000-0x0000000bffffffff]
[    0.003627]   node   0: [mem 0x0000001000000000-0x000000101de7ffff]
[    0.003628] Initmem setup node 0 [mem 0x0000000000001000-0x000000101de7ffff]
[    0.003632] On node 0, zone DMA: 1 pages in unavailable ranges
[    0.003641] On node 0, zone DMA: 96 pages in unavailable ranges
[    0.003716] On node 0, zone DMA32: 510 pages in unavailable ranges
[    0.003724] On node 0, zone DMA32: 16 pages in unavailable ranges
[    0.004998] On node 0, zone DMA32: 33 pages in unavailable ranges
[    0.005110] On node 0, zone DMA32: 24690 pages in unavailable ranges
[    0.005110] On node 0, zone DMA32: 5 pages in unavailable ranges
[    0.031596] On node 0, zone Normal: 16384 pages in unavailable ranges
[    0.031950] On node 0, zone Normal: 8576 pages in unavailable ranges
[    0.032636] ACPI: PM-Timer IO Port: 0x808
[    0.032644] ACPI: LAPIC_NMI (acpi_id[0xff] high edge lint[0x1])
[    0.032655] IOAPIC[0]: apic_id 32, version 33, address 0xfec00000, GSI 0-23
[    0.032658] IOAPIC[1]: apic_id 33, version 33, address 0xfec01000, GSI 24-55
[    0.032659] ACPI: INT_SRC_OVR (bus 0 bus_irq 0 global_irq 2 dfl dfl)
[    0.032661] ACPI: INT_SRC_OVR (bus 0 bus_irq 9 global_irq 9 low level)
[    0.032663] ACPI: Using ACPI (MADT) for SMP configuration information
[    0.032664] ACPI: HPET id: 0x10228201 base: 0xfed00000
[    0.032671] e820: update [mem 0xa6e76000-0xa6ed2fff] usable ==> reserved
[    0.032680] smpboot: Allowing 32 CPUs, 0 hotplug CPUs
[    0.032692] PM: hibernation: Registered nosave memory: [mem 0x00000000-0x00000fff]
[    0.032693] PM: hibernation: Registered nosave memory: [mem 0x000a0000-0x000fffff]
[    0.032694] PM: hibernation: Registered nosave memory: [mem 0x09e02000-0x09ffffff]
[    0.032694] PM: hibernation: Registered nosave memory: [mem 0x0a200000-0x0a20ffff]
[    0.032695] PM: hibernation: Registered nosave memory: [mem 0x0b000000-0x0b020fff]
[    0.032696] PM: hibernation: Registered nosave memory: [mem 0xa6d9f000-0xa6d9ffff]
[    0.032697] PM: hibernation: Registered nosave memory: [mem 0xa6da9000-0xa6da9fff]
[    0.032697] PM: hibernation: Registered nosave memory: [mem 0xa6daa000-0xa6daafff]
[    0.032698] PM: hibernation: Registered nosave memory: [mem 0xa6dce000-0xa6dcefff]
[    0.032699] PM: hibernation: Registered nosave memory: [mem 0xa6e76000-0xa6ed2fff]
[    0.032699] PM: hibernation: Registered nosave memory: [mem 0xa7dbe000-0xa7dbefff]
[    0.032700] PM: hibernation: Registered nosave memory: [mem 0xac58d000-0xb258cfff]
[    0.032700] PM: hibernation: Registered nosave memory: [mem 0xb258d000-0xb266efff]
[    0.032701] PM: hibernation: Registered nosave memory: [mem 0xb266f000-0xb466efff]
[    0.032701] PM: hibernation: Registered nosave memory: [mem 0xb466f000-0xba5fefff]
[    0.032702] PM: hibernation: Registered nosave memory: [mem 0xbbff9000-0xbbffdfff]
[    0.032703] PM: hibernation: Registered nosave memory: [mem 0xbc000000-0xbcffffff]
[    0.032703] PM: hibernation: Registered nosave memory: [mem 0xbd000000-0xbd7f2fff]
[    0.032703] PM: hibernation: Registered nosave memory: [mem 0xbd7f3000-0xbfffffff]
[    0.032704] PM: hibernation: Registered nosave memory: [mem 0xc0000000-0xfedfffff]
[    0.032704] PM: hibernation: Registered nosave memory: [mem 0xfee00000-0xfee00fff]
[    0.032704] PM: hibernation: Registered nosave memory: [mem 0xfee01000-0xffffffff]
[    0.032705] PM: hibernation: Registered nosave memory: [mem 0xc00000000-0xfffffffff]
[    0.032706] [mem 0xc0000000-0xfedfffff] available for PCI devices
[    0.032707] Booting paravirtualized kernel on bare hardware
[    0.032709] clocksource: refined-jiffies: mask: 0xffffffff max_cycles: 0xffffffff, max_idle_ns: 1910969940391419 ns
[    0.032714] setup_percpu: NR_CPUS:8192 nr_cpumask_bits:32 nr_cpu_ids:32 nr_node_ids:1
[    0.033524] percpu: Embedded 86 pages/cpu s229376 r8192 d114688 u524288
[    0.033527] pcpu-alloc: s229376 r8192 d114688 u524288 alloc=1*2097152
[    0.033528] pcpu-alloc: [0] 00 01 02 03 [0] 04 05 06 07 
[    0.033531] pcpu-alloc: [0] 08 09 10 11 [0] 12 13 14 15 
[    0.033533] pcpu-alloc: [0] 16 17 18 19 [0] 20 21 22 23 
[    0.033536] pcpu-alloc: [0] 24 25 26 27 [0] 28 29 30 31 
[    0.033547] Kernel command line: BOOT_IMAGE=/boot/vmlinuz-6.8.0-52-generic root=UUID=b5e84f74-7532-4797-9ff4-9a3261f84236 ro memmap=16G$48G isolcpus=10,11,12,13
[    0.033587] Unknown kernel command line parameters "BOOT_IMAGE=/boot/vmlinuz-6.8.0-52-generic", will be passed to user space.
[    0.036109] Dentry cache hash table entries: 8388608 (order: 14, 67108864 bytes, linear)
[    0.037226] Inode-cache hash table entries: 4194304 (order: 13, 33554432 bytes, linear)
[    0.037344] Fallback order for Node 0: 0 
[    0.037347] Built 1 zonelists, mobility grouping on.  Total pages: 12175338
[    0.037348] Policy zone: Normal
[    0.037354] mem auto-init: stack:all(zero), heap alloc:on, heap free:off
[    0.037386] software IO TLB: area num 32.
[    0.087173] Memory: 48279808K/49475044K available (22528K kernel code, 4439K rwdata, 13908K rodata, 4972K init, 4740K bss, 1194976K reserved, 0K cma-reserved)
[    0.087728] SLUB: HWalign=64, Order=0-3, MinObjects=0, CPUs=32, Nodes=1
[    0.087744] ftrace: allocating 57956 entries in 227 pages
[    0.095696] ftrace: allocated 227 pages with 5 groups
[    0.096280] Dynamic Preempt: voluntary
[    0.096360] rcu: Preemptible hierarchical RCU implementation.
[    0.096360] rcu: 	RCU restricting CPUs from NR_CPUS=8192 to nr_cpu_ids=32.
[    0.096361] 	Trampoline variant of Tasks RCU enabled.
[    0.096361] 	Rude variant of Tasks RCU enabled.
[    0.096362] 	Tracing variant of Tasks RCU enabled.
[    0.096362] rcu: RCU calculated value of scheduler-enlistment delay is 100 jiffies.
[    0.096363] rcu: Adjusting geometry for rcu_fanout_leaf=16, nr_cpu_ids=32
[    0.097968] NR_IRQS: 524544, nr_irqs: 1224, preallocated irqs: 16
[    0.098144] rcu: srcu_init: Setting srcu_struct sizes based on contention.
[    0.098268] Console: colour dummy device 80x25
[    0.098269] printk: legacy console [tty0] enabled
[    0.098516] ACPI: Core revision 20230628
[    0.098734] clocksource: hpet: mask: 0xffffffff max_cycles: 0xffffffff, max_idle_ns: 133484873504 ns
[    0.098749] APIC: Switch to symmetric I/O mode setup
[    0.099261] AMD-Vi: Using global IVHD EFR:0x246577efa2254afa, EFR2:0x0
[    0.099489] APIC: Switched APIC routing to: physical flat
[    0.100072] ..TIMER: vector=0x30 apic1=0 pin1=2 apic2=-1 pin2=-1
[    0.104754] clocksource: tsc-early: mask: 0xffffffffffffffff max_cycles: 0x3c89a2bd24a, max_idle_ns: 440795284780 ns
[    0.104758] Calibrating delay loop (skipped), value calculated using timer frequency.. 8399.59 BogoMIPS (lpj=4199798)
[    0.104770] x86/cpu: User Mode Instruction Prevention (UMIP) activated
[    0.104811] LVT offset 1 assigned for vector 0xf9
[    0.104934] LVT offset 2 assigned for vector 0xf4
[    0.104971] process: using mwait in idle threads
[    0.104973] Last level iTLB entries: 4KB 512, 2MB 512, 4MB 256
[    0.104974] Last level dTLB entries: 4KB 3072, 2MB 3072, 4MB 1536, 1GB 0
[    0.104976] Spectre V1 : Mitigation: usercopy/swapgs barriers and __user pointer sanitization
[    0.104979] Spectre V2 : Mitigation: Enhanced / Automatic IBRS
[    0.104980] Spectre V2 : Spectre v2 / SpectreRSB mitigation: Filling RSB on context switch
[    0.104982] Spectre V2 : mitigation: Enabling conditional Indirect Branch Prediction Barrier
[    0.104984] Spectre V2 : User space: Mitigation: STIBP always-on protection
[    0.104986] Speculative Store Bypass: Mitigation: Speculative Store Bypass disabled via prctl
[    0.104988] Speculative Return Stack Overflow: Mitigation: Safe RET
[    0.104993] x86/fpu: Supporting XSAVE feature 0x001: 'x87 floating point registers'
[    0.104995] x86/fpu: Supporting XSAVE feature 0x002: 'SSE registers'
[    0.104996] x86/fpu: Supporting XSAVE feature 0x004: 'AVX registers'
[    0.104997] x86/fpu: Supporting XSAVE feature 0x020: 'AVX-512 opmask'
[    0.104998] x86/fpu: Supporting XSAVE feature 0x040: 'AVX-512 Hi256'
[    0.104999] x86/fpu: Supporting XSAVE feature 0x080: 'AVX-512 ZMM_Hi256'
[    0.105001] x86/fpu: Supporting XSAVE feature 0x200: 'Protection Keys User registers'
[    0.105002] x86/fpu: Supporting XSAVE feature 0x800: 'Control-flow User registers'
[    0.105004] x86/fpu: xstate_offset[2]:  576, xstate_sizes[2]:  256
[    0.105005] x86/fpu: xstate_offset[5]:  832, xstate_sizes[5]:   64
[    0.105006] x86/fpu: xstate_offset[6]:  896, xstate_sizes[6]:  512
[    0.105008] x86/fpu: xstate_offset[7]: 1408, xstate_sizes[7]: 1024
[    0.105009] x86/fpu: xstate_offset[9]: 2432, xstate_sizes[9]:    8
[    0.105010] x86/fpu: xstate_offset[11]: 2440, xstate_sizes[11]:   16
[    0.105012] x86/fpu: Enabled xstate features 0xae7, context size is 2456 bytes, using 'compacted' format.
[    0.125214] Freeing SMP alternatives memory: 48K
[    0.125217] pid_max: default: 32768 minimum: 301
[    0.128440] LSM: initializing lsm=lockdown,capability,landlock,yama,apparmor,integrity
[    0.128458] landlock: Up and running.
[    0.128460] Yama: becoming mindful.
[    0.128483] AppArmor: AppArmor initialized
[    0.128553] Mount-cache hash table entries: 131072 (order: 8, 1048576 bytes, linear)
[    0.128601] Mountpoint-cache hash table entries: 131072 (order: 8, 1048576 bytes, linear)
[    0.232576] smpboot: CPU0: AMD Ryzen 9 7950X3D 16-Core Processor (family: 0x19, model: 0x61, stepping: 0x2)
[    0.232697] RCU Tasks: Setting shift to 5 and lim to 1 rcu_task_cb_adjust=1.
[    0.232711] RCU Tasks Rude: Setting shift to 5 and lim to 1 rcu_task_cb_adjust=1.
[    0.232724] RCU Tasks Trace: Setting shift to 5 and lim to 1 rcu_task_cb_adjust=1.
[    0.232738] Performance Events: Fam17h+ 16-deep LBR, core perfctr, AMD PMU driver.
[    0.232757] ... version:                2
[    0.232757] ... bit width:              48
[    0.232757] ... generic registers:      6
[    0.232757] ... value mask:             0000ffffffffffff
[    0.232757] ... max period:             00007fffffffffff
[    0.232757] ... fixed-purpose events:   0
[    0.232757] ... event mask:             000000000000003f
[    0.232757] signal: max sigframe size: 3376
[    0.232757] rcu: Hierarchical SRCU implementation.
[    0.232757] rcu: 	Max phase no-delay instances is 400.
[    0.234110] NMI watchdog: Enabled. Permanently consumes one hw-PMU counter.
[    0.234285] smp: Bringing up secondary CPUs ...
[    0.234363] smpboot: x86: Booting SMP configuration:
[    0.234366] .... node  #0, CPUs:        #1  #2  #3  #4  #5  #6  #7  #8  #9 #10 #11 #12 #13 #14 #15 #16 #17 #18 #19 #20 #21 #22 #23 #24 #25 #26 #27 #28 #29 #30 #31
[    0.256861] Spectre V2 : Update user space SMT mitigation: STIBP always-on
[    0.273795] smp: Brought up 1 node, 32 CPUs
[    0.273795] smpboot: Max logical packages: 1
[    0.273795] smpboot: Total of 32 processors activated (268787.07 BogoMIPS)
[    0.276386] devtmpfs: initialized
[    0.276386] x86/mm: Memory block size: 2048MB
[    0.277849] ACPI: PM: Registering ACPI NVS region [mem 0x0a200000-0x0a20ffff] (65536 bytes)
[    0.277849] ACPI: PM: Registering ACPI NVS region [mem 0xb266f000-0xb466efff] (33554432 bytes)
[    0.278118] clocksource: jiffies: mask: 0xffffffff max_cycles: 0xffffffff, max_idle_ns: 1911260446275000 ns
[    0.278137] futex hash table entries: 8192 (order: 7, 524288 bytes, linear)
[    0.278208] pinctrl core: initialized pinctrl subsystem
[    0.278281] PM: RTC time: 21:01:37, date: 2025-02-25
[    0.278588] NET: Registered PF_NETLINK/PF_ROUTE protocol family
[    0.278894] DMA: preallocated 4096 KiB GFP_KERNEL pool for atomic allocations
[    0.278992] DMA: preallocated 4096 KiB GFP_KERNEL|GFP_DMA pool for atomic allocations
[    0.279081] DMA: preallocated 4096 KiB GFP_KERNEL|GFP_DMA32 pool for atomic allocations
[    0.279091] audit: initializing netlink subsys (disabled)
[    0.279098] audit: type=2000 audit(1740517297.179:1): state=initialized audit_enabled=0 res=1
[    0.279098] thermal_sys: Registered thermal governor 'fair_share'
[    0.279098] thermal_sys: Registered thermal governor 'bang_bang'
[    0.279098] thermal_sys: Registered thermal governor 'step_wise'
[    0.279098] thermal_sys: Registered thermal governor 'user_space'
[    0.279098] thermal_sys: Registered thermal governor 'power_allocator'
[    0.279098] EISA bus registered
[    0.279098] cpuidle: using governor ladder
[    0.279098] cpuidle: using governor menu
[    0.279098] acpiphp: ACPI Hot Plug PCI Controller Driver version: 0.5
[    0.279098] PCI: ECAM [mem 0xe0000000-0xefffffff] (base 0xe0000000) for domain 0000 [bus 00-ff]
[    0.279098] PCI: Using configuration type 1 for base access
[    0.279098] kprobes: kprobe jump-optimization is enabled. All kprobes are optimized if possible.
[    0.279779] HugeTLB: registered 1.00 GiB page size, pre-allocated 0 pages
[    0.279779] HugeTLB: 16380 KiB vmemmap can be freed for a 1.00 GiB page
[    0.279782] HugeTLB: registered 2.00 MiB page size, pre-allocated 0 pages
[    0.279784] HugeTLB: 28 KiB vmemmap can be freed for a 2.00 MiB page
[    0.279820] fbcon: Taking over console
[    0.279847] ACPI: Added _OSI(Module Device)
[    0.279849] ACPI: Added _OSI(Processor Device)
[    0.279852] ACPI: Added _OSI(3.0 _SCP Extensions)
[    0.279854] ACPI: Added _OSI(Processor Aggregator Device)
[    0.306493] ACPI: 16 ACPI AML tables successfully acquired and loaded
[    0.352279] ACPI: USB4 _OSC: OS supports USB3+ DisplayPort+ PCIe+ XDomain+
[    0.352284] ACPI: USB4 _OSC: OS controls USB3+ DisplayPort+ PCIe+ XDomain+
[    0.352697] ACPI: _OSC evaluation for CPUs failed, trying _PDC
[    0.353662] ACPI: Interpreter enabled
[    0.353680] ACPI: PM: (supports S0 S3 S4 S5)
[    0.353683] ACPI: Using IOAPIC for interrupt routing
[    0.356364] PCI: Using host bridge windows from ACPI; if necessary, use "pci=nocrs" and report a bug
[    0.356368] PCI: Ignoring E820 reservations for host bridge windows
[    0.356930] ACPI: Enabled 12 GPEs in block 00 to 1F
[    0.359718] ACPI: \_SB_.PCI0.GP17.XHC0.P0U0: New power resource
[    0.361844] ACPI: \_SB_.PCI0.GP17.XHC1.P0U1: New power resource
[    0.365506] ACPI: \_SB_.PCI0.GP19.XHC2.P0U2: New power resource
[    0.366359] ACPI: \_SB_.PCI0.GPP0.M237: New power resource
[    0.366721] ACPI: \_SB_.PCI0.GPP1.P0NV: New power resource
[    0.367804] ACPI: \_SB_.PCI0.GPP7.PWRS: New power resource
[    0.368224] ACPI: \_SB_.PCI0.GPP7.UP00.PWRS: New power resource
[    0.368621] ACPI: \_SB_.PCI0.GPP7.UP00.DP00.PWRS: New power resource
[    0.369026] ACPI: \_SB_.PCI0.GPP7.UP00.DP00.NV00.PWRS: New power resource
[    0.369427] ACPI: \_SB_.PCI0.GPP7.UP00.DP08.PWRS: New power resource
[    0.369716] ACPI: \_SB_.PCI0.GPP7.UP00.DP08.EP00.PWRS: New power resource
[    0.370042] ACPI: \_SB_.PCI0.GPP7.UP00.DP10.PWRS: New power resource
[    0.370325] ACPI: \_SB_.PCI0.GPP7.UP00.DP10.WN00.PWRS: New power resource
[    0.370644] ACPI: \_SB_.PCI0.GPP7.UP00.DP18.PWRS: New power resource
[    0.370929] ACPI: \_SB_.PCI0.GPP7.UP00.DP18.LN00.PWRS: New power resource
[    0.371245] ACPI: \_SB_.PCI0.GPP7.UP00.DP20.PWRS: New power resource
[    0.371840] ACPI: \_SB_.PCI0.GPP7.UP00.DP20.NV00.PWRS: New power resource
[    0.372271] ACPI: \_SB_.PCI0.GPP7.UP00.DP28.PWRS: New power resource
[    0.372839] ACPI: \_SB_.PCI0.GPP7.UP00.DP28.EP00.PWRS: New power resource
[    0.373099] ACPI: \_SB_.PCI0.GPP7.UP00.DP30.PWRS: New power resource
[    0.373675] ACPI: \_SB_.PCI0.GPP7.UP00.DP30.EP00.PWRS: New power resource
[    0.374030] ACPI: \_SB_.PCI0.GPP7.UP00.DP38.PWRS: New power resource
[    0.374609] ACPI: \_SB_.PCI0.GPP7.UP00.DP38.EP00.PWRS: New power resource
[    0.374959] ACPI: \_SB_.PCI0.GPP7.UP00.DP40.PWRS: New power resource
[    0.375358] ACPI: \_SB_.PCI0.GPP7.UP00.DP48.PWRS: New power resource
[    0.375936] ACPI: \_SB_.PCI0.GPP7.UP00.DP48.EP00.PWRS: New power resource
[    0.376284] ACPI: \_SB_.PCI0.GPP7.UP00.DP50.PWRS: New power resource
[    0.376675] ACPI: \_SB_.PCI0.GPP7.UP00.DP50.EP00.PWRS: New power resource
[    0.377080] ACPI: \_SB_.PCI0.GPP7.UP00.DP58.PWRS: New power resource
[    0.377474] ACPI: \_SB_.PCI0.GPP7.UP00.DP58.EP00.PWRS: New power resource
[    0.377871] ACPI: \_SB_.PCI0.GPP7.UP00.DP60.PWRS: New power resource
[    0.378267] ACPI: \_SB_.PCI0.GPP7.UP00.DP60.XH00.PWRS: New power resource
[    0.379276] ACPI: \_SB_.PCI0.GPP7.UP00.DP68.PWRS: New power resource
[    0.379619] ACPI: \_SB_.PCI0.GPP7.UP00.DP68.SA00.PWRS: New power resource
[    0.379679] ACPI: \_SB_.PCI0.GPP8.PWR1: New power resource
[    0.385943] ACPI: \_SB_.PRWL: New power resource
[    0.385974] ACPI: \_SB_.PRWB: New power resource
[    0.386893] ACPI: PCI Root Bridge [PCI0] (domain 0000 [bus 00-ff])
[    0.386899] acpi PNP0A08:00: _OSC: OS supports [ExtendedConfig ASPM ClockPM Segments MSI EDR HPX-Type3]
[    0.387086] acpi PNP0A08:00: _OSC: OS now controls [PCIeHotplug SHPCHotplug PME AER PCIeCapability LTR DPC]
[    0.387720] PCI host bridge to bus 0000:00
[    0.387723] pci_bus 0000:00: root bus resource [io  0x0000-0x03af window]
[    0.387727] pci_bus 0000:00: root bus resource [io  0x03e0-0x0cf7 window]
[    0.387731] pci_bus 0000:00: root bus resource [io  0x03b0-0x03df window]
[    0.387734] pci_bus 0000:00: root bus resource [io  0x0d00-0xffff window]
[    0.387737] pci_bus 0000:00: root bus resource [mem 0x000a0000-0x000dffff window]
[    0.387741] pci_bus 0000:00: root bus resource [mem 0xc0000000-0xf6ffffff window]
[    0.387744] pci_bus 0000:00: root bus resource [mem 0x1040000000-0xffffffffff window]
[    0.387748] pci_bus 0000:00: root bus resource [bus 00-ff]
[    0.387772] pci 0000:00:00.0: [1022:14d8] type 00 class 0x060000 conventional PCI endpoint
[    0.387866] pci 0000:00:00.2: [1022:14d9] type 00 class 0x080600 conventional PCI endpoint
[    0.387950] pci 0000:00:01.0: [1022:14da] type 00 class 0x060000 conventional PCI endpoint
[    0.388019] pci 0000:00:01.1: [1022:14db] type 01 class 0x060400 PCIe Root Port
[    0.388036] pci 0000:00:01.1: PCI bridge to [bus 01]
[    0.388041] pci 0000:00:01.1:   bridge window [io  0xf000-0xffff]
[    0.388045] pci 0000:00:01.1:   bridge window [mem 0xf5000000-0xf60fffff]
[    0.388053] pci 0000:00:01.1:   bridge window [mem 0xf800000000-0xfc01ffffff 64bit pref]
[    0.388108] pci 0000:00:01.1: PME# supported from D0 D3hot D3cold
[    0.388693] pci 0000:00:01.2: [1022:14db] type 01 class 0x060400 PCIe Root Port
[    0.388710] pci 0000:00:01.2: PCI bridge to [bus 02]
[    0.388716] pci 0000:00:01.2:   bridge window [mem 0xf6e00000-0xf6efffff]
[    0.388775] pci 0000:00:01.2: PME# supported from D0 D3hot D3cold
[    0.388901] pci 0000:00:02.0: [1022:14da] type 00 class 0x060000 conventional PCI endpoint
[    0.388970] pci 0000:00:02.1: [1022:14db] type 01 class 0x060400 PCIe Root Port
[    0.388986] pci 0000:00:02.1: PCI bridge to [bus 03-0f]
[    0.388991] pci 0000:00:02.1:   bridge window [io  0xc000-0xdfff]
[    0.388995] pci 0000:00:02.1:   bridge window [mem 0xf6200000-0xf67fffff]
[    0.389002] pci 0000:00:02.1:   bridge window [mem 0xfc20300000-0xfc203fffff 64bit pref]
[    0.389011] pci 0000:00:02.1: enabling Extended Tags
[    0.389059] pci 0000:00:02.1: PME# supported from D0 D3hot D3cold
[    0.389244] pci 0000:00:02.2: [1022:14db] type 01 class 0x060400 PCIe Root Port
[    0.389260] pci 0000:00:02.2: PCI bridge to [bus 10]
[    0.389266] pci 0000:00:02.2:   bridge window [mem 0xf6d00000-0xf6dfffff]
[    0.389278] pci 0000:00:02.2: enabling Extended Tags
[    0.389326] pci 0000:00:02.2: PME# supported from D0 D3hot D3cold
[    0.389448] pci 0000:00:03.0: [1022:14da] type 00 class 0x060000 conventional PCI endpoint
[    0.389524] pci 0000:00:04.0: [1022:14da] type 00 class 0x060000 conventional PCI endpoint
[    0.389604] pci 0000:00:08.0: [1022:14da] type 00 class 0x060000 conventional PCI endpoint
[    0.389675] pci 0000:00:08.1: [1022:14dd] type 01 class 0x060400 PCIe Root Port
[    0.389689] pci 0000:00:08.1: PCI bridge to [bus 11]
[    0.389694] pci 0000:00:08.1:   bridge window [io  0xe000-0xefff]
[    0.389697] pci 0000:00:08.1:   bridge window [mem 0xf6800000-0xf6bfffff]
[    0.389703] pci 0000:00:08.1:   bridge window [mem 0xfc10000000-0xfc201fffff 64bit pref]
[    0.389711] pci 0000:00:08.1: enabling Extended Tags
[    0.389739] pci 0000:00:08.1: PME# supported from D0 D3hot D3cold
[    0.389846] pci 0000:00:08.3: [1022:14dd] type 01 class 0x060400 PCIe Root Port
[    0.389860] pci 0000:00:08.3: PCI bridge to [bus 12]
[    0.389865] pci 0000:00:08.3:   bridge window [mem 0xf6c00000-0xf6cfffff]
[    0.389875] pci 0000:00:08.3: enabling Extended Tags
[    0.389903] pci 0000:00:08.3: PME# supported from D0 D3hot D3cold
[    0.390005] pci 0000:00:14.0: [1022:790b] type 00 class 0x0c0500 conventional PCI endpoint
[    0.390120] pci 0000:00:14.3: [1022:790e] type 00 class 0x060100 conventional PCI endpoint
[    0.390252] pci 0000:00:18.0: [1022:14e0] type 00 class 0x060000 conventional PCI endpoint
[    0.390289] pci 0000:00:18.1: [1022:14e1] type 00 class 0x060000 conventional PCI endpoint
[    0.390324] pci 0000:00:18.2: [1022:14e2] type 00 class 0x060000 conventional PCI endpoint
[    0.390358] pci 0000:00:18.3: [1022:14e3] type 00 class 0x060000 conventional PCI endpoint
[    0.390393] pci 0000:00:18.4: [1022:14e4] type 00 class 0x060000 conventional PCI endpoint
[    0.390428] pci 0000:00:18.5: [1022:14e5] type 00 class 0x060000 conventional PCI endpoint
[    0.390464] pci 0000:00:18.6: [1022:14e6] type 00 class 0x060000 conventional PCI endpoint
[    0.390499] pci 0000:00:18.7: [1022:14e7] type 00 class 0x060000 conventional PCI endpoint
[    0.390600] pci 0000:01:00.0: [10de:2705] type 00 class 0x030000 PCIe Legacy Endpoint
[    0.390610] pci 0000:01:00.0: BAR 0 [mem 0xf5000000-0xf5ffffff]
[    0.390619] pci 0000:01:00.0: BAR 1 [mem 0xf800000000-0xfbffffffff 64bit pref]
[    0.390628] pci 0000:01:00.0: BAR 3 [mem 0xfc00000000-0xfc01ffffff 64bit pref]
[    0.390635] pci 0000:01:00.0: BAR 5 [io  0xf000-0xf07f]
[    0.390641] pci 0000:01:00.0: ROM [mem 0xf6000000-0xf607ffff pref]
[    0.390682] pci 0000:01:00.0: PME# supported from D0 D3hot
[    0.390819] pci 0000:01:00.1: [10de:22bb] type 00 class 0x040300 PCIe Endpoint
[    0.390828] pci 0000:01:00.1: BAR 0 [mem 0xf6080000-0xf6083fff]
[    0.390947] pci 0000:00:01.1: PCI bridge to [bus 01]
[    0.391019] pci 0000:02:00.0: [1c5c:1959] type 00 class 0x010802 PCIe Endpoint
[    0.391033] pci 0000:02:00.0: BAR 0 [mem 0xf6e00000-0xf6e03fff 64bit]
[    0.391216] pci 0000:00:01.2: PCI bridge to [bus 02]
[    0.391288] pci 0000:03:00.0: [1022:43f4] type 01 class 0x060400 PCIe Switch Upstream Port
[    0.391309] pci 0000:03:00.0: PCI bridge to [bus 04-0f]
[    0.391315] pci 0000:03:00.0:   bridge window [io  0xc000-0xdfff]
[    0.391320] pci 0000:03:00.0:   bridge window [mem 0xf6200000-0xf67fffff]
[    0.391329] pci 0000:03:00.0:   bridge window [mem 0xfc20300000-0xfc203fffff 64bit pref]
[    0.391340] pci 0000:03:00.0: enabling Extended Tags
[    0.391388] pci 0000:03:00.0: PME# supported from D0 D3hot D3cold
[    0.391600] pci 0000:00:02.1: PCI bridge to [bus 03-0f]
[    0.391747] pci 0000:04:00.0: [1022:43f5] type 01 class 0x060400 PCIe Switch Downstream Port
[    0.391770] pci 0000:04:00.0: PCI bridge to [bus 05]
[    0.391777] pci 0000:04:00.0:   bridge window [mem 0xf6700000-0xf67fffff]
[    0.391794] pci 0000:04:00.0: enabling Extended Tags
[    0.391845] pci 0000:04:00.0: PME# supported from D0 D3hot D3cold
[    0.391978] pci 0000:04:04.0: [1022:43f5] type 01 class 0x060400 PCIe Switch Downstream Port
[    0.391999] pci 0000:04:04.0: PCI bridge to [bus 06]
[    0.392021] pci 0000:04:04.0: enabling Extended Tags
[    0.392073] pci 0000:04:04.0: PME# supported from D0 D3hot D3cold
[    0.392202] pci 0000:04:05.0: [1022:43f5] type 01 class 0x060400 PCIe Switch Downstream Port
[    0.392224] pci 0000:04:05.0: PCI bridge to [bus 07]
[    0.392245] pci 0000:04:05.0: enabling Extended Tags
[    0.392297] pci 0000:04:05.0: PME# supported from D0 D3hot D3cold
[    0.392427] pci 0000:04:06.0: [1022:43f5] type 01 class 0x060400 PCIe Switch Downstream Port
[    0.392449] pci 0000:04:06.0: PCI bridge to [bus 08]
[    0.392470] pci 0000:04:06.0: enabling Extended Tags
[    0.392523] pci 0000:04:06.0: PME# supported from D0 D3hot D3cold
[    0.392656] pci 0000:04:07.0: [1022:43f5] type 01 class 0x060400 PCIe Switch Downstream Port
[    0.392677] pci 0000:04:07.0: PCI bridge to [bus 09]
[    0.392698] pci 0000:04:07.0: enabling Extended Tags
[    0.392751] pci 0000:04:07.0: PME# supported from D0 D3hot D3cold
[    0.392885] pci 0000:04:08.0: [1022:43f5] type 01 class 0x060400 PCIe Switch Downstream Port
[    0.392907] pci 0000:04:08.0: PCI bridge to [bus 0a]
[    0.392913] pci 0000:04:08.0:   bridge window [io  0xd000-0xdfff]
[    0.392918] pci 0000:04:08.0:   bridge window [mem 0xf6600000-0xf66fffff]
[    0.392938] pci 0000:04:08.0: enabling Extended Tags
[    0.392988] pci 0000:04:08.0: PME# supported from D0 D3hot D3cold
[    0.393120] pci 0000:04:09.0: [1022:43f5] type 01 class 0x060400 PCIe Switch Downstream Port
[    0.393142] pci 0000:04:09.0: PCI bridge to [bus 0b]
[    0.393163] pci 0000:04:09.0: enabling Extended Tags
[    0.393215] pci 0000:04:09.0: PME# supported from D0 D3hot D3cold
[    0.393347] pci 0000:04:0a.0: [1022:43f5] type 01 class 0x060400 PCIe Switch Downstream Port
[    0.393369] pci 0000:04:0a.0: PCI bridge to [bus 0c]
[    0.393375] pci 0000:04:0a.0:   bridge window [io  0xc000-0xcfff]
[    0.393379] pci 0000:04:0a.0:   bridge window [mem 0xf6500000-0xf65fffff]
[    0.393396] pci 0000:04:0a.0: enabling Extended Tags
[    0.393447] pci 0000:04:0a.0: PME# supported from D0 D3hot D3cold
[    0.393579] pci 0000:04:0b.0: [1022:43f5] type 01 class 0x060400 PCIe Switch Downstream Port
[    0.393601] pci 0000:04:0b.0: PCI bridge to [bus 0d]
[    0.393608] pci 0000:04:0b.0:   bridge window [mem 0xf6400000-0xf64fffff]
[    0.393617] pci 0000:04:0b.0:   bridge window [mem 0xfc20300000-0xfc203fffff 64bit pref]
[    0.393629] pci 0000:04:0b.0: enabling Extended Tags
[    0.393680] pci 0000:04:0b.0: PME# supported from D0 D3hot D3cold
[    0.393815] pci 0000:04:0c.0: [1022:43f5] type 01 class 0x060400 PCIe Switch Downstream Port
[    0.393837] pci 0000:04:0c.0: PCI bridge to [bus 0e]
[    0.393843] pci 0000:04:0c.0:   bridge window [mem 0xf6300000-0xf63fffff]
[    0.393859] pci 0000:04:0c.0: enabling Extended Tags
[    0.393896] pci 0000:04:0c.0: PME# supported from D0 D3hot D3cold
[    0.394016] pci 0000:04:0d.0: [1022:43f5] type 01 class 0x060400 PCIe Switch Downstream Port
[    0.394037] pci 0000:04:0d.0: PCI bridge to [bus 0f]
[    0.394043] pci 0000:04:0d.0:   bridge window [mem 0xf6200000-0xf62fffff]
[    0.394060] pci 0000:04:0d.0: enabling Extended Tags
[    0.394096] pci 0000:04:0d.0: PME# supported from D0 D3hot D3cold
[    0.394194] pci 0000:03:00.0: PCI bridge to [bus 04-0f]
[    0.394293] pci 0000:05:00.0: [1c5c:1959] type 00 class 0x010802 PCIe Endpoint
[    0.394313] pci 0000:05:00.0: BAR 0 [mem 0xf6700000-0xf6703fff 64bit]
[    0.394355] pci 0000:05:00.0: enabling Extended Tags
[    0.394611] pci 0000:04:00.0: PCI bridge to [bus 05]
[    0.394654] pci 0000:04:04.0: PCI bridge to [bus 06]
[    0.394697] pci 0000:04:05.0: PCI bridge to [bus 07]
[    0.394740] pci 0000:04:06.0: PCI bridge to [bus 08]
[    0.394782] pci 0000:04:07.0: PCI bridge to [bus 09]
[    0.394837] pci 0000:0a:00.0: [1b21:0612] type 00 class 0x010601 PCIe Legacy Endpoint
[    0.394859] pci 0000:0a:00.0: BAR 0 [io  0xd050-0xd057]
[    0.394872] pci 0000:0a:00.0: BAR 1 [io  0xd040-0xd043]
[    0.394884] pci 0000:0a:00.0: BAR 2 [io  0xd030-0xd037]
[    0.394896] pci 0000:0a:00.0: BAR 3 [io  0xd020-0xd023]
[    0.394909] pci 0000:0a:00.0: BAR 4 [io  0xd000-0xd01f]
[    0.394921] pci 0000:0a:00.0: BAR 5 [mem 0xf6600000-0xf66001ff]
[    0.395069] pci 0000:04:08.0: PCI bridge to [bus 0a]
[    0.395112] pci 0000:04:09.0: PCI bridge to [bus 0b]
[    0.395177] pci 0000:0c:00.0: [10ec:8125] type 00 class 0x020000 PCIe Endpoint
[    0.395197] pci 0000:0c:00.0: BAR 0 [io  0xc000-0xc0ff]
[    0.395220] pci 0000:0c:00.0: BAR 2 [mem 0xf6500000-0xf650ffff 64bit]
[    0.395236] pci 0000:0c:00.0: BAR 4 [mem 0xf6510000-0xf6513fff 64bit]
[    0.395365] pci 0000:0c:00.0: supports D1 D2
[    0.395368] pci 0000:0c:00.0: PME# supported from D0 D1 D2 D3hot D3cold
[    0.395627] pci 0000:04:0a.0: PCI bridge to [bus 0c]
[    0.395689] pci 0000:0d:00.0: [14c3:0616] type 00 class 0x028000 PCIe Endpoint
[    0.395716] pci 0000:0d:00.0: BAR 0 [mem 0xfc20300000-0xfc203fffff 64bit pref]
[    0.395733] pci 0000:0d:00.0: BAR 2 [mem 0xf6400000-0xf6407fff 64bit]
[    0.395770] pci 0000:0d:00.0: enabling Extended Tags
[    0.395868] pci 0000:0d:00.0: PME# supported from D0 D3hot D3cold
[    0.396078] pci 0000:04:0b.0: PCI bridge to [bus 0d]
[    0.396130] pci 0000:0e:00.0: [1022:43f7] type 00 class 0x0c0330 PCIe Legacy Endpoint
[    0.396145] pci 0000:0e:00.0: BAR 0 [mem 0xf6300000-0xf6307fff 64bit]
[    0.396174] pci 0000:0e:00.0: enabling Extended Tags
[    0.396214] pci 0000:0e:00.0: PME# supported from D0 D3hot D3cold
[    0.396346] pci 0000:04:0c.0: PCI bridge to [bus 0e]
[    0.396396] pci 0000:0f:00.0: [1022:43f6] type 00 class 0x010601 PCIe Legacy Endpoint
[    0.396430] pci 0000:0f:00.0: BAR 5 [mem 0xf6280000-0xf62803ff]
[    0.396438] pci 0000:0f:00.0: ROM [mem 0xf6200000-0xf627ffff pref]
[    0.396445] pci 0000:0f:00.0: enabling Extended Tags
[    0.396478] pci 0000:0f:00.0: PME# supported from D0 D3hot D3cold
[    0.396568] pci 0000:04:0d.0: PCI bridge to [bus 0f]
[    0.396770] pci 0000:10:00.0: [1c5c:174a] type 00 class 0x010802 PCIe Endpoint
[    0.396786] pci 0000:10:00.0: BAR 0 [mem 0xf6d00000-0xf6d03fff 64bit]
[    0.396794] pci 0000:10:00.0: BAR 2 [mem 0xf6d05000-0xf6d05fff]
[    0.396802] pci 0000:10:00.0: BAR 3 [mem 0xf6d04000-0xf6d04fff]
[    0.396989] pci 0000:00:02.2: PCI bridge to [bus 10]
[    0.397079] pci 0000:11:00.0: [1002:164e] type 00 class 0x030000 PCIe Legacy Endpoint
[    0.397089] pci 0000:11:00.0: BAR 0 [mem 0xfc10000000-0xfc1fffffff 64bit pref]
[    0.397097] pci 0000:11:00.0: BAR 2 [mem 0xfc20000000-0xfc201fffff 64bit pref]
[    0.397104] pci 0000:11:00.0: BAR 4 [io  0xe000-0xe0ff]
[    0.397109] pci 0000:11:00.0: BAR 5 [mem 0xf6b00000-0xf6b7ffff]
[    0.397117] pci 0000:11:00.0: enabling Extended Tags
[    0.397154] pci 0000:11:00.0: PME# supported from D1 D2 D3hot D3cold
[    0.397251] pci 0000:11:00.1: [1002:1640] type 00 class 0x040300 PCIe Legacy Endpoint
[    0.397259] pci 0000:11:00.1: BAR 0 [mem 0xf6b88000-0xf6b8bfff]
[    0.397276] pci 0000:11:00.1: enabling Extended Tags
[    0.397301] pci 0000:11:00.1: PME# supported from D1 D2 D3hot D3cold
[    0.397370] pci 0000:11:00.2: [1022:1649] type 00 class 0x108000 PCIe Endpoint
[    0.397402] pci 0000:11:00.2: BAR 2 [mem 0xf6a00000-0xf6afffff]
[    0.397411] pci 0000:11:00.2: BAR 5 [mem 0xf6b8c000-0xf6b8dfff]
[    0.397418] pci 0000:11:00.2: enabling Extended Tags
[    0.397510] pci 0000:11:00.3: [1022:15b6] type 00 class 0x0c0330 PCIe Endpoint
[    0.397520] pci 0000:11:00.3: BAR 0 [mem 0xf6900000-0xf69fffff 64bit]
[    0.397539] pci 0000:11:00.3: enabling Extended Tags
[    0.397565] pci 0000:11:00.3: PME# supported from D0 D3hot D3cold
[    0.397639] pci 0000:11:00.4: [1022:15b7] type 00 class 0x0c0330 PCIe Endpoint
[    0.397649] pci 0000:11:00.4: BAR 0 [mem 0xf6800000-0xf68fffff 64bit]
[    0.397668] pci 0000:11:00.4: enabling Extended Tags
[    0.397694] pci 0000:11:00.4: PME# supported from D0 D3hot D3cold
[    0.397821] pci 0000:11:00.6: [1022:15e3] type 00 class 0x040300 PCIe Endpoint
[    0.397829] pci 0000:11:00.6: BAR 0 [mem 0xf6b80000-0xf6b87fff]
[    0.397846] pci 0000:11:00.6: enabling Extended Tags
[    0.397871] pci 0000:11:00.6: PME# supported from D0 D3hot D3cold
[    0.397953] pci 0000:00:08.1: PCI bridge to [bus 11]
[    0.397996] pci 0000:12:00.0: [1022:15b8] type 00 class 0x0c0330 PCIe Endpoint
[    0.398010] pci 0000:12:00.0: BAR 0 [mem 0xf6c00000-0xf6cfffff 64bit]
[    0.398035] pci 0000:12:00.0: enabling Extended Tags
[    0.398066] pci 0000:12:00.0: PME# supported from D0 D3hot D3cold
[    0.398154] pci 0000:00:08.3: PCI bridge to [bus 12]
[    0.404044] ACPI: PCI: Interrupt link LNKA configured for IRQ 0
[    0.404105] ACPI: PCI: Interrupt link LNKB configured for IRQ 0
[    0.404159] ACPI: PCI: Interrupt link LNKC configured for IRQ 0
[    0.404223] ACPI: PCI: Interrupt link LNKD configured for IRQ 0
[    0.404282] ACPI: PCI: Interrupt link LNKE configured for IRQ 0
[    0.404332] ACPI: PCI: Interrupt link LNKF configured for IRQ 0
[    0.404381] ACPI: PCI: Interrupt link LNKG configured for IRQ 0
[    0.404430] ACPI: PCI: Interrupt link LNKH configured for IRQ 0
[    0.405738] iommu: Default domain type: Translated
[    0.405759] iommu: DMA domain TLB invalidation policy: lazy mode
[    0.405888] SCSI subsystem initialized
[    0.405898] libata version 3.00 loaded.
[    0.405898] ACPI: bus type USB registered
[    0.405898] usbcore: registered new interface driver usbfs
[    0.405898] usbcore: registered new interface driver hub
[    0.405898] usbcore: registered new device driver usb
[    0.405898] pps_core: LinuxPPS API ver. 1 registered
[    0.405898] pps_core: Software ver. 5.3.6 - Copyright 2005-2007 Rodolfo Giometti <giometti@linux.it>
[    0.405898] PTP clock support registered
[    0.405898] EDAC MC: Ver: 3.0.0
[    0.405898] efivars: Registered efivars operations
[    0.405939] NetLabel: Initializing
[    0.405941] NetLabel:  domain hash size = 128
[    0.405944] NetLabel:  protocols = UNLABELED CIPSOv4 CALIPSO
[    0.405959] NetLabel:  unlabeled traffic allowed by default
[    0.405973] mctp: management component transport protocol core
[    0.405973] NET: Registered PF_MCTP protocol family
[    0.405973] PCI: Using ACPI for IRQ routing
[    0.413389] PCI: pci_cache_line_size set to 64 bytes
[    0.413459] e820: reserve RAM buffer [mem 0x09e02000-0x0bffffff]
[    0.413460] e820: reserve RAM buffer [mem 0x0a200000-0x0bffffff]
[    0.413461] e820: reserve RAM buffer [mem 0x0b000000-0x0bffffff]
[    0.413462] e820: reserve RAM buffer [mem 0xa6d9f018-0xa7ffffff]
[    0.413464] e820: reserve RAM buffer [mem 0xa6daa018-0xa7ffffff]
[    0.413465] e820: reserve RAM buffer [mem 0xa6e76000-0xa7ffffff]
[    0.413466] e820: reserve RAM buffer [mem 0xa7dbe000-0xa7ffffff]
[    0.413467] e820: reserve RAM buffer [mem 0xac58d000-0xafffffff]
[    0.413468] e820: reserve RAM buffer [mem 0xbbff9000-0xbbffffff]
[    0.413469] e820: reserve RAM buffer [mem 0x101de80000-0x101fffffff]
[    0.413504] pci 0000:01:00.0: vgaarb: setting as boot VGA device
[    0.413504] pci 0000:01:00.0: vgaarb: bridge control possible
[    0.413504] pci 0000:01:00.0: vgaarb: VGA device added: decodes=io+mem,owns=none,locks=none
[    0.413504] pci 0000:11:00.0: vgaarb: bridge control possible
[    0.413504] pci 0000:11:00.0: vgaarb: VGA device added: decodes=io+mem,owns=none,locks=none
[    0.413504] vgaarb: loaded
[    0.413504] hpet0: at MMIO 0xfed00000, IRQs 2, 8, 0
[    0.413504] hpet0: 3 comparators, 32-bit 14.318180 MHz counter
[    0.414821] clocksource: Switched to clocksource tsc-early
[    0.414886] VFS: Disk quotas dquot_6.6.0
[    0.414900] VFS: Dquot-cache hash table entries: 512 (order 0, 4096 bytes)
[    0.415017] AppArmor: AppArmor Filesystem Enabled
[    0.415043] pnp: PnP ACPI init
[    0.415128] system 00:00: [mem 0xe0000000-0xefffffff] has been reserved
[    0.415204] system 00:01: [mem 0x1020000000-0x103fffffff window] has been reserved
[    0.415474] system 00:03: [io  0x0a00-0x0a0f] has been reserved
[    0.415478] system 00:03: [io  0x0a10-0x0a1f] has been reserved
[    0.415481] system 00:03: [io  0x0a20-0x0a2f] has been reserved
[    0.415753] system 00:04: [io  0x04d0-0x04d1] has been reserved
[    0.415757] system 00:04: [io  0x040b] has been reserved
[    0.415760] system 00:04: [io  0x04d6] has been reserved
[    0.415763] system 00:04: [io  0x0c00-0x0c01] has been reserved
[    0.415767] system 00:04: [io  0x0c14] has been reserved
[    0.415770] system 00:04: [io  0x0c50-0x0c51] has been reserved
[    0.415773] system 00:04: [io  0x0c52] has been reserved
[    0.415776] system 00:04: [io  0x0c6c] has been reserved
[    0.415779] system 00:04: [io  0x0c6f] has been reserved
[    0.415782] system 00:04: [io  0x0cd8-0x0cdf] has been reserved
[    0.415785] system 00:04: [io  0x0800-0x089f] has been reserved
[    0.415788] system 00:04: [io  0x0b00-0x0b0f] has been reserved
[    0.415791] system 00:04: [io  0x0b20-0x0b3f] has been reserved
[    0.415794] system 00:04: [io  0x0900-0x090f] has been reserved
[    0.415798] system 00:04: [io  0x0910-0x091f] has been reserved
[    0.415801] system 00:04: [mem 0xfedc0000-0xfedc0fff] has been reserved
[    0.415804] system 00:04: [mem 0xfee00000-0xfee00fff] has been reserved
[    0.415808] system 00:04: [mem 0xfec10000-0xfec10fff] has been reserved
[    0.415811] system 00:04: [mem 0xfeb00000-0xfeb00fff] has been reserved
[    0.415815] system 00:04: [mem 0xff000000-0xffffffff] has been reserved
[    0.420037] pnp: PnP ACPI: found 5 devices
[    0.425802] clocksource: acpi_pm: mask: 0xffffff max_cycles: 0xffffff, max_idle_ns: 2085701024 ns
[    0.425855] NET: Registered PF_INET protocol family
[    0.425913] IP idents hash table entries: 262144 (order: 9, 2097152 bytes, linear)
[    0.436238] tcp_listen_portaddr_hash hash table entries: 32768 (order: 7, 524288 bytes, linear)
[    0.436273] Table-perturb hash table entries: 65536 (order: 6, 262144 bytes, linear)
[    0.436368] TCP established hash table entries: 524288 (order: 10, 4194304 bytes, linear)
[    0.436646] TCP bind hash table entries: 65536 (order: 9, 2097152 bytes, linear)
[    0.436721] TCP: Hash tables configured (established 524288 bind 65536)
[    0.436825] MPTCP token hash table entries: 65536 (order: 8, 1572864 bytes, linear)
[    0.436922] UDP hash table entries: 32768 (order: 8, 1048576 bytes, linear)
[    0.437014] UDP-Lite hash table entries: 32768 (order: 8, 1048576 bytes, linear)
[    0.437099] NET: Registered PF_UNIX/PF_LOCAL protocol family
[    0.437105] NET: Registered PF_XDP protocol family
[    0.437119] pci 0000:00:01.1: PCI bridge to [bus 01]
[    0.437123] pci 0000:00:01.1:   bridge window [io  0xf000-0xffff]
[    0.437128] pci 0000:00:01.1:   bridge window [mem 0xf5000000-0xf60fffff]
[    0.437132] pci 0000:00:01.1:   bridge window [mem 0xf800000000-0xfc01ffffff 64bit pref]
[    0.437145] pci 0000:00:01.2: PCI bridge to [bus 02]
[    0.437149] pci 0000:00:01.2:   bridge window [mem 0xf6e00000-0xf6efffff]
[    0.437162] pci 0000:04:00.0: PCI bridge to [bus 05]
[    0.437171] pci 0000:04:00.0:   bridge window [mem 0xf6700000-0xf67fffff]
[    0.437179] pci 0000:04:04.0: PCI bridge to [bus 06]
[    0.437187] pci 0000:04:05.0: PCI bridge to [bus 07]
[    0.437196] pci 0000:04:06.0: PCI bridge to [bus 08]
[    0.437204] pci 0000:04:07.0: PCI bridge to [bus 09]
[    0.437213] pci 0000:04:08.0: PCI bridge to [bus 0a]
[    0.437216] pci 0000:04:08.0:   bridge window [io  0xd000-0xdfff]
[    0.437221] pci 0000:04:08.0:   bridge window [mem 0xf6600000-0xf66fffff]
[    0.437229] pci 0000:04:09.0: PCI bridge to [bus 0b]
[    0.437237] pci 0000:04:0a.0: PCI bridge to [bus 0c]
[    0.437240] pci 0000:04:0a.0:   bridge window [io  0xc000-0xcfff]
[    0.437246] pci 0000:04:0a.0:   bridge window [mem 0xf6500000-0xf65fffff]
[    0.437253] pci 0000:04:0b.0: PCI bridge to [bus 0d]
[    0.437257] pci 0000:04:0b.0:   bridge window [mem 0xf6400000-0xf64fffff]
[    0.437262] pci 0000:04:0b.0:   bridge window [mem 0xfc20300000-0xfc203fffff 64bit pref]
[    0.437268] pci 0000:04:0c.0: PCI bridge to [bus 0e]
[    0.437273] pci 0000:04:0c.0:   bridge window [mem 0xf6300000-0xf63fffff]
[    0.437280] pci 0000:04:0d.0: PCI bridge to [bus 0f]
[    0.437285] pci 0000:04:0d.0:   bridge window [mem 0xf6200000-0xf62fffff]
[    0.437292] pci 0000:03:00.0: PCI bridge to [bus 04-0f]
[    0.437295] pci 0000:03:00.0:   bridge window [io  0xc000-0xdfff]
[    0.437300] pci 0000:03:00.0:   bridge window [mem 0xf6200000-0xf67fffff]
[    0.437305] pci 0000:03:00.0:   bridge window [mem 0xfc20300000-0xfc203fffff 64bit pref]
[    0.437311] pci 0000:00:02.1: PCI bridge to [bus 03-0f]
[    0.437315] pci 0000:00:02.1:   bridge window [io  0xc000-0xdfff]
[    0.437319] pci 0000:00:02.1:   bridge window [mem 0xf6200000-0xf67fffff]
[    0.437323] pci 0000:00:02.1:   bridge window [mem 0xfc20300000-0xfc203fffff 64bit pref]
[    0.437335] pci 0000:00:02.2: PCI bridge to [bus 10]
[    0.437340] pci 0000:00:02.2:   bridge window [mem 0xf6d00000-0xf6dfffff]
[    0.437353] pci 0000:00:08.1: PCI bridge to [bus 11]
[    0.437360] pci 0000:00:08.1:   bridge window [io  0xe000-0xefff]
[    0.437364] pci 0000:00:08.1:   bridge window [mem 0xf6800000-0xf6bfffff]
[    0.437368] pci 0000:00:08.1:   bridge window [mem 0xfc10000000-0xfc201fffff 64bit pref]
[    0.437373] pci 0000:00:08.3: PCI bridge to [bus 12]
[    0.437377] pci 0000:00:08.3:   bridge window [mem 0xf6c00000-0xf6cfffff]
[    0.437383] pci_bus 0000:00: resource 4 [io  0x0000-0x03af window]
[    0.437386] pci_bus 0000:00: resource 5 [io  0x03e0-0x0cf7 window]
[    0.437390] pci_bus 0000:00: resource 6 [io  0x03b0-0x03df window]
[    0.437393] pci_bus 0000:00: resource 7 [io  0x0d00-0xffff window]
[    0.437396] pci_bus 0000:00: resource 8 [mem 0x000a0000-0x000dffff window]
[    0.437399] pci_bus 0000:00: resource 9 [mem 0xc0000000-0xf6ffffff window]
[    0.437402] pci_bus 0000:00: resource 10 [mem 0x1040000000-0xffffffffff window]
[    0.437406] pci_bus 0000:01: resource 0 [io  0xf000-0xffff]
[    0.437409] pci_bus 0000:01: resource 1 [mem 0xf5000000-0xf60fffff]
[    0.437412] pci_bus 0000:01: resource 2 [mem 0xf800000000-0xfc01ffffff 64bit pref]
[    0.437416] pci_bus 0000:02: resource 1 [mem 0xf6e00000-0xf6efffff]
[    0.437419] pci_bus 0000:03: resource 0 [io  0xc000-0xdfff]
[    0.437422] pci_bus 0000:03: resource 1 [mem 0xf6200000-0xf67fffff]
[    0.437425] pci_bus 0000:03: resource 2 [mem 0xfc20300000-0xfc203fffff 64bit pref]
[    0.437429] pci_bus 0000:04: resource 0 [io  0xc000-0xdfff]
[    0.437432] pci_bus 0000:04: resource 1 [mem 0xf6200000-0xf67fffff]
[    0.437435] pci_bus 0000:04: resource 2 [mem 0xfc20300000-0xfc203fffff 64bit pref]
[    0.437438] pci_bus 0000:05: resource 1 [mem 0xf6700000-0xf67fffff]
[    0.437442] pci_bus 0000:0a: resource 0 [io  0xd000-0xdfff]
[    0.437445] pci_bus 0000:0a: resource 1 [mem 0xf6600000-0xf66fffff]
[    0.437448] pci_bus 0000:0c: resource 0 [io  0xc000-0xcfff]
[    0.437451] pci_bus 0000:0c: resource 1 [mem 0xf6500000-0xf65fffff]
[    0.437454] pci_bus 0000:0d: resource 1 [mem 0xf6400000-0xf64fffff]
[    0.437457] pci_bus 0000:0d: resource 2 [mem 0xfc20300000-0xfc203fffff 64bit pref]
[    0.437461] pci_bus 0000:0e: resource 1 [mem 0xf6300000-0xf63fffff]
[    0.437464] pci_bus 0000:0f: resource 1 [mem 0xf6200000-0xf62fffff]
[    0.437467] pci_bus 0000:10: resource 1 [mem 0xf6d00000-0xf6dfffff]
[    0.437470] pci_bus 0000:11: resource 0 [io  0xe000-0xefff]
[    0.437473] pci_bus 0000:11: resource 1 [mem 0xf6800000-0xf6bfffff]
[    0.437476] pci_bus 0000:11: resource 2 [mem 0xfc10000000-0xfc201fffff 64bit pref]
[    0.437480] pci_bus 0000:12: resource 1 [mem 0xf6c00000-0xf6cfffff]
[    0.437616] pci 0000:01:00.1: extending delay after power-on from D3hot to 20 msec
[    0.437638] pci 0000:01:00.1: D0 power state depends on 0000:01:00.0
[    0.437845] pci 0000:11:00.1: D0 power state depends on 0000:11:00.0
[    0.438118] PCI: CLS 64 bytes, default 64
[    0.438132] pci 0000:00:00.2: AMD-Vi: IOMMU performance counters supported
[    0.438167] Trying to unpack rootfs image as initramfs...
[    0.438174] pci 0000:00:01.0: Adding to iommu group 0
[    0.438189] pci 0000:00:01.1: Adding to iommu group 1
[    0.438205] pci 0000:00:01.2: Adding to iommu group 2
[    0.438230] pci 0000:00:02.0: Adding to iommu group 3
[    0.438245] pci 0000:00:02.1: Adding to iommu group 4
[    0.438260] pci 0000:00:02.2: Adding to iommu group 5
[    0.438282] pci 0000:00:03.0: Adding to iommu group 6
[    0.438304] pci 0000:00:04.0: Adding to iommu group 7
[    0.438327] pci 0000:00:08.0: Adding to iommu group 8
[    0.438342] pci 0000:00:08.1: Adding to iommu group 9
[    0.438358] pci 0000:00:08.3: Adding to iommu group 10
[    0.438388] pci 0000:00:14.0: Adding to iommu group 11
[    0.438403] pci 0000:00:14.3: Adding to iommu group 11
[    0.438479] pci 0000:00:18.0: Adding to iommu group 12
[    0.438494] pci 0000:00:18.1: Adding to iommu group 12
[    0.438510] pci 0000:00:18.2: Adding to iommu group 12
[    0.438525] pci 0000:00:18.3: Adding to iommu group 12
[    0.438541] pci 0000:00:18.4: Adding to iommu group 12
[    0.438556] pci 0000:00:18.5: Adding to iommu group 12
[    0.438571] pci 0000:00:18.6: Adding to iommu group 12
[    0.438586] pci 0000:00:18.7: Adding to iommu group 12
[    0.438617] pci 0000:01:00.0: Adding to iommu group 13
[    0.438634] pci 0000:01:00.1: Adding to iommu group 13
[    0.438650] pci 0000:02:00.0: Adding to iommu group 14
[    0.438665] pci 0000:03:00.0: Adding to iommu group 15
[    0.438681] pci 0000:04:00.0: Adding to iommu group 16
[    0.438696] pci 0000:04:04.0: Adding to iommu group 17
[    0.438712] pci 0000:04:05.0: Adding to iommu group 18
[    0.438728] pci 0000:04:06.0: Adding to iommu group 19
[    0.438744] pci 0000:04:07.0: Adding to iommu group 20
[    0.438759] pci 0000:04:08.0: Adding to iommu group 21
[    0.438775] pci 0000:04:09.0: Adding to iommu group 22
[    0.438791] pci 0000:04:0a.0: Adding to iommu group 23
[    0.438807] pci 0000:04:0b.0: Adding to iommu group 24
[    0.438822] pci 0000:04:0c.0: Adding to iommu group 25
[    0.438839] pci 0000:04:0d.0: Adding to iommu group 26
[    0.438845] pci 0000:05:00.0: Adding to iommu group 16
[    0.438851] pci 0000:0a:00.0: Adding to iommu group 21
[    0.438856] pci 0000:0c:00.0: Adding to iommu group 23
[    0.438861] pci 0000:0d:00.0: Adding to iommu group 24
[    0.438867] pci 0000:0e:00.0: Adding to iommu group 25
[    0.438872] pci 0000:0f:00.0: Adding to iommu group 26
[    0.438888] pci 0000:10:00.0: Adding to iommu group 27
[    0.438913] pci 0000:11:00.0: Adding to iommu group 28
[    0.438929] pci 0000:11:00.1: Adding to iommu group 29
[    0.438945] pci 0000:11:00.2: Adding to iommu group 30
[    0.438961] pci 0000:11:00.3: Adding to iommu group 31
[    0.438976] pci 0000:11:00.4: Adding to iommu group 32
[    0.438996] pci 0000:11:00.6: Adding to iommu group 33
[    0.439012] pci 0000:12:00.0: Adding to iommu group 34
[    0.441941] AMD-Vi: Extended features (0x246577efa2254afa, 0x0): PPR NX GT [5] IA GA PC GA_vAPIC
[    0.441951] AMD-Vi: Interrupt remapping enabled
[    0.455496] AMD-Vi: Virtual APIC enabled
[    0.455517] PCI-DMA: Using software bounce buffering for IO (SWIOTLB)
[    0.455521] software IO TLB: mapped [mem 0x000000009c81d000-0x00000000a081d000] (64MB)
[    0.455561] LVT offset 0 assigned for vector 0x400
[    0.456069] perf: AMD IBS detected (0x00000bff)
[    0.456076] perf/amd_iommu: Detected AMD IOMMU #0 (2 banks, 4 counters/bank).
[    0.456622] Initialise system trusted keyrings
[    0.456630] Key type blacklist registered
[    0.456660] workingset: timestamp_bits=36 max_order=24 bucket_order=0
[    0.456668] zbud: loaded
[    0.456874] squashfs: version 4.0 (2009/01/31) Phillip Lougher
[    0.456940] fuse: init (API version 7.39)
[    0.457032] integrity: Platform Keyring initialized
[    0.457037] integrity: Machine keyring initialized
[    0.463928] Key type asymmetric registered
[    0.463931] Asymmetric key parser 'x509' registered
[    0.463942] Block layer SCSI generic (bsg) driver version 0.4 loaded (major 243)
[    0.463976] io scheduler mq-deadline registered
[    0.465234] pcieport 0000:00:01.1: PME: Signaling with IRQ 30
[    0.465359] pcieport 0000:00:01.2: PME: Signaling with IRQ 31
[    0.465476] pcieport 0000:00:02.1: PME: Signaling with IRQ 32
[    0.465597] pcieport 0000:00:02.2: PME: Signaling with IRQ 33
[    0.465712] pcieport 0000:00:08.1: PME: Signaling with IRQ 34
[    0.465816] pcieport 0000:00:08.3: PME: Signaling with IRQ 35
[    0.467152] shpchp: Standard Hot Plug PCI Controller Driver version: 0.4
[    0.467279] input: Power Button as /devices/LNXSYSTM:00/LNXSYBUS:00/PNP0C0C:00/input/input0
[    0.467299] ACPI: button: Power Button [PWRB]
[    0.467330] input: Power Button as /devices/LNXSYSTM:00/LNXPWRBN:00/input/input1
[    0.467366] ACPI: button: Power Button [PWRF]
[    0.467416] Estimated ratio of average max frequency by base frequency (times 1024): 1214
[    0.467430] Monitor-Mwait will be used to enter C-1 state
[    0.467432] ACPI: \_SB_.PLTF.C000: Found 3 idle states
[    0.467551] ACPI: \_SB_.PLTF.C002: Found 3 idle states
[    0.467658] ACPI: \_SB_.PLTF.C004: Found 3 idle states
[    0.467770] ACPI: \_SB_.PLTF.C006: Found 3 idle states
[    0.467885] ACPI: \_SB_.PLTF.C008: Found 3 idle states
[    0.468002] ACPI: \_SB_.PLTF.C00A: Found 3 idle states
[    0.468104] ACPI: \_SB_.PLTF.C00C: Found 3 idle states
[    0.468208] ACPI: \_SB_.PLTF.C00E: Found 3 idle states
[    0.468327] ACPI: \_SB_.PLTF.C010: Found 3 idle states
[    0.468438] ACPI: \_SB_.PLTF.C012: Found 3 idle states
[    0.468554] ACPI: \_SB_.PLTF.C014: Found 3 idle states
[    0.468664] ACPI: \_SB_.PLTF.C016: Found 3 idle states
[    0.468782] ACPI: \_SB_.PLTF.C018: Found 3 idle states
[    0.468900] ACPI: \_SB_.PLTF.C01A: Found 3 idle states
[    0.469022] ACPI: \_SB_.PLTF.C01C: Found 3 idle states
[    0.469140] ACPI: \_SB_.PLTF.C01E: Found 3 idle states
[    0.469221] ACPI: \_SB_.PLTF.C001: Found 3 idle states
[    0.469329] ACPI: \_SB_.PLTF.C003: Found 3 idle states
[    0.469411] ACPI: \_SB_.PLTF.C005: Found 3 idle states
[    0.469521] ACPI: \_SB_.PLTF.C007: Found 3 idle states
[    0.469621] ACPI: \_SB_.PLTF.C009: Found 3 idle states
[    0.469720] ACPI: \_SB_.PLTF.C00B: Found 3 idle states
[    0.469826] ACPI: \_SB_.PLTF.C00D: Found 3 idle states
[    0.469927] ACPI: \_SB_.PLTF.C00F: Found 3 idle states
[    0.470036] ACPI: \_SB_.PLTF.C011: Found 3 idle states
[    0.470144] ACPI: \_SB_.PLTF.C013: Found 3 idle states
[    0.470253] ACPI: \_SB_.PLTF.C015: Found 3 idle states
[    0.470359] ACPI: \_SB_.PLTF.C017: Found 3 idle states
[    0.470467] ACPI: \_SB_.PLTF.C019: Found 3 idle states
[    0.470574] ACPI: \_SB_.PLTF.C01B: Found 3 idle states
[    0.470684] ACPI: \_SB_.PLTF.C01D: Found 3 idle states
[    0.470791] ACPI: \_SB_.PLTF.C01F: Found 3 idle states
[    0.471026] Serial: 8250/16550 driver, 32 ports, IRQ sharing enabled
[    0.472819] Linux agpgart interface v0.103
[    0.484909] tpm_crb MSFT0101:00: Disabling hwrng
[    0.489159] loop: module loaded
[    0.489357] ACPI: bus type drm_connector registered
[    0.489917] tun: Universal TUN/TAP device driver, 1.6
[    0.489947] PPP generic driver version 2.4.2
[    0.490072] i8042: PNP: No PS/2 controller found.
[    0.490109] mousedev: PS/2 mouse device common for all mice
[    0.490174] rtc_cmos 00:02: RTC can wake from S4
[    0.490362] rtc_cmos 00:02: registered as rtc0
[    0.490393] rtc_cmos 00:02: setting system clock to 2025-02-25T21:01:38 UTC (1740517298)
[    0.490417] rtc_cmos 00:02: alarms up to one month, y3k, 114 bytes nvram
[    0.490425] i2c_dev: i2c /dev entries driver
[    0.490444] device-mapper: core: CONFIG_IMA_DISABLE_HTABLE is disabled. Duplicate IMA measurements will not be recorded in the IMA log.
[    0.490453] device-mapper: uevent: version 1.0.3
[    0.490486] device-mapper: ioctl: 4.48.0-ioctl (2023-03-01) initialised: dm-devel@redhat.com
[    0.490502] platform eisa.0: Probing EISA bus 0
[    0.490506] platform eisa.0: EISA: Cannot allocate resource for mainboard
[    0.490509] platform eisa.0: Cannot allocate resource for EISA slot 1
[    0.490512] platform eisa.0: Cannot allocate resource for EISA slot 2
[    0.490515] platform eisa.0: Cannot allocate resource for EISA slot 3
[    0.490518] platform eisa.0: Cannot allocate resource for EISA slot 4
[    0.490521] platform eisa.0: Cannot allocate resource for EISA slot 5
[    0.490524] platform eisa.0: Cannot allocate resource for EISA slot 6
[    0.490527] platform eisa.0: Cannot allocate resource for EISA slot 7
[    0.490530] platform eisa.0: Cannot allocate resource for EISA slot 8
[    0.490533] platform eisa.0: EISA: Detected 0 cards
[    0.492133] ledtrig-cpu: registered to indicate activity on CPUs
[    0.492368] [drm] Initialized simpledrm 1.0.0 20200625 for simple-framebuffer.0 on minor 0
[    0.496037] Console: switching to colour frame buffer device 160x45
[    0.498009] simple-framebuffer simple-framebuffer.0: [drm] fb0: simpledrmdrmfb frame buffer device
[    0.499206] drop_monitor: Initializing network drop monitor service
[    0.499343] NET: Registered PF_INET6 protocol family
[    0.634839] Freeing initrd memory: 71948K
[    0.638472] Segment Routing with IPv6
[    0.638507] In-situ OAM (IOAM) with IPv6
[    0.638545] NET: Registered PF_PACKET protocol family
[    0.638597] Key type dns_resolver registered
[    0.640569] microcode: Current revision: 0x0a601206
[    0.641043] resctrl: L3 allocation detected
[    0.641059] resctrl: MB allocation detected
[    0.641070] resctrl: SMBA allocation detected
[    0.641082] resctrl: L3 monitoring detected
[    0.641126] IPI shorthand broadcast: enabled
[    0.642659] sched_clock: Marking stable (640373186, 1591437)->(676781010, -34816387)
[    0.642828] registered taskstats version 1
[    0.643382] Loading compiled-in X.509 certificates
[    0.643732] Loaded X.509 cert 'Build time autogenerated kernel key: 9c450472d11f6a54d343cc34a875c96cb5858c74'
[    0.644023] Loaded X.509 cert 'Canonical Ltd. Live Patch Signing: 14df34d1a87cf37625abec039ef2bf521249b969'
[    0.644301] Loaded X.509 cert 'Canonical Ltd. Kernel Module Signing: 88f752e560a1e0737e31163a466ad7b70a850c19'
[    0.644830] blacklist: Loading compiled-in revocation X.509 certificates
[    0.645305] Loaded X.509 cert 'Canonical Ltd. Secure Boot Signing: 61482aa2830d0ab2ad5af10b7250da9033ddcef0'
[    0.645774] Loaded X.509 cert 'Canonical Ltd. Secure Boot Signing (2017): 242ade75ac4a15e50d50c84b0d45ff3eae707a03'
[    0.646234] Loaded X.509 cert 'Canonical Ltd. Secure Boot Signing (ESM 2018): 365188c1d374d6b07c3c8f240f8ef722433d6a8b'
[    0.647263] Loaded X.509 cert 'Canonical Ltd. Secure Boot Signing (2019): c0746fd6c5da3ae827864651ad66ae47fe24b3e8'
[    0.649065] Loaded X.509 cert 'Canonical Ltd. Secure Boot Signing (2021 v1): a8d54bbb3825cfb94fa13c9f8a594a195c107b8d'
[    0.650109] Loaded X.509 cert 'Canonical Ltd. Secure Boot Signing (2021 v2): 4cf046892d6fd3c9a5b03f98d845f90851dc6a8c'
[    0.651051] Loaded X.509 cert 'Canonical Ltd. Secure Boot Signing (2021 v3): 100437bb6de6e469b581e61cd66bce3ef4ed53af'
[    0.652057] Loaded X.509 cert 'Canonical Ltd. Secure Boot Signing (Ubuntu Core 2019): c1d57b8f6b743f23ee41f4f7ee292f06eecadfb9'
[    0.656456] Key type .fscrypt registered
[    0.657295] Key type fscrypt-provisioning registered
[    0.657941] Key type trusted registered
[    0.668649] Key type encrypted registered
[    0.669361] AppArmor: AppArmor sha256 policy hashing enabled
[    0.670023] integrity: Loading X.509 certificate: UEFI:db
[    0.670624] integrity: Loaded X.509 cert 'Microsoft Corporation UEFI CA 2011: 13adbf4309bd82709c8cd54f316ed522988a1bd4'
[    0.671440] integrity: Loading X.509 certificate: UEFI:db
[    0.672274] integrity: Loaded X.509 cert 'Microsoft Windows Production PCA 2011: a92902398e16c49778cd90f99e4f9ae17c55af53'
[    0.673109] integrity: Loading X.509 certificate: UEFI:db
[    0.673897] integrity: Loaded X.509 cert 'Microsoft Corporation: Windows UEFI CA 2023: aefc5fbbbe055d8f8daa585473499417ab5a5272'
[    0.674712] integrity: Loading X.509 certificate: UEFI:db
[    0.675571] integrity: Loaded X.509 cert 'Microsoft UEFI CA 2023: 81aa6b3244c935bce0d6628af39827421e32497d'
[    0.676393] integrity: Loading X.509 certificate: UEFI:db
[    0.677233] integrity: Loaded X.509 cert 'MSI SHIP DB: ebc30d5be5f35f8041c1c2d9e613eee2'
[    0.678929] Loading compiled-in module X.509 certificates
[    0.679943] Loaded X.509 cert 'Build time autogenerated kernel key: 9c450472d11f6a54d343cc34a875c96cb5858c74'
[    0.680714] ima: Allocated hash algorithm: sha256
[    0.713968] ima: No architecture policies found
[    0.714571] evm: Initialising EVM extended attributes:
[    0.715175] evm: security.selinux
[    0.715771] evm: security.SMACK64
[    0.716366] evm: security.SMACK64EXEC
[    0.716946] evm: security.SMACK64TRANSMUTE
[    0.717514] evm: security.SMACK64MMAP
[    0.718079] evm: security.apparmor
[    0.718643] evm: security.ima
[    0.719210] evm: security.capability
[    0.719769] evm: HMAC attrs: 0x1
[    0.720930] PM:   Magic number: 13:45:46
[    0.722076] event_source uprobe: hash matches
[    0.728511] RAS: Correctable Errors collector initialized.
[    0.729258] clk: Disabling unused clocks
[    0.730951] Freeing unused decrypted memory: 2028K
[    0.732532] Freeing unused kernel image (initmem) memory: 4972K
[    0.733069] Write protecting the kernel read-only data: 36864k
[    0.733816] Freeing unused kernel image (rodata/data gap) memory: 428K
[    0.766182] x86/mm: Checked W+X mappings: passed, no W+X pages found.
[    0.766692] Run /init as init process
[    0.768167]   with arguments:
[    0.768169]     /init
[    0.768171]   with environment:
[    0.768172]     HOME=/
[    0.768173]     TERM=linux
[    0.768174]     BOOT_IMAGE=/boot/vmlinuz-6.8.0-52-generic
[    0.829437] ACPI: video: Video Device [VGA] (multi-head: yes  rom: no  post: no)
[    0.831489] input: Video Bus as /devices/LNXSYSTM:00/LNXSYBUS:00/PNP0A08:00/device:20/LNXVIDEO:00/input/input2
[    0.834814] xhci_hcd 0000:0e:00.0: xHCI Host Controller
[    0.834856] ahci 0000:0a:00.0: version 3.0
[    0.834894] piix4_smbus 0000:00:14.0: SMBus Host Controller at 0xb00, revision 0
[    0.834896] piix4_smbus 0000:00:14.0: Using register 0x02 for SMBus port selection
[    0.835031] piix4_smbus 0000:00:14.0: Auxiliary SMBus Host Controller at 0xb20
[    0.836082] xhci_hcd 0000:0e:00.0: new USB bus registered, assigned bus number 1
[    0.837015] ahci 0000:0a:00.0: SSS flag set, parallel bus scan disabled
[    0.841401] ahci 0000:0a:00.0: AHCI 0001.0200 32 slots 2 ports 6 Gbps 0x3 impl SATA mode
[    0.842296] ahci 0000:0a:00.0: flags: 64bit ncq sntf stag led clo pmp pio slum part ccc 
[    0.843666] r8169 0000:0c:00.0: enabling device (0000 -> 0003)
[    0.843701] scsi host0: ahci
[    0.846349] scsi host1: ahci
[    0.847159] ata1: SATA max UDMA/133 abar m512@0xf6600000 port 0xf6600100 irq 48 lpm-pol 0
[    0.848065] ata2: SATA max UDMA/133 abar m512@0xf6600000 port 0xf6600180 irq 48 lpm-pol 0
[    0.848312] nvme 0000:02:00.0: platform quirk: setting simple suspend
[    0.848315] nvme 0000:05:00.0: platform quirk: setting simple suspend
[    0.848381] nvme nvme0: pci function 0000:05:00.0
[    0.848435] nvme nvme1: pci function 0000:10:00.0
[    0.849063] ahci 0000:0f:00.0: SSS flag set, parallel bus scan disabled
[    0.849561] nvme nvme2: pci function 0000:02:00.0
[    0.850382] ahci 0000:0f:00.0: AHCI 0001.0301 32 slots 6 ports 6 Gbps 0xf impl SATA mode
[    0.852222] r8169 0000:0c:00.0 eth0: RTL8125B, d8:43:ae:91:18:49, XID 641, IRQ 52
[    0.852304] ahci 0000:0f:00.0: flags: 64bit ncq sntf stag pm led clo only pmp pio slum part sxs deso sadm sds apst 
[    0.853007] r8169 0000:0c:00.0 eth0: jumbo features [frames: 9194 bytes, tx checksumming: ko]
[    0.854227] scsi host2: ahci
[    0.854363] scsi host3: ahci
[    0.857159] scsi host4: ahci
[    0.857969] scsi host5: ahci
[    0.858757] scsi host6: ahci
[    0.859545] scsi host7: ahci
[    0.860281] ata3: SATA max UDMA/133 abar m1024@0xf6280000 port 0xf6280100 irq 51 lpm-pol 0
[    0.861037] ata4: SATA max UDMA/133 abar m1024@0xf6280000 port 0xf6280180 irq 51 lpm-pol 0
[    0.861683] ata5: SATA max UDMA/133 abar m1024@0xf6280000 port 0xf6280200 irq 51 lpm-pol 0
[    0.862329] ata6: SATA max UDMA/133 abar m1024@0xf6280000 port 0xf6280280 irq 51 lpm-pol 0
[    0.863011] ata7: DUMMY
[    0.863685] ata8: DUMMY
[    0.867645] nvme nvme0: 32/0/0 default/read/poll queues
[    0.868349] nvme nvme2: 32/0/0 default/read/poll queues
[    0.871329]  nvme0n1: p1 p2
[    0.872170]  nvme2n1: p1 p2 p3
[    0.893802] xhci_hcd 0000:0e:00.0: hcc params 0x0200ef81 hci version 0x110 quirks 0x0000000000000010
[    0.895253] xhci_hcd 0000:0e:00.0: xHCI Host Controller
[    0.896910] xhci_hcd 0000:0e:00.0: new USB bus registered, assigned bus number 2
[    0.898185] xhci_hcd 0000:0e:00.0: Host supports USB 3.2 Enhanced SuperSpeed
[    0.899530] usb usb1: New USB device found, idVendor=1d6b, idProduct=0002, bcdDevice= 6.08
[    0.900664] usb usb1: New USB device strings: Mfr=3, Product=2, SerialNumber=1
[    0.901723] usb usb1: Product: xHCI Host Controller
[    0.902469] usb usb1: Manufacturer: Linux 6.8.0-52-generic xhci-hcd
[    0.903509] usb usb1: SerialNumber: 0000:0e:00.0
[    0.905037] hub 1-0:1.0: USB hub found
[    0.906049] hub 1-0:1.0: 12 ports detected
[    0.907624] usb usb2: We don't know the algorithms for LPM for this host, disabling LPM.
[    0.908648] usb usb2: New USB device found, idVendor=1d6b, idProduct=0003, bcdDevice= 6.08
[    0.909619] usb usb2: New USB device strings: Mfr=3, Product=2, SerialNumber=1
[    0.910293] usb usb2: Product: xHCI Host Controller
[    0.911267] usb usb2: Manufacturer: Linux 6.8.0-52-generic xhci-hcd
[    0.912254] usb usb2: SerialNumber: 0000:0e:00.0
[    0.913360] hub 2-0:1.0: USB hub found
[    0.914406] hub 2-0:1.0: 5 ports detected
[    0.916209] xhci_hcd 0000:11:00.3: xHCI Host Controller
[    0.916933] xhci_hcd 0000:11:00.3: new USB bus registered, assigned bus number 3
[    0.918055] xhci_hcd 0000:11:00.3: hcc params 0x0120ffc5 hci version 0x120 quirks 0x0000000200000010
[    0.920141] xhci_hcd 0000:11:00.3: xHCI Host Controller
[    0.921505] xhci_hcd 0000:11:00.3: new USB bus registered, assigned bus number 4
[    0.922227] xhci_hcd 0000:11:00.3: Host supports USB 3.1 Enhanced SuperSpeed
[    0.923258] usb usb3: New USB device found, idVendor=1d6b, idProduct=0002, bcdDevice= 6.08
[    0.923774] usb usb3: New USB device strings: Mfr=3, Product=2, SerialNumber=1
[    0.924375] usb usb3: Product: xHCI Host Controller
[    0.924882] usb usb3: Manufacturer: Linux 6.8.0-52-generic xhci-hcd
[    0.925531] usb usb3: SerialNumber: 0000:11:00.3
[    0.926207] hub 3-0:1.0: USB hub found
[    0.926574] nvme nvme1: 32/0/0 default/read/poll queues
[    0.926788] hub 3-0:1.0: 2 ports detected
[    0.929759] usb usb4: We don't know the algorithms for LPM for this host, disabling LPM.
[    0.931393] usb usb4: New USB device found, idVendor=1d6b, idProduct=0003, bcdDevice= 6.08
[    0.931843] usb usb4: New USB device strings: Mfr=3, Product=2, SerialNumber=1
[    0.932291] usb usb4: Product: xHCI Host Controller
[    0.932746] usb usb4: Manufacturer: Linux 6.8.0-52-generic xhci-hcd
[    0.932797] nvme nvme1: Ignoring bogus Namespace Identifiers
[    0.933205] usb usb4: SerialNumber: 0000:11:00.3
[    0.934849] hub 4-0:1.0: USB hub found
[    0.935469] hub 4-0:1.0: 2 ports detected
[    0.935656]  nvme1n1: p1 p2
[    0.938032] xhci_hcd 0000:11:00.4: xHCI Host Controller
[    0.938527] xhci_hcd 0000:11:00.4: new USB bus registered, assigned bus number 5
[    0.939512] xhci_hcd 0000:11:00.4: hcc params 0x0120ffc5 hci version 0x120 quirks 0x0000000200000010
[    0.940731] xhci_hcd 0000:11:00.4: xHCI Host Controller
[    0.941412] xhci_hcd 0000:11:00.4: new USB bus registered, assigned bus number 6
[    0.941984] xhci_hcd 0000:11:00.4: Host supports USB 3.1 Enhanced SuperSpeed
[    0.942740] usb usb5: New USB device found, idVendor=1d6b, idProduct=0002, bcdDevice= 6.08
[    0.943369] usb usb5: New USB device strings: Mfr=3, Product=2, SerialNumber=1
[    0.944007] usb usb5: Product: xHCI Host Controller
[    0.944698] usb usb5: Manufacturer: Linux 6.8.0-52-generic xhci-hcd
[    0.945456] usb usb5: SerialNumber: 0000:11:00.4
[    0.946266] hub 5-0:1.0: USB hub found
[    0.946920] hub 5-0:1.0: 2 ports detected
[    0.949185] usb usb6: We don't know the algorithms for LPM for this host, disabling LPM.
[    0.950160] usb usb6: New USB device found, idVendor=1d6b, idProduct=0003, bcdDevice= 6.08
[    0.950807] usb usb6: New USB device strings: Mfr=3, Product=2, SerialNumber=1
[    0.951362] usb usb6: Product: xHCI Host Controller
[    0.952089] usb usb6: Manufacturer: Linux 6.8.0-52-generic xhci-hcd
[    0.952731] usb usb6: SerialNumber: 0000:11:00.4
[    0.953504] hub 6-0:1.0: USB hub found
[    0.954177] hub 6-0:1.0: 2 ports detected
[    0.956691] xhci_hcd 0000:12:00.0: xHCI Host Controller
[    0.957888] xhci_hcd 0000:12:00.0: new USB bus registered, assigned bus number 7
[    0.959996] xhci_hcd 0000:12:00.0: USB3 root hub has no ports
[    0.961030] xhci_hcd 0000:12:00.0: hcc params 0x0110ffc5 hci version 0x120 quirks 0x0000000200000010
[    0.963311] xhci_hcd 0000:12:00.0: xHCI Host Controller
[    0.965320] xhci_hcd 0000:12:00.0: new USB bus registered, assigned bus number 8
[    0.966510] xhci_hcd 0000:12:00.0: Host supports USB 3.0 SuperSpeed
[    0.967601] usb usb7: New USB device found, idVendor=1d6b, idProduct=0002, bcdDevice= 6.08
[    0.968496] usb usb7: New USB device strings: Mfr=3, Product=2, SerialNumber=1
[    0.969314] usb usb7: Product: xHCI Host Controller
[    0.970045] usb usb7: Manufacturer: Linux 6.8.0-52-generic xhci-hcd
[    0.970784] usb usb7: SerialNumber: 0000:12:00.0
[    0.971653] hub 7-0:1.0: USB hub found
[    0.972430] hub 7-0:1.0: 1 port detected
[    0.974080] usb usb8: We don't know the algorithms for LPM for this host, disabling LPM.
[    0.974743] usb usb8: New USB device found, idVendor=1d6b, idProduct=0003, bcdDevice= 6.08
[    0.975374] usb usb8: New USB device strings: Mfr=3, Product=2, SerialNumber=1
[    0.976031] usb usb8: Product: xHCI Host Controller
[    0.976762] usb usb8: Manufacturer: Linux 6.8.0-52-generic xhci-hcd
[    0.977506] usb usb8: SerialNumber: 0000:12:00.0
[    0.978291] hub 8-0:1.0: USB hub found
[    0.978947] hub 8-0:1.0: config failed, hub doesn't have any ports! (err -19)
[    1.157579] ata1: SATA link down (SStatus 0 SControl 300)
[    1.165636] usb 3-2: new high-speed USB device number 2 using xhci_hcd
[    1.170558] ata3: SATA link down (SStatus 0 SControl 300)
[    1.211646] usb 1-2: new full-speed USB device number 2 using xhci_hcd
[    1.331232] usb 3-2: New USB device found, idVendor=0c45, idProduct=6367, bcdDevice= 1.00
[    1.331921] usb 3-2: New USB device strings: Mfr=2, Product=1, SerialNumber=3
[    1.332451] usb 3-2: Product: HCAM01N
[    1.332936] usb 3-2: Manufacturer: Sonix Technology Co., Ltd.
[    1.333401] usb 3-2: SerialNumber: SN0001
[    1.465008] ata2: SATA link down (SStatus 0 SControl 300)
[    1.475615] tsc: Refined TSC clocksource calibration: 4199.980 MHz
[    1.476502] clocksource: tsc: mask: 0xffffffffffffffff max_cycles: 0x3c8a4e88b79, max_idle_ns: 440795278082 ns
[    1.477200] clocksource: Switched to clocksource tsc
[    1.584758] usb 1-2: New USB device found, idVendor=045e, idProduct=0b12, bcdDevice= 5.09
[    1.585934] usb 1-2: New USB device strings: Mfr=1, Product=2, SerialNumber=3
[    1.586609] usb 1-2: Product: Controller
[    1.587194] usb 1-2: Manufacturer: Microsoft
[    1.587744] usb 1-2: SerialNumber: 3039373130343736303037333037
[    1.601185] usb 2-5: new SuperSpeed USB device number 2 using xhci_hcd
[    1.617234] usb 2-5: New USB device found, idVendor=174c, idProduct=3074, bcdDevice= 0.01
[    1.617923] usb 2-5: New USB device strings: Mfr=2, Product=3, SerialNumber=0
[    1.618452] usb 2-5: Product: ASM107x
[    1.618964] usb 2-5: Manufacturer: Asmedia
[    1.627278] hub 2-5:1.0: USB hub found
[    1.628319] hub 2-5:1.0: 4 ports detected
[    1.776973] ata4: SATA link down (SStatus 0 SControl 300)
[    1.791611] usb 1-4: new full-speed USB device number 3 using xhci_hcd
[    2.088988] ata5: SATA link down (SStatus 0 SControl 300)
[    2.161772] usb 1-4: New USB device found, idVendor=3151, idProduct=4015, bcdDevice= 1.04
[    2.162577] usb 1-4: New USB device strings: Mfr=1, Product=2, SerialNumber=0
[    2.163123] usb 1-4: Product: MonsGeek Keyboard
[    2.163625] usb 1-4: Manufacturer: ROYUAN
[    2.357606] usb 1-5: new high-speed USB device number 4 using xhci_hcd
[    2.400982] ata6: SATA link down (SStatus 0 SControl 300)
[    2.412615] r8169 0000:0c:00.0 enp12s0: renamed from eth0
[    2.612970] usb 1-5: New USB device found, idVendor=174c, idProduct=2074, bcdDevice= 0.01
[    2.613950] usb 1-5: New USB device strings: Mfr=2, Product=3, SerialNumber=0
[    2.614585] usb 1-5: Product: ASM107x
[    2.615105] usb 1-5: Manufacturer: Asmedia
[    2.627011] hub 1-5:1.0: USB hub found
[    2.631959] hub 1-5:1.0: 4 ports detected
[    2.841607] usb 1-6: new high-speed USB device number 5 using xhci_hcd
[    4.686985] usb 1-6: New USB device found, idVendor=0db0, idProduct=422d, bcdDevice= 0.01
[    4.687799] usb 1-6: New USB device strings: Mfr=3, Product=1, SerialNumber=0
[    4.688451] usb 1-6: Product: USB Audio
[    4.688896] usb 1-6: Manufacturer: Generic
[    4.921607] usb 1-7: new high-speed USB device number 6 using xhci_hcd
[    5.143983] usb 1-7: New USB device found, idVendor=0e8d, idProduct=0616, bcdDevice= 1.00
[    5.144568] usb 1-7: New USB device strings: Mfr=5, Product=6, SerialNumber=7
[    5.145029] usb 1-7: Product: Wireless_Device
[    5.145478] usb 1-7: Manufacturer: MediaTek Inc.
[    5.145925] usb 1-7: SerialNumber: 000000000
[    5.369606] usb 1-10: new full-speed USB device number 7 using xhci_hcd
[    5.657498] usb 1-10: New USB device found, idVendor=1462, idProduct=7d75, bcdDevice= 0.01
[    5.658296] usb 1-10: New USB device strings: Mfr=1, Product=2, SerialNumber=3
[    5.658752] usb 1-10: Product: MYSTIC LIGHT 
[    5.659189] usb 1-10: Manufacturer: MSI
[    5.659619] usb 1-10: SerialNumber: 7D7522120106
[    5.853606] usb 1-12: new high-speed USB device number 8 using xhci_hcd
[    6.066982] usb 1-12: New USB device found, idVendor=05e3, idProduct=0608, bcdDevice=60.70
[    6.067553] usb 1-12: New USB device strings: Mfr=0, Product=1, SerialNumber=0
[    6.067990] usb 1-12: Product: USB2.0 Hub
[    6.082039] hub 1-12:1.0: USB hub found
[    6.085982] hub 1-12:1.0: 4 ports detected
[    6.111134] hid: raw HID events driver (C) Jiri Kosina
[    6.142530] usbcore: registered new interface driver usbhid
[    6.143129] usbhid: USB HID core driver
[    6.145960] input: ROYUAN MonsGeek Keyboard as /devices/pci0000:00/0000:00:02.1/0000:03:00.0/0000:04:0c.0/0000:0e:00.0/usb1/1-4/1-4:1.0/0003:3151:4015.0001/input/input3
[    6.200702] hid-generic 0003:3151:4015.0001: input,hidraw0: USB HID v1.11 Keyboard [ROYUAN MonsGeek Keyboard] on usb-0000:0e:00.0-4/input0
[    6.201787] input: ROYUAN MonsGeek Keyboard Consumer Control as /devices/pci0000:00/0000:00:02.1/0000:03:00.0/0000:04:0c.0/0000:0e:00.0/usb1/1-4/1-4:1.1/0003:3151:4015.0002/input/input4
[    6.254691] input: ROYUAN MonsGeek Keyboard System Control as /devices/pci0000:00/0000:00:02.1/0000:03:00.0/0000:04:0c.0/0000:0e:00.0/usb1/1-4/1-4:1.1/0003:3151:4015.0002/input/input5
[    6.256293] input: ROYUAN MonsGeek Keyboard as /devices/pci0000:00/0000:00:02.1/0000:03:00.0/0000:04:0c.0/0000:0e:00.0/usb1/1-4/1-4:1.1/0003:3151:4015.0002/input/input6
[    6.258375] input: ROYUAN MonsGeek Keyboard Mouse as /devices/pci0000:00/0000:00:02.1/0000:03:00.0/0000:04:0c.0/0000:0e:00.0/usb1/1-4/1-4:1.1/0003:3151:4015.0002/input/input7
[    6.260460] input: ROYUAN MonsGeek Keyboard as /devices/pci0000:00/0000:00:02.1/0000:03:00.0/0000:04:0c.0/0000:0e:00.0/usb1/1-4/1-4:1.1/0003:3151:4015.0002/input/input8
[    6.262651] hid-generic 0003:3151:4015.0002: input,hiddev0,hidraw1: USB HID v1.11 Keyboard [ROYUAN MonsGeek Keyboard] on usb-0000:0e:00.0-4/input1
[    6.263804] hid-generic 0003:3151:4015.0003: hiddev1,hidraw2: USB HID v1.11 Device [ROYUAN MonsGeek Keyboard] on usb-0000:0e:00.0-4/input2
[    6.265006] hid-generic 0003:0DB0:422D.0004: hiddev2,hidraw3: USB HID v1.11 Device [Generic USB Audio] on usb-0000:0e:00.0-6/input7
[    6.266155] input: MSI MYSTIC LIGHT  as /devices/pci0000:00/0000:00:02.1/0000:03:00.0/0000:04:0c.0/0000:0e:00.0/usb1/1-10/1-10:1.0/0003:1462:7D75.0005/input/input9
[    6.268545] hid-generic 0003:1462:7D75.0005: input,hiddev3,hidraw4: USB HID v1.10 Device [MSI MYSTIC LIGHT ] on usb-0000:0e:00.0-10/input0
[    6.320756] EXT4-fs (nvme1n1p1): mounted filesystem b5e84f74-7532-4797-9ff4-9a3261f84236 ro with ordered data mode. Quota mode: none.
[    6.392627] systemd[1]: RTC configured in localtime, applying delta of 540 minutes to system time.
[    6.403069] systemd[1]: Inserted module 'autofs4'
[    6.418178] systemd[1]: systemd 249.11-0ubuntu3.12 running in system mode (+PAM +AUDIT +SELINUX +APPARMOR +IMA +SMACK +SECCOMP +GCRYPT +GNUTLS +OPENSSL +ACL +BLKID +CURL +ELFUTILS +FIDO2 +IDN2 -IDN +IPTC +KMOD +LIBCRYPTSETUP +LIBFDISK +PCRE2 -PWQUALITY -P11KIT -QRENCODE +BZIP2 +LZ4 +XZ +ZLIB +ZSTD -XKBCOMMON +UTMP +SYSVINIT default-hierarchy=unified)
[    6.418603] usb 1-12.2: new full-speed USB device number 9 using xhci_hcd
[    6.421125] systemd[1]: Detected architecture x86-64.
[    6.429813] systemd[1]: Hostname set to <layfort-MS-7D75>.
[    6.458759] block nvme1n1: the capability attribute has been deprecated.
[    6.480642] systemd[1]: Configuration file /run/systemd/system/netplan-ovs-cleanup.service is marked world-inaccessible. This has no effect as configuration data is accessible via APIs without restrictions. Proceeding anyway.
[    6.492674] systemd[1]: /lib/systemd/system/snapd.service:23: Unknown key name 'RestartMode' in section 'Service', ignoring.
[    6.518385] systemd[1]: Queued start job for default target Graphical Interface.
[    6.531893] systemd[1]: Created slice Slice /system/modprobe.
[    6.533995] systemd[1]: Created slice Slice /system/postgresql.
[    6.536821] systemd[1]: Created slice Slice /system/systemd-fsck.
[    6.539423] systemd[1]: Created slice User and Session Slice.
[    6.541748] systemd[1]: Started Forward Password Requests to Wall Directory Watch.
[    6.544157] systemd[1]: Set up automount Arbitrary Executable File Formats File System Automount Point.
[    6.546435] systemd[1]: Reached target User and Group Name Lookups.
[    6.548609] systemd[1]: Reached target Remote File Systems.
[    6.550720] systemd[1]: Reached target Slice Units.
[    6.552855] systemd[1]: Reached target Mounting snaps.
[    6.554888] systemd[1]: Reached target Local Verity Protected Volumes.
[    6.557055] systemd[1]: Listening on Syslog Socket.
[    6.559230] systemd[1]: Listening on fsck to fsckd communication Socket.
[    6.561326] systemd[1]: Listening on initctl Compatibility Named Pipe.
[    6.563580] systemd[1]: Listening on Journal Audit Socket.
[    6.565774] systemd[1]: Listening on Journal Socket (/dev/log).
[    6.567807] systemd[1]: Listening on Journal Socket.
[    6.569869] systemd[1]: Listening on udev Control Socket.
[    6.571934] systemd[1]: Listening on udev Kernel Socket.
[    6.589651] systemd[1]: Mounting Huge Pages File System...
[    6.592596] systemd[1]: Mounting POSIX Message Queue File System...
[    6.595375] systemd[1]: Mounting Kernel Debug File System...
[    6.597706] systemd[1]: Mounting Kernel Trace File System...
[    6.600786] systemd[1]: Starting Journal Service...
[    6.603342] systemd[1]: Starting Set the console keyboard layout...
[    6.605285] systemd[1]: Starting Create List of Static Device Nodes...
[    6.607650] systemd[1]: Starting Load Kernel Module configfs...
[    6.610053] systemd[1]: Starting Load Kernel Module drm...
[    6.612440] systemd[1]: Starting Load Kernel Module efi_pstore...
[    6.614598] systemd[1]: Starting Load Kernel Module fuse...
[    6.615530] pstore: Using crash dump compression: deflate
[    6.617041] systemd[1]: Condition check resulted in File System Check on Root Device being skipped.
[    6.617360] pstore: Registered efi_pstore as persistent store backend
[    6.618978] systemd[1]: Starting Load Kernel Modules...
[    6.621376] systemd[1]: Starting Remount Root and Kernel File Systems...
[    6.623702] systemd[1]: Starting Coldplug All udev Devices...
[    6.626078] systemd[1]: Mounted Huge Pages File System.
[    6.626597] lp: driver loaded but no devices found
[    6.629821] systemd[1]: Mounted POSIX Message Queue File System.
[    6.631328] systemd[1]: Mounted Kernel Debug File System.
[    6.631760] ppdev: user-space parallel port driver
[    6.635354] systemd[1]: Mounted Kernel Trace File System.
[    6.636848] systemd[1]: Finished Set the console keyboard layout.
[    6.639524] systemd[1]: Finished Create List of Static Device Nodes.
[    6.640559] EXT4-fs (nvme1n1p1): re-mounted b5e84f74-7532-4797-9ff4-9a3261f84236 r/w. Quota mode: none.
[    6.641875] systemd[1]: modprobe@configfs.service: Deactivated successfully.
[    6.642761] systemd[1]: Finished Load Kernel Module configfs.
[    6.645972] systemd[1]: modprobe@drm.service: Deactivated successfully.
[    6.646750] systemd[1]: Finished Load Kernel Module drm.
[    6.648105] systemd[1]: modprobe@efi_pstore.service: Deactivated successfully.
[    6.648888] systemd[1]: Finished Load Kernel Module efi_pstore.
[    6.651359] systemd[1]: modprobe@fuse.service: Deactivated successfully.
[    6.652256] systemd[1]: Finished Load Kernel Module fuse.
[    6.654117] systemd[1]: Started Journal Service.
[    6.674944] Adding 2097148k swap on /swapfile.  Priority:-2 extents:16 across:1445068800k SS
[    6.679608] systemd-journald[534]: Received client request to flush runtime journal.
[    6.754990] usb 1-12.2: New USB device found, idVendor=3633, idProduct=0008, bcdDevice= 2.00
[    6.754993] usb 1-12.2: New USB device strings: Mfr=1, Product=2, SerialNumber=3
[    6.754995] usb 1-12.2: Product: AG-DIGITAL
[    6.754997] usb 1-12.2: Manufacturer: DeepCool
[    6.754998] usb 1-12.2: SerialNumber: 100877296484
[    6.772484] loop0: detected capacity change from 0 to 8
[    6.773833] loop1: detected capacity change from 0 to 151288
[    6.775700] loop2: detected capacity change from 0 to 151328
[    6.777987] loop3: detected capacity change from 0 to 528368
[    6.780017] loop4: detected capacity change from 0 to 528256
[    6.781993] loop5: detected capacity change from 0 to 1034424
[    6.783553] loop6: detected capacity change from 0 to 1056784
[    6.785350] loop7: detected capacity change from 0 to 187776
[    6.787444] loop8: detected capacity change from 0 to 26472
[    6.789317] loop9: detected capacity change from 0 to 24984
[    6.790346] loop10: detected capacity change from 0 to 90720
[    6.792028] loop11: detected capacity change from 0 to 91008
[    6.793550] loop12: detected capacity change from 0 to 1128
[    6.795024] loop13: detected capacity change from 0 to 1136
[    6.803176] hid-generic 0003:3633:0008.0006: hiddev4,hidraw5: USB HID v1.10 Device [DeepCool AG-DIGITAL] on usb-0000:0e:00.0-12.2/input0
[    6.884643] usb 1-12.3: new full-speed USB device number 10 using xhci_hcd
[    6.886560] ccp 0000:11:00.2: enabling device (0000 -> 0002)
[    6.888003] ccp 0000:11:00.2: tee enabled
[    6.888223] ccp 0000:11:00.2: psp enabled
[    6.914902] mc: Linux media interface: v0.10
[    6.917467] RAPL PMU: API unit is 2^-32 Joules, 1 fixed counters, 163840 ms ovfl timer
[    6.917469] RAPL PMU: hw unit of domain package 2^-16 Joules
[    6.919406] cryptd: max_cpu_qlen set to 1000
[    6.925463] AVX2 version of gcm_enc/dec engaged.
[    6.925540] AES CTR mode by8 optimization enabled
[    6.925877] videodev: Linux video capture interface: v2.00
[    6.935417] usb 3-2: Found UVC 1.00 device HCAM01N (0c45:6367)
[    6.944839] snd_hda_intel 0000:01:00.1: enabling device (0000 -> 0002)
[    6.944915] snd_hda_intel 0000:01:00.1: Disabling MSI
[    6.944921] snd_hda_intel 0000:01:00.1: Handle vga_switcheroo audio client
[    6.944981] snd_hda_intel 0000:11:00.1: enabling device (0000 -> 0002)
[    6.945026] snd_hda_intel 0000:11:00.1: Handle vga_switcheroo audio client
[    6.945063] snd_hda_intel 0000:11:00.6: enabling device (0000 -> 0002)
[    6.949520] snd_hda_intel 0000:11:00.6: no codecs found!
[    6.955875] usbcore: registered new interface driver uvcvideo
[    6.964708] usb 3-2: 3:1: cannot get freq at ep 0x84
[    7.049865] nvidia: loading out-of-tree module taints kernel.
[    7.049872] nvidia: module license 'NVIDIA' taints kernel.
[    7.049873] Disabling lock debugging due to kernel taint
[    7.049875] nvidia: module license taints kernel.
[    7.049952] amdgpu: module license taints kernel.
[    7.056548] kvm_amd: TSC scaling supported
[    7.056550] kvm_amd: Nested Virtualization enabled
[    7.056551] kvm_amd: Nested Paging enabled
[    7.056552] kvm_amd: LBR virtualization supported
[    7.056558] kvm_amd: Virtual VMLOAD VMSAVE supported
[    7.056558] kvm_amd: Virtual GIF supported
[    7.056559] kvm_amd: Virtual NMI enabled
[    7.078201] input: HD-Audio Generic HDMI/DP,pcm=3 as /devices/pci0000:00/0000:00:08.1/0000:11:00.1/sound/card1/input10
[    7.078256] input: HD-Audio Generic HDMI/DP,pcm=7 as /devices/pci0000:00/0000:00:08.1/0000:11:00.1/sound/card1/input11
[    7.078299] input: HDA NVidia HDMI/DP,pcm=3 as /devices/pci0000:00/0000:00:01.1/0000:01:00.1/sound/card0/input14
[    7.078321] input: HD-Audio Generic HDMI/DP,pcm=8 as /devices/pci0000:00/0000:00:08.1/0000:11:00.1/sound/card1/input12
[    7.078388] input: HDA NVidia HDMI/DP,pcm=7 as /devices/pci0000:00/0000:00:01.1/0000:01:00.1/sound/card0/input15
[    7.078423] input: HDA NVidia HDMI/DP,pcm=8 as /devices/pci0000:00/0000:00:01.1/0000:01:00.1/sound/card0/input16
[    7.078457] input: HDA NVidia HDMI/DP,pcm=9 as /devices/pci0000:00/0000:00:01.1/0000:01:00.1/sound/card0/input17
[    7.078469] input: HD-Audio Generic HDMI/DP,pcm=9 as /devices/pci0000:00/0000:00:08.1/0000:11:00.1/sound/card1/input13
[    7.104771] MCE: In-kernel MCE decoding enabled.
[    7.106274] nvidia-nvlink: Nvlink Core is being initialized, major device number 510

[    7.107425] nvidia 0000:01:00.0: vgaarb: VGA decodes changed: olddecodes=io+mem,decodes=none:owns=none
[    7.122709] audit: type=1400 audit(1740484905.131:2): apparmor="STATUS" operation="profile_load" profile="unconfined" name="libreoffice-xpdfimport" pid=780 comm="apparmor_parser"
[    7.122799] audit: type=1400 audit(1740484905.131:3): apparmor="STATUS" operation="profile_load" profile="unconfined" name="libreoffice-senddoc" pid=778 comm="apparmor_parser"
[    7.122931] audit: type=1400 audit(1740484905.131:4): apparmor="STATUS" operation="profile_load" profile="unconfined" name="/usr/libexec/ibus-engine-hangul" pid=782 comm="apparmor_parser"
[    7.122986] audit: type=1400 audit(1740484905.131:5): apparmor="STATUS" operation="profile_load" profile="unconfined" name="lsb_release" pid=769 comm="apparmor_parser"
[    7.123043] audit: type=1400 audit(1740484905.131:6): apparmor="STATUS" operation="profile_load" profile="unconfined" name="libreoffice-oosplash" pid=777 comm="apparmor_parser"
[    7.123380] audit: type=1400 audit(1740484905.131:7): apparmor="STATUS" operation="profile_load" profile="unconfined" name="nvidia_modprobe" pid=770 comm="apparmor_parser"
[    7.123385] audit: type=1400 audit(1740484905.131:8): apparmor="STATUS" operation="profile_load" profile="unconfined" name="nvidia_modprobe//kmod" pid=770 comm="apparmor_parser"
[    7.123446] audit: type=1400 audit(1740484905.131:9): apparmor="STATUS" operation="profile_load" profile="unconfined" name="/usr/bin/man" pid=775 comm="apparmor_parser"
[    7.123451] audit: type=1400 audit(1740484905.131:10): apparmor="STATUS" operation="profile_load" profile="unconfined" name="man_filter" pid=775 comm="apparmor_parser"
[    7.123454] audit: type=1400 audit(1740484905.131:11): apparmor="STATUS" operation="profile_load" profile="unconfined" name="man_groff" pid=775 comm="apparmor_parser"
[    7.155661] NVRM: loading NVIDIA UNIX x86_64 Kernel Module  550.120  Fri Sep 13 10:10:01 UTC 2024
[    7.228971] usb 1-12.3: New USB device found, idVendor=046d, idProduct=c53f, bcdDevice=44.01
[    7.228974] usb 1-12.3: New USB device strings: Mfr=1, Product=2, SerialNumber=0
[    7.228975] usb 1-12.3: Product: USB Receiver
[    7.228977] usb 1-12.3: Manufacturer: Logitech
[    7.285105] input: Logitech USB Receiver as /devices/pci0000:00/0000:00:02.1/0000:03:00.0/0000:04:0c.0/0000:0e:00.0/usb1/1-12/1-12.3/1-12.3:1.0/0003:046D:C53F.0007/input/input18
[    7.336655] hid-generic 0003:046D:C53F.0007: input,hidraw6: USB HID v1.11 Keyboard [Logitech USB Receiver] on usb-0000:0e:00.0-12.3/input0
[    7.354159] input: Logitech USB Receiver Mouse as /devices/pci0000:00/0000:00:02.1/0000:03:00.0/0000:04:0c.0/0000:0e:00.0/usb1/1-12/1-12.3/1-12.3:1.1/0003:046D:C53F.0008/input/input19
[    7.354273] input: Logitech USB Receiver Consumer Control as /devices/pci0000:00/0000:00:02.1/0000:03:00.0/0000:04:0c.0/0000:0e:00.0/usb1/1-12/1-12.3/1-12.3:1.1/0003:046D:C53F.0008/input/input20
[    7.405635] input: Logitech USB Receiver System Control as /devices/pci0000:00/0000:00:02.1/0000:03:00.0/0000:04:0c.0/0000:0e:00.0/usb1/1-12/1-12.3/1-12.3:1.1/0003:046D:C53F.0008/input/input21
[    7.405696] hid-generic 0003:046D:C53F.0008: input,hiddev5,hidraw7: USB HID v1.11 Mouse [Logitech USB Receiver] on usb-0000:0e:00.0-12.3/input1
[    7.421066] hid-generic 0003:046D:C53F.0009: hiddev6,hidraw8: USB HID v1.11 Device [Logitech USB Receiver] on usb-0000:0e:00.0-12.3/input2
[    8.141729] nvidia-modeset: Loading NVIDIA Kernel Mode Setting Driver for UNIX platforms  550.120  Fri Sep 13 10:01:25 UTC 2024
[    8.142932] input: Microsoft Xbox Series S|X Controller as /devices/pci0000:00/0000:00:02.1/0000:03:00.0/0000:04:0c.0/0000:0e:00.0/usb1/1-2/1-2:1.0/input/input23
[    8.145959] [drm] amdgpu kernel modesetting enabled.
[    8.145981] amdgpu: vga_switcheroo: detected switching method \_SB_.PCI0.GP17.VGA_.ATPX handle
[    8.146147] amdgpu: ATPX version 1, functions 0x00000000
[    8.158054] amdgpu: Virtual CRAT table created for CPU
[    8.158067] amdgpu: Topology: Add CPU node
[    8.158171] amdgpu 0000:11:00.0: enabling device (0006 -> 0007)
[    8.158216] [drm] initializing kernel modesetting (IP DISCOVERY 0x1002:0x164E 0x1462:0x7D75 0xC9).
[    8.158226] [drm] register mmio base: 0xF6B00000
[    8.158227] [drm] register mmio size: 524288
[    8.159933] [drm] add ip block number 0 <nv_common>
[    8.159935] [drm] add ip block number 1 <gmc_v10_0>
[    8.159936] [drm] add ip block number 2 <navi10_ih>
[    8.159937] [drm] add ip block number 3 <psp>
[    8.159938] [drm] add ip block number 4 <smu>
[    8.159940] [drm] add ip block number 5 <dm>
[    8.159941] [drm] add ip block number 6 <gfx_v10_0>
[    8.159942] [drm] add ip block number 7 <sdma_v5_2>
[    8.159943] [drm] add ip block number 8 <vcn_v3_0>
[    8.159944] [drm] add ip block number 9 <jpeg_v3_0>
[    8.159962] amdgpu 0000:11:00.0: amdgpu: Fetched VBIOS from VFCT
[    8.159965] amdgpu: ATOM BIOS: 102-RAPHAEL-008
[    8.165997] [drm] VCN(0) decode is enabled in VM mode
[    8.166000] [drm] VCN(0) encode is enabled in VM mode
[    8.166933] [drm] JPEG decode is enabled in VM mode
[    8.166941] amdgpu 0000:11:00.0: amdgpu: Trusted Memory Zone (TMZ) feature disabled as experimental (default)
[    8.166984] [drm] vm size is 262144 GB, 4 levels, block size is 9-bit, fragment size is 9-bit
[    8.166993] amdgpu 0000:11:00.0: amdgpu: VRAM: 512M 0x000000F400000000 - 0x000000F41FFFFFFF (512M used)
[    8.166995] amdgpu 0000:11:00.0: amdgpu: GART: 1024M 0x0000000000000000 - 0x000000003FFFFFFF
[    8.167007] [drm] Detected VRAM RAM=512M, BAR=512M
[    8.167009] [drm] RAM width 128bits DDR5
[    8.167089] [drm] amdgpu: 512M of VRAM memory ready
[    8.167090] [drm] amdgpu: 23670M of GTT memory ready.
[    8.167105] [drm] GART: num cpu pages 262144, num gpu pages 262144
[    8.167326] [drm] PCIE GART of 1024M enabled (table at 0x000000F41FC00000).
[    8.167644] [drm] Loading DMUB firmware via PSP: version=0x05000500
[    8.168043] [drm] use_doorbell being set to: [true]
[    8.168067] [drm] Found VCN firmware Version ENC: 1.30 DEC: 3 VEP: 0 Revision: 8
[    8.168073] amdgpu 0000:11:00.0: amdgpu: Will use PSP to load VCN firmware
[    8.176247] [drm] [nvidia-drm] [GPU ID 0x00000100] Loading driver
[    8.176466] cfg80211: Loading compiled-in X.509 certificates for regulatory database
[    8.176619] Loaded X.509 cert 'sforshee: 00b28ddf47aef9cea7'
[    8.176726] Loaded X.509 cert 'wens: 61c038651aabdcf94bd0ac7ff06c7248db18c600'
[    8.178501] intel_rapl_common: Found RAPL domain package
[    8.178504] intel_rapl_common: Found RAPL domain core
[    8.190317] [drm] reserve 0xa00000 from 0xf41e000000 for PSP TMR
[    8.197244] Bluetooth: Core ver 2.22
[    8.206619] NET: Registered PF_BLUETOOTH protocol family
[    8.206621] Bluetooth: HCI device and connection manager initialized
[    8.206625] Bluetooth: HCI socket layer initialized
[    8.206627] Bluetooth: L2CAP socket layer initialized
[    8.206630] Bluetooth: SCO socket layer initialized
[    8.255415] amdgpu 0000:11:00.0: amdgpu: RAS: optional ras ta ucode is not available
[    8.257179] mt7921e 0000:0d:00.0: enabling device (0000 -> 0002)
[    8.260610] mt7921e 0000:0d:00.0: ASIC revision: 79220010
[    8.261210] amdgpu 0000:11:00.0: amdgpu: RAP: optional rap ta ucode is not available
[    8.261213] amdgpu 0000:11:00.0: amdgpu: SECUREDISPLAY: securedisplay ta ucode is not available
[    8.262733] amdgpu 0000:11:00.0: amdgpu: SMU is initialized successfully!
[    8.262740] [drm] Seamless boot condition check passed
[    8.262945] [drm] Display Core v3.2.266 initialized on DCN 3.1.5
[    8.262947] [drm] DP-HDMI FRL PCON supported
[    8.263590] [drm] DMUB hardware initialized: version=0x05000500
[    8.264144] snd_hda_intel 0000:11:00.1: bound 0000:11:00.0 (ops amdgpu_dm_audio_component_bind_ops [amdgpu])
[    8.265166] [drm] kiq ring mec 2 pipe 1 q 0
[    8.266957] [drm] VCN decode and encode initialized successfully(under DPG Mode).
[    8.266981] [drm] JPEG decode initialized successfully.
[    8.267849] kfd kfd: amdgpu: Allocated 3969056 bytes on gart
[    8.267857] kfd kfd: amdgpu: Total number of KFD nodes to be created: 1
[    8.267974] amdgpu: Virtual CRAT table created for GPU
[    8.268616] amdgpu: Topology: Add dGPU node [0x164e:0x1002]
[    8.268618] kfd kfd: amdgpu: added device 1002:164e
[    8.268626] amdgpu 0000:11:00.0: amdgpu: SE 1, SH per SE 1, CU per SH 2, active_cu_number 2
[    8.268629] amdgpu 0000:11:00.0: amdgpu: ring gfx_0.0.0 uses VM inv eng 0 on hub 0
[    8.268630] amdgpu 0000:11:00.0: amdgpu: ring comp_1.0.0 uses VM inv eng 1 on hub 0
[    8.268631] amdgpu 0000:11:00.0: amdgpu: ring comp_1.1.0 uses VM inv eng 4 on hub 0
[    8.268632] amdgpu 0000:11:00.0: amdgpu: ring comp_1.2.0 uses VM inv eng 5 on hub 0
[    8.268633] amdgpu 0000:11:00.0: amdgpu: ring comp_1.3.0 uses VM inv eng 6 on hub 0
[    8.268634] amdgpu 0000:11:00.0: amdgpu: ring comp_1.0.1 uses VM inv eng 7 on hub 0
[    8.268635] amdgpu 0000:11:00.0: amdgpu: ring comp_1.1.1 uses VM inv eng 8 on hub 0
[    8.268636] amdgpu 0000:11:00.0: amdgpu: ring comp_1.2.1 uses VM inv eng 9 on hub 0
[    8.268637] amdgpu 0000:11:00.0: amdgpu: ring comp_1.3.1 uses VM inv eng 10 on hub 0
[    8.268638] amdgpu 0000:11:00.0: amdgpu: ring kiq_0.2.1.0 uses VM inv eng 11 on hub 0
[    8.268639] amdgpu 0000:11:00.0: amdgpu: ring sdma0 uses VM inv eng 12 on hub 0
[    8.268640] amdgpu 0000:11:00.0: amdgpu: ring vcn_dec_0 uses VM inv eng 0 on hub 8
[    8.268641] amdgpu 0000:11:00.0: amdgpu: ring vcn_enc_0.0 uses VM inv eng 1 on hub 8
[    8.268642] amdgpu 0000:11:00.0: amdgpu: ring vcn_enc_0.1 uses VM inv eng 4 on hub 8
[    8.268643] amdgpu 0000:11:00.0: amdgpu: ring jpeg_dec uses VM inv eng 5 on hub 8
[    8.284816] logitech-djreceiver 0003:046D:C53F.0007: hidraw6: USB HID v1.11 Keyboard [Logitech USB Receiver] on usb-0000:0e:00.0-12.3/input0
[    8.335817] mt7921e 0000:0d:00.0: HW/SW Version: 0x8a108a10, Build Time: 20231120183400a

[    8.349643] mt7921e 0000:0d:00.0: WM Firmware Version: ____000000, Build Time: 20231120183441
[    8.364559] usbcore: registered new interface driver btusb
[    8.364684] usbcore: registered new interface driver xpad
[    8.373934] Bluetooth: hci0: HW/SW Version: 0x008a008a, Build Time: 20231120183620
[    8.461802] logitech-djreceiver 0003:046D:C53F.0008: hiddev5,hidraw7: USB HID v1.11 Mouse [Logitech USB Receiver] on usb-0000:0e:00.0-12.3/input1
[    8.513847] logitech-djreceiver 0003:046D:C53F.0009: hiddev6,hidraw8: USB HID v1.11 Device [Logitech USB Receiver] on usb-0000:0e:00.0-12.3/input2
[    8.531008] Bluetooth: hci0: Device setup in 162915 usecs
[    8.531012] Bluetooth: hci0: HCI Enhanced Setup Synchronous Connection command is advertised, but not supported.
[    8.574368] logitech-djreceiver 0003:046D:C53F.0009: device of type eQUAD Lightspeed 1.1 (0x0d) connected on slot 1
[    8.574606] input: Logitech Wireless Mouse PID:4074 Keyboard as /devices/pci0000:00/0000:00:02.1/0000:03:00.0/0000:04:0c.0/0000:0e:00.0/usb1/1-12/1-12.3/1-12.3:1.2/0003:046D:C53F.0009/0003:046D:4074.000A/input/input24
[    8.630621] input: Logitech Wireless Mouse PID:4074 Mouse as /devices/pci0000:00/0000:00:02.1/0000:03:00.0/0000:04:0c.0/0000:0e:00.0/usb1/1-12/1-12.3/1-12.3:1.2/0003:046D:C53F.0009/0003:046D:4074.000A/input/input25
[    8.630721] hid-generic 0003:046D:4074.000A: input,hidraw9: USB HID v1.11 Keyboard [Logitech Wireless Mouse PID:4074] on usb-0000:0e:00.0-12.3/input2:1
[    8.757072] input: Logitech G304 as /devices/pci0000:00/0000:00:02.1/0000:03:00.0/0000:04:0c.0/0000:0e:00.0/usb1/1-12/1-12.3/1-12.3:1.2/0003:046D:C53F.0009/0003:046D:4074.000A/input/input29
[    8.783647] logitech-hidpp-device 0003:046D:4074.000A: input,hidraw9: USB HID v1.11 Keyboard [Logitech G304] on usb-0000:0e:00.0-12.3/input2:1
[    8.809394] Bluetooth: hci0: AOSP extensions version v0.96
[    8.809397] Bluetooth: hci0: AOSP quality report is not supported
[    9.074769] Bluetooth: BNEP (Ethernet Emulation) ver 1.3
[    9.074771] Bluetooth: BNEP filters: protocol multicast
[    9.074774] Bluetooth: BNEP socket layer initialized
[    9.075674] Bluetooth: MGMT ver 1.22
[    9.077679] NET: Registered PF_ALG protocol family
[    9.188611] RTL8226B_RTL8221B 2.5Gbps PHY r8169-0-c00:00: attached PHY driver (mii_bus:phy_addr=r8169-0-c00:00, irq=MAC)
[    9.284936] [drm] Initialized nvidia-drm 0.0.0 20160202 for 0000:01:00.0 on minor 2
[    9.285785] [drm] Initialized amdgpu 3.57.0 20150101 for 0000:11:00.0 on minor 1
[    9.292088] amdgpu 0000:11:00.0: [drm] Cannot find any crtc or sizes
[    9.292107] [drm] DSC precompute is not needed.
[    9.376289] nvidia_uvm: module uses symbols nvUvmInterfaceDisableAccessCntr from proprietary module nvidia, inheriting taint.
[    9.405747] r8169 0000:0c:00.0 enp12s0: Link is Down
