[    0.000000] Linux version 6.8.0-57-generic (buildd@lcy02-amd64-104) (x86_64-linux-gnu-gcc-12 (Ubuntu 12.3.0-1ubuntu1~22.04) 12.3.0, GNU ld (GNU Binutils for Ubuntu) 2.38) #59~22.04.1-Ubuntu SMP PREEMPT_DYNAMIC Wed Mar 19 17:07:41 UTC 2 (Ubuntu 6.8.0-57.59~22.04.1-generic 6.8.12)
[    0.000000] Command line: BOOT_IMAGE=/boot/vmlinuz-6.8.0-57-generic root=UUID=b5e84f74-7532-4797-9ff4-9a3261f84236 ro memmap=16G$48G isolcpus=10,11,12,13
[    0.000000] KERNEL supported cpus:
[    0.000000]   Intel GenuineIntel
[    0.000000]   AMD AuthenticAMD
[    0.000000]   Hygon HygonGenuine
[    0.000000]   Centaur CentaurHauls
[    0.000000]   zhaoxin   Shanghai  
[    0.000000] BIOS-provided physical RAM map:
[    0.000000] BIOS-e820: [mem 0x0000000000000000-0x000000000009ffff] usable
[    0.000000] BIOS-e820: [mem 0x00000000000a0000-0x00000000000fffff] reserved
[    0.000000] BIOS-e820: [mem 0x0000000000100000-0x0000000009e01fff] usable
[    0.000000] BIOS-e820: [mem 0x0000000009e02000-0x0000000009ffffff] reserved
[    0.000000] BIOS-e820: [mem 0x000000000a000000-0x000000000a1fffff] usable
[    0.000000] BIOS-e820: [mem 0x000000000a200000-0x000000000a20ffff] ACPI NVS
[    0.000000] BIOS-e820: [mem 0x000000000a210000-0x000000000affffff] usable
[    0.000000] BIOS-e820: [mem 0x000000000b000000-0x000000000b020fff] reserved
[    0.000000] BIOS-e820: [mem 0x000000000b021000-0x00000000ac58cfff] usable
[    0.000000] BIOS-e820: [mem 0x00000000ac58d000-0x00000000b258cfff] reserved
[    0.000000] BIOS-e820: [mem 0x00000000b258d000-0x00000000b266efff] ACPI data
[    0.000000] BIOS-e820: [mem 0x00000000b266f000-0x00000000b466efff] ACPI NVS
[    0.000000] BIOS-e820: [mem 0x00000000b466f000-0x00000000ba5fefff] reserved
[    0.000000] BIOS-e820: [mem 0x00000000ba5ff000-0x00000000bbff8fff] usable
[    0.000000] BIOS-e820: [mem 0x00000000bbff9000-0x00000000bbffdfff] reserved
[    0.000000] BIOS-e820: [mem 0x00000000bbffe000-0x00000000bbffffff] usable
[    0.000000] BIOS-e820: [mem 0x00000000bc000000-0x00000000bcffffff] reserved
[    0.000000] BIOS-e820: [mem 0x00000000bd7f3000-0x00000000bfffffff] reserved
[    0.000000] BIOS-e820: [mem 0x00000000e0000000-0x00000000efffffff] reserved
[    0.000000] BIOS-e820: [mem 0x00000000f7000000-0x00000000ffffffff] reserved
[    0.000000] BIOS-e820: [mem 0x0000000100000000-0x000000101de7ffff] usable
[    0.000000] BIOS-e820: [mem 0x000000101eec0000-0x00000010601fffff] reserved
[    0.000000] BIOS-e820: [mem 0x000000fd00000000-0x000000ffffffffff] reserved
[    0.000000] NX (Execute Disable) protection: active
[    0.000000] APIC: Static calls initialized
[    0.000000] e820: update [mem 0xa6da9018-0xa6dcdc57] usable ==> usable
[    0.000000] e820: update [mem 0xa6da9018-0xa6dcdc57] usable ==> usable
[    0.000000] e820: update [mem 0xa6ed5018-0xa6edfe57] usable ==> usable
[    0.000000] e820: update [mem 0xa6ed5018-0xa6edfe57] usable ==> usable
[    0.000000] extended physical RAM map:
[    0.000000] reserve setup_data: [mem 0x0000000000000000-0x000000000009ffff] usable
[    0.000000] reserve setup_data: [mem 0x00000000000a0000-0x00000000000fffff] reserved
[    0.000000] reserve setup_data: [mem 0x0000000000100000-0x0000000009e01fff] usable
[    0.000000] reserve setup_data: [mem 0x0000000009e02000-0x0000000009ffffff] reserved
[    0.000000] reserve setup_data: [mem 0x000000000a000000-0x000000000a1fffff] usable
[    0.000000] reserve setup_data: [mem 0x000000000a200000-0x000000000a20ffff] ACPI NVS
[    0.000000] reserve setup_data: [mem 0x000000000a210000-0x000000000affffff] usable
[    0.000000] reserve setup_data: [mem 0x000000000b000000-0x000000000b020fff] reserved
[    0.000000] reserve setup_data: [mem 0x000000000b021000-0x00000000a6da9017] usable
[    0.000000] reserve setup_data: [mem 0x00000000a6da9018-0x00000000a6dcdc57] usable
[    0.000000] reserve setup_data: [mem 0x00000000a6dcdc58-0x00000000a6ed5017] usable
[    0.000000] reserve setup_data: [mem 0x00000000a6ed5018-0x00000000a6edfe57] usable
[    0.000000] reserve setup_data: [mem 0x00000000a6edfe58-0x00000000ac58cfff] usable
[    0.000000] reserve setup_data: [mem 0x00000000ac58d000-0x00000000b258cfff] reserved
[    0.000000] reserve setup_data: [mem 0x00000000b258d000-0x00000000b266efff] ACPI data
[    0.000000] reserve setup_data: [mem 0x00000000b266f000-0x00000000b466efff] ACPI NVS
[    0.000000] reserve setup_data: [mem 0x00000000b466f000-0x00000000ba5fefff] reserved
[    0.000000] reserve setup_data: [mem 0x00000000ba5ff000-0x00000000bbff8fff] usable
[    0.000000] reserve setup_data: [mem 0x00000000bbff9000-0x00000000bbffdfff] reserved
[    0.000000] reserve setup_data: [mem 0x00000000bbffe000-0x00000000bbffffff] usable
[    0.000000] reserve setup_data: [mem 0x00000000bc000000-0x00000000bcffffff] reserved
[    0.000000] reserve setup_data: [mem 0x00000000bd7f3000-0x00000000bfffffff] reserved
[    0.000000] reserve setup_data: [mem 0x00000000e0000000-0x00000000efffffff] reserved
[    0.000000] reserve setup_data: [mem 0x00000000f7000000-0x00000000ffffffff] reserved
[    0.000000] reserve setup_data: [mem 0x0000000100000000-0x0000000bffffffff] usable
[    0.000000] reserve setup_data: [mem 0x0000000c00000000-0x0000000fffffffff] reserved
[    0.000000] reserve setup_data: [mem 0x0000001000000000-0x000000101de7ffff] usable
[    0.000000] reserve setup_data: [mem 0x000000101eec0000-0x00000010601fffff] reserved
[    0.000000] reserve setup_data: [mem 0x000000fd00000000-0x000000ffffffffff] reserved
[    0.000000] user-defined physical RAM map:
[    0.000000] user: [mem 0x0000000000000000-0x000000000009ffff] usable
[    0.000000] user: [mem 0x00000000000a0000-0x00000000000fffff] reserved
[    0.000000] user: [mem 0x0000000000100000-0x0000000009e01fff] usable
[    0.000000] user: [mem 0x0000000009e02000-0x0000000009ffffff] reserved
[    0.000000] user: [mem 0x000000000a000000-0x000000000a1fffff] usable
[    0.000000] user: [mem 0x000000000a200000-0x000000000a20ffff] ACPI NVS
[    0.000000] user: [mem 0x000000000a210000-0x000000000affffff] usable
[    0.000000] user: [mem 0x000000000b000000-0x000000000b020fff] reserved
[    0.000000] user: [mem 0x000000000b021000-0x00000000a6da9017] usable
[    0.000000] user: [mem 0x00000000a6da9018-0x00000000a6dcdc57] usable
[    0.000000] user: [mem 0x00000000a6dcdc58-0x00000000a6ed5017] usable
[    0.000000] user: [mem 0x00000000a6ed5018-0x00000000a6edfe57] usable
[    0.000000] user: [mem 0x00000000a6edfe58-0x00000000ac58cfff] usable
[    0.000000] user: [mem 0x00000000ac58d000-0x00000000b258cfff] reserved
[    0.000000] user: [mem 0x00000000b258d000-0x00000000b266efff] ACPI data
[    0.000000] user: [mem 0x00000000b266f000-0x00000000b466efff] ACPI NVS
[    0.000000] user: [mem 0x00000000b466f000-0x00000000ba5fefff] reserved
[    0.000000] user: [mem 0x00000000ba5ff000-0x00000000bbff8fff] usable
[    0.000000] user: [mem 0x00000000bbff9000-0x00000000bbffdfff] reserved
[    0.000000] user: [mem 0x00000000bbffe000-0x00000000bbffffff] usable
[    0.000000] user: [mem 0x00000000bc000000-0x00000000bcffffff] reserved
[    0.000000] user: [mem 0x00000000bd7f3000-0x00000000bfffffff] reserved
[    0.000000] user: [mem 0x00000000e0000000-0x00000000efffffff] reserved
[    0.000000] user: [mem 0x00000000f7000000-0x00000000ffffffff] reserved
[    0.000000] user: [mem 0x0000000100000000-0x0000000bffffffff] usable
[    0.000000] user: [mem 0x0000000c00000000-0x0000000fffffffff] reserved
[    0.000000] user: [mem 0x0000001000000000-0x000000101de7ffff] usable
[    0.000000] user: [mem 0x000000101eec0000-0x00000010601fffff] reserved
[    0.000000] user: [mem 0x000000fd00000000-0x000000ffffffffff] reserved
[    0.000000] efi: EFI v2.9 by American Megatrends
[    0.000000] efi: ACPI=0xb4656000 ACPI 2.0=0xb4656014 TPMFinalLog=0xb4623000 SMBIOS=0xb9ad9000 SMBIOS 3.0=0xb9ad8000 MEMATTR=0xa6f0e018 ESRT=0xa7dbe418 MOKvar=0xb9b39000 RNG=0xb25ba018 TPMEventLog=0xb25ae018 
[    0.000000] random: crng init done
[    0.000000] efi: Remove mem83: MMIO range=[0xe0000000-0xefffffff] (256MB) from e820 map
[    0.000000] e820: remove [mem 0xe0000000-0xefffffff] reserved
[    0.000000] efi: Remove mem84: MMIO range=[0xf7000000-0xfedfffff] (126MB) from e820 map
[    0.000000] e820: remove [mem 0xf7000000-0xfedfffff] reserved
[    0.000000] efi: Not removing mem85: MMIO range=[0xfee00000-0xfee00fff] (4KB) from e820 map
[    0.000000] efi: Remove mem86: MMIO range=[0xfee01000-0xffffffff] (17MB) from e820 map
[    0.000000] e820: remove [mem 0xfee01000-0xffffffff] reserved
[    0.000000] efi: Remove mem88: MMIO range=[0x1040000000-0x10601fffff] (514MB) from e820 map
[    0.000000] e820: remove [mem 0x1040000000-0x10601fffff] reserved
[    0.000000] secureboot: Secure boot disabled
[    0.000000] SMBIOS 3.6.0 present.
[    0.000000] DMI: Micro-Star International Co., Ltd. MS-7D75/MAG B650 TOMAHAWK WIFI (MS-7D75), BIOS 1.E0 02/20/2024
[    0.000000] tsc: Fast TSC calibration using PIT
[    0.000000] tsc: Detected 4200.376 MHz processor
[    0.000119] e820: update [mem 0x00000000-0x00000fff] usable ==> reserved
[    0.000121] e820: remove [mem 0x000a0000-0x000fffff] usable
[    0.000126] last_pfn = 0x101de80 max_arch_pfn = 0x400000000
[    0.000131] MTRR map: 5 entries (3 fixed + 2 variable; max 20), built from 9 variable MTRRs
[    0.000132] x86/PAT: Configuration [0-7]: WB  WC  UC- UC  WB  WP  UC- WT  
[    0.000349] e820: update [mem 0xc0000000-0xffffffff] usable ==> reserved
[    0.000356] last_pfn = 0xbc000 max_arch_pfn = 0x400000000
[    0.002782] esrt: Reserving ESRT space from 0x00000000a7dbe418 to 0x00000000a7dbe450.
[    0.002787] e820: update [mem 0xa7dbe000-0xa7dbefff] usable ==> reserved
[    0.002799] Using GB pages for direct mapping
[    0.003236] secureboot: Secure boot disabled
[    0.003236] RAMDISK: [mem 0xa07b4000-0xa4df3fff]
[    0.003240] ACPI: Early table checksum verification disabled
[    0.003243] ACPI: RSDP 0x00000000B4656014 000024 (v02 ALASKA)
[    0.003246] ACPI: XSDT 0x00000000B4655728 000104 (v01 ALASKA A M I    01072009 AMI  01000013)
[    0.003250] ACPI: FACP 0x00000000B2665000 000114 (v06 ALASKA A M I    01072009 AMI  00010013)
[    0.003253] ACPI: DSDT 0x00000000B25EA000 06F33C (v128 ALASKA A M I    01072009 INTL 20221020)
[    0.003255] ACPI: FACS 0x00000000B4653000 000040
[    0.003257] ACPI: SSDT 0x00000000B2667000 007F64 (v02 AMD    Splinter 00000002 MSFT 04000000)
[    0.003258] ACPI: SSDT 0x00000000B2666000 0003F1 (v02 ALASKA CPUSSDT  01072009 AMI  01072009)
[    0.003260] ACPI: FIDT 0x00000000B265E000 00009C (v01 ALASKA A M I    01072009 AMI  00010013)
[    0.003261] ACPI: MCFG 0x00000000B265D000 00003C (v01 ALASKA A M I    01072009 MSFT 00010013)
[    0.003262] ACPI: HPET 0x00000000B265C000 000038 (v01 ALASKA A M I    01072009 AMI  00000005)
[    0.003264] ACPI: WDRT 0x00000000B265B000 000047 (v01 ALASKA A M I    01072009 AMI  00000005)
[    0.003265] ACPI: UEFI 0x00000000B4000000 000048 (v01 ALASKA A M I    01072009 AMI  01000013)
[    0.003266] ACPI: FPDT 0x00000000B265A000 000044 (v01 ALASKA A M I    01072009 AMI  01000013)
[    0.003268] ACPI: VFCT 0x00000000B25DF000 00AE84 (v01 ALASKA A M I    00000001 AMD  33504F47)
[    0.003270] ACPI: SSDT 0x00000000B25D5000 009BAE (v02 AMD    AMD CPU  00000001 AMD  00000001)
[    0.003272] ACPI: SSDT 0x00000000B2663000 0006D4 (v02 AMD    CPMWLRC  00000001 INTL 20221020)
[    0.003275] ACPI: SSDT 0x00000000B2661000 0015D0 (v02 AMD    CPMDFIG2 00000001 INTL 20221020)
[    0.003277] ACPI: SSDT 0x00000000B25D2000 002AA6 (v02 AMD    CDFAAIG2 00000001 INTL 20221020)
[    0.003279] ACPI: SSDT 0x00000000B2660000 00078F (v02 AMD    CPMDFDG1 00000001 INTL 20221020)
[    0.003280] ACPI: SSDT 0x00000000B25C8000 009A53 (v02 AMD    CPMCMN   00000001 INTL 20221020)
[    0.003282] ACPI: SSDT 0x00000000B25C5000 002406 (v02 AMD    AOD      00000001 INTL 20221020)
[    0.003283] ACPI: TPM2 0x00000000B265F000 00004C (v04 ALASKA A M I    00000001 AMI  00000000)
[    0.003284] ACPI: WSMT 0x00000000B25C4000 000028 (v01 ALASKA A M I    01072009 AMI  00010013)
[    0.003286] ACPI: APIC 0x00000000B25C3000 00015E (v06 ALASKA A M I    01072009 AMI  00010013)
[    0.003287] ACPI: IVRS 0x00000000B25C2000 0000C8 (v02 AMD    AmdTable 00000001 AMD  00000001)
[    0.003289] ACPI: SSDT 0x00000000B25C1000 000500 (v02 AMD    MEMTOOL0 00000002 INTL 20221020)
[    0.003290] ACPI: SSDT 0x00000000B25C0000 00096A (v02 AMD    CPMMSOSC 00000001 INTL 20221020)
[    0.003292] ACPI: SSDT 0x00000000B25BF000 00047C (v02 AMD    AMDWOV   00000001 INTL 20221020)
[    0.003293] ACPI: SSDT 0x00000000B25BD000 001046 (v02 AMD    CPMACPV4 00000001 INTL 20221020)
[    0.003294] ACPI: SSDT 0x00000000B25BC000 00053E (v01 AMD    CPMAPMFD 00000001 INTL 20221020)
[    0.003296] ACPI: SSDT 0x00000000B25BB000 00044E (v02 AMD    AmdTable 00000001 INTL 20221020)
[    0.003297] ACPI: BGRT 0x00000000B2664000 000038 (v01 ALASKA A M I    01072009 AMI  00010013)
[    0.003298] ACPI: Reserving FACP table memory at [mem 0xb2665000-0xb2665113]
[    0.003299] ACPI: Reserving DSDT table memory at [mem 0xb25ea000-0xb265933b]
[    0.003299] ACPI: Reserving FACS table memory at [mem 0xb4653000-0xb465303f]
[    0.003300] ACPI: Reserving SSDT table memory at [mem 0xb2667000-0xb266ef63]
[    0.003300] ACPI: Reserving SSDT table memory at [mem 0xb2666000-0xb26663f0]
[    0.003301] ACPI: Reserving FIDT table memory at [mem 0xb265e000-0xb265e09b]
[    0.003301] ACPI: Reserving MCFG table memory at [mem 0xb265d000-0xb265d03b]
[    0.003301] ACPI: Reserving HPET table memory at [mem 0xb265c000-0xb265c037]
[    0.003302] ACPI: Reserving WDRT table memory at [mem 0xb265b000-0xb265b046]
[    0.003302] ACPI: Reserving UEFI table memory at [mem 0xb4000000-0xb4000047]
[    0.003303] ACPI: Reserving FPDT table memory at [mem 0xb265a000-0xb265a043]
[    0.003303] ACPI: Reserving VFCT table memory at [mem 0xb25df000-0xb25e9e83]
[    0.003304] ACPI: Reserving SSDT table memory at [mem 0xb25d5000-0xb25debad]
[    0.003304] ACPI: Reserving SSDT table memory at [mem 0xb2663000-0xb26636d3]
[    0.003304] ACPI: Reserving SSDT table memory at [mem 0xb2661000-0xb26625cf]
[    0.003305] ACPI: Reserving SSDT table memory at [mem 0xb25d2000-0xb25d4aa5]
[    0.003305] ACPI: Reserving SSDT table memory at [mem 0xb2660000-0xb266078e]
[    0.003306] ACPI: Reserving SSDT table memory at [mem 0xb25c8000-0xb25d1a52]
[    0.003306] ACPI: Reserving SSDT table memory at [mem 0xb25c5000-0xb25c7405]
[    0.003307] ACPI: Reserving TPM2 table memory at [mem 0xb265f000-0xb265f04b]
[    0.003307] ACPI: Reserving WSMT table memory at [mem 0xb25c4000-0xb25c4027]
[    0.003307] ACPI: Reserving APIC table memory at [mem 0xb25c3000-0xb25c315d]
[    0.003308] ACPI: Reserving IVRS table memory at [mem 0xb25c2000-0xb25c20c7]
[    0.003308] ACPI: Reserving SSDT table memory at [mem 0xb25c1000-0xb25c14ff]
[    0.003309] ACPI: Reserving SSDT table memory at [mem 0xb25c0000-0xb25c0969]
[    0.003309] ACPI: Reserving SSDT table memory at [mem 0xb25bf000-0xb25bf47b]
[    0.003310] ACPI: Reserving SSDT table memory at [mem 0xb25bd000-0xb25be045]
[    0.003310] ACPI: Reserving SSDT table memory at [mem 0xb25bc000-0xb25bc53d]
[    0.003310] ACPI: Reserving SSDT table memory at [mem 0xb25bb000-0xb25bb44d]
[    0.003311] ACPI: Reserving BGRT table memory at [mem 0xb2664000-0xb2664037]
[    0.003391] No NUMA configuration found
[    0.003392] Faking a node at [mem 0x0000000000000000-0x000000101de7ffff]
[    0.003396] NODE_DATA(0) allocated [mem 0x101de55000-0x101de7ffff]
[    0.003503] Zone ranges:
[    0.003504]   DMA      [mem 0x0000000000001000-0x0000000000ffffff]
[    0.003504]   DMA32    [mem 0x0000000001000000-0x00000000ffffffff]
[    0.003505]   Normal   [mem 0x0000000100000000-0x000000101de7ffff]
[    0.003506]   Device   empty
[    0.003507] Movable zone start for each node
[    0.003508] Early memory node ranges
[    0.003508]   node   0: [mem 0x0000000000001000-0x000000000009ffff]
[    0.003509]   node   0: [mem 0x0000000000100000-0x0000000009e01fff]
[    0.003509]   node   0: [mem 0x000000000a000000-0x000000000a1fffff]
[    0.003510]   node   0: [mem 0x000000000a210000-0x000000000affffff]
[    0.003510]   node   0: [mem 0x000000000b021000-0x00000000ac58cfff]
[    0.003511]   node   0: [mem 0x00000000ba5ff000-0x00000000bbff8fff]
[    0.003511]   node   0: [mem 0x00000000bbffe000-0x00000000bbffffff]
[    0.003511]   node   0: [mem 0x0000000100000000-0x0000000bffffffff]
[    0.003513]   node   0: [mem 0x0000001000000000-0x000000101de7ffff]
[    0.003514] Initmem setup node 0 [mem 0x0000000000001000-0x000000101de7ffff]
[    0.003518] On node 0, zone DMA: 1 pages in unavailable ranges
[    0.003527] On node 0, zone DMA: 96 pages in unavailable ranges
[    0.003595] On node 0, zone DMA32: 510 pages in unavailable ranges
[    0.003602] On node 0, zone DMA32: 16 pages in unavailable ranges
[    0.004746] On node 0, zone DMA32: 33 pages in unavailable ranges
[    0.004863] On node 0, zone DMA32: 24690 pages in unavailable ranges
[    0.004864] On node 0, zone DMA32: 5 pages in unavailable ranges
[    0.031707] On node 0, zone Normal: 16384 pages in unavailable ranges
[    0.032066] On node 0, zone Normal: 8576 pages in unavailable ranges
[    0.032796] ACPI: PM-Timer IO Port: 0x808
[    0.032803] ACPI: LAPIC_NMI (acpi_id[0xff] high edge lint[0x1])
[    0.032814] IOAPIC[0]: apic_id 32, version 33, address 0xfec00000, GSI 0-23
[    0.032817] IOAPIC[1]: apic_id 33, version 33, address 0xfec01000, GSI 24-55
[    0.032819] ACPI: INT_SRC_OVR (bus 0 bus_irq 0 global_irq 2 dfl dfl)
[    0.032820] ACPI: INT_SRC_OVR (bus 0 bus_irq 9 global_irq 9 low level)
[    0.032822] ACPI: Using ACPI (MADT) for SMP configuration information
[    0.032823] ACPI: HPET id: 0x10228201 base: 0xfed00000
[    0.032830] e820: update [mem 0xa6e78000-0xa6ed4fff] usable ==> reserved
[    0.032840] smpboot: Allowing 32 CPUs, 0 hotplug CPUs
[    0.032852] PM: hibernation: Registered nosave memory: [mem 0x00000000-0x00000fff]
[    0.032853] PM: hibernation: Registered nosave memory: [mem 0x000a0000-0x000fffff]
[    0.032854] PM: hibernation: Registered nosave memory: [mem 0x09e02000-0x09ffffff]
[    0.032854] PM: hibernation: Registered nosave memory: [mem 0x0a200000-0x0a20ffff]
[    0.032855] PM: hibernation: Registered nosave memory: [mem 0x0b000000-0x0b020fff]
[    0.032856] PM: hibernation: Registered nosave memory: [mem 0xa6da9000-0xa6da9fff]
[    0.032857] PM: hibernation: Registered nosave memory: [mem 0xa6dcd000-0xa6dcdfff]
[    0.032857] PM: hibernation: Registered nosave memory: [mem 0xa6e78000-0xa6ed4fff]
[    0.032858] PM: hibernation: Registered nosave memory: [mem 0xa6ed5000-0xa6ed5fff]
[    0.032859] PM: hibernation: Registered nosave memory: [mem 0xa6edf000-0xa6edffff]
[    0.032859] PM: hibernation: Registered nosave memory: [mem 0xa7dbe000-0xa7dbefff]
[    0.032860] PM: hibernation: Registered nosave memory: [mem 0xac58d000-0xb258cfff]
[    0.032860] PM: hibernation: Registered nosave memory: [mem 0xb258d000-0xb266efff]
[    0.032861] PM: hibernation: Registered nosave memory: [mem 0xb266f000-0xb466efff]
[    0.032861] PM: hibernation: Registered nosave memory: [mem 0xb466f000-0xba5fefff]
[    0.032862] PM: hibernation: Registered nosave memory: [mem 0xbbff9000-0xbbffdfff]
[    0.032863] PM: hibernation: Registered nosave memory: [mem 0xbc000000-0xbcffffff]
[    0.032863] PM: hibernation: Registered nosave memory: [mem 0xbd000000-0xbd7f2fff]
[    0.032863] PM: hibernation: Registered nosave memory: [mem 0xbd7f3000-0xbfffffff]
[    0.032864] PM: hibernation: Registered nosave memory: [mem 0xc0000000-0xfedfffff]
[    0.032864] PM: hibernation: Registered nosave memory: [mem 0xfee00000-0xfee00fff]
[    0.032864] PM: hibernation: Registered nosave memory: [mem 0xfee01000-0xffffffff]
[    0.032865] PM: hibernation: Registered nosave memory: [mem 0xc00000000-0xfffffffff]
[    0.032866] [mem 0xc0000000-0xfedfffff] available for PCI devices
[    0.032868] Booting paravirtualized kernel on bare hardware
[    0.032869] clocksource: refined-jiffies: mask: 0xffffffff max_cycles: 0xffffffff, max_idle_ns: 1910969940391419 ns
[    0.032874] setup_percpu: NR_CPUS:8192 nr_cpumask_bits:32 nr_cpu_ids:32 nr_node_ids:1
[    0.033682] percpu: Embedded 86 pages/cpu s229376 r8192 d114688 u524288
[    0.033686] pcpu-alloc: s229376 r8192 d114688 u524288 alloc=1*2097152
[    0.033687] pcpu-alloc: [0] 00 01 02 03 [0] 04 05 06 07 
[    0.033690] pcpu-alloc: [0] 08 09 10 11 [0] 12 13 14 15 
[    0.033692] pcpu-alloc: [0] 16 17 18 19 [0] 20 21 22 23 
[    0.033695] pcpu-alloc: [0] 24 25 26 27 [0] 28 29 30 31 
[    0.033706] Kernel command line: BOOT_IMAGE=/boot/vmlinuz-6.8.0-57-generic root=UUID=b5e84f74-7532-4797-9ff4-9a3261f84236 ro memmap=16G$48G isolcpus=10,11,12,13
[    0.033746] Unknown kernel command line parameters "BOOT_IMAGE=/boot/vmlinuz-6.8.0-57-generic", will be passed to user space.
[    0.036267] Dentry cache hash table entries: 8388608 (order: 14, 67108864 bytes, linear)
[    0.037384] Inode-cache hash table entries: 4194304 (order: 13, 33554432 bytes, linear)
[    0.037503] Fallback order for Node 0: 0 
[    0.037505] Built 1 zonelists, mobility grouping on.  Total pages: 12175338
[    0.037506] Policy zone: Normal
[    0.037511] mem auto-init: stack:all(zero), heap alloc:on, heap free:off
[    0.037544] software IO TLB: area num 32.
[    0.085296] Memory: 48278980K/49475044K available (22528K kernel code, 4440K rwdata, 13920K rodata, 4984K init, 4728K bss, 1195804K reserved, 0K cma-reserved)
[    0.085836] SLUB: HWalign=64, Order=0-3, MinObjects=0, CPUs=32, Nodes=1
[    0.085853] ftrace: allocating 58010 entries in 227 pages
[    0.093825] ftrace: allocated 227 pages with 5 groups
[    0.094396] Dynamic Preempt: voluntary
[    0.094467] rcu: Preemptible hierarchical RCU implementation.
[    0.094468] rcu: 	RCU restricting CPUs from NR_CPUS=8192 to nr_cpu_ids=32.
[    0.094468] 	Trampoline variant of Tasks RCU enabled.
[    0.094469] 	Rude variant of Tasks RCU enabled.
[    0.094469] 	Tracing variant of Tasks RCU enabled.
[    0.094469] rcu: RCU calculated value of scheduler-enlistment delay is 100 jiffies.
[    0.094470] rcu: Adjusting geometry for rcu_fanout_leaf=16, nr_cpu_ids=32
[    0.095928] NR_IRQS: 524544, nr_irqs: 1224, preallocated irqs: 16
[    0.096107] rcu: srcu_init: Setting srcu_struct sizes based on contention.
[    0.096235] Console: colour dummy device 80x25
[    0.096236] printk: legacy console [tty0] enabled
[    0.096491] ACPI: Core revision 20230628
[    0.096712] clocksource: hpet: mask: 0xffffffff max_cycles: 0xffffffff, max_idle_ns: 133484873504 ns
[    0.096726] APIC: Switch to symmetric I/O mode setup
[    0.097297] AMD-Vi: Using global IVHD EFR:0x246577efa2254afa, EFR2:0x0
[    0.098102] ..TIMER: vector=0x30 apic1=0 pin1=2 apic2=-1 pin2=-1
[    0.102730] clocksource: tsc-early: mask: 0xffffffffffffffff max_cycles: 0x3c8bc499167, max_idle_ns: 440795421078 ns
[    0.102734] Calibrating delay loop (skipped), value calculated using timer frequency.. 8400.75 BogoMIPS (lpj=4200376)
[    0.102747] x86/cpu: User Mode Instruction Prevention (UMIP) activated
[    0.102787] LVT offset 1 assigned for vector 0xf9
[    0.102912] LVT offset 2 assigned for vector 0xf4
[    0.102949] process: using mwait in idle threads
[    0.102950] Last level iTLB entries: 4KB 512, 2MB 512, 4MB 256
[    0.102952] Last level dTLB entries: 4KB 3072, 2MB 3072, 4MB 1536, 1GB 0
[    0.102954] Spectre V1 : Mitigation: usercopy/swapgs barriers and __user pointer sanitization
[    0.102957] Spectre V2 : Mitigation: Enhanced / Automatic IBRS
[    0.102958] Spectre V2 : Spectre v2 / SpectreRSB mitigation: Filling RSB on context switch
[    0.102960] Spectre V2 : mitigation: Enabling conditional Indirect Branch Prediction Barrier
[    0.102962] Spectre V2 : User space: Mitigation: STIBP always-on protection
[    0.102963] Speculative Store Bypass: Mitigation: Speculative Store Bypass disabled via prctl
[    0.102965] Speculative Return Stack Overflow: Mitigation: Safe RET
[    0.102970] x86/fpu: Supporting XSAVE feature 0x001: 'x87 floating point registers'
[    0.102972] x86/fpu: Supporting XSAVE feature 0x002: 'SSE registers'
[    0.102973] x86/fpu: Supporting XSAVE feature 0x004: 'AVX registers'
[    0.102975] x86/fpu: Supporting XSAVE feature 0x020: 'AVX-512 opmask'
[    0.102976] x86/fpu: Supporting XSAVE feature 0x040: 'AVX-512 Hi256'
[    0.102977] x86/fpu: Supporting XSAVE feature 0x080: 'AVX-512 ZMM_Hi256'
[    0.102978] x86/fpu: Supporting XSAVE feature 0x200: 'Protection Keys User registers'
[    0.102979] x86/fpu: Supporting XSAVE feature 0x800: 'Control-flow User registers'
[    0.102981] x86/fpu: xstate_offset[2]:  576, xstate_sizes[2]:  256
[    0.102983] x86/fpu: xstate_offset[5]:  832, xstate_sizes[5]:   64
[    0.102984] x86/fpu: xstate_offset[6]:  896, xstate_sizes[6]:  512
[    0.102985] x86/fpu: xstate_offset[7]: 1408, xstate_sizes[7]: 1024
[    0.102987] x86/fpu: xstate_offset[9]: 2432, xstate_sizes[9]:    8
[    0.102988] x86/fpu: xstate_offset[11]: 2440, xstate_sizes[11]:   16
[    0.102989] x86/fpu: Enabled xstate features 0xae7, context size is 2456 bytes, using 'compacted' format.
[    0.123225] Freeing SMP alternatives memory: 48K
[    0.123229] pid_max: default: 32768 minimum: 301
[    0.126440] LSM: initializing lsm=lockdown,capability,landlock,yama,apparmor,integrity
[    0.126458] landlock: Up and running.
[    0.126460] Yama: becoming mindful.
[    0.126482] AppArmor: AppArmor initialized
[    0.126555] Mount-cache hash table entries: 131072 (order: 8, 1048576 bytes, linear)
[    0.126602] Mountpoint-cache hash table entries: 131072 (order: 8, 1048576 bytes, linear)
[    0.230593] smpboot: CPU0: AMD Ryzen 9 7950X3D 16-Core Processor (family: 0x19, model: 0x61, stepping: 0x2)
[    0.230712] RCU Tasks: Setting shift to 5 and lim to 1 rcu_task_cb_adjust=1 rcu_task_cpu_ids=32.
[    0.230728] RCU Tasks Rude: Setting shift to 5 and lim to 1 rcu_task_cb_adjust=1 rcu_task_cpu_ids=32.
[    0.230733] RCU Tasks Trace: Setting shift to 5 and lim to 1 rcu_task_cb_adjust=1 rcu_task_cpu_ids=32.
[    0.230733] Performance Events: Fam17h+ 16-deep LBR, core perfctr, AMD PMU driver.
[    0.230733] ... version:                2
[    0.230733] ... bit width:              48
[    0.230733] ... generic registers:      6
[    0.230733] ... value mask:             0000ffffffffffff
[    0.230733] ... max period:             00007fffffffffff
[    0.230733] ... fixed-purpose events:   0
[    0.230733] ... event mask:             000000000000003f
[    0.230733] signal: max sigframe size: 3376
[    0.230733] rcu: Hierarchical SRCU implementation.
[    0.230733] rcu: 	Max phase no-delay instances is 400.
[    0.232108] NMI watchdog: Enabled. Permanently consumes one hw-PMU counter.
[    0.232282] smp: Bringing up secondary CPUs ...
[    0.232359] smpboot: x86: Booting SMP configuration:
[    0.232361] .... node  #0, CPUs:        #1  #2  #3  #4  #5  #6  #7  #8  #9 #10 #11 #12 #13 #14 #15 #16 #17 #18 #19 #20 #21 #22 #23 #24 #25 #26 #27 #28 #29 #30 #31
[    0.254841] Spectre V2 : Update user space SMT mitigation: STIBP always-on
[    0.271771] smp: Brought up 1 node, 32 CPUs
[    0.271771] smpboot: Max logical packages: 1
[    0.271771] smpboot: Total of 32 processors activated (268824.06 BogoMIPS)
[    0.274734] devtmpfs: initialized
[    0.274780] x86/mm: Memory block size: 2048MB
[    0.275982] ACPI: PM: Registering ACPI NVS region [mem 0x0a200000-0x0a20ffff] (65536 bytes)
[    0.275982] ACPI: PM: Registering ACPI NVS region [mem 0xb266f000-0xb466efff] (33554432 bytes)
[    0.276100] clocksource: jiffies: mask: 0xffffffff max_cycles: 0xffffffff, max_idle_ns: 1911260446275000 ns
[    0.276118] futex hash table entries: 8192 (order: 7, 524288 bytes, linear)
[    0.276191] pinctrl core: initialized pinctrl subsystem
[    0.276268] PM: RTC time: 16:52:50, date: 2025-04-21
[    0.276828] NET: Registered PF_NETLINK/PF_ROUTE protocol family
[    0.277030] DMA: preallocated 4096 KiB GFP_KERNEL pool for atomic allocations
[    0.277122] DMA: preallocated 4096 KiB GFP_KERNEL|GFP_DMA pool for atomic allocations
[    0.277219] DMA: preallocated 4096 KiB GFP_KERNEL|GFP_DMA32 pool for atomic allocations
[    0.277229] audit: initializing netlink subsys (disabled)
[    0.277244] audit: type=2000 audit(1745254369.179:1): state=initialized audit_enabled=0 res=1
[    0.277244] thermal_sys: Registered thermal governor 'fair_share'
[    0.277244] thermal_sys: Registered thermal governor 'bang_bang'
[    0.277244] thermal_sys: Registered thermal governor 'step_wise'
[    0.277244] thermal_sys: Registered thermal governor 'user_space'
[    0.277244] thermal_sys: Registered thermal governor 'power_allocator'
[    0.277244] EISA bus registered
[    0.277244] cpuidle: using governor ladder
[    0.277244] cpuidle: using governor menu
[    0.277244] acpiphp: ACPI Hot Plug PCI Controller Driver version: 0.5
[    0.277740] PCI: ECAM [mem 0xe0000000-0xefffffff] (base 0xe0000000) for domain 0000 [bus 00-ff]
[    0.277755] PCI: Using configuration type 1 for base access
[    0.277879] kprobes: kprobe jump-optimization is enabled. All kprobes are optimized if possible.
[    0.277887] HugeTLB: registered 1.00 GiB page size, pre-allocated 0 pages
[    0.277887] HugeTLB: 16380 KiB vmemmap can be freed for a 1.00 GiB page
[    0.277887] HugeTLB: registered 2.00 MiB page size, pre-allocated 0 pages
[    0.277887] HugeTLB: 28 KiB vmemmap can be freed for a 2.00 MiB page
[    0.277887] fbcon: Taking over console
[    0.277887] ACPI: Added _OSI(Module Device)
[    0.277887] ACPI: Added _OSI(Processor Device)
[    0.277887] ACPI: Added _OSI(3.0 _SCP Extensions)
[    0.277887] ACPI: Added _OSI(Processor Aggregator Device)
[    0.304817] ACPI: 16 ACPI AML tables successfully acquired and loaded
[    0.351155] ACPI: USB4 _OSC: OS supports USB3+ DisplayPort+ PCIe+ XDomain+
[    0.351160] ACPI: USB4 _OSC: OS controls USB3+ DisplayPort+ PCIe+ XDomain+
[    0.351573] ACPI: _OSC evaluation for CPUs failed, trying _PDC
[    0.352542] ACPI: Interpreter enabled
[    0.352560] ACPI: PM: (supports S0 S3 S4 S5)
[    0.352562] ACPI: Using IOAPIC for interrupt routing
[    0.355284] PCI: Using host bridge windows from ACPI; if necessary, use "pci=nocrs" and report a bug
[    0.355288] PCI: Ignoring E820 reservations for host bridge windows
[    0.355847] ACPI: Enabled 12 GPEs in block 00 to 1F
[    0.358670] ACPI: \_SB_.PCI0.GP17.XHC0.P0U0: New power resource
[    0.360821] ACPI: \_SB_.PCI0.GP17.XHC1.P0U1: New power resource
[    0.364486] ACPI: \_SB_.PCI0.GP19.XHC2.P0U2: New power resource
[    0.365354] ACPI: \_SB_.PCI0.GPP0.M237: New power resource
[    0.365721] ACPI: \_SB_.PCI0.GPP1.P0NV: New power resource
[    0.366826] ACPI: \_SB_.PCI0.GPP7.PWRS: New power resource
[    0.367251] ACPI: \_SB_.PCI0.GPP7.UP00.PWRS: New power resource
[    0.367653] ACPI: \_SB_.PCI0.GPP7.UP00.DP00.PWRS: New power resource
[    0.368058] ACPI: \_SB_.PCI0.GPP7.UP00.DP00.NV00.PWRS: New power resource
[    0.368462] ACPI: \_SB_.PCI0.GPP7.UP00.DP08.PWRS: New power resource
[    0.368752] ACPI: \_SB_.PCI0.GPP7.UP00.DP08.EP00.PWRS: New power resource
[    0.369076] ACPI: \_SB_.PCI0.GPP7.UP00.DP10.PWRS: New power resource
[    0.369363] ACPI: \_SB_.PCI0.GPP7.UP00.DP10.WN00.PWRS: New power resource
[    0.369687] ACPI: \_SB_.PCI0.GPP7.UP00.DP18.PWRS: New power resource
[    0.369981] ACPI: \_SB_.PCI0.GPP7.UP00.DP18.LN00.PWRS: New power resource
[    0.370309] ACPI: \_SB_.PCI0.GPP7.UP00.DP20.PWRS: New power resource
[    0.370900] ACPI: \_SB_.PCI0.GPP7.UP00.DP20.NV00.PWRS: New power resource
[    0.371336] ACPI: \_SB_.PCI0.GPP7.UP00.DP28.PWRS: New power resource
[    0.371908] ACPI: \_SB_.PCI0.GPP7.UP00.DP28.EP00.PWRS: New power resource
[    0.372170] ACPI: \_SB_.PCI0.GPP7.UP00.DP30.PWRS: New power resource
[    0.372751] ACPI: \_SB_.PCI0.GPP7.UP00.DP30.EP00.PWRS: New power resource
[    0.373105] ACPI: \_SB_.PCI0.GPP7.UP00.DP38.PWRS: New power resource
[    0.373688] ACPI: \_SB_.PCI0.GPP7.UP00.DP38.EP00.PWRS: New power resource
[    0.374041] ACPI: \_SB_.PCI0.GPP7.UP00.DP40.PWRS: New power resource
[    0.374442] ACPI: \_SB_.PCI0.GPP7.UP00.DP48.PWRS: New power resource
[    0.375023] ACPI: \_SB_.PCI0.GPP7.UP00.DP48.EP00.PWRS: New power resource
[    0.375375] ACPI: \_SB_.PCI0.GPP7.UP00.DP50.PWRS: New power resource
[    0.375780] ACPI: \_SB_.PCI0.GPP7.UP00.DP50.EP00.PWRS: New power resource
[    0.376186] ACPI: \_SB_.PCI0.GPP7.UP00.DP58.PWRS: New power resource
[    0.376588] ACPI: \_SB_.PCI0.GPP7.UP00.DP58.EP00.PWRS: New power resource
[    0.376993] ACPI: \_SB_.PCI0.GPP7.UP00.DP60.PWRS: New power resource
[    0.377390] ACPI: \_SB_.PCI0.GPP7.UP00.DP60.XH00.PWRS: New power resource
[    0.378412] ACPI: \_SB_.PCI0.GPP7.UP00.DP68.PWRS: New power resource
[    0.378761] ACPI: \_SB_.PCI0.GPP7.UP00.DP68.SA00.PWRS: New power resource
[    0.378821] ACPI: \_SB_.PCI0.GPP8.PWR1: New power resource
[    0.385160] ACPI: \_SB_.PRWL: New power resource
[    0.385191] ACPI: \_SB_.PRWB: New power resource
[    0.386129] ACPI: PCI Root Bridge [PCI0] (domain 0000 [bus 00-ff])
[    0.386136] acpi PNP0A08:00: _OSC: OS supports [ExtendedConfig ASPM ClockPM Segments MSI EDR HPX-Type3]
[    0.386324] acpi PNP0A08:00: _OSC: OS now controls [PCIeHotplug SHPCHotplug PME AER PCIeCapability LTR DPC]
[    0.386966] PCI host bridge to bus 0000:00
[    0.386969] pci_bus 0000:00: root bus resource [io  0x0000-0x03af window]
[    0.386972] pci_bus 0000:00: root bus resource [io  0x03e0-0x0cf7 window]
[    0.386976] pci_bus 0000:00: root bus resource [io  0x03b0-0x03df window]
[    0.386979] pci_bus 0000:00: root bus resource [io  0x0d00-0xffff window]
[    0.386982] pci_bus 0000:00: root bus resource [mem 0x000a0000-0x000dffff window]
[    0.386986] pci_bus 0000:00: root bus resource [mem 0xc0000000-0xf6ffffff window]
[    0.386989] pci_bus 0000:00: root bus resource [mem 0x1040000000-0xffffffffff window]
[    0.386993] pci_bus 0000:00: root bus resource [bus 00-ff]
[    0.387010] pci 0000:00:00.0: [1022:14d8] type 00 class 0x060000 conventional PCI endpoint
[    0.387105] pci 0000:00:00.2: [1022:14d9] type 00 class 0x080600 conventional PCI endpoint
[    0.387190] pci 0000:00:01.0: [1022:14da] type 00 class 0x060000 conventional PCI endpoint
[    0.387262] pci 0000:00:01.1: [1022:14db] type 01 class 0x060400 PCIe Root Port
[    0.387277] pci 0000:00:01.1: PCI bridge to [bus 01]
[    0.387283] pci 0000:00:01.1:   bridge window [io  0xf000-0xffff]
[    0.387287] pci 0000:00:01.1:   bridge window [mem 0xf5000000-0xf60fffff]
[    0.387294] pci 0000:00:01.1:   bridge window [mem 0xf800000000-0xfc01ffffff 64bit pref]
[    0.387349] pci 0000:00:01.1: PME# supported from D0 D3hot D3cold
[    0.387942] pci 0000:00:01.2: [1022:14db] type 01 class 0x060400 PCIe Root Port
[    0.387958] pci 0000:00:01.2: PCI bridge to [bus 02]
[    0.387964] pci 0000:00:01.2:   bridge window [mem 0xf6e00000-0xf6efffff]
[    0.388022] pci 0000:00:01.2: PME# supported from D0 D3hot D3cold
[    0.388148] pci 0000:00:02.0: [1022:14da] type 00 class 0x060000 conventional PCI endpoint
[    0.388219] pci 0000:00:02.1: [1022:14db] type 01 class 0x060400 PCIe Root Port
[    0.388234] pci 0000:00:02.1: PCI bridge to [bus 03-0f]
[    0.388240] pci 0000:00:02.1:   bridge window [io  0xc000-0xdfff]
[    0.388243] pci 0000:00:02.1:   bridge window [mem 0xf6200000-0xf67fffff]
[    0.388251] pci 0000:00:02.1:   bridge window [mem 0xfc20300000-0xfc203fffff 64bit pref]
[    0.388260] pci 0000:00:02.1: enabling Extended Tags
[    0.388308] pci 0000:00:02.1: PME# supported from D0 D3hot D3cold
[    0.388495] pci 0000:00:02.2: [1022:14db] type 01 class 0x060400 PCIe Root Port
[    0.388510] pci 0000:00:02.2: PCI bridge to [bus 10]
[    0.388516] pci 0000:00:02.2:   bridge window [mem 0xf6d00000-0xf6dfffff]
[    0.388528] pci 0000:00:02.2: enabling Extended Tags
[    0.388576] pci 0000:00:02.2: PME# supported from D0 D3hot D3cold
[    0.388697] pci 0000:00:03.0: [1022:14da] type 00 class 0x060000 conventional PCI endpoint
[    0.388778] pci 0000:00:04.0: [1022:14da] type 00 class 0x060000 conventional PCI endpoint
[    0.388859] pci 0000:00:08.0: [1022:14da] type 00 class 0x060000 conventional PCI endpoint
[    0.388933] pci 0000:00:08.1: [1022:14dd] type 01 class 0x060400 PCIe Root Port
[    0.388945] pci 0000:00:08.1: PCI bridge to [bus 11]
[    0.388950] pci 0000:00:08.1:   bridge window [io  0xe000-0xefff]
[    0.388954] pci 0000:00:08.1:   bridge window [mem 0xf6800000-0xf6bfffff]
[    0.388960] pci 0000:00:08.1:   bridge window [mem 0xfc10000000-0xfc201fffff 64bit pref]
[    0.388967] pci 0000:00:08.1: enabling Extended Tags
[    0.388995] pci 0000:00:08.1: PME# supported from D0 D3hot D3cold
[    0.389100] pci 0000:00:08.3: [1022:14dd] type 01 class 0x060400 PCIe Root Port
[    0.389113] pci 0000:00:08.3: PCI bridge to [bus 12]
[    0.389118] pci 0000:00:08.3:   bridge window [mem 0xf6c00000-0xf6cfffff]
[    0.389128] pci 0000:00:08.3: enabling Extended Tags
[    0.389156] pci 0000:00:08.3: PME# supported from D0 D3hot D3cold
[    0.389257] pci 0000:00:14.0: [1022:790b] type 00 class 0x0c0500 conventional PCI endpoint
[    0.389362] pci 0000:00:14.3: [1022:790e] type 00 class 0x060100 conventional PCI endpoint
[    0.389483] pci 0000:00:18.0: [1022:14e0] type 00 class 0x060000 conventional PCI endpoint
[    0.389521] pci 0000:00:18.1: [1022:14e1] type 00 class 0x060000 conventional PCI endpoint
[    0.389557] pci 0000:00:18.2: [1022:14e2] type 00 class 0x060000 conventional PCI endpoint
[    0.389593] pci 0000:00:18.3: [1022:14e3] type 00 class 0x060000 conventional PCI endpoint
[    0.389630] pci 0000:00:18.4: [1022:14e4] type 00 class 0x060000 conventional PCI endpoint
[    0.389667] pci 0000:00:18.5: [1022:14e5] type 00 class 0x060000 conventional PCI endpoint
[    0.389703] pci 0000:00:18.6: [1022:14e6] type 00 class 0x060000 conventional PCI endpoint
[    0.389740] pci 0000:00:18.7: [1022:14e7] type 00 class 0x060000 conventional PCI endpoint
[    0.389843] pci 0000:01:00.0: [10de:2705] type 00 class 0x030000 PCIe Legacy Endpoint
[    0.389865] pci 0000:01:00.0: BAR 0 [mem 0xf5000000-0xf5ffffff]
[    0.389869] pci 0000:01:00.0: BAR 1 [mem 0xf800000000-0xfbffffffff 64bit pref]
[    0.389874] pci 0000:01:00.0: BAR 3 [mem 0xfc00000000-0xfc01ffffff 64bit pref]
[    0.389878] pci 0000:01:00.0: BAR 5 [io  0xf000-0xf07f]
[    0.389881] pci 0000:01:00.0: ROM [mem 0xf6000000-0xf607ffff pref]
[    0.389922] pci 0000:01:00.0: PME# supported from D0 D3hot
[    0.390057] pci 0000:01:00.1: [10de:22bb] type 00 class 0x040300 PCIe Endpoint
[    0.390078] pci 0000:01:00.1: BAR 0 [mem 0xf6080000-0xf6083fff]
[    0.390187] pci 0000:00:01.1: PCI bridge to [bus 01]
[    0.390259] pci 0000:02:00.0: [1c5c:1959] type 00 class 0x010802 PCIe Endpoint
[    0.390286] pci 0000:02:00.0: BAR 0 [mem 0xf6e00000-0xf6e03fff 64bit]
[    0.390451] pci 0000:00:01.2: PCI bridge to [bus 02]
[    0.390523] pci 0000:03:00.0: [1022:43f4] type 01 class 0x060400 PCIe Switch Upstream Port
[    0.390543] pci 0000:03:00.0: PCI bridge to [bus 04-0f]
[    0.390549] pci 0000:03:00.0:   bridge window [io  0xc000-0xdfff]
[    0.390553] pci 0000:03:00.0:   bridge window [mem 0xf6200000-0xf67fffff]
[    0.390562] pci 0000:03:00.0:   bridge window [mem 0xfc20300000-0xfc203fffff 64bit pref]
[    0.390574] pci 0000:03:00.0: enabling Extended Tags
[    0.390623] pci 0000:03:00.0: PME# supported from D0 D3hot D3cold
[    0.390843] pci 0000:00:02.1: PCI bridge to [bus 03-0f]
[    0.390991] pci 0000:04:00.0: [1022:43f5] type 01 class 0x060400 PCIe Switch Downstream Port
[    0.391011] pci 0000:04:00.0: PCI bridge to [bus 05]
[    0.391018] pci 0000:04:00.0:   bridge window [mem 0xf6700000-0xf67fffff]
[    0.391035] pci 0000:04:00.0: enabling Extended Tags
[    0.391086] pci 0000:04:00.0: PME# supported from D0 D3hot D3cold
[    0.391219] pci 0000:04:04.0: [1022:43f5] type 01 class 0x060400 PCIe Switch Downstream Port
[    0.391239] pci 0000:04:04.0: PCI bridge to [bus 06]
[    0.391260] pci 0000:04:04.0: enabling Extended Tags
[    0.391312] pci 0000:04:04.0: PME# supported from D0 D3hot D3cold
[    0.391441] pci 0000:04:05.0: [1022:43f5] type 01 class 0x060400 PCIe Switch Downstream Port
[    0.391461] pci 0000:04:05.0: PCI bridge to [bus 07]
[    0.391482] pci 0000:04:05.0: enabling Extended Tags
[    0.391534] pci 0000:04:05.0: PME# supported from D0 D3hot D3cold
[    0.391665] pci 0000:04:06.0: [1022:43f5] type 01 class 0x060400 PCIe Switch Downstream Port
[    0.391684] pci 0000:04:06.0: PCI bridge to [bus 08]
[    0.391706] pci 0000:04:06.0: enabling Extended Tags
[    0.391760] pci 0000:04:06.0: PME# supported from D0 D3hot D3cold
[    0.391893] pci 0000:04:07.0: [1022:43f5] type 01 class 0x060400 PCIe Switch Downstream Port
[    0.391913] pci 0000:04:07.0: PCI bridge to [bus 09]
[    0.391934] pci 0000:04:07.0: enabling Extended Tags
[    0.391986] pci 0000:04:07.0: PME# supported from D0 D3hot D3cold
[    0.392118] pci 0000:04:08.0: [1022:43f5] type 01 class 0x060400 PCIe Switch Downstream Port
[    0.392138] pci 0000:04:08.0: PCI bridge to [bus 0a]
[    0.392144] pci 0000:04:08.0:   bridge window [io  0xd000-0xdfff]
[    0.392149] pci 0000:04:08.0:   bridge window [mem 0xf6600000-0xf66fffff]
[    0.392166] pci 0000:04:08.0: enabling Extended Tags
[    0.392216] pci 0000:04:08.0: PME# supported from D0 D3hot D3cold
[    0.392347] pci 0000:04:09.0: [1022:43f5] type 01 class 0x060400 PCIe Switch Downstream Port
[    0.392366] pci 0000:04:09.0: PCI bridge to [bus 0b]
[    0.392388] pci 0000:04:09.0: enabling Extended Tags
[    0.392440] pci 0000:04:09.0: PME# supported from D0 D3hot D3cold
[    0.392572] pci 0000:04:0a.0: [1022:43f5] type 01 class 0x060400 PCIe Switch Downstream Port
[    0.392592] pci 0000:04:0a.0: PCI bridge to [bus 0c]
[    0.392598] pci 0000:04:0a.0:   bridge window [io  0xc000-0xcfff]
[    0.392602] pci 0000:04:0a.0:   bridge window [mem 0xf6500000-0xf65fffff]
[    0.392619] pci 0000:04:0a.0: enabling Extended Tags
[    0.392670] pci 0000:04:0a.0: PME# supported from D0 D3hot D3cold
[    0.392804] pci 0000:04:0b.0: [1022:43f5] type 01 class 0x060400 PCIe Switch Downstream Port
[    0.392824] pci 0000:04:0b.0: PCI bridge to [bus 0d]
[    0.392831] pci 0000:04:0b.0:   bridge window [mem 0xf6400000-0xf64fffff]
[    0.392840] pci 0000:04:0b.0:   bridge window [mem 0xfc20300000-0xfc203fffff 64bit pref]
[    0.392852] pci 0000:04:0b.0: enabling Extended Tags
[    0.392902] pci 0000:04:0b.0: PME# supported from D0 D3hot D3cold
[    0.393037] pci 0000:04:0c.0: [1022:43f5] type 01 class 0x060400 PCIe Switch Downstream Port
[    0.393056] pci 0000:04:0c.0: PCI bridge to [bus 0e]
[    0.393062] pci 0000:04:0c.0:   bridge window [mem 0xf6300000-0xf63fffff]
[    0.393079] pci 0000:04:0c.0: enabling Extended Tags
[    0.393115] pci 0000:04:0c.0: PME# supported from D0 D3hot D3cold
[    0.393236] pci 0000:04:0d.0: [1022:43f5] type 01 class 0x060400 PCIe Switch Downstream Port
[    0.393256] pci 0000:04:0d.0: PCI bridge to [bus 0f]
[    0.393262] pci 0000:04:0d.0:   bridge window [mem 0xf6200000-0xf62fffff]
[    0.393278] pci 0000:04:0d.0: enabling Extended Tags
[    0.393314] pci 0000:04:0d.0: PME# supported from D0 D3hot D3cold
[    0.393412] pci 0000:03:00.0: PCI bridge to [bus 04-0f]
[    0.393511] pci 0000:05:00.0: [1c5c:1959] type 00 class 0x010802 PCIe Endpoint
[    0.393552] pci 0000:05:00.0: BAR 0 [mem 0xf6700000-0xf6703fff 64bit]
[    0.393566] pci 0000:05:00.0: enabling Extended Tags
[    0.393825] pci 0000:04:00.0: PCI bridge to [bus 05]
[    0.393868] pci 0000:04:04.0: PCI bridge to [bus 06]
[    0.393911] pci 0000:04:05.0: PCI bridge to [bus 07]
[    0.393954] pci 0000:04:06.0: PCI bridge to [bus 08]
[    0.393996] pci 0000:04:07.0: PCI bridge to [bus 09]
[    0.394052] pci 0000:0a:00.0: [1b21:0612] type 00 class 0x010601 PCIe Legacy Endpoint
[    0.394108] pci 0000:0a:00.0: BAR 0 [io  0xd050-0xd057]
[    0.394113] pci 0000:0a:00.0: BAR 1 [io  0xd040-0xd043]
[    0.394117] pci 0000:0a:00.0: BAR 2 [io  0xd030-0xd037]
[    0.394121] pci 0000:0a:00.0: BAR 3 [io  0xd020-0xd023]
[    0.394125] pci 0000:0a:00.0: BAR 4 [io  0xd000-0xd01f]
[    0.394129] pci 0000:0a:00.0: BAR 5 [mem 0xf6600000-0xf66001ff]
[    0.394269] pci 0000:04:08.0: PCI bridge to [bus 0a]
[    0.394311] pci 0000:04:09.0: PCI bridge to [bus 0b]
[    0.394375] pci 0000:0c:00.0: [10ec:8125] type 00 class 0x020000 PCIe Endpoint
[    0.394431] pci 0000:0c:00.0: BAR 0 [io  0xc000-0xc0ff]
[    0.394438] pci 0000:0c:00.0: BAR 2 [mem 0xf6500000-0xf650ffff 64bit]
[    0.394444] pci 0000:0c:00.0: BAR 4 [mem 0xf6510000-0xf6513fff 64bit]
[    0.394568] pci 0000:0c:00.0: supports D1 D2
[    0.394570] pci 0000:0c:00.0: PME# supported from D0 D1 D2 D3hot D3cold
[    0.394835] pci 0000:04:0a.0: PCI bridge to [bus 0c]
[    0.394942] pci 0000:0d:00.0: [14c3:0616] type 00 class 0x028000 PCIe Endpoint
[    0.395005] pci 0000:0d:00.0: BAR 0 [mem 0xfc20300000-0xfc203fffff 64bit pref]
[    0.395012] pci 0000:0d:00.0: BAR 2 [mem 0xf6400000-0xf6407fff 64bit]
[    0.395028] pci 0000:0d:00.0: enabling Extended Tags
[    0.395122] pci 0000:0d:00.0: PME# supported from D0 D3hot D3cold
[    0.395337] pci 0000:04:0b.0: PCI bridge to [bus 0d]
[    0.395389] pci 0000:0e:00.0: [1022:43f7] type 00 class 0x0c0330 PCIe Legacy Endpoint
[    0.395418] pci 0000:0e:00.0: BAR 0 [mem 0xf6300000-0xf6307fff 64bit]
[    0.395429] pci 0000:0e:00.0: enabling Extended Tags
[    0.395468] pci 0000:0e:00.0: PME# supported from D0 D3hot D3cold
[    0.395599] pci 0000:04:0c.0: PCI bridge to [bus 0e]
[    0.395651] pci 0000:0f:00.0: [1022:43f6] type 00 class 0x010601 PCIe Legacy Endpoint
[    0.395682] pci 0000:0f:00.0: BAR 5 [mem 0xf6280000-0xf62803ff]
[    0.395686] pci 0000:0f:00.0: ROM [mem 0xf6200000-0xf627ffff pref]
[    0.395693] pci 0000:0f:00.0: enabling Extended Tags
[    0.395726] pci 0000:0f:00.0: PME# supported from D0 D3hot D3cold
[    0.395817] pci 0000:04:0d.0: PCI bridge to [bus 0f]
[    0.396072] pci 0000:10:00.0: [1c5c:174a] type 00 class 0x010802 PCIe Endpoint
[    0.396103] pci 0000:10:00.0: BAR 0 [mem 0xf6d00000-0xf6d03fff 64bit]
[    0.396107] pci 0000:10:00.0: BAR 2 [mem 0xf6d05000-0xf6d05fff]
[    0.396110] pci 0000:10:00.0: BAR 3 [mem 0xf6d04000-0xf6d04fff]
[    0.396284] pci 0000:00:02.2: PCI bridge to [bus 10]
[    0.396376] pci 0000:11:00.0: [1002:164e] type 00 class 0x030000 PCIe Legacy Endpoint
[    0.396396] pci 0000:11:00.0: BAR 0 [mem 0xfc10000000-0xfc1fffffff 64bit pref]
[    0.396400] pci 0000:11:00.0: BAR 2 [mem 0xfc20000000-0xfc201fffff 64bit pref]
[    0.396404] pci 0000:11:00.0: BAR 4 [io  0xe000-0xe0ff]
[    0.396407] pci 0000:11:00.0: BAR 5 [mem 0xf6b00000-0xf6b7ffff]
[    0.396413] pci 0000:11:00.0: enabling Extended Tags
[    0.396451] pci 0000:11:00.0: PME# supported from D1 D2 D3hot D3cold
[    0.396547] pci 0000:11:00.1: [1002:1640] type 00 class 0x040300 PCIe Legacy Endpoint
[    0.396565] pci 0000:11:00.1: BAR 0 [mem 0xf6b88000-0xf6b8bfff]
[    0.396573] pci 0000:11:00.1: enabling Extended Tags
[    0.396598] pci 0000:11:00.1: PME# supported from D1 D2 D3hot D3cold
[    0.396670] pci 0000:11:00.2: [1022:1649] type 00 class 0x108000 PCIe Endpoint
[    0.396709] pci 0000:11:00.2: BAR 2 [mem 0xf6a00000-0xf6afffff]
[    0.396713] pci 0000:11:00.2: BAR 5 [mem 0xf6b8c000-0xf6b8dfff]
[    0.396719] pci 0000:11:00.2: enabling Extended Tags
[    0.396811] pci 0000:11:00.3: [1022:15b6] type 00 class 0x0c0330 PCIe Endpoint
[    0.396830] pci 0000:11:00.3: BAR 0 [mem 0xf6900000-0xf69fffff 64bit]
[    0.396837] pci 0000:11:00.3: enabling Extended Tags
[    0.396864] pci 0000:11:00.3: PME# supported from D0 D3hot D3cold
[    0.396937] pci 0000:11:00.4: [1022:15b7] type 00 class 0x0c0330 PCIe Endpoint
[    0.396956] pci 0000:11:00.4: BAR 0 [mem 0xf6800000-0xf68fffff 64bit]
[    0.396964] pci 0000:11:00.4: enabling Extended Tags
[    0.396990] pci 0000:11:00.4: PME# supported from D0 D3hot D3cold
[    0.397063] pci 0000:11:00.6: [1022:15e3] type 00 class 0x040300 PCIe Endpoint
[    0.397080] pci 0000:11:00.6: BAR 0 [mem 0xf6b80000-0xf6b87fff]
[    0.397088] pci 0000:11:00.6: enabling Extended Tags
[    0.397113] pci 0000:11:00.6: PME# supported from D0 D3hot D3cold
[    0.397195] pci 0000:00:08.1: PCI bridge to [bus 11]
[    0.397239] pci 0000:12:00.0: [1022:15b8] type 00 class 0x0c0330 PCIe Endpoint
[    0.397262] pci 0000:12:00.0: BAR 0 [mem 0xf6c00000-0xf6cfffff 64bit]
[    0.397269] pci 0000:12:00.0: enabling Extended Tags
[    0.397302] pci 0000:12:00.0: PME# supported from D0 D3hot D3cold
[    0.397389] pci 0000:00:08.3: PCI bridge to [bus 12]
[    0.403363] ACPI: PCI: Interrupt link LNKA configured for IRQ 0
[    0.403425] ACPI: PCI: Interrupt link LNKB configured for IRQ 0
[    0.403479] ACPI: PCI: Interrupt link LNKC configured for IRQ 0
[    0.403544] ACPI: PCI: Interrupt link LNKD configured for IRQ 0
[    0.403603] ACPI: PCI: Interrupt link LNKE configured for IRQ 0
[    0.403653] ACPI: PCI: Interrupt link LNKF configured for IRQ 0
[    0.403703] ACPI: PCI: Interrupt link LNKG configured for IRQ 0
[    0.403754] ACPI: PCI: Interrupt link LNKH configured for IRQ 0
[    0.405074] iommu: Default domain type: Translated
[    0.405074] iommu: DMA domain TLB invalidation policy: lazy mode
[    0.405074] SCSI subsystem initialized
[    0.405074] libata version 3.00 loaded.
[    0.405074] ACPI: bus type USB registered
[    0.405074] usbcore: registered new interface driver usbfs
[    0.405074] usbcore: registered new interface driver hub
[    0.405074] usbcore: registered new device driver usb
[    0.405074] pps_core: LinuxPPS API ver. 1 registered
[    0.405074] pps_core: Software ver. 5.3.6 - Copyright 2005-2007 Rodolfo Giometti <giometti@linux.it>
[    0.405074] PTP clock support registered
[    0.405074] EDAC MC: Ver: 3.0.0
[    0.405074] efivars: Registered efivars operations
[    0.405791] NetLabel: Initializing
[    0.405794] NetLabel:  domain hash size = 128
[    0.405796] NetLabel:  protocols = UNLABELED CIPSOv4 CALIPSO
[    0.405811] NetLabel:  unlabeled traffic allowed by default
[    0.405825] mctp: management component transport protocol core
[    0.405825] NET: Registered PF_MCTP protocol family
[    0.405825] PCI: Using ACPI for IRQ routing
[    0.412713] PCI: pci_cache_line_size set to 64 bytes
[    0.412785] e820: reserve RAM buffer [mem 0x09e02000-0x0bffffff]
[    0.412787] e820: reserve RAM buffer [mem 0x0a200000-0x0bffffff]
[    0.412788] e820: reserve RAM buffer [mem 0x0b000000-0x0bffffff]
[    0.412789] e820: reserve RAM buffer [mem 0xa6da9018-0xa7ffffff]
[    0.412790] e820: reserve RAM buffer [mem 0xa6e78000-0xa7ffffff]
[    0.412792] e820: reserve RAM buffer [mem 0xa6ed5018-0xa7ffffff]
[    0.412793] e820: reserve RAM buffer [mem 0xa7dbe000-0xa7ffffff]
[    0.412793] e820: reserve RAM buffer [mem 0xac58d000-0xafffffff]
[    0.412794] e820: reserve RAM buffer [mem 0xbbff9000-0xbbffffff]
[    0.412795] e820: reserve RAM buffer [mem 0x101de80000-0x101fffffff]
[    0.412833] pci 0000:01:00.0: vgaarb: setting as boot VGA device
[    0.412833] pci 0000:01:00.0: vgaarb: bridge control possible
[    0.412833] pci 0000:01:00.0: vgaarb: VGA device added: decodes=io+mem,owns=none,locks=none
[    0.412833] pci 0000:11:00.0: vgaarb: bridge control possible
[    0.412833] pci 0000:11:00.0: vgaarb: VGA device added: decodes=io+mem,owns=none,locks=none
[    0.412833] vgaarb: loaded
[    0.412833] hpet0: at MMIO 0xfed00000, IRQs 2, 8, 0
[    0.412833] hpet0: 3 comparators, 32-bit 14.318180 MHz counter
[    0.414791] clocksource: Switched to clocksource tsc-early
[    0.414917] VFS: Disk quotas dquot_6.6.0
[    0.414930] VFS: Dquot-cache hash table entries: 512 (order 0, 4096 bytes)
[    0.415049] AppArmor: AppArmor Filesystem Enabled
[    0.415075] pnp: PnP ACPI init
[    0.415160] system 00:00: [mem 0xe0000000-0xefffffff] has been reserved
[    0.415235] system 00:01: [mem 0x1020000000-0x103fffffff window] has been reserved
[    0.415502] system 00:03: [io  0x0a00-0x0a0f] has been reserved
[    0.415506] system 00:03: [io  0x0a10-0x0a1f] has been reserved
[    0.415509] system 00:03: [io  0x0a20-0x0a2f] has been reserved
[    0.415731] system 00:04: [io  0x04d0-0x04d1] has been reserved
[    0.415735] system 00:04: [io  0x040b] has been reserved
[    0.415738] system 00:04: [io  0x04d6] has been reserved
[    0.415741] system 00:04: [io  0x0c00-0x0c01] has been reserved
[    0.415744] system 00:04: [io  0x0c14] has been reserved
[    0.415747] system 00:04: [io  0x0c50-0x0c51] has been reserved
[    0.415750] system 00:04: [io  0x0c52] has been reserved
[    0.415753] system 00:04: [io  0x0c6c] has been reserved
[    0.415756] system 00:04: [io  0x0c6f] has been reserved
[    0.415759] system 00:04: [io  0x0cd8-0x0cdf] has been reserved
[    0.415763] system 00:04: [io  0x0800-0x089f] has been reserved
[    0.415766] system 00:04: [io  0x0b00-0x0b0f] has been reserved
[    0.415769] system 00:04: [io  0x0b20-0x0b3f] has been reserved
[    0.415772] system 00:04: [io  0x0900-0x090f] has been reserved
[    0.415775] system 00:04: [io  0x0910-0x091f] has been reserved
[    0.415779] system 00:04: [mem 0xfedc0000-0xfedc0fff] has been reserved
[    0.415782] system 00:04: [mem 0xfee00000-0xfee00fff] has been reserved
[    0.415786] system 00:04: [mem 0xfec10000-0xfec10fff] has been reserved
[    0.415789] system 00:04: [mem 0xfeb00000-0xfeb00fff] has been reserved
[    0.415792] system 00:04: [mem 0xff000000-0xffffffff] has been reserved
[    0.420040] pnp: PnP ACPI: found 5 devices
[    0.425825] clocksource: acpi_pm: mask: 0xffffff max_cycles: 0xffffff, max_idle_ns: 2085701024 ns
[    0.425873] NET: Registered PF_INET protocol family
[    0.425933] IP idents hash table entries: 262144 (order: 9, 2097152 bytes, linear)
[    0.436603] tcp_listen_portaddr_hash hash table entries: 32768 (order: 7, 524288 bytes, linear)
[    0.436634] Table-perturb hash table entries: 65536 (order: 6, 262144 bytes, linear)
[    0.436722] TCP established hash table entries: 524288 (order: 10, 4194304 bytes, linear)
[    0.436951] TCP bind hash table entries: 65536 (order: 9, 2097152 bytes, linear)
[    0.437011] TCP: Hash tables configured (established 524288 bind 65536)
[    0.437120] MPTCP token hash table entries: 65536 (order: 8, 1572864 bytes, linear)
[    0.437196] UDP hash table entries: 32768 (order: 8, 1048576 bytes, linear)
[    0.437264] UDP-Lite hash table entries: 32768 (order: 8, 1048576 bytes, linear)
[    0.437346] NET: Registered PF_UNIX/PF_LOCAL protocol family
[    0.437353] NET: Registered PF_XDP protocol family
[    0.437367] pci 0000:00:01.1: PCI bridge to [bus 01]
[    0.437371] pci 0000:00:01.1:   bridge window [io  0xf000-0xffff]
[    0.437376] pci 0000:00:01.1:   bridge window [mem 0xf5000000-0xf60fffff]
[    0.437380] pci 0000:00:01.1:   bridge window [mem 0xf800000000-0xfc01ffffff 64bit pref]
[    0.437393] pci 0000:00:01.2: PCI bridge to [bus 02]
[    0.437397] pci 0000:00:01.2:   bridge window [mem 0xf6e00000-0xf6efffff]
[    0.437414] pci 0000:04:00.0: PCI bridge to [bus 05]
[    0.437423] pci 0000:04:00.0:   bridge window [mem 0xf6700000-0xf67fffff]
[    0.437431] pci 0000:04:04.0: PCI bridge to [bus 06]
[    0.437439] pci 0000:04:05.0: PCI bridge to [bus 07]
[    0.437448] pci 0000:04:06.0: PCI bridge to [bus 08]
[    0.437456] pci 0000:04:07.0: PCI bridge to [bus 09]
[    0.437468] pci 0000:04:08.0: PCI bridge to [bus 0a]
[    0.437472] pci 0000:04:08.0:   bridge window [io  0xd000-0xdfff]
[    0.437477] pci 0000:04:08.0:   bridge window [mem 0xf6600000-0xf66fffff]
[    0.437484] pci 0000:04:09.0: PCI bridge to [bus 0b]
[    0.437493] pci 0000:04:0a.0: PCI bridge to [bus 0c]
[    0.437496] pci 0000:04:0a.0:   bridge window [io  0xc000-0xcfff]
[    0.437501] pci 0000:04:0a.0:   bridge window [mem 0xf6500000-0xf65fffff]
[    0.437509] pci 0000:04:0b.0: PCI bridge to [bus 0d]
[    0.437513] pci 0000:04:0b.0:   bridge window [mem 0xf6400000-0xf64fffff]
[    0.437518] pci 0000:04:0b.0:   bridge window [mem 0xfc20300000-0xfc203fffff 64bit pref]
[    0.437524] pci 0000:04:0c.0: PCI bridge to [bus 0e]
[    0.437529] pci 0000:04:0c.0:   bridge window [mem 0xf6300000-0xf63fffff]
[    0.437536] pci 0000:04:0d.0: PCI bridge to [bus 0f]
[    0.437541] pci 0000:04:0d.0:   bridge window [mem 0xf6200000-0xf62fffff]
[    0.437548] pci 0000:03:00.0: PCI bridge to [bus 04-0f]
[    0.437551] pci 0000:03:00.0:   bridge window [io  0xc000-0xdfff]
[    0.437556] pci 0000:03:00.0:   bridge window [mem 0xf6200000-0xf67fffff]
[    0.437561] pci 0000:03:00.0:   bridge window [mem 0xfc20300000-0xfc203fffff 64bit pref]
[    0.437567] pci 0000:00:02.1: PCI bridge to [bus 03-0f]
[    0.437570] pci 0000:00:02.1:   bridge window [io  0xc000-0xdfff]
[    0.437575] pci 0000:00:02.1:   bridge window [mem 0xf6200000-0xf67fffff]
[    0.437579] pci 0000:00:02.1:   bridge window [mem 0xfc20300000-0xfc203fffff 64bit pref]
[    0.437592] pci 0000:00:02.2: PCI bridge to [bus 10]
[    0.437596] pci 0000:00:02.2:   bridge window [mem 0xf6d00000-0xf6dfffff]
[    0.437609] pci 0000:00:08.1: PCI bridge to [bus 11]
[    0.437616] pci 0000:00:08.1:   bridge window [io  0xe000-0xefff]
[    0.437620] pci 0000:00:08.1:   bridge window [mem 0xf6800000-0xf6bfffff]
[    0.437624] pci 0000:00:08.1:   bridge window [mem 0xfc10000000-0xfc201fffff 64bit pref]
[    0.437629] pci 0000:00:08.3: PCI bridge to [bus 12]
[    0.437633] pci 0000:00:08.3:   bridge window [mem 0xf6c00000-0xf6cfffff]
[    0.437639] pci_bus 0000:00: resource 4 [io  0x0000-0x03af window]
[    0.437642] pci_bus 0000:00: resource 5 [io  0x03e0-0x0cf7 window]
[    0.437646] pci_bus 0000:00: resource 6 [io  0x03b0-0x03df window]
[    0.437649] pci_bus 0000:00: resource 7 [io  0x0d00-0xffff window]
[    0.437652] pci_bus 0000:00: resource 8 [mem 0x000a0000-0x000dffff window]
[    0.437655] pci_bus 0000:00: resource 9 [mem 0xc0000000-0xf6ffffff window]
[    0.437659] pci_bus 0000:00: resource 10 [mem 0x1040000000-0xffffffffff window]
[    0.437662] pci_bus 0000:01: resource 0 [io  0xf000-0xffff]
[    0.437665] pci_bus 0000:01: resource 1 [mem 0xf5000000-0xf60fffff]
[    0.437668] pci_bus 0000:01: resource 2 [mem 0xf800000000-0xfc01ffffff 64bit pref]
[    0.437672] pci_bus 0000:02: resource 1 [mem 0xf6e00000-0xf6efffff]
[    0.437675] pci_bus 0000:03: resource 0 [io  0xc000-0xdfff]
[    0.437678] pci_bus 0000:03: resource 1 [mem 0xf6200000-0xf67fffff]
[    0.437682] pci_bus 0000:03: resource 2 [mem 0xfc20300000-0xfc203fffff 64bit pref]
[    0.437685] pci_bus 0000:04: resource 0 [io  0xc000-0xdfff]
[    0.437688] pci_bus 0000:04: resource 1 [mem 0xf6200000-0xf67fffff]
[    0.437691] pci_bus 0000:04: resource 2 [mem 0xfc20300000-0xfc203fffff 64bit pref]
[    0.437695] pci_bus 0000:05: resource 1 [mem 0xf6700000-0xf67fffff]
[    0.437698] pci_bus 0000:0a: resource 0 [io  0xd000-0xdfff]
[    0.437701] pci_bus 0000:0a: resource 1 [mem 0xf6600000-0xf66fffff]
[    0.437704] pci_bus 0000:0c: resource 0 [io  0xc000-0xcfff]
[    0.437707] pci_bus 0000:0c: resource 1 [mem 0xf6500000-0xf65fffff]
[    0.437710] pci_bus 0000:0d: resource 1 [mem 0xf6400000-0xf64fffff]
[    0.437713] pci_bus 0000:0d: resource 2 [mem 0xfc20300000-0xfc203fffff 64bit pref]
[    0.437717] pci_bus 0000:0e: resource 1 [mem 0xf6300000-0xf63fffff]
[    0.437720] pci_bus 0000:0f: resource 1 [mem 0xf6200000-0xf62fffff]
[    0.437723] pci_bus 0000:10: resource 1 [mem 0xf6d00000-0xf6dfffff]
[    0.437727] pci_bus 0000:11: resource 0 [io  0xe000-0xefff]
[    0.437730] pci_bus 0000:11: resource 1 [mem 0xf6800000-0xf6bfffff]
[    0.437733] pci_bus 0000:11: resource 2 [mem 0xfc10000000-0xfc201fffff 64bit pref]
[    0.437736] pci_bus 0000:12: resource 1 [mem 0xf6c00000-0xf6cfffff]
[    0.437890] pci 0000:01:00.1: extending delay after power-on from D3hot to 20 msec
[    0.437910] pci 0000:01:00.1: D0 power state depends on 0000:01:00.0
[    0.438115] pci 0000:11:00.1: D0 power state depends on 0000:11:00.0
[    0.438396] PCI: CLS 64 bytes, default 64
[    0.438410] pci 0000:00:00.2: AMD-Vi: IOMMU performance counters supported
[    0.438448] Trying to unpack rootfs image as initramfs...
[    0.438452] pci 0000:00:01.0: Adding to iommu group 0
[    0.438472] pci 0000:00:01.1: Adding to iommu group 1
[    0.438487] pci 0000:00:01.2: Adding to iommu group 2
[    0.438511] pci 0000:00:02.0: Adding to iommu group 3
[    0.438527] pci 0000:00:02.1: Adding to iommu group 4
[    0.438542] pci 0000:00:02.2: Adding to iommu group 5
[    0.438564] pci 0000:00:03.0: Adding to iommu group 6
[    0.438587] pci 0000:00:04.0: Adding to iommu group 7
[    0.438617] pci 0000:00:08.0: Adding to iommu group 8
[    0.438632] pci 0000:00:08.1: Adding to iommu group 9
[    0.438648] pci 0000:00:08.3: Adding to iommu group 10
[    0.438677] pci 0000:00:14.0: Adding to iommu group 11
[    0.438692] pci 0000:00:14.3: Adding to iommu group 11
[    0.438768] pci 0000:00:18.0: Adding to iommu group 12
[    0.438783] pci 0000:00:18.1: Adding to iommu group 12
[    0.438799] pci 0000:00:18.2: Adding to iommu group 12
[    0.438814] pci 0000:00:18.3: Adding to iommu group 12
[    0.438829] pci 0000:00:18.4: Adding to iommu group 12
[    0.438844] pci 0000:00:18.5: Adding to iommu group 12
[    0.438859] pci 0000:00:18.6: Adding to iommu group 12
[    0.438874] pci 0000:00:18.7: Adding to iommu group 12
[    0.438906] pci 0000:01:00.0: Adding to iommu group 13
[    0.438923] pci 0000:01:00.1: Adding to iommu group 13
[    0.438938] pci 0000:02:00.0: Adding to iommu group 14
[    0.438954] pci 0000:03:00.0: Adding to iommu group 15
[    0.438970] pci 0000:04:00.0: Adding to iommu group 16
[    0.438985] pci 0000:04:04.0: Adding to iommu group 17
[    0.439000] pci 0000:04:05.0: Adding to iommu group 18
[    0.439016] pci 0000:04:06.0: Adding to iommu group 19
[    0.439032] pci 0000:04:07.0: Adding to iommu group 20
[    0.439048] pci 0000:04:08.0: Adding to iommu group 21
[    0.439064] pci 0000:04:09.0: Adding to iommu group 22
[    0.439081] pci 0000:04:0a.0: Adding to iommu group 23
[    0.439096] pci 0000:04:0b.0: Adding to iommu group 24
[    0.439111] pci 0000:04:0c.0: Adding to iommu group 25
[    0.439127] pci 0000:04:0d.0: Adding to iommu group 26
[    0.439133] pci 0000:05:00.0: Adding to iommu group 16
[    0.439138] pci 0000:0a:00.0: Adding to iommu group 21
[    0.439143] pci 0000:0c:00.0: Adding to iommu group 23
[    0.439149] pci 0000:0d:00.0: Adding to iommu group 24
[    0.439154] pci 0000:0e:00.0: Adding to iommu group 25
[    0.439160] pci 0000:0f:00.0: Adding to iommu group 26
[    0.439175] pci 0000:10:00.0: Adding to iommu group 27
[    0.439201] pci 0000:11:00.0: Adding to iommu group 28
[    0.439216] pci 0000:11:00.1: Adding to iommu group 29
[    0.439232] pci 0000:11:00.2: Adding to iommu group 30
[    0.439248] pci 0000:11:00.3: Adding to iommu group 31
[    0.439264] pci 0000:11:00.4: Adding to iommu group 32
[    0.439279] pci 0000:11:00.6: Adding to iommu group 33
[    0.439295] pci 0000:12:00.0: Adding to iommu group 34
[    0.442201] AMD-Vi: Extended features (0x246577efa2254afa, 0x0): PPR NX GT [5] IA GA PC GA_vAPIC
[    0.442211] AMD-Vi: Interrupt remapping enabled
[    0.455871] AMD-Vi: Virtual APIC enabled
[    0.455892] PCI-DMA: Using software bounce buffering for IO (SWIOTLB)
[    0.455895] software IO TLB: mapped [mem 0x000000009c7b4000-0x00000000a07b4000] (64MB)
[    0.455928] LVT offset 0 assigned for vector 0x400
[    0.457685] perf: AMD IBS detected (0x00000bff)
[    0.457691] perf/amd_iommu: Detected AMD IOMMU #0 (2 banks, 4 counters/bank).
[    0.458246] Initialise system trusted keyrings
[    0.458254] Key type blacklist registered
[    0.458283] workingset: timestamp_bits=36 max_order=24 bucket_order=0
[    0.458291] zbud: loaded
[    0.458515] squashfs: version 4.0 (2009/01/31) Phillip Lougher
[    0.458582] fuse: init (API version 7.39)
[    0.458673] integrity: Platform Keyring initialized
[    0.458678] integrity: Machine keyring initialized
[    0.465670] Key type asymmetric registered
[    0.465673] Asymmetric key parser 'x509' registered
[    0.465684] Block layer SCSI generic (bsg) driver version 0.4 loaded (major 243)
[    0.465718] io scheduler mq-deadline registered
[    0.466927] pcieport 0000:00:01.1: PME: Signaling with IRQ 30
[    0.467052] pcieport 0000:00:01.2: PME: Signaling with IRQ 31
[    0.467172] pcieport 0000:00:02.1: PME: Signaling with IRQ 32
[    0.467293] pcieport 0000:00:02.2: PME: Signaling with IRQ 33
[    0.467411] pcieport 0000:00:08.1: PME: Signaling with IRQ 34
[    0.467518] pcieport 0000:00:08.3: PME: Signaling with IRQ 35
[    0.468854] shpchp: Standard Hot Plug PCI Controller Driver version: 0.4
[    0.468980] input: Power Button as /devices/LNXSYSTM:00/LNXSYBUS:00/PNP0C0C:00/input/input0
[    0.469000] ACPI: button: Power Button [PWRB]
[    0.469030] input: Power Button as /devices/LNXSYSTM:00/LNXPWRBN:00/input/input1
[    0.469067] ACPI: button: Power Button [PWRF]
[    0.469120] Estimated ratio of average max frequency by base frequency (times 1024): 1214
[    0.469134] Monitor-Mwait will be used to enter C-1 state
[    0.469137] ACPI: \_SB_.PLTF.C000: Found 3 idle states
[    0.469254] ACPI: \_SB_.PLTF.C002: Found 3 idle states
[    0.469370] ACPI: \_SB_.PLTF.C004: Found 3 idle states
[    0.469484] ACPI: \_SB_.PLTF.C006: Found 3 idle states
[    0.469593] ACPI: \_SB_.PLTF.C008: Found 3 idle states
[    0.469703] ACPI: \_SB_.PLTF.C00A: Found 3 idle states
[    0.469816] ACPI: \_SB_.PLTF.C00C: Found 3 idle states
[    0.469926] ACPI: \_SB_.PLTF.C00E: Found 3 idle states
[    0.470044] ACPI: \_SB_.PLTF.C010: Found 3 idle states
[    0.470159] ACPI: \_SB_.PLTF.C012: Found 3 idle states
[    0.470272] ACPI: \_SB_.PLTF.C014: Found 3 idle states
[    0.470386] ACPI: \_SB_.PLTF.C016: Found 3 idle states
[    0.470505] ACPI: \_SB_.PLTF.C018: Found 3 idle states
[    0.470615] ACPI: \_SB_.PLTF.C01A: Found 3 idle states
[    0.470728] ACPI: \_SB_.PLTF.C01C: Found 3 idle states
[    0.470838] ACPI: \_SB_.PLTF.C01E: Found 3 idle states
[    0.470920] ACPI: \_SB_.PLTF.C001: Found 3 idle states
[    0.471020] ACPI: \_SB_.PLTF.C003: Found 3 idle states
[    0.471167] ACPI: \_SB_.PLTF.C005: Found 3 idle states
[    0.471276] ACPI: \_SB_.PLTF.C007: Found 3 idle states
[    0.471376] ACPI: \_SB_.PLTF.C009: Found 3 idle states
[    0.471479] ACPI: \_SB_.PLTF.C00B: Found 3 idle states
[    0.471580] ACPI: \_SB_.PLTF.C00D: Found 3 idle states
[    0.471682] ACPI: \_SB_.PLTF.C00F: Found 3 idle states
[    0.471790] ACPI: \_SB_.PLTF.C011: Found 3 idle states
[    0.471899] ACPI: \_SB_.PLTF.C013: Found 3 idle states
[    0.472008] ACPI: \_SB_.PLTF.C015: Found 3 idle states
[    0.472115] ACPI: \_SB_.PLTF.C017: Found 3 idle states
[    0.472222] ACPI: \_SB_.PLTF.C019: Found 3 idle states
[    0.472329] ACPI: \_SB_.PLTF.C01B: Found 3 idle states
[    0.472440] ACPI: \_SB_.PLTF.C01D: Found 3 idle states
[    0.472550] ACPI: \_SB_.PLTF.C01F: Found 3 idle states
[    0.472784] Serial: 8250/16550 driver, 32 ports, IRQ sharing enabled
[    0.474582] Linux agpgart interface v0.103
[    0.486513] tpm_crb MSFT0101:00: Disabling hwrng
[    0.490274] loop: module loaded
[    0.490486] ACPI: bus type drm_connector registered
[    0.491081] tun: Universal TUN/TAP device driver, 1.6
[    0.491112] PPP generic driver version 2.4.2
[    0.491261] i8042: PNP: No PS/2 controller found.
[    0.491303] mousedev: PS/2 mouse device common for all mice
[    0.491370] rtc_cmos 00:02: RTC can wake from S4
[    0.491563] rtc_cmos 00:02: registered as rtc0
[    0.491589] rtc_cmos 00:02: setting system clock to 2025-04-21T16:52:50 UTC (1745254370)
[    0.491613] rtc_cmos 00:02: alarms up to one month, y3k, 114 bytes nvram
[    0.491621] i2c_dev: i2c /dev entries driver
[    0.491640] device-mapper: core: CONFIG_IMA_DISABLE_HTABLE is disabled. Duplicate IMA measurements will not be recorded in the IMA log.
[    0.491650] device-mapper: uevent: version 1.0.3
[    0.491686] device-mapper: ioctl: 4.48.0-ioctl (2023-03-01) initialised: dm-devel@redhat.com
[    0.491704] platform eisa.0: Probing EISA bus 0
[    0.491709] platform eisa.0: EISA: Cannot allocate resource for mainboard
[    0.491712] platform eisa.0: Cannot allocate resource for EISA slot 1
[    0.491716] platform eisa.0: Cannot allocate resource for EISA slot 2
[    0.491719] platform eisa.0: Cannot allocate resource for EISA slot 3
[    0.491722] platform eisa.0: Cannot allocate resource for EISA slot 4
[    0.491725] platform eisa.0: Cannot allocate resource for EISA slot 5
[    0.491728] platform eisa.0: Cannot allocate resource for EISA slot 6
[    0.491731] platform eisa.0: Cannot allocate resource for EISA slot 7
[    0.491734] platform eisa.0: Cannot allocate resource for EISA slot 8
[    0.491737] platform eisa.0: EISA: Detected 0 cards
[    0.495666] ledtrig-cpu: registered to indicate activity on CPUs
[    0.495902] [drm] Initialized simpledrm 1.0.0 20200625 for simple-framebuffer.0 on minor 0
[    0.499732] Console: switching to colour frame buffer device 160x45
[    0.501719] simple-framebuffer simple-framebuffer.0: [drm] fb0: simpledrmdrmfb frame buffer device
[    0.502939] drop_monitor: Initializing network drop monitor service
[    0.503076] NET: Registered PF_INET6 protocol family
[    0.634356] Freeing initrd memory: 71936K
[    0.637941] Segment Routing with IPv6
[    0.637974] In-situ OAM (IOAM) with IPv6
[    0.638010] NET: Registered PF_PACKET protocol family
[    0.638060] Key type dns_resolver registered
[    0.639923] microcode: Current revision: 0x0a601206
[    0.640385] resctrl: L3 allocation detected
[    0.640401] resctrl: MB allocation detected
[    0.640413] resctrl: SMBA allocation detected
[    0.640424] resctrl: L3 monitoring detected
[    0.640467] IPI shorthand broadcast: enabled
[    0.642023] sched_clock: Marking stable (639963166, 1603809)->(675723766, -34156791)
[    0.642199] registered taskstats version 1
[    0.642796] Loading compiled-in X.509 certificates
[    0.643174] Loaded X.509 cert 'Build time autogenerated kernel key: 97e06c320ea13f9f6032597ec1fbd60aa16c8e09'
[    0.643502] Loaded X.509 cert 'Canonical Ltd. Live Patch Signing: 14df34d1a87cf37625abec039ef2bf521249b969'
[    0.643833] Loaded X.509 cert 'Canonical Ltd. Kernel Module Signing: 88f752e560a1e0737e31163a466ad7b70a850c19'
[    0.644690] blacklist: Loading compiled-in revocation X.509 certificates
[    0.645268] Loaded X.509 cert 'Canonical Ltd. Secure Boot Signing: 61482aa2830d0ab2ad5af10b7250da9033ddcef0'
[    0.645816] Loaded X.509 cert 'Canonical Ltd. Secure Boot Signing (2017): 242ade75ac4a15e50d50c84b0d45ff3eae707a03'
[    0.646349] Loaded X.509 cert 'Canonical Ltd. Secure Boot Signing (ESM 2018): 365188c1d374d6b07c3c8f240f8ef722433d6a8b'
[    0.648509] Loaded X.509 cert 'Canonical Ltd. Secure Boot Signing (2019): c0746fd6c5da3ae827864651ad66ae47fe24b3e8'
[    0.649596] Loaded X.509 cert 'Canonical Ltd. Secure Boot Signing (2021 v1): a8d54bbb3825cfb94fa13c9f8a594a195c107b8d'
[    0.650756] Loaded X.509 cert 'Canonical Ltd. Secure Boot Signing (2021 v2): 4cf046892d6fd3c9a5b03f98d845f90851dc6a8c'
[    0.652135] Loaded X.509 cert 'Canonical Ltd. Secure Boot Signing (2021 v3): 100437bb6de6e469b581e61cd66bce3ef4ed53af'
[    0.653312] Loaded X.509 cert 'Canonical Ltd. Secure Boot Signing (Ubuntu Core 2019): c1d57b8f6b743f23ee41f4f7ee292f06eecadfb9'
[    0.658412] Key type .fscrypt registered
[    0.658906] Key type fscrypt-provisioning registered
[    0.659437] Key type trusted registered
[    0.669141] Key type encrypted registered
[    0.669619] AppArmor: AppArmor sha256 policy hashing enabled
[    0.670154] integrity: Loading X.509 certificate: UEFI:db
[    0.670882] integrity: Loaded X.509 cert 'Microsoft Corporation UEFI CA 2011: 13adbf4309bd82709c8cd54f316ed522988a1bd4'
[    0.671565] integrity: Loading X.509 certificate: UEFI:db
[    0.672324] integrity: Loaded X.509 cert 'Microsoft Windows Production PCA 2011: a92902398e16c49778cd90f99e4f9ae17c55af53'
[    0.673072] integrity: Loading X.509 certificate: UEFI:db
[    0.673872] integrity: Loaded X.509 cert 'Microsoft Corporation: Windows UEFI CA 2023: aefc5fbbbe055d8f8daa585473499417ab5a5272'
[    0.674721] integrity: Loading X.509 certificate: UEFI:db
[    0.675574] integrity: Loaded X.509 cert 'Microsoft UEFI CA 2023: 81aa6b3244c935bce0d6628af39827421e32497d'
[    0.676369] integrity: Loading X.509 certificate: UEFI:db
[    0.677189] integrity: Loaded X.509 cert 'MSI SHIP DB: ebc30d5be5f35f8041c1c2d9e613eee2'
[    0.678897] Loading compiled-in module X.509 certificates
[    0.679890] Loaded X.509 cert 'Build time autogenerated kernel key: 97e06c320ea13f9f6032597ec1fbd60aa16c8e09'
[    0.680614] ima: Allocated hash algorithm: sha256
[    0.715293] ima: No architecture policies found
[    0.715887] evm: Initialising EVM extended attributes:
[    0.716478] evm: security.selinux
[    0.717060] evm: security.SMACK64
[    0.717651] evm: security.SMACK64EXEC
[    0.718231] evm: security.SMACK64TRANSMUTE
[    0.718787] evm: security.SMACK64MMAP
[    0.719341] evm: security.apparmor
[    0.719893] evm: security.ima
[    0.720446] evm: security.capability
[    0.720999] evm: HMAC attrs: 0x1
[    0.721827] PM:   Magic number: 5:602:894
[    0.727574] RAS: Correctable Errors collector initialized.
[    0.728300] clk: Disabling unused clocks
[    0.730054] Freeing unused decrypted memory: 2028K
[    0.731294] Freeing unused kernel image (initmem) memory: 4984K
[    0.731920] Write protecting the kernel read-only data: 36864k
[    0.732784] Freeing unused kernel image (rodata/data gap) memory: 416K
[    0.766052] x86/mm: Checked W+X mappings: passed, no W+X pages found.
[    0.767446] Run /init as init process
[    0.768542]   with arguments:
[    0.768545]     /init
[    0.768547]   with environment:
[    0.768550]     HOME=/
[    0.768551]     TERM=linux
[    0.768552]     BOOT_IMAGE=/boot/vmlinuz-6.8.0-57-generic
[    0.830337] ACPI: video: Video Device [VGA] (multi-head: yes  rom: no  post: no)
[    0.831343] input: Video Bus as /devices/LNXSYSTM:00/LNXSYBUS:00/PNP0A08:00/device:20/LNXVIDEO:00/input/input2
[    0.837508] ahci 0000:0a:00.0: version 3.0
[    0.837837] ahci 0000:0a:00.0: SSS flag set, parallel bus scan disabled
[    0.837992] piix4_smbus 0000:00:14.0: SMBus Host Controller at 0xb00, revision 0
[    0.838021] xhci_hcd 0000:0e:00.0: xHCI Host Controller
[    0.838032] xhci_hcd 0000:0e:00.0: new USB bus registered, assigned bus number 1
[    0.839118] ahci 0000:0a:00.0: AHCI 0001.0200 32 slots 2 ports 6 Gbps 0x3 impl SATA mode
[    0.839785] piix4_smbus 0000:00:14.0: Using register 0x02 for SMBus port selection
[    0.840406] ahci 0000:0a:00.0: flags: 64bit ncq sntf stag led clo pmp pio slum part ccc 
[    0.841134] piix4_smbus 0000:00:14.0: Auxiliary SMBus Host Controller at 0xb20
[    0.842749] scsi host0: ahci
[    0.845973] r8169 0000:0c:00.0: enabling device (0000 -> 0003)
[    0.846291] scsi host1: ahci
[    0.850255] ata1: SATA max UDMA/133 abar m512@0xf6600000 port 0xf6600100 irq 48 lpm-pol 0
[    0.851279] ata2: SATA max UDMA/133 abar m512@0xf6600000 port 0xf6600180 irq 48 lpm-pol 0
[    0.852419] nvme 0000:02:00.0: platform quirk: setting simple suspend
[    0.852608] nvme 0000:05:00.0: platform quirk: setting simple suspend
[    0.852737] nvme nvme0: pci function 0000:10:00.0
[    0.852919] ahci 0000:0f:00.0: SSS flag set, parallel bus scan disabled
[    0.852947] ahci 0000:0f:00.0: AHCI 0001.0301 32 slots 6 ports 6 Gbps 0xf impl SATA mode
[    0.852950] ahci 0000:0f:00.0: flags: 64bit ncq sntf stag pm led clo only pmp pio slum part sxs deso sadm sds apst 
[    0.854288] scsi host2: ahci
[    0.854425] scsi host3: ahci
[    0.854562] scsi host4: ahci
[    0.854722] nvme nvme1: pci function 0000:02:00.0
[    0.854784] scsi host5: ahci
[    0.854905] scsi host6: ahci
[    0.855049] scsi host7: ahci
[    0.855228] ata3: SATA max UDMA/133 abar m1024@0xf6280000 port 0xf6280100 irq 49 lpm-pol 0
[    0.855233] ata4: SATA max UDMA/133 abar m1024@0xf6280000 port 0xf6280180 irq 49 lpm-pol 0
[    0.855236] ata5: SATA max UDMA/133 abar m1024@0xf6280000 port 0xf6280200 irq 49 lpm-pol 0
[    0.855238] ata6: SATA max UDMA/133 abar m1024@0xf6280000 port 0xf6280280 irq 49 lpm-pol 0
[    0.855240] ata7: DUMMY
[    0.855241] ata8: DUMMY
[    0.855750] nvme nvme2: pci function 0000:05:00.0
[    0.857688] r8169 0000:0c:00.0 eth0: RTL8125B, d8:43:ae:91:18:49, XID 641, IRQ 51
[    0.872436] r8169 0000:0c:00.0 eth0: jumbo features [frames: 9194 bytes, tx checksumming: ko]
[    0.873924] nvme nvme1: 32/0/0 default/read/poll queues
[    0.877591] nvme nvme2: 32/0/0 default/read/poll queues
[    0.878042]  nvme1n1: p1 p2 p3
[    0.881520]  nvme2n1: p1 p2
[    0.894130] xhci_hcd 0000:0e:00.0: hcc params 0x0200ef81 hci version 0x110 quirks 0x0000000000000010
[    0.895059] xhci_hcd 0000:0e:00.0: xHCI Host Controller
[    0.895846] xhci_hcd 0000:0e:00.0: new USB bus registered, assigned bus number 2
[    0.896577] xhci_hcd 0000:0e:00.0: Host supports USB 3.2 Enhanced SuperSpeed
[    0.897361] usb usb1: New USB device found, idVendor=1d6b, idProduct=0002, bcdDevice= 6.08
[    0.898025] usb usb1: New USB device strings: Mfr=3, Product=2, SerialNumber=1
[    0.898720] usb usb1: Product: xHCI Host Controller
[    0.899406] usb usb1: Manufacturer: Linux 6.8.0-57-generic xhci-hcd
[    0.900044] usb usb1: SerialNumber: 0000:0e:00.0
[    0.900787] hub 1-0:1.0: USB hub found
[    0.901463] hub 1-0:1.0: 12 ports detected
[    0.902595] usb usb2: We don't know the algorithms for LPM for this host, disabling LPM.
[    0.903269] usb usb2: New USB device found, idVendor=1d6b, idProduct=0003, bcdDevice= 6.08
[    0.903825] usb usb2: New USB device strings: Mfr=3, Product=2, SerialNumber=1
[    0.904460] usb usb2: Product: xHCI Host Controller
[    0.905022] usb usb2: Manufacturer: Linux 6.8.0-57-generic xhci-hcd
[    0.905693] usb usb2: SerialNumber: 0000:0e:00.0
[    0.906449] hub 2-0:1.0: USB hub found
[    0.907076] hub 2-0:1.0: 5 ports detected
[    0.908020] xhci_hcd 0000:11:00.3: xHCI Host Controller
[    0.908668] xhci_hcd 0000:11:00.3: new USB bus registered, assigned bus number 3
[    0.909740] xhci_hcd 0000:11:00.3: hcc params 0x0120ffc5 hci version 0x120 quirks 0x0000000200000010
[    0.910892] xhci_hcd 0000:11:00.3: xHCI Host Controller
[    0.911463] xhci_hcd 0000:11:00.3: new USB bus registered, assigned bus number 4
[    0.912125] xhci_hcd 0000:11:00.3: Host supports USB 3.1 Enhanced SuperSpeed
[    0.912775] usb usb3: New USB device found, idVendor=1d6b, idProduct=0002, bcdDevice= 6.08
[    0.913355] usb usb3: New USB device strings: Mfr=3, Product=2, SerialNumber=1
[    0.914013] usb usb3: Product: xHCI Host Controller
[    0.914698] usb usb3: Manufacturer: Linux 6.8.0-57-generic xhci-hcd
[    0.915308] usb usb3: SerialNumber: 0000:11:00.3
[    0.916010] hub 3-0:1.0: USB hub found
[    0.916709] hub 3-0:1.0: 2 ports detected
[    0.919096] usb usb4: We don't know the algorithms for LPM for this host, disabling LPM.
[    0.919641] usb usb4: New USB device found, idVendor=1d6b, idProduct=0003, bcdDevice= 6.08
[    0.920288] usb usb4: New USB device strings: Mfr=3, Product=2, SerialNumber=1
[    0.920956] usb usb4: Product: xHCI Host Controller
[    0.921677] usb usb4: Manufacturer: Linux 6.8.0-57-generic xhci-hcd
[    0.922438] usb usb4: SerialNumber: 0000:11:00.3
[    0.923249] hub 4-0:1.0: USB hub found
[    0.923931] hub 4-0:1.0: 2 ports detected
[    0.926563] xhci_hcd 0000:11:00.4: xHCI Host Controller
[    0.927255] xhci_hcd 0000:11:00.4: new USB bus registered, assigned bus number 5
[    0.928412] xhci_hcd 0000:11:00.4: hcc params 0x0120ffc5 hci version 0x120 quirks 0x0000000200000010
[    0.929748] xhci_hcd 0000:11:00.4: xHCI Host Controller
[    0.930533] xhci_hcd 0000:11:00.4: new USB bus registered, assigned bus number 6
[    0.931012] nvme nvme0: 32/0/0 default/read/poll queues
[    0.931100] xhci_hcd 0000:11:00.4: Host supports USB 3.1 Enhanced SuperSpeed
[    0.932714] usb usb5: New USB device found, idVendor=1d6b, idProduct=0002, bcdDevice= 6.08
[    0.933468] usb usb5: New USB device strings: Mfr=3, Product=2, SerialNumber=1
[    0.934143] usb usb5: Product: xHCI Host Controller
[    0.934828] usb usb5: Manufacturer: Linux 6.8.0-57-generic xhci-hcd
[    0.935584] usb usb5: SerialNumber: 0000:11:00.4
[    0.936426] hub 5-0:1.0: USB hub found
[    0.937224] hub 5-0:1.0: 2 ports detected
[    0.937301] nvme nvme0: Ignoring bogus Namespace Identifiers
[    0.939609] usb usb6: We don't know the algorithms for LPM for this host, disabling LPM.
[    0.940321] usb usb6: New USB device found, idVendor=1d6b, idProduct=0003, bcdDevice= 6.08
[    0.940884]  nvme0n1: p1 p2
[    0.941018] usb usb6: New USB device strings: Mfr=3, Product=2, SerialNumber=1
[    0.943017] usb usb6: Product: xHCI Host Controller
[    0.943692] usb usb6: Manufacturer: Linux 6.8.0-57-generic xhci-hcd
[    0.944474] usb usb6: SerialNumber: 0000:11:00.4
[    0.945329] hub 6-0:1.0: USB hub found
[    0.946091] hub 6-0:1.0: 2 ports detected
[    0.948710] xhci_hcd 0000:12:00.0: xHCI Host Controller
[    0.949645] xhci_hcd 0000:12:00.0: new USB bus registered, assigned bus number 7
[    0.952827] xhci_hcd 0000:12:00.0: USB3 root hub has no ports
[    0.954735] xhci_hcd 0000:12:00.0: hcc params 0x0110ffc5 hci version 0x120 quirks 0x0000000200000010
[    0.956182] xhci_hcd 0000:12:00.0: xHCI Host Controller
[    0.957198] xhci_hcd 0000:12:00.0: new USB bus registered, assigned bus number 8
[    0.958185] xhci_hcd 0000:12:00.0: Host supports USB 3.0 SuperSpeed
[    0.959228] usb usb7: New USB device found, idVendor=1d6b, idProduct=0002, bcdDevice= 6.08
[    0.960230] usb usb7: New USB device strings: Mfr=3, Product=2, SerialNumber=1
[    0.961225] usb usb7: Product: xHCI Host Controller
[    0.962204] usb usb7: Manufacturer: Linux 6.8.0-57-generic xhci-hcd
[    0.963182] usb usb7: SerialNumber: 0000:12:00.0
[    0.964252] hub 7-0:1.0: USB hub found
[    0.965253] hub 7-0:1.0: 1 port detected
[    0.967074] usb usb8: We don't know the algorithms for LPM for this host, disabling LPM.
[    0.968070] usb usb8: New USB device found, idVendor=1d6b, idProduct=0003, bcdDevice= 6.08
[    0.969044] usb usb8: New USB device strings: Mfr=3, Product=2, SerialNumber=1
[    0.970023] usb usb8: Product: xHCI Host Controller
[    0.970997] usb usb8: Manufacturer: Linux 6.8.0-57-generic xhci-hcd
[    0.971971] usb usb8: SerialNumber: 0000:12:00.0
[    0.973034] hub 8-0:1.0: USB hub found
[    0.974039] hub 8-0:1.0: config failed, hub doesn't have any ports! (err -19)
[    1.158995] ata3: SATA link down (SStatus 0 SControl 300)
[    1.159006] ata1: SATA link down (SStatus 0 SControl 300)
[    1.202658] usb 1-2: new high-speed USB device number 2 using xhci_hcd
[    1.470744] ata2: SATA link down (SStatus 0 SControl 300)
[    1.473622] tsc: Refined TSC clocksource calibration: 4199.980 MHz
[    1.474458] clocksource: tsc: mask: 0xffffffffffffffff max_cycles: 0x3c8a4e88b79, max_idle_ns: 440795278082 ns
[    1.475205] clocksource: Switched to clocksource tsc
[    1.481772] usb 1-2: New USB device found, idVendor=0c45, idProduct=6367, bcdDevice= 1.00
[    1.482550] usb 1-2: New USB device strings: Mfr=2, Product=1, SerialNumber=3
[    1.483128] usb 1-2: Product: HCAM01N
[    1.483673] usb 1-2: Manufacturer: Sonix Technology Co., Ltd.
[    1.484223] usb 1-2: SerialNumber: SN0001
[    1.517470] usb 2-5: new SuperSpeed USB device number 2 using xhci_hcd
[    1.533280] usb 2-5: New USB device found, idVendor=174c, idProduct=3074, bcdDevice= 0.01
[    1.533830] usb 2-5: New USB device strings: Mfr=2, Product=3, SerialNumber=0
[    1.534360] usb 2-5: Product: ASM107x
[    1.534878] usb 2-5: Manufacturer: Asmedia
[    1.543071] hub 2-5:1.0: USB hub found
[    1.543869] hub 2-5:1.0: 4 ports detected
[    1.707621] usb 1-4: new full-speed USB device number 3 using xhci_hcd
[    1.782942] ata4: SATA link down (SStatus 0 SControl 300)
[    2.075560] usb 1-4: New USB device found, idVendor=3151, idProduct=4015, bcdDevice= 1.04
[    2.076824] usb 1-4: New USB device strings: Mfr=1, Product=2, SerialNumber=0
[    2.077568] usb 1-4: Product: MonsGeek Keyboard
[    2.078112] usb 1-4: Manufacturer: ROYUAN
[    2.095011] ata5: SATA link down (SStatus 0 SControl 300)
[    2.271619] usb 1-5: new high-speed USB device number 4 using xhci_hcd
[    2.406995] ata6: SATA link down (SStatus 0 SControl 300)
[    2.424615] r8169 0000:0c:00.0 enp12s0: renamed from eth0
[    2.525785] usb 1-5: New USB device found, idVendor=174c, idProduct=2074, bcdDevice= 0.01
[    2.526814] usb 1-5: New USB device strings: Mfr=2, Product=3, SerialNumber=0
[    2.527841] usb 1-5: Product: ASM107x
[    2.528567] usb 1-5: Manufacturer: Asmedia
[    2.539817] hub 1-5:1.0: USB hub found
[    2.544775] hub 1-5:1.0: 4 ports detected
[    2.753619] usb 1-6: new high-speed USB device number 5 using xhci_hcd
[    4.598794] usb 1-6: New USB device found, idVendor=0db0, idProduct=422d, bcdDevice= 0.01
[    4.600465] usb 1-6: New USB device strings: Mfr=3, Product=1, SerialNumber=0
[    4.601030] usb 1-6: Product: USB Audio
[    4.601567] usb 1-6: Manufacturer: Generic
[    4.834619] usb 1-7: new high-speed USB device number 6 using xhci_hcd
[    5.055797] usb 1-7: New USB device found, idVendor=0e8d, idProduct=0616, bcdDevice= 1.00
[    5.057859] usb 1-7: New USB device strings: Mfr=5, Product=6, SerialNumber=7
[    5.058720] usb 1-7: Product: Wireless_Device
[    5.059251] usb 1-7: Manufacturer: MediaTek Inc.
[    5.059770] usb 1-7: SerialNumber: 000000000
[    5.283619] usb 1-10: new full-speed USB device number 7 using xhci_hcd
[    5.572312] usb 1-10: New USB device found, idVendor=1462, idProduct=7d75, bcdDevice= 0.01
[    5.574280] usb 1-10: New USB device strings: Mfr=1, Product=2, SerialNumber=3
[    5.574853] usb 1-10: Product: MYSTIC LIGHT 
[    5.575376] usb 1-10: Manufacturer: MSI
[    5.575881] usb 1-10: SerialNumber: 7D7522120106
[    5.769619] usb 1-12: new high-speed USB device number 8 using xhci_hcd
[    5.981794] usb 1-12: New USB device found, idVendor=05e3, idProduct=0608, bcdDevice=60.70
[    5.983195] usb 1-12: New USB device strings: Mfr=0, Product=1, SerialNumber=0
[    5.983780] usb 1-12: Product: USB2.0 Hub
[    5.997847] hub 1-12:1.0: USB hub found
[    6.001795] hub 1-12:1.0: 4 ports detected
[    6.026225] hid: raw HID events driver (C) Jiri Kosina
[    6.058357] usbcore: registered new interface driver usbhid
[    6.058895] usbhid: USB HID core driver
[    6.061021] input: ROYUAN MonsGeek Keyboard as /devices/pci0000:00/0000:00:02.1/0000:03:00.0/0000:04:0c.0/0000:0e:00.0/usb1/1-4/1-4:1.0/0003:3151:4015.0001/input/input3
[    6.113715] hid-generic 0003:3151:4015.0001: input,hidraw0: USB HID v1.11 Keyboard [ROYUAN MonsGeek Keyboard] on usb-0000:0e:00.0-4/input0
[    6.114594] input: ROYUAN MonsGeek Keyboard Consumer Control as /devices/pci0000:00/0000:00:02.1/0000:03:00.0/0000:04:0c.0/0000:0e:00.0/usb1/1-4/1-4:1.1/0003:3151:4015.0002/input/input4
[    6.167702] input: ROYUAN MonsGeek Keyboard System Control as /devices/pci0000:00/0000:00:02.1/0000:03:00.0/0000:04:0c.0/0000:0e:00.0/usb1/1-4/1-4:1.1/0003:3151:4015.0002/input/input5
[    6.169324] input: ROYUAN MonsGeek Keyboard as /devices/pci0000:00/0000:00:02.1/0000:03:00.0/0000:04:0c.0/0000:0e:00.0/usb1/1-4/1-4:1.1/0003:3151:4015.0002/input/input6
[    6.171361] input: ROYUAN MonsGeek Keyboard Mouse as /devices/pci0000:00/0000:00:02.1/0000:03:00.0/0000:04:0c.0/0000:0e:00.0/usb1/1-4/1-4:1.1/0003:3151:4015.0002/input/input7
[    6.173396] input: ROYUAN MonsGeek Keyboard as /devices/pci0000:00/0000:00:02.1/0000:03:00.0/0000:04:0c.0/0000:0e:00.0/usb1/1-4/1-4:1.1/0003:3151:4015.0002/input/input8
[    6.175571] hid-generic 0003:3151:4015.0002: input,hiddev0,hidraw1: USB HID v1.11 Keyboard [ROYUAN MonsGeek Keyboard] on usb-0000:0e:00.0-4/input1
[    6.176694] hid-generic 0003:3151:4015.0003: hiddev1,hidraw2: USB HID v1.11 Device [ROYUAN MonsGeek Keyboard] on usb-0000:0e:00.0-4/input2
[    6.177888] hid-generic 0003:0DB0:422D.0004: hiddev2,hidraw3: USB HID v1.11 Device [Generic USB Audio] on usb-0000:0e:00.0-6/input7
[    6.179172] input: MSI MYSTIC LIGHT  as /devices/pci0000:00/0000:00:02.1/0000:03:00.0/0000:04:0c.0/0000:0e:00.0/usb1/1-10/1-10:1.0/0003:1462:7D75.0005/input/input9
[    6.181523] hid-generic 0003:1462:7D75.0005: input,hiddev3,hidraw4: USB HID v1.10 Device [MSI MYSTIC LIGHT ] on usb-0000:0e:00.0-10/input0
[    6.246482] EXT4-fs (nvme0n1p1): mounted filesystem b5e84f74-7532-4797-9ff4-9a3261f84236 ro with ordered data mode. Quota mode: none.
[    6.316626] systemd[1]: RTC configured in localtime, applying delta of 540 minutes to system time.
[    6.324219] systemd[1]: Inserted module 'autofs4'
[    6.339013] systemd[1]: systemd 249.11-0ubuntu3.15 running in system mode (+PAM +AUDIT +SELINUX +APPARMOR +IMA +SMACK +SECCOMP +GCRYPT +GNUTLS +OPENSSL +ACL +BLKID +CURL +ELFUTILS +FIDO2 +IDN2 -IDN +IPTC +KMOD +LIBCRYPTSETUP +LIBFDISK +PCRE2 -PWQUALITY -P11KIT -QRENCODE +BZIP2 +LZ4 +XZ +ZLIB +ZSTD -XKBCOMMON +UTMP +SYSVINIT default-hierarchy=unified)
[    6.339608] usb 1-12.2: new full-speed USB device number 9 using xhci_hcd
[    6.341878] systemd[1]: Detected architecture x86-64.
[    6.347976] systemd[1]: Hostname set to <layfort-MS-7D75>.
[    6.374458] block nvme0n1: the capability attribute has been deprecated.
[    6.396892] systemd[1]: Configuration file /run/systemd/system/netplan-ovs-cleanup.service is marked world-inaccessible. This has no effect as configuration data is accessible via APIs without restrictions. Proceeding anyway.
[    6.408981] systemd[1]: /lib/systemd/system/snapd.service:23: Unknown key name 'RestartMode' in section 'Service', ignoring.
[    6.435218] systemd[1]: Queued start job for default target Graphical Interface.
[    6.452042] systemd[1]: Created slice Slice /system/modprobe.
[    6.454218] systemd[1]: Created slice Slice /system/postgresql.
[    6.458017] systemd[1]: Created slice Slice /system/systemd-fsck.
[    6.461369] systemd[1]: Created slice User and Session Slice.
[    6.463073] systemd[1]: Started Forward Password Requests to Wall Directory Watch.
[    6.466492] systemd[1]: Set up automount Arbitrary Executable File Formats File System Automount Point.
[    6.468124] systemd[1]: Reached target User and Group Name Lookups.
[    6.470086] systemd[1]: Reached target Remote File Systems.
[    6.472199] systemd[1]: Reached target Slice Units.
[    6.474320] systemd[1]: Reached target Mounting snaps.
[    6.476272] systemd[1]: Reached target Local Verity Protected Volumes.
[    6.478417] systemd[1]: Listening on Syslog Socket.
[    6.480532] systemd[1]: Listening on fsck to fsckd communication Socket.
[    6.482507] systemd[1]: Listening on initctl Compatibility Named Pipe.
[    6.484487] systemd[1]: Listening on Journal Audit Socket.
[    6.486583] systemd[1]: Listening on Journal Socket (/dev/log).
[    6.488582] systemd[1]: Listening on Journal Socket.
[    6.490625] systemd[1]: Listening on udev Control Socket.
[    6.492437] systemd[1]: Listening on udev Kernel Socket.
[    6.504665] systemd[1]: Mounting Huge Pages File System...
[    6.507561] systemd[1]: Mounting POSIX Message Queue File System...
[    6.510152] systemd[1]: Mounting Kernel Debug File System...
[    6.512407] systemd[1]: Mounting Kernel Trace File System...
[    6.515337] systemd[1]: Starting Journal Service...
[    6.517599] systemd[1]: Starting Set the console keyboard layout...
[    6.519336] systemd[1]: Starting Create List of Static Device Nodes...
[    6.522082] systemd[1]: Starting Load Kernel Module configfs...
[    6.524360] systemd[1]: Starting Load Kernel Module drm...
[    6.526591] systemd[1]: Starting Load Kernel Module efi_pstore...
[    6.528847] systemd[1]: Starting Load Kernel Module fuse...
[    6.529747] pstore: Using crash dump compression: deflate
[    6.530999] pstore: Registered efi_pstore as persistent store backend
[    6.531961] systemd[1]: Condition check resulted in File System Check on Root Device being skipped.
[    6.533854] systemd[1]: Starting Load Kernel Modules...
[    6.536278] systemd[1]: Starting Remount Root and Kernel File Systems...
[    6.539249] systemd[1]: Starting Coldplug All udev Devices...
[    6.541864] systemd[1]: Mounted Huge Pages File System.
[    6.542398] lp: driver loaded but no devices found
[    6.544854] systemd[1]: Mounted POSIX Message Queue File System.
[    6.546643] systemd[1]: Mounted Kernel Debug File System.
[    6.546893] ppdev: user-space parallel port driver
[    6.549327] systemd[1]: Mounted Kernel Trace File System.
[    6.551359] systemd[1]: Finished Set the console keyboard layout.
[    6.553255] systemd[1]: Finished Create List of Static Device Nodes.
[    6.555186] systemd[1]: modprobe@configfs.service: Deactivated successfully.
[    6.556286] systemd[1]: Finished Load Kernel Module configfs.
[    6.557956] systemd[1]: modprobe@drm.service: Deactivated successfully.
[    6.558975] systemd[1]: Finished Load Kernel Module drm.
[    6.560876] systemd[1]: modprobe@efi_pstore.service: Deactivated successfully.
[    6.561960] systemd[1]: Finished Load Kernel Module efi_pstore.
[    6.563766] EXT4-fs (nvme0n1p1): re-mounted b5e84f74-7532-4797-9ff4-9a3261f84236 r/w. Quota mode: none.
[    6.563881] systemd[1]: modprobe@fuse.service: Deactivated successfully.
[    6.565853] systemd[1]: Finished Load Kernel Module fuse.
[    6.567915] systemd[1]: Started Journal Service.
[    6.575806] Adding 2097148k swap on /swapfile.  Priority:-2 extents:16 across:1445068800k SS
[    6.582455] systemd-journald[536]: Received client request to flush runtime journal.
[    6.607294] loop0: detected capacity change from 0 to 8
[    6.609322] loop1: detected capacity change from 0 to 151312
[    6.611066] loop2: detected capacity change from 0 to 151320
[    6.612628] loop3: detected capacity change from 0 to 495616
[    6.614091] loop4: detected capacity change from 0 to 495608
[    6.615442] loop5: detected capacity change from 0 to 1034424
[    6.616914] loop6: detected capacity change from 0 to 1056784
[    6.618342] loop7: detected capacity change from 0 to 187776
[    6.620525] loop8: detected capacity change from 0 to 26472
[    6.621861] loop9: detected capacity change from 0 to 24984
[    6.623310] loop10: detected capacity change from 0 to 91008
[    6.624624] loop11: detected capacity change from 0 to 91024
[    6.626436] loop12: detected capacity change from 0 to 1128
[    6.627723] loop13: detected capacity change from 0 to 1136
[    6.675791] usb 1-12.2: New USB device found, idVendor=3633, idProduct=0008, bcdDevice= 2.00
[    6.675794] usb 1-12.2: New USB device strings: Mfr=1, Product=2, SerialNumber=3
[    6.675796] usb 1-12.2: Product: AG-DIGITAL
[    6.675797] usb 1-12.2: Manufacturer: DeepCool
[    6.675799] usb 1-12.2: SerialNumber: 100877296484
[    6.725491] hid-generic 0003:3633:0008.0006: hiddev4,hidraw5: USB HID v1.10 Device [DeepCool AG-DIGITAL] on usb-0000:0e:00.0-12.2/input0
[    6.725521] ccp 0000:11:00.2: enabling device (0000 -> 0002)
[    6.727164] ccp 0000:11:00.2: tee enabled
[    6.728794] ccp 0000:11:00.2: psp enabled
[    6.807612] usb 1-12.3: new full-speed USB device number 10 using xhci_hcd
[    6.839258] mc: Linux media interface: v0.10
[    6.840056] cfg80211: Loading compiled-in X.509 certificates for regulatory database
[    6.840235] Loaded X.509 cert 'sforshee: 00b28ddf47aef9cea7'
[    6.840334] Loaded X.509 cert 'wens: 61c038651aabdcf94bd0ac7ff06c7248db18c600'
[    6.841698] RAPL PMU: API unit is 2^-32 Joules, 1 fixed counters, 163840 ms ovfl timer
[    6.841702] RAPL PMU: hw unit of domain package 2^-16 Joules
[    6.845198] cryptd: max_cpu_qlen set to 1000
[    6.846305] nvidia: loading out-of-tree module taints kernel.
[    6.846310] nvidia: module license 'NVIDIA' taints kernel.
[    6.846311] Disabling lock debugging due to kernel taint
[    6.846313] nvidia: module license taints kernel.
[    6.851036] AVX2 version of gcm_enc/dec engaged.
[    6.851095] AES CTR mode by8 optimization enabled
[    6.851730] videodev: Linux video capture interface: v2.00
[    6.867252] Bluetooth: Core ver 2.22
[    6.929293] nvidia-nvlink: Nvlink Core is being initialized, major device number 510

[    6.931028] nvidia 0000:01:00.0: vgaarb: VGA decodes changed: olddecodes=io+mem,decodes=none:owns=none
[    6.936494] snd_hda_intel 0000:01:00.1: enabling device (0000 -> 0002)
[    6.936539] snd_hda_intel 0000:01:00.1: Disabling MSI
[    6.936545] snd_hda_intel 0000:01:00.1: Handle vga_switcheroo audio client
[    6.936633] snd_hda_intel 0000:11:00.1: enabling device (0000 -> 0002)
[    6.936698] snd_hda_intel 0000:11:00.1: Handle vga_switcheroo audio client
[    6.936763] snd_hda_intel 0000:11:00.6: enabling device (0000 -> 0002)
[    6.937647] NET: Registered PF_BLUETOOTH protocol family
[    6.937650] Bluetooth: HCI device and connection manager initialized
[    6.937652] Bluetooth: HCI socket layer initialized
[    6.937654] Bluetooth: L2CAP socket layer initialized
[    6.937658] Bluetooth: SCO socket layer initialized
[    6.940948] snd_hda_intel 0000:11:00.6: no codecs found!
[    6.945830] usb 1-2: Found UVC 1.00 device HCAM01N (0c45:6367)
[    6.953679] audit: type=1400 audit(1745221976.961:2): apparmor="STATUS" operation="profile_load" profile="unconfined" name="libreoffice-xpdfimport" pid=791 comm="apparmor_parser"
[    6.953715] audit: type=1400 audit(1745221976.961:3): apparmor="STATUS" operation="profile_load" profile="unconfined" name="libreoffice-senddoc" pid=789 comm="apparmor_parser"
[    6.953853] audit: type=1400 audit(1745221976.961:4): apparmor="STATUS" operation="profile_load" profile="unconfined" name="libreoffice-oosplash" pid=788 comm="apparmor_parser"
[    6.954015] audit: type=1400 audit(1745221976.961:5): apparmor="STATUS" operation="profile_load" profile="unconfined" name="nvidia_modprobe" pid=781 comm="apparmor_parser"
[    6.954019] audit: type=1400 audit(1745221976.961:6): apparmor="STATUS" operation="profile_load" profile="unconfined" name="nvidia_modprobe//kmod" pid=781 comm="apparmor_parser"
[    6.954046] audit: type=1400 audit(1745221976.961:7): apparmor="STATUS" operation="profile_load" profile="unconfined" name="lsb_release" pid=780 comm="apparmor_parser"
[    6.954185] audit: type=1400 audit(1745221976.961:8): apparmor="STATUS" operation="profile_load" profile="unconfined" name="/usr/libexec/ibus-engine-hangul" pid=793 comm="apparmor_parser"
[    6.954297] audit: type=1400 audit(1745221976.961:9): apparmor="STATUS" operation="profile_load" profile="unconfined" name="/usr/bin/man" pid=786 comm="apparmor_parser"
[    6.954300] audit: type=1400 audit(1745221976.961:10): apparmor="STATUS" operation="profile_load" profile="unconfined" name="man_filter" pid=786 comm="apparmor_parser"
[    6.954302] audit: type=1400 audit(1745221976.961:11): apparmor="STATUS" operation="profile_load" profile="unconfined" name="man_groff" pid=786 comm="apparmor_parser"
[    6.974645] NVRM: loading NVIDIA UNIX x86_64 Kernel Module  550.120  Fri Sep 13 10:10:01 UTC 2024
[    6.987258] nvidia-modeset: Loading NVIDIA Kernel Mode Setting Driver for UNIX platforms  550.120  Fri Sep 13 10:01:25 UTC 2024
[    6.987976] usbcore: registered new interface driver btusb
[    6.992590] mt7921e 0000:0d:00.0: enabling device (0000 -> 0002)
[    6.997826] Bluetooth: hci0: HW/SW Version: 0x008a008a, Build Time: 20231120183620
[    7.000624] mt7921e 0000:0d:00.0: ASIC revision: 79220010
[    7.012607] input: HDA NVidia HDMI/DP,pcm=3 as /devices/pci0000:00/0000:00:01.1/0000:01:00.1/sound/card0/input14
[    7.012693] input: HDA NVidia HDMI/DP,pcm=7 as /devices/pci0000:00/0000:00:01.1/0000:01:00.1/sound/card0/input15
[    7.012803] input: HDA NVidia HDMI/DP,pcm=8 as /devices/pci0000:00/0000:00:01.1/0000:01:00.1/sound/card0/input16
