[    0.000000] Linux version 6.8.0-57-generic (buildd@lcy02-amd64-104) (x86_64-linux-gnu-gcc-12 (Ubuntu 12.3.0-1ubuntu1~22.04) 12.3.0, GNU ld (GNU Binutils for Ubuntu) 2.38) #59~22.04.1-Ubuntu SMP PREEMPT_DYNAMIC Wed Mar 19 17:07:41 UTC 2 (Ubuntu 6.8.0-57.59~22.04.1-generic 6.8.12)
[    0.000000] Command line: BOOT_IMAGE=/boot/vmlinuz-6.8.0-57-generic root=UUID=b5e84f74-7532-4797-9ff4-9a3261f84236 ro memmap=16G$48G isolcpus=10,11,12,13
[    0.000000] KERNEL supported cpus:
[    0.000000]   Intel GenuineIntel
[    0.000000]   AMD AuthenticAMD
[    0.000000]   Hygon HygonGenuine
[    0.000000]   Centaur CentaurHauls
[    0.000000]   zhaoxin   Shanghai  
[    0.000000] BIOS-provided physical RAM map:
[    0.000000] BIOS-e820: [mem 0x0000000000000000-0x000000000009ffff] usable
[    0.000000] BIOS-e820: [mem 0x00000000000a0000-0x00000000000fffff] reserved
[    0.000000] BIOS-e820: [mem 0x0000000000100000-0x0000000009e01fff] usable
[    0.000000] BIOS-e820: [mem 0x0000000009e02000-0x0000000009ffffff] reserved
[    0.000000] BIOS-e820: [mem 0x000000000a000000-0x000000000a1fffff] usable
[    0.000000] BIOS-e820: [mem 0x000000000a200000-0x000000000a20ffff] ACPI NVS
[    0.000000] BIOS-e820: [mem 0x000000000a210000-0x000000000affffff] usable
[    0.000000] BIOS-e820: [mem 0x000000000b000000-0x000000000b020fff] reserved
[    0.000000] BIOS-e820: [mem 0x000000000b021000-0x00000000ac58cfff] usable
[    0.000000] BIOS-e820: [mem 0x00000000ac58d000-0x00000000b258cfff] reserved
[    0.000000] BIOS-e820: [mem 0x00000000b258d000-0x00000000b266efff] ACPI data
[    0.000000] BIOS-e820: [mem 0x00000000b266f000-0x00000000b466efff] ACPI NVS
[    0.000000] BIOS-e820: [mem 0x00000000b466f000-0x00000000ba5fefff] reserved
[    0.000000] BIOS-e820: [mem 0x00000000ba5ff000-0x00000000bbff8fff] usable
[    0.000000] BIOS-e820: [mem 0x00000000bbff9000-0x00000000bbffdfff] reserved
[    0.000000] BIOS-e820: [mem 0x00000000bbffe000-0x00000000bbffffff] usable
[    0.000000] BIOS-e820: [mem 0x00000000bc000000-0x00000000bcffffff] reserved
[    0.000000] BIOS-e820: [mem 0x00000000bd7f3000-0x00000000bfffffff] reserved
[    0.000000] BIOS-e820: [mem 0x00000000e0000000-0x00000000efffffff] reserved
[    0.000000] BIOS-e820: [mem 0x00000000f7000000-0x00000000ffffffff] reserved
[    0.000000] BIOS-e820: [mem 0x0000000100000000-0x000000101de7ffff] usable
[    0.000000] BIOS-e820: [mem 0x000000101eec0000-0x00000010601fffff] reserved
[    0.000000] BIOS-e820: [mem 0x000000fd00000000-0x000000ffffffffff] reserved
[    0.000000] NX (Execute Disable) protection: active
[    0.000000] APIC: Static calls initialized
[    0.000000] e820: update [mem 0xa6da9018-0xa6dcdc57] usable ==> usable
[    0.000000] e820: update [mem 0xa6da9018-0xa6dcdc57] usable ==> usable
[    0.000000] e820: update [mem 0xa6ed5018-0xa6edfe57] usable ==> usable
[    0.000000] e820: update [mem 0xa6ed5018-0xa6edfe57] usable ==> usable
[    0.000000] extended physical RAM map:
[    0.000000] reserve setup_data: [mem 0x0000000000000000-0x000000000009ffff] usable
[    0.000000] reserve setup_data: [mem 0x00000000000a0000-0x00000000000fffff] reserved
[    0.000000] reserve setup_data: [mem 0x0000000000100000-0x0000000009e01fff] usable
[    0.000000] reserve setup_data: [mem 0x0000000009e02000-0x0000000009ffffff] reserved
[    0.000000] reserve setup_data: [mem 0x000000000a000000-0x000000000a1fffff] usable
[    0.000000] reserve setup_data: [mem 0x000000000a200000-0x000000000a20ffff] ACPI NVS
[    0.000000] reserve setup_data: [mem 0x000000000a210000-0x000000000affffff] usable
[    0.000000] reserve setup_data: [mem 0x000000000b000000-0x000000000b020fff] reserved
[    0.000000] reserve setup_data: [mem 0x000000000b021000-0x00000000a6da9017] usable
[    0.000000] reserve setup_data: [mem 0x00000000a6da9018-0x00000000a6dcdc57] usable
[    0.000000] reserve setup_data: [mem 0x00000000a6dcdc58-0x00000000a6ed5017] usable
[    0.000000] reserve setup_data: [mem 0x00000000a6ed5018-0x00000000a6edfe57] usable
[    0.000000] reserve setup_data: [mem 0x00000000a6edfe58-0x00000000ac58cfff] usable
[    0.000000] reserve setup_data: [mem 0x00000000ac58d000-0x00000000b258cfff] reserved
[    0.000000] reserve setup_data: [mem 0x00000000b258d000-0x00000000b266efff] ACPI data
[    0.000000] reserve setup_data: [mem 0x00000000b266f000-0x00000000b466efff] ACPI NVS
[    0.000000] reserve setup_data: [mem 0x00000000b466f000-0x00000000ba5fefff] reserved
[    0.000000] reserve setup_data: [mem 0x00000000ba5ff000-0x00000000bbff8fff] usable
[    0.000000] reserve setup_data: [mem 0x00000000bbff9000-0x00000000bbffdfff] reserved
[    0.000000] reserve setup_data: [mem 0x00000000bbffe000-0x00000000bbffffff] usable
[    0.000000] reserve setup_data: [mem 0x00000000bc000000-0x00000000bcffffff] reserved
[    0.000000] reserve setup_data: [mem 0x00000000bd7f3000-0x00000000bfffffff] reserved
[    0.000000] reserve setup_data: [mem 0x00000000e0000000-0x00000000efffffff] reserved
[    0.000000] reserve setup_data: [mem 0x00000000f7000000-0x00000000ffffffff] reserved
[    0.000000] reserve setup_data: [mem 0x0000000100000000-0x0000000bffffffff] usable
[    0.000000] reserve setup_data: [mem 0x0000000c00000000-0x0000000fffffffff] reserved
[    0.000000] reserve setup_data: [mem 0x0000001000000000-0x000000101de7ffff] usable
[    0.000000] reserve setup_data: [mem 0x000000101eec0000-0x00000010601fffff] reserved
[    0.000000] reserve setup_data: [mem 0x000000fd00000000-0x000000ffffffffff] reserved
[    0.000000] user-defined physical RAM map:
[    0.000000] user: [mem 0x0000000000000000-0x000000000009ffff] usable
[    0.000000] user: [mem 0x00000000000a0000-0x00000000000fffff] reserved
[    0.000000] user: [mem 0x0000000000100000-0x0000000009e01fff] usable
[    0.000000] user: [mem 0x0000000009e02000-0x0000000009ffffff] reserved
[    0.000000] user: [mem 0x000000000a000000-0x000000000a1fffff] usable
[    0.000000] user: [mem 0x000000000a200000-0x000000000a20ffff] ACPI NVS
[    0.000000] user: [mem 0x000000000a210000-0x000000000affffff] usable
[    0.000000] user: [mem 0x000000000b000000-0x000000000b020fff] reserved
[    0.000000] user: [mem 0x000000000b021000-0x00000000a6da9017] usable
[    0.000000] user: [mem 0x00000000a6da9018-0x00000000a6dcdc57] usable
[    0.000000] user: [mem 0x00000000a6dcdc58-0x00000000a6ed5017] usable
[    0.000000] user: [mem 0x00000000a6ed5018-0x00000000a6edfe57] usable
[    0.000000] user: [mem 0x00000000a6edfe58-0x00000000ac58cfff] usable
[    0.000000] user: [mem 0x00000000ac58d000-0x00000000b258cfff] reserved
[    0.000000] user: [mem 0x00000000b258d000-0x00000000b266efff] ACPI data
[    0.000000] user: [mem 0x00000000b266f000-0x00000000b466efff] ACPI NVS
[    0.000000] user: [mem 0x00000000b466f000-0x00000000ba5fefff] reserved
[    0.000000] user: [mem 0x00000000ba5ff000-0x00000000bbff8fff] usable
[    0.000000] user: [mem 0x00000000bbff9000-0x00000000bbffdfff] reserved
[    0.000000] user: [mem 0x00000000bbffe000-0x00000000bbffffff] usable
[    0.000000] user: [mem 0x00000000bc000000-0x00000000bcffffff] reserved
[    0.000000] user: [mem 0x00000000bd7f3000-0x00000000bfffffff] reserved
[    0.000000] user: [mem 0x00000000e0000000-0x00000000efffffff] reserved
[    0.000000] user: [mem 0x00000000f7000000-0x00000000ffffffff] reserved
[    0.000000] user: [mem 0x0000000100000000-0x0000000bffffffff] usable
[    0.000000] user: [mem 0x0000000c00000000-0x0000000fffffffff] reserved
[    0.000000] user: [mem 0x0000001000000000-0x000000101de7ffff] usable
[    0.000000] user: [mem 0x000000101eec0000-0x00000010601fffff] reserved
[    0.000000] user: [mem 0x000000fd00000000-0x000000ffffffffff] reserved
[    0.000000] efi: EFI v2.9 by American Megatrends
[    0.000000] efi: ACPI=0xb4656000 ACPI 2.0=0xb4656014 TPMFinalLog=0xb4623000 SMBIOS=0xb9ad9000 SMBIOS 3.0=0xb9ad8000 MEMATTR=0xa6f0e018 ESRT=0xa7dbd498 MOKvar=0xb9b39000 RNG=0xb25ba018 TPMEventLog=0xb25ae018 
[    0.000000] random: crng init done
[    0.000000] efi: Remove mem79: MMIO range=[0xe0000000-0xefffffff] (256MB) from e820 map
[    0.000000] e820: remove [mem 0xe0000000-0xefffffff] reserved
[    0.000000] efi: Remove mem80: MMIO range=[0xf7000000-0xfedfffff] (126MB) from e820 map
[    0.000000] e820: remove [mem 0xf7000000-0xfedfffff] reserved
[    0.000000] efi: Not removing mem81: MMIO range=[0xfee00000-0xfee00fff] (4KB) from e820 map
[    0.000000] efi: Remove mem82: MMIO range=[0xfee01000-0xffffffff] (17MB) from e820 map
[    0.000000] e820: remove [mem 0xfee01000-0xffffffff] reserved
[    0.000000] efi: Remove mem84: MMIO range=[0x1040000000-0x10601fffff] (514MB) from e820 map
[    0.000000] e820: remove [mem 0x1040000000-0x10601fffff] reserved
[    0.000000] secureboot: Secure boot disabled
[    0.000000] SMBIOS 3.6.0 present.
[    0.000000] DMI: Micro-Star International Co., Ltd. MS-7D75/MAG B650 TOMAHAWK WIFI (MS-7D75), BIOS 1.E0 02/20/2024
[    0.000000] tsc: Fast TSC calibration using PIT
[    0.000000] tsc: Detected 4199.848 MHz processor
[    0.000119] e820: update [mem 0x00000000-0x00000fff] usable ==> reserved
[    0.000121] e820: remove [mem 0x000a0000-0x000fffff] usable
[    0.000126] last_pfn = 0x101de80 max_arch_pfn = 0x400000000
[    0.000131] MTRR map: 5 entries (3 fixed + 2 variable; max 20), built from 9 variable MTRRs
[    0.000132] x86/PAT: Configuration [0-7]: WB  WC  UC- UC  WB  WP  UC- WT  
[    0.000346] e820: update [mem 0xc0000000-0xffffffff] usable ==> reserved
[    0.000353] last_pfn = 0xbc000 max_arch_pfn = 0x400000000
[    0.002791] esrt: Reserving ESRT space from 0x00000000a7dbd498 to 0x00000000a7dbd4d0.
[    0.002796] e820: update [mem 0xa7dbd000-0xa7dbdfff] usable ==> reserved
[    0.002808] Using GB pages for direct mapping
[    0.003020] secureboot: Secure boot disabled
[    0.003020] RAMDISK: [mem 0xa07c1000-0xa4e00fff]
[    0.003025] ACPI: Early table checksum verification disabled
[    0.003028] ACPI: RSDP 0x00000000B4656014 000024 (v02 ALASKA)
[    0.003030] ACPI: XSDT 0x00000000B4655728 000104 (v01 ALASKA A M I    01072009 AMI  01000013)
[    0.003034] ACPI: FACP 0x00000000B2665000 000114 (v06 ALASKA A M I    01072009 AMI  00010013)
[    0.003037] ACPI: DSDT 0x00000000B25EA000 06F33C (v128 ALASKA A M I    01072009 INTL 20221020)
[    0.003039] ACPI: FACS 0x00000000B4653000 000040
[    0.003040] ACPI: SSDT 0x00000000B2667000 007F64 (v02 AMD    Splinter 00000002 MSFT 04000000)
[    0.003041] ACPI: SSDT 0x00000000B2666000 0003F1 (v02 ALASKA CPUSSDT  01072009 AMI  01072009)
[    0.003043] ACPI: FIDT 0x00000000B265E000 00009C (v01 ALASKA A M I    01072009 AMI  00010013)
[    0.003044] ACPI: MCFG 0x00000000B265D000 00003C (v01 ALASKA A M I    01072009 MSFT 00010013)
[    0.003046] ACPI: HPET 0x00000000B265C000 000038 (v01 ALASKA A M I    01072009 AMI  00000005)
[    0.003047] ACPI: WDRT 0x00000000B265B000 000047 (v01 ALASKA A M I    01072009 AMI  00000005)
[    0.003049] ACPI: UEFI 0x00000000B4000000 000048 (v01 ALASKA A M I    01072009 AMI  01000013)
[    0.003050] ACPI: FPDT 0x00000000B265A000 000044 (v01 ALASKA A M I    01072009 AMI  01000013)
[    0.003051] ACPI: VFCT 0x00000000B25DF000 00AE84 (v01 ALASKA A M I    00000001 AMD  33504F47)
[    0.003053] ACPI: SSDT 0x00000000B25D5000 009BAE (v02 AMD    AMD CPU  00000001 AMD  00000001)
[    0.003054] ACPI: SSDT 0x00000000B2663000 0006D4 (v02 AMD    CPMWLRC  00000001 INTL 20221020)
[    0.003055] ACPI: SSDT 0x00000000B2661000 0015D0 (v02 AMD    CPMDFIG2 00000001 INTL 20221020)
[    0.003057] ACPI: SSDT 0x00000000B25D2000 002AA6 (v02 AMD    CDFAAIG2 00000001 INTL 20221020)
[    0.003058] ACPI: SSDT 0x00000000B2660000 00078F (v02 AMD    CPMDFDG1 00000001 INTL 20221020)
[    0.003060] ACPI: SSDT 0x00000000B25C8000 009A53 (v02 AMD    CPMCMN   00000001 INTL 20221020)
[    0.003061] ACPI: SSDT 0x00000000B25C5000 002406 (v02 AMD    AOD      00000001 INTL 20221020)
[    0.003063] ACPI: TPM2 0x00000000B265F000 00004C (v04 ALASKA A M I    00000001 AMI  00000000)
[    0.003064] ACPI: WSMT 0x00000000B25C4000 000028 (v01 ALASKA A M I    01072009 AMI  00010013)
[    0.003065] ACPI: APIC 0x00000000B25C3000 00015E (v06 ALASKA A M I    01072009 AMI  00010013)
[    0.003067] ACPI: IVRS 0x00000000B25C2000 0000C8 (v02 AMD    AmdTable 00000001 AMD  00000001)
[    0.003068] ACPI: SSDT 0x00000000B25C1000 000500 (v02 AMD    MEMTOOL0 00000002 INTL 20221020)
[    0.003069] ACPI: SSDT 0x00000000B25C0000 00096A (v02 AMD    CPMMSOSC 00000001 INTL 20221020)
[    0.003071] ACPI: SSDT 0x00000000B25BF000 00047C (v02 AMD    AMDWOV   00000001 INTL 20221020)
[    0.003072] ACPI: SSDT 0x00000000B25BD000 001046 (v02 AMD    CPMACPV4 00000001 INTL 20221020)
[    0.003073] ACPI: SSDT 0x00000000B25BC000 00053E (v01 AMD    CPMAPMFD 00000001 INTL 20221020)
[    0.003075] ACPI: SSDT 0x00000000B25BB000 00044E (v02 AMD    AmdTable 00000001 INTL 20221020)
[    0.003076] ACPI: BGRT 0x00000000B2664000 000038 (v01 ALASKA A M I    01072009 AMI  00010013)
[    0.003077] ACPI: Reserving FACP table memory at [mem 0xb2665000-0xb2665113]
[    0.003078] ACPI: Reserving DSDT table memory at [mem 0xb25ea000-0xb265933b]
[    0.003078] ACPI: Reserving FACS table memory at [mem 0xb4653000-0xb465303f]
[    0.003079] ACPI: Reserving SSDT table memory at [mem 0xb2667000-0xb266ef63]
[    0.003079] ACPI: Reserving SSDT table memory at [mem 0xb2666000-0xb26663f0]
[    0.003080] ACPI: Reserving FIDT table memory at [mem 0xb265e000-0xb265e09b]
[    0.003080] ACPI: Reserving MCFG table memory at [mem 0xb265d000-0xb265d03b]
[    0.003080] ACPI: Reserving HPET table memory at [mem 0xb265c000-0xb265c037]
[    0.003081] ACPI: Reserving WDRT table memory at [mem 0xb265b000-0xb265b046]
[    0.003081] ACPI: Reserving UEFI table memory at [mem 0xb4000000-0xb4000047]
[    0.003082] ACPI: Reserving FPDT table memory at [mem 0xb265a000-0xb265a043]
[    0.003082] ACPI: Reserving VFCT table memory at [mem 0xb25df000-0xb25e9e83]
[    0.003083] ACPI: Reserving SSDT table memory at [mem 0xb25d5000-0xb25debad]
[    0.003083] ACPI: Reserving SSDT table memory at [mem 0xb2663000-0xb26636d3]
[    0.003083] ACPI: Reserving SSDT table memory at [mem 0xb2661000-0xb26625cf]
[    0.003084] ACPI: Reserving SSDT table memory at [mem 0xb25d2000-0xb25d4aa5]
[    0.003084] ACPI: Reserving SSDT table memory at [mem 0xb2660000-0xb266078e]
[    0.003085] ACPI: Reserving SSDT table memory at [mem 0xb25c8000-0xb25d1a52]
[    0.003085] ACPI: Reserving SSDT table memory at [mem 0xb25c5000-0xb25c7405]
[    0.003086] ACPI: Reserving TPM2 table memory at [mem 0xb265f000-0xb265f04b]
[    0.003086] ACPI: Reserving WSMT table memory at [mem 0xb25c4000-0xb25c4027]
[    0.003086] ACPI: Reserving APIC table memory at [mem 0xb25c3000-0xb25c315d]
[    0.003087] ACPI: Reserving IVRS table memory at [mem 0xb25c2000-0xb25c20c7]
[    0.003087] ACPI: Reserving SSDT table memory at [mem 0xb25c1000-0xb25c14ff]
[    0.003088] ACPI: Reserving SSDT table memory at [mem 0xb25c0000-0xb25c0969]
[    0.003088] ACPI: Reserving SSDT table memory at [mem 0xb25bf000-0xb25bf47b]
[    0.003088] ACPI: Reserving SSDT table memory at [mem 0xb25bd000-0xb25be045]
[    0.003089] ACPI: Reserving SSDT table memory at [mem 0xb25bc000-0xb25bc53d]
[    0.003089] ACPI: Reserving SSDT table memory at [mem 0xb25bb000-0xb25bb44d]
[    0.003090] ACPI: Reserving BGRT table memory at [mem 0xb2664000-0xb2664037]
[    0.003170] No NUMA configuration found
[    0.003171] Faking a node at [mem 0x0000000000000000-0x000000101de7ffff]
[    0.003175] NODE_DATA(0) allocated [mem 0x101de55000-0x101de7ffff]
[    0.003285] Zone ranges:
[    0.003285]   DMA      [mem 0x0000000000001000-0x0000000000ffffff]
[    0.003286]   DMA32    [mem 0x0000000001000000-0x00000000ffffffff]
[    0.003287]   Normal   [mem 0x0000000100000000-0x000000101de7ffff]
[    0.003288]   Device   empty
[    0.003288] Movable zone start for each node
[    0.003289] Early memory node ranges
[    0.003289]   node   0: [mem 0x0000000000001000-0x000000000009ffff]
[    0.003290]   node   0: [mem 0x0000000000100000-0x0000000009e01fff]
[    0.003291]   node   0: [mem 0x000000000a000000-0x000000000a1fffff]
[    0.003291]   node   0: [mem 0x000000000a210000-0x000000000affffff]
[    0.003292]   node   0: [mem 0x000000000b021000-0x00000000ac58cfff]
[    0.003292]   node   0: [mem 0x00000000ba5ff000-0x00000000bbff8fff]
[    0.003293]   node   0: [mem 0x00000000bbffe000-0x00000000bbffffff]
[    0.003293]   node   0: [mem 0x0000000100000000-0x0000000bffffffff]
[    0.003295]   node   0: [mem 0x0000001000000000-0x000000101de7ffff]
[    0.003296] Initmem setup node 0 [mem 0x0000000000001000-0x000000101de7ffff]
[    0.003300] On node 0, zone DMA: 1 pages in unavailable ranges
[    0.003310] On node 0, zone DMA: 96 pages in unavailable ranges
[    0.003388] On node 0, zone DMA32: 510 pages in unavailable ranges
[    0.003396] On node 0, zone DMA32: 16 pages in unavailable ranges
[    0.004594] On node 0, zone DMA32: 33 pages in unavailable ranges
[    0.004718] On node 0, zone DMA32: 24690 pages in unavailable ranges
[    0.004719] On node 0, zone DMA32: 5 pages in unavailable ranges
[    0.031198] On node 0, zone Normal: 16384 pages in unavailable ranges
[    0.031557] On node 0, zone Normal: 8576 pages in unavailable ranges
[    0.032283] ACPI: PM-Timer IO Port: 0x808
[    0.032290] ACPI: LAPIC_NMI (acpi_id[0xff] high edge lint[0x1])
[    0.032301] IOAPIC[0]: apic_id 32, version 33, address 0xfec00000, GSI 0-23
[    0.032304] IOAPIC[1]: apic_id 33, version 33, address 0xfec01000, GSI 24-55
[    0.032306] ACPI: INT_SRC_OVR (bus 0 bus_irq 0 global_irq 2 dfl dfl)
[    0.032308] ACPI: INT_SRC_OVR (bus 0 bus_irq 9 global_irq 9 low level)
[    0.032310] ACPI: Using ACPI (MADT) for SMP configuration information
[    0.032311] ACPI: HPET id: 0x10228201 base: 0xfed00000
[    0.032317] e820: update [mem 0xa6e78000-0xa6ed4fff] usable ==> reserved
[    0.032327] smpboot: Allowing 32 CPUs, 0 hotplug CPUs
[    0.032340] PM: hibernation: Registered nosave memory: [mem 0x00000000-0x00000fff]
[    0.032341] PM: hibernation: Registered nosave memory: [mem 0x000a0000-0x000fffff]
[    0.032342] PM: hibernation: Registered nosave memory: [mem 0x09e02000-0x09ffffff]
[    0.032342] PM: hibernation: Registered nosave memory: [mem 0x0a200000-0x0a20ffff]
[    0.032343] PM: hibernation: Registered nosave memory: [mem 0x0b000000-0x0b020fff]
[    0.032344] PM: hibernation: Registered nosave memory: [mem 0xa6da9000-0xa6da9fff]
[    0.032345] PM: hibernation: Registered nosave memory: [mem 0xa6dcd000-0xa6dcdfff]
[    0.032346] PM: hibernation: Registered nosave memory: [mem 0xa6e78000-0xa6ed4fff]
[    0.032346] PM: hibernation: Registered nosave memory: [mem 0xa6ed5000-0xa6ed5fff]
[    0.032347] PM: hibernation: Registered nosave memory: [mem 0xa6edf000-0xa6edffff]
[    0.032348] PM: hibernation: Registered nosave memory: [mem 0xa7dbd000-0xa7dbdfff]
[    0.032348] PM: hibernation: Registered nosave memory: [mem 0xac58d000-0xb258cfff]
[    0.032349] PM: hibernation: Registered nosave memory: [mem 0xb258d000-0xb266efff]
[    0.032349] PM: hibernation: Registered nosave memory: [mem 0xb266f000-0xb466efff]
[    0.032349] PM: hibernation: Registered nosave memory: [mem 0xb466f000-0xba5fefff]
[    0.032350] PM: hibernation: Registered nosave memory: [mem 0xbbff9000-0xbbffdfff]
[    0.032351] PM: hibernation: Registered nosave memory: [mem 0xbc000000-0xbcffffff]
[    0.032351] PM: hibernation: Registered nosave memory: [mem 0xbd000000-0xbd7f2fff]
[    0.032352] PM: hibernation: Registered nosave memory: [mem 0xbd7f3000-0xbfffffff]
[    0.032352] PM: hibernation: Registered nosave memory: [mem 0xc0000000-0xfedfffff]
[    0.032352] PM: hibernation: Registered nosave memory: [mem 0xfee00000-0xfee00fff]
[    0.032353] PM: hibernation: Registered nosave memory: [mem 0xfee01000-0xffffffff]
[    0.032353] PM: hibernation: Registered nosave memory: [mem 0xc00000000-0xfffffffff]
[    0.032355] [mem 0xc0000000-0xfedfffff] available for PCI devices
[    0.032355] Booting paravirtualized kernel on bare hardware
[    0.032357] clocksource: refined-jiffies: mask: 0xffffffff max_cycles: 0xffffffff, max_idle_ns: 1910969940391419 ns
[    0.032362] setup_percpu: NR_CPUS:8192 nr_cpumask_bits:32 nr_cpu_ids:32 nr_node_ids:1
[    0.033164] percpu: Embedded 86 pages/cpu s229376 r8192 d114688 u524288
[    0.033167] pcpu-alloc: s229376 r8192 d114688 u524288 alloc=1*2097152
[    0.033169] pcpu-alloc: [0] 00 01 02 03 [0] 04 05 06 07 
[    0.033171] pcpu-alloc: [0] 08 09 10 11 [0] 12 13 14 15 
[    0.033174] pcpu-alloc: [0] 16 17 18 19 [0] 20 21 22 23 
[    0.033176] pcpu-alloc: [0] 24 25 26 27 [0] 28 29 30 31 
[    0.033187] Kernel command line: BOOT_IMAGE=/boot/vmlinuz-6.8.0-57-generic root=UUID=b5e84f74-7532-4797-9ff4-9a3261f84236 ro memmap=16G$48G isolcpus=10,11,12,13
[    0.033227] Unknown kernel command line parameters "BOOT_IMAGE=/boot/vmlinuz-6.8.0-57-generic", will be passed to user space.
[    0.035750] Dentry cache hash table entries: 8388608 (order: 14, 67108864 bytes, linear)
[    0.036877] Inode-cache hash table entries: 4194304 (order: 13, 33554432 bytes, linear)
[    0.036991] Fallback order for Node 0: 0 
[    0.036994] Built 1 zonelists, mobility grouping on.  Total pages: 12175338
[    0.036994] Policy zone: Normal
[    0.037000] mem auto-init: stack:all(zero), heap alloc:on, heap free:off
[    0.037032] software IO TLB: area num 32.
[    0.085030] Memory: 48278996K/49475044K available (22528K kernel code, 4440K rwdata, 13920K rodata, 4984K init, 4728K bss, 1195788K reserved, 0K cma-reserved)
[    0.085566] SLUB: HWalign=64, Order=0-3, MinObjects=0, CPUs=32, Nodes=1
[    0.085584] ftrace: allocating 58010 entries in 227 pages
[    0.093535] ftrace: allocated 227 pages with 5 groups
[    0.094099] Dynamic Preempt: voluntary
[    0.094170] rcu: Preemptible hierarchical RCU implementation.
[    0.094170] rcu: 	RCU restricting CPUs from NR_CPUS=8192 to nr_cpu_ids=32.
[    0.094171] 	Trampoline variant of Tasks RCU enabled.
[    0.094171] 	Rude variant of Tasks RCU enabled.
[    0.094172] 	Tracing variant of Tasks RCU enabled.
[    0.094172] rcu: RCU calculated value of scheduler-enlistment delay is 100 jiffies.
[    0.094172] rcu: Adjusting geometry for rcu_fanout_leaf=16, nr_cpu_ids=32
[    0.095618] NR_IRQS: 524544, nr_irqs: 1224, preallocated irqs: 16
[    0.095795] rcu: srcu_init: Setting srcu_struct sizes based on contention.
[    0.095920] Console: colour dummy device 80x25
[    0.095921] printk: legacy console [tty0] enabled
[    0.096158] ACPI: Core revision 20230628
[    0.096372] clocksource: hpet: mask: 0xffffffff max_cycles: 0xffffffff, max_idle_ns: 133484873504 ns
[    0.096386] APIC: Switch to symmetric I/O mode setup
[    0.096953] AMD-Vi: Using global IVHD EFR:0x246577efa2254afa, EFR2:0x0
[    0.097762] ..TIMER: vector=0x30 apic1=0 pin1=2 apic2=-1 pin2=-1
[    0.102392] clocksource: tsc-early: mask: 0xffffffffffffffff max_cycles: 0x3c89d143e6d, max_idle_ns: 440795246804 ns
[    0.102396] Calibrating delay loop (skipped), value calculated using timer frequency.. 8399.69 BogoMIPS (lpj=4199848)
[    0.102409] x86/cpu: User Mode Instruction Prevention (UMIP) activated
[    0.102450] LVT offset 1 assigned for vector 0xf9
[    0.102574] LVT offset 2 assigned for vector 0xf4
[    0.102611] process: using mwait in idle threads
[    0.102613] Last level iTLB entries: 4KB 512, 2MB 512, 4MB 256
[    0.102614] Last level dTLB entries: 4KB 3072, 2MB 3072, 4MB 1536, 1GB 0
[    0.102616] Spectre V1 : Mitigation: usercopy/swapgs barriers and __user pointer sanitization
[    0.102619] Spectre V2 : Mitigation: Enhanced / Automatic IBRS
[    0.102620] Spectre V2 : Spectre v2 / SpectreRSB mitigation: Filling RSB on context switch
[    0.102622] Spectre V2 : mitigation: Enabling conditional Indirect Branch Prediction Barrier
[    0.102624] Spectre V2 : User space: Mitigation: STIBP always-on protection
[    0.102626] Speculative Store Bypass: Mitigation: Speculative Store Bypass disabled via prctl
[    0.102628] Speculative Return Stack Overflow: Mitigation: Safe RET
[    0.102632] x86/fpu: Supporting XSAVE feature 0x001: 'x87 floating point registers'
[    0.102634] x86/fpu: Supporting XSAVE feature 0x002: 'SSE registers'
[    0.102635] x86/fpu: Supporting XSAVE feature 0x004: 'AVX registers'
[    0.102636] x86/fpu: Supporting XSAVE feature 0x020: 'AVX-512 opmask'
[    0.102638] x86/fpu: Supporting XSAVE feature 0x040: 'AVX-512 Hi256'
[    0.102639] x86/fpu: Supporting XSAVE feature 0x080: 'AVX-512 ZMM_Hi256'
[    0.102640] x86/fpu: Supporting XSAVE feature 0x200: 'Protection Keys User registers'
[    0.102641] x86/fpu: Supporting XSAVE feature 0x800: 'Control-flow User registers'
[    0.102643] x86/fpu: xstate_offset[2]:  576, xstate_sizes[2]:  256
[    0.102645] x86/fpu: xstate_offset[5]:  832, xstate_sizes[5]:   64
[    0.102646] x86/fpu: xstate_offset[6]:  896, xstate_sizes[6]:  512
[    0.102647] x86/fpu: xstate_offset[7]: 1408, xstate_sizes[7]: 1024
[    0.102648] x86/fpu: xstate_offset[9]: 2432, xstate_sizes[9]:    8
[    0.102650] x86/fpu: xstate_offset[11]: 2440, xstate_sizes[11]:   16
[    0.102651] x86/fpu: Enabled xstate features 0xae7, context size is 2456 bytes, using 'compacted' format.
[    0.122745] Freeing SMP alternatives memory: 48K
[    0.122749] pid_max: default: 32768 minimum: 301
[    0.126028] LSM: initializing lsm=lockdown,capability,landlock,yama,apparmor,integrity
[    0.126047] landlock: Up and running.
[    0.126049] Yama: becoming mindful.
[    0.126072] AppArmor: AppArmor initialized
[    0.126143] Mount-cache hash table entries: 131072 (order: 8, 1048576 bytes, linear)
[    0.126190] Mountpoint-cache hash table entries: 131072 (order: 8, 1048576 bytes, linear)
[    0.229164] smpboot: CPU0: AMD Ryzen 9 7950X3D 16-Core Processor (family: 0x19, model: 0x61, stepping: 0x2)
[    0.229286] RCU Tasks: Setting shift to 5 and lim to 1 rcu_task_cb_adjust=1 rcu_task_cpu_ids=32.
[    0.229302] RCU Tasks Rude: Setting shift to 5 and lim to 1 rcu_task_cb_adjust=1 rcu_task_cpu_ids=32.
[    0.229315] RCU Tasks Trace: Setting shift to 5 and lim to 1 rcu_task_cb_adjust=1 rcu_task_cpu_ids=32.
[    0.229328] Performance Events: Fam17h+ 16-deep LBR, core perfctr, AMD PMU driver.
[    0.229350] ... version:                2
[    0.229352] ... bit width:              48
[    0.229354] ... generic registers:      6
[    0.229356] ... value mask:             0000ffffffffffff
[    0.229359] ... max period:             00007fffffffffff
[    0.229361] ... fixed-purpose events:   0
[    0.229363] ... event mask:             000000000000003f
[    0.229395] signal: max sigframe size: 3376
[    0.229395] rcu: Hierarchical SRCU implementation.
[    0.229395] rcu: 	Max phase no-delay instances is 400.
[    0.230765] NMI watchdog: Enabled. Permanently consumes one hw-PMU counter.
[    0.230948] smp: Bringing up secondary CPUs ...
[    0.231022] smpboot: x86: Booting SMP configuration:
[    0.231025] .... node  #0, CPUs:        #1  #2  #3  #4  #5  #6  #7  #8  #9 #10 #11 #12 #13 #14 #15 #16 #17 #18 #19 #20 #21 #22 #23 #24 #25 #26 #27 #28 #29 #30 #31
[    0.254397] Spectre V2 : Update user space SMT mitigation: STIBP always-on
[    0.270437] smp: Brought up 1 node, 32 CPUs
[    0.270437] smpboot: Max logical packages: 1
[    0.270437] smpboot: Total of 32 processors activated (268790.27 BogoMIPS)
[    0.273035] devtmpfs: initialized
[    0.273035] x86/mm: Memory block size: 2048MB
[    0.274577] ACPI: PM: Registering ACPI NVS region [mem 0x0a200000-0x0a20ffff] (65536 bytes)
[    0.274577] ACPI: PM: Registering ACPI NVS region [mem 0xb266f000-0xb466efff] (33554432 bytes)
[    0.274766] clocksource: jiffies: mask: 0xffffffff max_cycles: 0xffffffff, max_idle_ns: 1911260446275000 ns
[    0.274785] futex hash table entries: 8192 (order: 7, 524288 bytes, linear)
[    0.274857] pinctrl core: initialized pinctrl subsystem
[    0.274932] PM: RTC time: 15:51:35, date: 2025-04-17
[    0.275431] NET: Registered PF_NETLINK/PF_ROUTE protocol family
[    0.275628] DMA: preallocated 4096 KiB GFP_KERNEL pool for atomic allocations
[    0.275714] DMA: preallocated 4096 KiB GFP_KERNEL|GFP_DMA pool for atomic allocations
[    0.275811] DMA: preallocated 4096 KiB GFP_KERNEL|GFP_DMA32 pool for atomic allocations
[    0.275821] audit: initializing netlink subsys (disabled)
[    0.275836] audit: type=2000 audit(1744905094.178:1): state=initialized audit_enabled=0 res=1
[    0.275836] thermal_sys: Registered thermal governor 'fair_share'
[    0.275836] thermal_sys: Registered thermal governor 'bang_bang'
[    0.275836] thermal_sys: Registered thermal governor 'step_wise'
[    0.275836] thermal_sys: Registered thermal governor 'user_space'
[    0.275836] thermal_sys: Registered thermal governor 'power_allocator'
[    0.275836] EISA bus registered
[    0.275836] cpuidle: using governor ladder
[    0.275836] cpuidle: using governor menu
[    0.275836] acpiphp: ACPI Hot Plug PCI Controller Driver version: 0.5
[    0.275836] PCI: ECAM [mem 0xe0000000-0xefffffff] (base 0xe0000000) for domain 0000 [bus 00-ff]
[    0.275836] PCI: Using configuration type 1 for base access
[    0.276469] kprobes: kprobe jump-optimization is enabled. All kprobes are optimized if possible.
[    0.276475] HugeTLB: registered 1.00 GiB page size, pre-allocated 0 pages
[    0.276475] HugeTLB: 16380 KiB vmemmap can be freed for a 1.00 GiB page
[    0.276475] HugeTLB: registered 2.00 MiB page size, pre-allocated 0 pages
[    0.276475] HugeTLB: 28 KiB vmemmap can be freed for a 2.00 MiB page
[    0.276475] fbcon: Taking over console
[    0.276496] ACPI: Added _OSI(Module Device)
[    0.276499] ACPI: Added _OSI(Processor Device)
[    0.276502] ACPI: Added _OSI(3.0 _SCP Extensions)
[    0.276504] ACPI: Added _OSI(Processor Aggregator Device)
[    0.303214] ACPI: 16 ACPI AML tables successfully acquired and loaded
[    0.349106] ACPI: USB4 _OSC: OS supports USB3+ DisplayPort+ PCIe+ XDomain+
[    0.349111] ACPI: USB4 _OSC: OS controls USB3+ DisplayPort+ PCIe+ XDomain+
[    0.349707] ACPI: _OSC evaluation for CPUs failed, trying _PDC
[    0.350672] ACPI: Interpreter enabled
[    0.350689] ACPI: PM: (supports S0 S3 S4 S5)
[    0.350691] ACPI: Using IOAPIC for interrupt routing
[    0.353402] PCI: Using host bridge windows from ACPI; if necessary, use "pci=nocrs" and report a bug
[    0.353406] PCI: Ignoring E820 reservations for host bridge windows
[    0.353959] ACPI: Enabled 12 GPEs in block 00 to 1F
[    0.356777] ACPI: \_SB_.PCI0.GP17.XHC0.P0U0: New power resource
[    0.358932] ACPI: \_SB_.PCI0.GP17.XHC1.P0U1: New power resource
[    0.362577] ACPI: \_SB_.PCI0.GP19.XHC2.P0U2: New power resource
[    0.363436] ACPI: \_SB_.PCI0.GPP0.M237: New power resource
[    0.363800] ACPI: \_SB_.PCI0.GPP1.P0NV: New power resource
[    0.364895] ACPI: \_SB_.PCI0.GPP7.PWRS: New power resource
[    0.365318] ACPI: \_SB_.PCI0.GPP7.UP00.PWRS: New power resource
[    0.365718] ACPI: \_SB_.PCI0.GPP7.UP00.DP00.PWRS: New power resource
[    0.366118] ACPI: \_SB_.PCI0.GPP7.UP00.DP00.NV00.PWRS: New power resource
[    0.366521] ACPI: \_SB_.PCI0.GPP7.UP00.DP08.PWRS: New power resource
[    0.366809] ACPI: \_SB_.PCI0.GPP7.UP00.DP08.EP00.PWRS: New power resource
[    0.367129] ACPI: \_SB_.PCI0.GPP7.UP00.DP10.PWRS: New power resource
[    0.367416] ACPI: \_SB_.PCI0.GPP7.UP00.DP10.WN00.PWRS: New power resource
[    0.367736] ACPI: \_SB_.PCI0.GPP7.UP00.DP18.PWRS: New power resource
[    0.368022] ACPI: \_SB_.PCI0.GPP7.UP00.DP18.LN00.PWRS: New power resource
[    0.368348] ACPI: \_SB_.PCI0.GPP7.UP00.DP20.PWRS: New power resource
[    0.368933] ACPI: \_SB_.PCI0.GPP7.UP00.DP20.NV00.PWRS: New power resource
[    0.369366] ACPI: \_SB_.PCI0.GPP7.UP00.DP28.PWRS: New power resource
[    0.369934] ACPI: \_SB_.PCI0.GPP7.UP00.DP28.EP00.PWRS: New power resource
[    0.370195] ACPI: \_SB_.PCI0.GPP7.UP00.DP30.PWRS: New power resource
[    0.370771] ACPI: \_SB_.PCI0.GPP7.UP00.DP30.EP00.PWRS: New power resource
[    0.371122] ACPI: \_SB_.PCI0.GPP7.UP00.DP38.PWRS: New power resource
[    0.371702] ACPI: \_SB_.PCI0.GPP7.UP00.DP38.EP00.PWRS: New power resource
[    0.372051] ACPI: \_SB_.PCI0.GPP7.UP00.DP40.PWRS: New power resource
[    0.372451] ACPI: \_SB_.PCI0.GPP7.UP00.DP48.PWRS: New power resource
[    0.373024] ACPI: \_SB_.PCI0.GPP7.UP00.DP48.EP00.PWRS: New power resource
[    0.373376] ACPI: \_SB_.PCI0.GPP7.UP00.DP50.PWRS: New power resource
[    0.373772] ACPI: \_SB_.PCI0.GPP7.UP00.DP50.EP00.PWRS: New power resource
[    0.374174] ACPI: \_SB_.PCI0.GPP7.UP00.DP58.PWRS: New power resource
[    0.374579] ACPI: \_SB_.PCI0.GPP7.UP00.DP58.EP00.PWRS: New power resource
[    0.374980] ACPI: \_SB_.PCI0.GPP7.UP00.DP60.PWRS: New power resource
[    0.375374] ACPI: \_SB_.PCI0.GPP7.UP00.DP60.XH00.PWRS: New power resource
[    0.376390] ACPI: \_SB_.PCI0.GPP7.UP00.DP68.PWRS: New power resource
[    0.376737] ACPI: \_SB_.PCI0.GPP7.UP00.DP68.SA00.PWRS: New power resource
[    0.376798] ACPI: \_SB_.PCI0.GPP8.PWR1: New power resource
[    0.383111] ACPI: \_SB_.PRWL: New power resource
[    0.383142] ACPI: \_SB_.PRWB: New power resource
[    0.384082] ACPI: PCI Root Bridge [PCI0] (domain 0000 [bus 00-ff])
[    0.384088] acpi PNP0A08:00: _OSC: OS supports [ExtendedConfig ASPM ClockPM Segments MSI EDR HPX-Type3]
[    0.384277] acpi PNP0A08:00: _OSC: OS now controls [PCIeHotplug SHPCHotplug PME AER PCIeCapability LTR DPC]
[    0.384919] PCI host bridge to bus 0000:00
[    0.384922] pci_bus 0000:00: root bus resource [io  0x0000-0x03af window]
[    0.384926] pci_bus 0000:00: root bus resource [io  0x03e0-0x0cf7 window]
[    0.384929] pci_bus 0000:00: root bus resource [io  0x03b0-0x03df window]
[    0.384932] pci_bus 0000:00: root bus resource [io  0x0d00-0xffff window]
[    0.384935] pci_bus 0000:00: root bus resource [mem 0x000a0000-0x000dffff window]
[    0.384939] pci_bus 0000:00: root bus resource [mem 0xc0000000-0xf6ffffff window]
[    0.384943] pci_bus 0000:00: root bus resource [mem 0x1040000000-0xffffffffff window]
[    0.384947] pci_bus 0000:00: root bus resource [bus 00-ff]
[    0.384963] pci 0000:00:00.0: [1022:14d8] type 00 class 0x060000 conventional PCI endpoint
[    0.385058] pci 0000:00:00.2: [1022:14d9] type 00 class 0x080600 conventional PCI endpoint
[    0.385143] pci 0000:00:01.0: [1022:14da] type 00 class 0x060000 conventional PCI endpoint
[    0.385215] pci 0000:00:01.1: [1022:14db] type 01 class 0x060400 PCIe Root Port
[    0.385230] pci 0000:00:01.1: PCI bridge to [bus 01]
[    0.385235] pci 0000:00:01.1:   bridge window [io  0xf000-0xffff]
[    0.385240] pci 0000:00:01.1:   bridge window [mem 0xf5000000-0xf60fffff]
[    0.385247] pci 0000:00:01.1:   bridge window [mem 0xf800000000-0xfc01ffffff 64bit pref]
[    0.385302] pci 0000:00:01.1: PME# supported from D0 D3hot D3cold
[    0.385892] pci 0000:00:01.2: [1022:14db] type 01 class 0x060400 PCIe Root Port
[    0.385908] pci 0000:00:01.2: PCI bridge to [bus 02]
[    0.385914] pci 0000:00:01.2:   bridge window [mem 0xf6e00000-0xf6efffff]
[    0.385971] pci 0000:00:01.2: PME# supported from D0 D3hot D3cold
[    0.386096] pci 0000:00:02.0: [1022:14da] type 00 class 0x060000 conventional PCI endpoint
[    0.386167] pci 0000:00:02.1: [1022:14db] type 01 class 0x060400 PCIe Root Port
[    0.386182] pci 0000:00:02.1: PCI bridge to [bus 03-0f]
[    0.386187] pci 0000:00:02.1:   bridge window [io  0xc000-0xdfff]
[    0.386191] pci 0000:00:02.1:   bridge window [mem 0xf6200000-0xf67fffff]
[    0.386199] pci 0000:00:02.1:   bridge window [mem 0xfc20300000-0xfc203fffff 64bit pref]
[    0.386207] pci 0000:00:02.1: enabling Extended Tags
[    0.386255] pci 0000:00:02.1: PME# supported from D0 D3hot D3cold
[    0.386443] pci 0000:00:02.2: [1022:14db] type 01 class 0x060400 PCIe Root Port
[    0.386458] pci 0000:00:02.2: PCI bridge to [bus 10]
[    0.386464] pci 0000:00:02.2:   bridge window [mem 0xf6d00000-0xf6dfffff]
[    0.386476] pci 0000:00:02.2: enabling Extended Tags
[    0.386524] pci 0000:00:02.2: PME# supported from D0 D3hot D3cold
[    0.386647] pci 0000:00:03.0: [1022:14da] type 00 class 0x060000 conventional PCI endpoint
[    0.386725] pci 0000:00:04.0: [1022:14da] type 00 class 0x060000 conventional PCI endpoint
[    0.386807] pci 0000:00:08.0: [1022:14da] type 00 class 0x060000 conventional PCI endpoint
[    0.386880] pci 0000:00:08.1: [1022:14dd] type 01 class 0x060400 PCIe Root Port
[    0.386892] pci 0000:00:08.1: PCI bridge to [bus 11]
[    0.386897] pci 0000:00:08.1:   bridge window [io  0xe000-0xefff]
[    0.386901] pci 0000:00:08.1:   bridge window [mem 0xf6800000-0xf6bfffff]
[    0.386907] pci 0000:00:08.1:   bridge window [mem 0xfc10000000-0xfc201fffff 64bit pref]
[    0.386914] pci 0000:00:08.1: enabling Extended Tags
[    0.386942] pci 0000:00:08.1: PME# supported from D0 D3hot D3cold
[    0.387048] pci 0000:00:08.3: [1022:14dd] type 01 class 0x060400 PCIe Root Port
[    0.387060] pci 0000:00:08.3: PCI bridge to [bus 12]
[    0.387065] pci 0000:00:08.3:   bridge window [mem 0xf6c00000-0xf6cfffff]
[    0.387075] pci 0000:00:08.3: enabling Extended Tags
[    0.387103] pci 0000:00:08.3: PME# supported from D0 D3hot D3cold
[    0.387204] pci 0000:00:14.0: [1022:790b] type 00 class 0x0c0500 conventional PCI endpoint
[    0.387310] pci 0000:00:14.3: [1022:790e] type 00 class 0x060100 conventional PCI endpoint
[    0.387432] pci 0000:00:18.0: [1022:14e0] type 00 class 0x060000 conventional PCI endpoint
[    0.387470] pci 0000:00:18.1: [1022:14e1] type 00 class 0x060000 conventional PCI endpoint
[    0.387506] pci 0000:00:18.2: [1022:14e2] type 00 class 0x060000 conventional PCI endpoint
[    0.387542] pci 0000:00:18.3: [1022:14e3] type 00 class 0x060000 conventional PCI endpoint
[    0.387579] pci 0000:00:18.4: [1022:14e4] type 00 class 0x060000 conventional PCI endpoint
[    0.387615] pci 0000:00:18.5: [1022:14e5] type 00 class 0x060000 conventional PCI endpoint
[    0.387652] pci 0000:00:18.6: [1022:14e6] type 00 class 0x060000 conventional PCI endpoint
[    0.387688] pci 0000:00:18.7: [1022:14e7] type 00 class 0x060000 conventional PCI endpoint
[    0.387790] pci 0000:01:00.0: [10de:2705] type 00 class 0x030000 PCIe Legacy Endpoint
[    0.387812] pci 0000:01:00.0: BAR 0 [mem 0xf5000000-0xf5ffffff]
[    0.387816] pci 0000:01:00.0: BAR 1 [mem 0xf800000000-0xfbffffffff 64bit pref]
[    0.387821] pci 0000:01:00.0: BAR 3 [mem 0xfc00000000-0xfc01ffffff 64bit pref]
[    0.387825] pci 0000:01:00.0: BAR 5 [io  0xf000-0xf07f]
[    0.387828] pci 0000:01:00.0: ROM [mem 0xf6000000-0xf607ffff pref]
[    0.387869] pci 0000:01:00.0: PME# supported from D0 D3hot
[    0.388004] pci 0000:01:00.1: [10de:22bb] type 00 class 0x040300 PCIe Endpoint
[    0.388024] pci 0000:01:00.1: BAR 0 [mem 0xf6080000-0xf6083fff]
[    0.388133] pci 0000:00:01.1: PCI bridge to [bus 01]
[    0.388205] pci 0000:02:00.0: [1c5c:1959] type 00 class 0x010802 PCIe Endpoint
[    0.388232] pci 0000:02:00.0: BAR 0 [mem 0xf6e00000-0xf6e03fff 64bit]
[    0.388406] pci 0000:00:01.2: PCI bridge to [bus 02]
[    0.388478] pci 0000:03:00.0: [1022:43f4] type 01 class 0x060400 PCIe Switch Upstream Port
[    0.388498] pci 0000:03:00.0: PCI bridge to [bus 04-0f]
[    0.388504] pci 0000:03:00.0:   bridge window [io  0xc000-0xdfff]
[    0.388509] pci 0000:03:00.0:   bridge window [mem 0xf6200000-0xf67fffff]
[    0.388517] pci 0000:03:00.0:   bridge window [mem 0xfc20300000-0xfc203fffff 64bit pref]
[    0.388529] pci 0000:03:00.0: enabling Extended Tags
[    0.388577] pci 0000:03:00.0: PME# supported from D0 D3hot D3cold
[    0.388790] pci 0000:00:02.1: PCI bridge to [bus 03-0f]
[    0.388938] pci 0000:04:00.0: [1022:43f5] type 01 class 0x060400 PCIe Switch Downstream Port
[    0.388957] pci 0000:04:00.0: PCI bridge to [bus 05]
[    0.388965] pci 0000:04:00.0:   bridge window [mem 0xf6700000-0xf67fffff]
[    0.388982] pci 0000:04:00.0: enabling Extended Tags
[    0.389032] pci 0000:04:00.0: PME# supported from D0 D3hot D3cold
[    0.389164] pci 0000:04:04.0: [1022:43f5] type 01 class 0x060400 PCIe Switch Downstream Port
[    0.389184] pci 0000:04:04.0: PCI bridge to [bus 06]
[    0.389205] pci 0000:04:04.0: enabling Extended Tags
[    0.389258] pci 0000:04:04.0: PME# supported from D0 D3hot D3cold
[    0.389387] pci 0000:04:05.0: [1022:43f5] type 01 class 0x060400 PCIe Switch Downstream Port
[    0.389408] pci 0000:04:05.0: PCI bridge to [bus 07]
[    0.389430] pci 0000:04:05.0: enabling Extended Tags
[    0.389483] pci 0000:04:05.0: PME# supported from D0 D3hot D3cold
[    0.389613] pci 0000:04:06.0: [1022:43f5] type 01 class 0x060400 PCIe Switch Downstream Port
[    0.389633] pci 0000:04:06.0: PCI bridge to [bus 08]
[    0.389654] pci 0000:04:06.0: enabling Extended Tags
[    0.389707] pci 0000:04:06.0: PME# supported from D0 D3hot D3cold
[    0.389838] pci 0000:04:07.0: [1022:43f5] type 01 class 0x060400 PCIe Switch Downstream Port
[    0.389858] pci 0000:04:07.0: PCI bridge to [bus 09]
[    0.389880] pci 0000:04:07.0: enabling Extended Tags
[    0.389932] pci 0000:04:07.0: PME# supported from D0 D3hot D3cold
[    0.390065] pci 0000:04:08.0: [1022:43f5] type 01 class 0x060400 PCIe Switch Downstream Port
[    0.390085] pci 0000:04:08.0: PCI bridge to [bus 0a]
[    0.390091] pci 0000:04:08.0:   bridge window [io  0xd000-0xdfff]
[    0.390095] pci 0000:04:08.0:   bridge window [mem 0xf6600000-0xf66fffff]
[    0.390112] pci 0000:04:08.0: enabling Extended Tags
[    0.390163] pci 0000:04:08.0: PME# supported from D0 D3hot D3cold
[    0.390294] pci 0000:04:09.0: [1022:43f5] type 01 class 0x060400 PCIe Switch Downstream Port
[    0.390313] pci 0000:04:09.0: PCI bridge to [bus 0b]
[    0.390335] pci 0000:04:09.0: enabling Extended Tags
[    0.390387] pci 0000:04:09.0: PME# supported from D0 D3hot D3cold
[    0.390520] pci 0000:04:0a.0: [1022:43f5] type 01 class 0x060400 PCIe Switch Downstream Port
[    0.390540] pci 0000:04:0a.0: PCI bridge to [bus 0c]
[    0.390546] pci 0000:04:0a.0:   bridge window [io  0xc000-0xcfff]
[    0.390550] pci 0000:04:0a.0:   bridge window [mem 0xf6500000-0xf65fffff]
[    0.390567] pci 0000:04:0a.0: enabling Extended Tags
[    0.390618] pci 0000:04:0a.0: PME# supported from D0 D3hot D3cold
[    0.390750] pci 0000:04:0b.0: [1022:43f5] type 01 class 0x060400 PCIe Switch Downstream Port
[    0.390770] pci 0000:04:0b.0: PCI bridge to [bus 0d]
[    0.390777] pci 0000:04:0b.0:   bridge window [mem 0xf6400000-0xf64fffff]
[    0.390786] pci 0000:04:0b.0:   bridge window [mem 0xfc20300000-0xfc203fffff 64bit pref]
[    0.390798] pci 0000:04:0b.0: enabling Extended Tags
[    0.390849] pci 0000:04:0b.0: PME# supported from D0 D3hot D3cold
[    0.390983] pci 0000:04:0c.0: [1022:43f5] type 01 class 0x060400 PCIe Switch Downstream Port
[    0.391003] pci 0000:04:0c.0: PCI bridge to [bus 0e]
[    0.391009] pci 0000:04:0c.0:   bridge window [mem 0xf6300000-0xf63fffff]
[    0.391026] pci 0000:04:0c.0: enabling Extended Tags
[    0.391062] pci 0000:04:0c.0: PME# supported from D0 D3hot D3cold
[    0.391184] pci 0000:04:0d.0: [1022:43f5] type 01 class 0x060400 PCIe Switch Downstream Port
[    0.391204] pci 0000:04:0d.0: PCI bridge to [bus 0f]
[    0.391209] pci 0000:04:0d.0:   bridge window [mem 0xf6200000-0xf62fffff]
[    0.391226] pci 0000:04:0d.0: enabling Extended Tags
[    0.391262] pci 0000:04:0d.0: PME# supported from D0 D3hot D3cold
[    0.391360] pci 0000:03:00.0: PCI bridge to [bus 04-0f]
[    0.391420] pci 0000:05:00.0: [1c5c:1959] type 00 class 0x010802 PCIe Endpoint
[    0.391462] pci 0000:05:00.0: BAR 0 [mem 0xf6700000-0xf6703fff 64bit]
[    0.391475] pci 0000:05:00.0: enabling Extended Tags
[    0.391731] pci 0000:04:00.0: PCI bridge to [bus 05]
[    0.391774] pci 0000:04:04.0: PCI bridge to [bus 06]
[    0.391817] pci 0000:04:05.0: PCI bridge to [bus 07]
[    0.391859] pci 0000:04:06.0: PCI bridge to [bus 08]
[    0.391903] pci 0000:04:07.0: PCI bridge to [bus 09]
[    0.391959] pci 0000:0a:00.0: [1b21:0612] type 00 class 0x010601 PCIe Legacy Endpoint
[    0.392015] pci 0000:0a:00.0: BAR 0 [io  0xd050-0xd057]
[    0.392019] pci 0000:0a:00.0: BAR 1 [io  0xd040-0xd043]
[    0.392023] pci 0000:0a:00.0: BAR 2 [io  0xd030-0xd037]
[    0.392028] pci 0000:0a:00.0: BAR 3 [io  0xd020-0xd023]
[    0.392032] pci 0000:0a:00.0: BAR 4 [io  0xd000-0xd01f]
[    0.392036] pci 0000:0a:00.0: BAR 5 [mem 0xf6600000-0xf66001ff]
[    0.392175] pci 0000:04:08.0: PCI bridge to [bus 0a]
[    0.392218] pci 0000:04:09.0: PCI bridge to [bus 0b]
[    0.392281] pci 0000:0c:00.0: [10ec:8125] type 00 class 0x020000 PCIe Endpoint
[    0.392338] pci 0000:0c:00.0: BAR 0 [io  0xc000-0xc0ff]
[    0.392345] pci 0000:0c:00.0: BAR 2 [mem 0xf6500000-0xf650ffff 64bit]
[    0.392351] pci 0000:0c:00.0: BAR 4 [mem 0xf6510000-0xf6513fff 64bit]
[    0.392476] pci 0000:0c:00.0: supports D1 D2
[    0.392478] pci 0000:0c:00.0: PME# supported from D0 D1 D2 D3hot D3cold
[    0.392737] pci 0000:04:0a.0: PCI bridge to [bus 0c]
[    0.392801] pci 0000:0d:00.0: [14c3:0616] type 00 class 0x028000 PCIe Endpoint
[    0.392864] pci 0000:0d:00.0: BAR 0 [mem 0xfc20300000-0xfc203fffff 64bit pref]
[    0.392871] pci 0000:0d:00.0: BAR 2 [mem 0xf6400000-0xf6407fff 64bit]
[    0.392888] pci 0000:0d:00.0: enabling Extended Tags
[    0.392983] pci 0000:0d:00.0: PME# supported from D0 D3hot D3cold
[    0.393204] pci 0000:04:0b.0: PCI bridge to [bus 0d]
[    0.393256] pci 0000:0e:00.0: [1022:43f7] type 00 class 0x0c0330 PCIe Legacy Endpoint
[    0.393285] pci 0000:0e:00.0: BAR 0 [mem 0xf6300000-0xf6307fff 64bit]
[    0.393296] pci 0000:0e:00.0: enabling Extended Tags
[    0.393336] pci 0000:0e:00.0: PME# supported from D0 D3hot D3cold
[    0.393474] pci 0000:04:0c.0: PCI bridge to [bus 0e]
[    0.393525] pci 0000:0f:00.0: [1022:43f6] type 00 class 0x010601 PCIe Legacy Endpoint
[    0.393556] pci 0000:0f:00.0: BAR 5 [mem 0xf6280000-0xf62803ff]
[    0.393559] pci 0000:0f:00.0: ROM [mem 0xf6200000-0xf627ffff pref]
[    0.393566] pci 0000:0f:00.0: enabling Extended Tags
[    0.393600] pci 0000:0f:00.0: PME# supported from D0 D3hot D3cold
[    0.393688] pci 0000:04:0d.0: PCI bridge to [bus 0f]
[    0.393944] pci 0000:10:00.0: [1c5c:174a] type 00 class 0x010802 PCIe Endpoint
[    0.393975] pci 0000:10:00.0: BAR 0 [mem 0xf6d00000-0xf6d03fff 64bit]
[    0.393979] pci 0000:10:00.0: BAR 2 [mem 0xf6d05000-0xf6d05fff]
[    0.393983] pci 0000:10:00.0: BAR 3 [mem 0xf6d04000-0xf6d04fff]
[    0.394158] pci 0000:00:02.2: PCI bridge to [bus 10]
[    0.394245] pci 0000:11:00.0: [1002:164e] type 00 class 0x030000 PCIe Legacy Endpoint
[    0.394265] pci 0000:11:00.0: BAR 0 [mem 0xfc10000000-0xfc1fffffff 64bit pref]
[    0.394269] pci 0000:11:00.0: BAR 2 [mem 0xfc20000000-0xfc201fffff 64bit pref]
[    0.394273] pci 0000:11:00.0: BAR 4 [io  0xe000-0xe0ff]
[    0.394276] pci 0000:11:00.0: BAR 5 [mem 0xf6b00000-0xf6b7ffff]
[    0.394282] pci 0000:11:00.0: enabling Extended Tags
[    0.394319] pci 0000:11:00.0: PME# supported from D1 D2 D3hot D3cold
[    0.394416] pci 0000:11:00.1: [1002:1640] type 00 class 0x040300 PCIe Legacy Endpoint
[    0.394434] pci 0000:11:00.1: BAR 0 [mem 0xf6b88000-0xf6b8bfff]
[    0.394442] pci 0000:11:00.1: enabling Extended Tags
[    0.394467] pci 0000:11:00.1: PME# supported from D1 D2 D3hot D3cold
[    0.394538] pci 0000:11:00.2: [1022:1649] type 00 class 0x108000 PCIe Endpoint
[    0.394577] pci 0000:11:00.2: BAR 2 [mem 0xf6a00000-0xf6afffff]
[    0.394581] pci 0000:11:00.2: BAR 5 [mem 0xf6b8c000-0xf6b8dfff]
[    0.394587] pci 0000:11:00.2: enabling Extended Tags
[    0.394676] pci 0000:11:00.3: [1022:15b6] type 00 class 0x0c0330 PCIe Endpoint
[    0.394695] pci 0000:11:00.3: BAR 0 [mem 0xf6900000-0xf69fffff 64bit]
[    0.394702] pci 0000:11:00.3: enabling Extended Tags
[    0.394728] pci 0000:11:00.3: PME# supported from D0 D3hot D3cold
[    0.394801] pci 0000:11:00.4: [1022:15b7] type 00 class 0x0c0330 PCIe Endpoint
[    0.394820] pci 0000:11:00.4: BAR 0 [mem 0xf6800000-0xf68fffff 64bit]
[    0.394828] pci 0000:11:00.4: enabling Extended Tags
[    0.394854] pci 0000:11:00.4: PME# supported from D0 D3hot D3cold
[    0.394926] pci 0000:11:00.6: [1022:15e3] type 00 class 0x040300 PCIe Endpoint
[    0.394944] pci 0000:11:00.6: BAR 0 [mem 0xf6b80000-0xf6b87fff]
[    0.394952] pci 0000:11:00.6: enabling Extended Tags
[    0.394976] pci 0000:11:00.6: PME# supported from D0 D3hot D3cold
[    0.395058] pci 0000:00:08.1: PCI bridge to [bus 11]
[    0.395102] pci 0000:12:00.0: [1022:15b8] type 00 class 0x0c0330 PCIe Endpoint
[    0.395125] pci 0000:12:00.0: BAR 0 [mem 0xf6c00000-0xf6cfffff 64bit]
[    0.395132] pci 0000:12:00.0: enabling Extended Tags
[    0.395164] pci 0000:12:00.0: PME# supported from D0 D3hot D3cold
[    0.395251] pci 0000:00:08.3: PCI bridge to [bus 12]
[    0.401203] ACPI: PCI: Interrupt link LNKA configured for IRQ 0
[    0.401264] ACPI: PCI: Interrupt link LNKB configured for IRQ 0
[    0.401319] ACPI: PCI: Interrupt link LNKC configured for IRQ 0
[    0.401383] ACPI: PCI: Interrupt link LNKD configured for IRQ 0
[    0.401443] ACPI: PCI: Interrupt link LNKE configured for IRQ 0
[    0.401493] ACPI: PCI: Interrupt link LNKF configured for IRQ 0
[    0.401542] ACPI: PCI: Interrupt link LNKG configured for IRQ 0
[    0.401592] ACPI: PCI: Interrupt link LNKH configured for IRQ 0
[    0.402905] iommu: Default domain type: Translated
[    0.402905] iommu: DMA domain TLB invalidation policy: lazy mode
[    0.402905] SCSI subsystem initialized
[    0.402905] libata version 3.00 loaded.
[    0.402905] ACPI: bus type USB registered
[    0.402905] usbcore: registered new interface driver usbfs
[    0.402905] usbcore: registered new interface driver hub
[    0.402905] usbcore: registered new device driver usb
[    0.402905] pps_core: LinuxPPS API ver. 1 registered
[    0.402905] pps_core: Software ver. 5.3.6 - Copyright 2005-2007 Rodolfo Giometti <giometti@linux.it>
[    0.402905] PTP clock support registered
[    0.402905] EDAC MC: Ver: 3.0.0
[    0.403398] efivars: Registered efivars operations
[    0.403574] NetLabel: Initializing
[    0.403577] NetLabel:  domain hash size = 128
[    0.403579] NetLabel:  protocols = UNLABELED CIPSOv4 CALIPSO
[    0.403597] NetLabel:  unlabeled traffic allowed by default
[    0.403611] mctp: management component transport protocol core
[    0.403611] NET: Registered PF_MCTP protocol family
[    0.403611] PCI: Using ACPI for IRQ routing
[    0.410558] PCI: pci_cache_line_size set to 64 bytes
[    0.410628] e820: reserve RAM buffer [mem 0x09e02000-0x0bffffff]
[    0.410630] e820: reserve RAM buffer [mem 0x0a200000-0x0bffffff]
[    0.410631] e820: reserve RAM buffer [mem 0x0b000000-0x0bffffff]
[    0.410632] e820: reserve RAM buffer [mem 0xa6da9018-0xa7ffffff]
[    0.410634] e820: reserve RAM buffer [mem 0xa6e78000-0xa7ffffff]
[    0.410635] e820: reserve RAM buffer [mem 0xa6ed5018-0xa7ffffff]
[    0.410636] e820: reserve RAM buffer [mem 0xa7dbd000-0xa7ffffff]
[    0.410637] e820: reserve RAM buffer [mem 0xac58d000-0xafffffff]
[    0.410638] e820: reserve RAM buffer [mem 0xbbff9000-0xbbffffff]
[    0.410639] e820: reserve RAM buffer [mem 0x101de80000-0x101fffffff]
[    0.410675] pci 0000:01:00.0: vgaarb: setting as boot VGA device
[    0.410675] pci 0000:01:00.0: vgaarb: bridge control possible
[    0.410675] pci 0000:01:00.0: vgaarb: VGA device added: decodes=io+mem,owns=none,locks=none
[    0.410675] pci 0000:11:00.0: vgaarb: bridge control possible
[    0.410675] pci 0000:11:00.0: vgaarb: VGA device added: decodes=io+mem,owns=none,locks=none
[    0.410675] vgaarb: loaded
[    0.410675] hpet0: at MMIO 0xfed00000, IRQs 2, 8, 0
[    0.410675] hpet0: 3 comparators, 32-bit 14.318180 MHz counter
[    0.412457] clocksource: Switched to clocksource tsc-early
[    0.412581] VFS: Disk quotas dquot_6.6.0
[    0.412594] VFS: Dquot-cache hash table entries: 512 (order 0, 4096 bytes)
[    0.412714] AppArmor: AppArmor Filesystem Enabled
[    0.412740] pnp: PnP ACPI init
[    0.412826] system 00:00: [mem 0xe0000000-0xefffffff] has been reserved
[    0.412902] system 00:01: [mem 0x1020000000-0x103fffffff window] has been reserved
[    0.413116] system 00:03: [io  0x0a00-0x0a0f] has been reserved
[    0.413119] system 00:03: [io  0x0a10-0x0a1f] has been reserved
[    0.413123] system 00:03: [io  0x0a20-0x0a2f] has been reserved
[    0.413395] system 00:04: [io  0x04d0-0x04d1] has been reserved
[    0.413399] system 00:04: [io  0x040b] has been reserved
[    0.413402] system 00:04: [io  0x04d6] has been reserved
[    0.413405] system 00:04: [io  0x0c00-0x0c01] has been reserved
[    0.413408] system 00:04: [io  0x0c14] has been reserved
[    0.413411] system 00:04: [io  0x0c50-0x0c51] has been reserved
[    0.413415] system 00:04: [io  0x0c52] has been reserved
[    0.413421] system 00:04: [io  0x0c6c] has been reserved
[    0.413424] system 00:04: [io  0x0c6f] has been reserved
[    0.413427] system 00:04: [io  0x0cd8-0x0cdf] has been reserved
[    0.413430] system 00:04: [io  0x0800-0x089f] has been reserved
[    0.413433] system 00:04: [io  0x0b00-0x0b0f] has been reserved
[    0.413437] system 00:04: [io  0x0b20-0x0b3f] has been reserved
[    0.413440] system 00:04: [io  0x0900-0x090f] has been reserved
[    0.413443] system 00:04: [io  0x0910-0x091f] has been reserved
[    0.413446] system 00:04: [mem 0xfedc0000-0xfedc0fff] has been reserved
[    0.413450] system 00:04: [mem 0xfee00000-0xfee00fff] has been reserved
[    0.413453] system 00:04: [mem 0xfec10000-0xfec10fff] has been reserved
[    0.413456] system 00:04: [mem 0xfeb00000-0xfeb00fff] has been reserved
[    0.413460] system 00:04: [mem 0xff000000-0xffffffff] has been reserved
[    0.417705] pnp: PnP ACPI: found 5 devices
[    0.423479] clocksource: acpi_pm: mask: 0xffffff max_cycles: 0xffffff, max_idle_ns: 2085701024 ns
[    0.423529] NET: Registered PF_INET protocol family
[    0.423585] IP idents hash table entries: 262144 (order: 9, 2097152 bytes, linear)
[    0.434184] tcp_listen_portaddr_hash hash table entries: 32768 (order: 7, 524288 bytes, linear)
[    0.434214] Table-perturb hash table entries: 65536 (order: 6, 262144 bytes, linear)
[    0.434301] TCP established hash table entries: 524288 (order: 10, 4194304 bytes, linear)
[    0.434534] TCP bind hash table entries: 65536 (order: 9, 2097152 bytes, linear)
[    0.434594] TCP: Hash tables configured (established 524288 bind 65536)
[    0.434701] MPTCP token hash table entries: 65536 (order: 8, 1572864 bytes, linear)
[    0.434772] UDP hash table entries: 32768 (order: 8, 1048576 bytes, linear)
[    0.434840] UDP-Lite hash table entries: 32768 (order: 8, 1048576 bytes, linear)
[    0.434921] NET: Registered PF_UNIX/PF_LOCAL protocol family
[    0.434928] NET: Registered PF_XDP protocol family
[    0.434941] pci 0000:00:01.1: PCI bridge to [bus 01]
[    0.434949] pci 0000:00:01.1:   bridge window [io  0xf000-0xffff]
[    0.434954] pci 0000:00:01.1:   bridge window [mem 0xf5000000-0xf60fffff]
[    0.434958] pci 0000:00:01.1:   bridge window [mem 0xf800000000-0xfc01ffffff 64bit pref]
[    0.434971] pci 0000:00:01.2: PCI bridge to [bus 02]
[    0.434975] pci 0000:00:01.2:   bridge window [mem 0xf6e00000-0xf6efffff]
[    0.434988] pci 0000:04:00.0: PCI bridge to [bus 05]
[    0.434997] pci 0000:04:00.0:   bridge window [mem 0xf6700000-0xf67fffff]
[    0.435004] pci 0000:04:04.0: PCI bridge to [bus 06]
[    0.435013] pci 0000:04:05.0: PCI bridge to [bus 07]
[    0.435021] pci 0000:04:06.0: PCI bridge to [bus 08]
[    0.435030] pci 0000:04:07.0: PCI bridge to [bus 09]
[    0.435038] pci 0000:04:08.0: PCI bridge to [bus 0a]
[    0.435042] pci 0000:04:08.0:   bridge window [io  0xd000-0xdfff]
[    0.435047] pci 0000:04:08.0:   bridge window [mem 0xf6600000-0xf66fffff]
[    0.435054] pci 0000:04:09.0: PCI bridge to [bus 0b]
[    0.435062] pci 0000:04:0a.0: PCI bridge to [bus 0c]
[    0.435066] pci 0000:04:0a.0:   bridge window [io  0xc000-0xcfff]
[    0.435071] pci 0000:04:0a.0:   bridge window [mem 0xf6500000-0xf65fffff]
[    0.435078] pci 0000:04:0b.0: PCI bridge to [bus 0d]
[    0.435082] pci 0000:04:0b.0:   bridge window [mem 0xf6400000-0xf64fffff]
[    0.435087] pci 0000:04:0b.0:   bridge window [mem 0xfc20300000-0xfc203fffff 64bit pref]
[    0.435093] pci 0000:04:0c.0: PCI bridge to [bus 0e]
[    0.435098] pci 0000:04:0c.0:   bridge window [mem 0xf6300000-0xf63fffff]
[    0.435105] pci 0000:04:0d.0: PCI bridge to [bus 0f]
[    0.435110] pci 0000:04:0d.0:   bridge window [mem 0xf6200000-0xf62fffff]
[    0.435117] pci 0000:03:00.0: PCI bridge to [bus 04-0f]
[    0.435120] pci 0000:03:00.0:   bridge window [io  0xc000-0xdfff]
[    0.435125] pci 0000:03:00.0:   bridge window [mem 0xf6200000-0xf67fffff]
[    0.435130] pci 0000:03:00.0:   bridge window [mem 0xfc20300000-0xfc203fffff 64bit pref]
[    0.435136] pci 0000:00:02.1: PCI bridge to [bus 03-0f]
[    0.435139] pci 0000:00:02.1:   bridge window [io  0xc000-0xdfff]
[    0.435144] pci 0000:00:02.1:   bridge window [mem 0xf6200000-0xf67fffff]
[    0.435148] pci 0000:00:02.1:   bridge window [mem 0xfc20300000-0xfc203fffff 64bit pref]
[    0.435160] pci 0000:00:02.2: PCI bridge to [bus 10]
[    0.435164] pci 0000:00:02.2:   bridge window [mem 0xf6d00000-0xf6dfffff]
[    0.435177] pci 0000:00:08.1: PCI bridge to [bus 11]
[    0.435184] pci 0000:00:08.1:   bridge window [io  0xe000-0xefff]
[    0.435188] pci 0000:00:08.1:   bridge window [mem 0xf6800000-0xf6bfffff]
[    0.435192] pci 0000:00:08.1:   bridge window [mem 0xfc10000000-0xfc201fffff 64bit pref]
[    0.435198] pci 0000:00:08.3: PCI bridge to [bus 12]
[    0.435201] pci 0000:00:08.3:   bridge window [mem 0xf6c00000-0xf6cfffff]
[    0.435207] pci_bus 0000:00: resource 4 [io  0x0000-0x03af window]
[    0.435210] pci_bus 0000:00: resource 5 [io  0x03e0-0x0cf7 window]
[    0.435214] pci_bus 0000:00: resource 6 [io  0x03b0-0x03df window]
[    0.435217] pci_bus 0000:00: resource 7 [io  0x0d00-0xffff window]
[    0.435220] pci_bus 0000:00: resource 8 [mem 0x000a0000-0x000dffff window]
[    0.435223] pci_bus 0000:00: resource 9 [mem 0xc0000000-0xf6ffffff window]
[    0.435226] pci_bus 0000:00: resource 10 [mem 0x1040000000-0xffffffffff window]
[    0.435230] pci_bus 0000:01: resource 0 [io  0xf000-0xffff]
[    0.435233] pci_bus 0000:01: resource 1 [mem 0xf5000000-0xf60fffff]
[    0.435236] pci_bus 0000:01: resource 2 [mem 0xf800000000-0xfc01ffffff 64bit pref]
[    0.435240] pci_bus 0000:02: resource 1 [mem 0xf6e00000-0xf6efffff]
[    0.435243] pci_bus 0000:03: resource 0 [io  0xc000-0xdfff]
[    0.435246] pci_bus 0000:03: resource 1 [mem 0xf6200000-0xf67fffff]
[    0.435249] pci_bus 0000:03: resource 2 [mem 0xfc20300000-0xfc203fffff 64bit pref]
[    0.435253] pci_bus 0000:04: resource 0 [io  0xc000-0xdfff]
[    0.435256] pci_bus 0000:04: resource 1 [mem 0xf6200000-0xf67fffff]
[    0.435259] pci_bus 0000:04: resource 2 [mem 0xfc20300000-0xfc203fffff 64bit pref]
[    0.435262] pci_bus 0000:05: resource 1 [mem 0xf6700000-0xf67fffff]
[    0.435266] pci_bus 0000:0a: resource 0 [io  0xd000-0xdfff]
[    0.435269] pci_bus 0000:0a: resource 1 [mem 0xf6600000-0xf66fffff]
[    0.435272] pci_bus 0000:0c: resource 0 [io  0xc000-0xcfff]
[    0.435275] pci_bus 0000:0c: resource 1 [mem 0xf6500000-0xf65fffff]
[    0.435278] pci_bus 0000:0d: resource 1 [mem 0xf6400000-0xf64fffff]
[    0.435281] pci_bus 0000:0d: resource 2 [mem 0xfc20300000-0xfc203fffff 64bit pref]
[    0.435284] pci_bus 0000:0e: resource 1 [mem 0xf6300000-0xf63fffff]
[    0.435288] pci_bus 0000:0f: resource 1 [mem 0xf6200000-0xf62fffff]
[    0.435291] pci_bus 0000:10: resource 1 [mem 0xf6d00000-0xf6dfffff]
[    0.435294] pci_bus 0000:11: resource 0 [io  0xe000-0xefff]
[    0.435297] pci_bus 0000:11: resource 1 [mem 0xf6800000-0xf6bfffff]
[    0.435300] pci_bus 0000:11: resource 2 [mem 0xfc10000000-0xfc201fffff 64bit pref]
[    0.435303] pci_bus 0000:12: resource 1 [mem 0xf6c00000-0xf6cfffff]
[    0.435460] pci 0000:01:00.1: extending delay after power-on from D3hot to 20 msec
[    0.435481] pci 0000:01:00.1: D0 power state depends on 0000:01:00.0
[    0.435767] pci 0000:11:00.1: D0 power state depends on 0000:11:00.0
[    0.436065] PCI: CLS 64 bytes, default 64
[    0.436079] pci 0000:00:00.2: AMD-Vi: IOMMU performance counters supported
[    0.436117] Trying to unpack rootfs image as initramfs...
[    0.436122] pci 0000:00:01.0: Adding to iommu group 0
[    0.436136] pci 0000:00:01.1: Adding to iommu group 1
[    0.436151] pci 0000:00:01.2: Adding to iommu group 2
[    0.436175] pci 0000:00:02.0: Adding to iommu group 3
[    0.436191] pci 0000:00:02.1: Adding to iommu group 4
[    0.436206] pci 0000:00:02.2: Adding to iommu group 5
[    0.436228] pci 0000:00:03.0: Adding to iommu group 6
[    0.436251] pci 0000:00:04.0: Adding to iommu group 7
[    0.436274] pci 0000:00:08.0: Adding to iommu group 8
[    0.436289] pci 0000:00:08.1: Adding to iommu group 9
[    0.436305] pci 0000:00:08.3: Adding to iommu group 10
[    0.436335] pci 0000:00:14.0: Adding to iommu group 11
[    0.436350] pci 0000:00:14.3: Adding to iommu group 11
[    0.436425] pci 0000:00:18.0: Adding to iommu group 12
[    0.436440] pci 0000:00:18.1: Adding to iommu group 12
[    0.436457] pci 0000:00:18.2: Adding to iommu group 12
[    0.436472] pci 0000:00:18.3: Adding to iommu group 12
[    0.436487] pci 0000:00:18.4: Adding to iommu group 12
[    0.436502] pci 0000:00:18.5: Adding to iommu group 12
[    0.436518] pci 0000:00:18.6: Adding to iommu group 12
[    0.436533] pci 0000:00:18.7: Adding to iommu group 12
[    0.436564] pci 0000:01:00.0: Adding to iommu group 13
[    0.436581] pci 0000:01:00.1: Adding to iommu group 13
[    0.436597] pci 0000:02:00.0: Adding to iommu group 14
[    0.436612] pci 0000:03:00.0: Adding to iommu group 15
[    0.436628] pci 0000:04:00.0: Adding to iommu group 16
[    0.436644] pci 0000:04:04.0: Adding to iommu group 17
[    0.436659] pci 0000:04:05.0: Adding to iommu group 18
[    0.436674] pci 0000:04:06.0: Adding to iommu group 19
[    0.436690] pci 0000:04:07.0: Adding to iommu group 20
[    0.436706] pci 0000:04:08.0: Adding to iommu group 21
[    0.436721] pci 0000:04:09.0: Adding to iommu group 22
[    0.436737] pci 0000:04:0a.0: Adding to iommu group 23
[    0.436753] pci 0000:04:0b.0: Adding to iommu group 24
[    0.436768] pci 0000:04:0c.0: Adding to iommu group 25
[    0.436783] pci 0000:04:0d.0: Adding to iommu group 26
[    0.436790] pci 0000:05:00.0: Adding to iommu group 16
[    0.436795] pci 0000:0a:00.0: Adding to iommu group 21
[    0.436801] pci 0000:0c:00.0: Adding to iommu group 23
[    0.436806] pci 0000:0d:00.0: Adding to iommu group 24
[    0.436811] pci 0000:0e:00.0: Adding to iommu group 25
[    0.436816] pci 0000:0f:00.0: Adding to iommu group 26
[    0.436832] pci 0000:10:00.0: Adding to iommu group 27
[    0.436859] pci 0000:11:00.0: Adding to iommu group 28
[    0.436874] pci 0000:11:00.1: Adding to iommu group 29
[    0.436892] pci 0000:11:00.2: Adding to iommu group 30
[    0.436908] pci 0000:11:00.3: Adding to iommu group 31
[    0.436925] pci 0000:11:00.4: Adding to iommu group 32
[    0.436941] pci 0000:11:00.6: Adding to iommu group 33
[    0.436959] pci 0000:12:00.0: Adding to iommu group 34
[    0.439846] AMD-Vi: Extended features (0x246577efa2254afa, 0x0): PPR NX GT [5] IA GA PC GA_vAPIC
[    0.439856] AMD-Vi: Interrupt remapping enabled
[    0.453142] AMD-Vi: Virtual APIC enabled
[    0.453163] PCI-DMA: Using software bounce buffering for IO (SWIOTLB)
[    0.453166] software IO TLB: mapped [mem 0x000000009c7c1000-0x00000000a07c1000] (64MB)
[    0.453198] LVT offset 0 assigned for vector 0x400
[    0.455588] perf: AMD IBS detected (0x00000bff)
[    0.455597] perf/amd_iommu: Detected AMD IOMMU #0 (2 banks, 4 counters/bank).
[    0.456383] Initialise system trusted keyrings
[    0.456397] Key type blacklist registered
[    0.456427] workingset: timestamp_bits=36 max_order=24 bucket_order=0
[    0.456436] zbud: loaded
[    0.456640] squashfs: version 4.0 (2009/01/31) Phillip Lougher
[    0.456706] fuse: init (API version 7.39)
[    0.456796] integrity: Platform Keyring initialized
[    0.456802] integrity: Machine keyring initialized
[    0.463794] Key type asymmetric registered
[    0.463797] Asymmetric key parser 'x509' registered
[    0.463808] Block layer SCSI generic (bsg) driver version 0.4 loaded (major 243)
[    0.463842] io scheduler mq-deadline registered
[    0.465053] pcieport 0000:00:01.1: PME: Signaling with IRQ 30
[    0.465176] pcieport 0000:00:01.2: PME: Signaling with IRQ 31
[    0.465295] pcieport 0000:00:02.1: PME: Signaling with IRQ 32
[    0.465417] pcieport 0000:00:02.2: PME: Signaling with IRQ 33
[    0.465536] pcieport 0000:00:08.1: PME: Signaling with IRQ 34
[    0.465641] pcieport 0000:00:08.3: PME: Signaling with IRQ 35
[    0.466973] shpchp: Standard Hot Plug PCI Controller Driver version: 0.4
[    0.467099] input: Power Button as /devices/LNXSYSTM:00/LNXSYBUS:00/PNP0C0C:00/input/input0
[    0.467120] ACPI: button: Power Button [PWRB]
[    0.467150] input: Power Button as /devices/LNXSYSTM:00/LNXPWRBN:00/input/input1
[    0.467187] ACPI: button: Power Button [PWRF]
[    0.467237] Estimated ratio of average max frequency by base frequency (times 1024): 1214
[    0.467250] Monitor-Mwait will be used to enter C-1 state
[    0.467253] ACPI: \_SB_.PLTF.C000: Found 3 idle states
[    0.467372] ACPI: \_SB_.PLTF.C002: Found 3 idle states
[    0.467540] ACPI: \_SB_.PLTF.C004: Found 3 idle states
[    0.467652] ACPI: \_SB_.PLTF.C006: Found 3 idle states
[    0.467761] ACPI: \_SB_.PLTF.C008: Found 3 idle states
[    0.467873] ACPI: \_SB_.PLTF.C00A: Found 3 idle states
[    0.467977] ACPI: \_SB_.PLTF.C00C: Found 3 idle states
[    0.468092] ACPI: \_SB_.PLTF.C00E: Found 3 idle states
[    0.468210] ACPI: \_SB_.PLTF.C010: Found 3 idle states
[    0.468329] ACPI: \_SB_.PLTF.C012: Found 3 idle states
[    0.468446] ACPI: \_SB_.PLTF.C014: Found 3 idle states
[    0.468560] ACPI: \_SB_.PLTF.C016: Found 3 idle states
[    0.468669] ACPI: \_SB_.PLTF.C018: Found 3 idle states
[    0.468780] ACPI: \_SB_.PLTF.C01A: Found 3 idle states
[    0.468897] ACPI: \_SB_.PLTF.C01C: Found 3 idle states
[    0.469013] ACPI: \_SB_.PLTF.C01E: Found 3 idle states
[    0.469095] ACPI: \_SB_.PLTF.C001: Found 3 idle states
[    0.469204] ACPI: \_SB_.PLTF.C003: Found 3 idle states
[    0.469312] ACPI: \_SB_.PLTF.C005: Found 3 idle states
[    0.469411] ACPI: \_SB_.PLTF.C007: Found 3 idle states
[    0.469513] ACPI: \_SB_.PLTF.C009: Found 3 idle states
[    0.469621] ACPI: \_SB_.PLTF.C00B: Found 3 idle states
[    0.469723] ACPI: \_SB_.PLTF.C00D: Found 3 idle states
[    0.469823] ACPI: \_SB_.PLTF.C00F: Found 3 idle states
[    0.469932] ACPI: \_SB_.PLTF.C011: Found 3 idle states
[    0.470043] ACPI: \_SB_.PLTF.C013: Found 3 idle states
[    0.470156] ACPI: \_SB_.PLTF.C015: Found 3 idle states
[    0.470264] ACPI: \_SB_.PLTF.C017: Found 3 idle states
[    0.470373] ACPI: \_SB_.PLTF.C019: Found 3 idle states
[    0.470481] ACPI: \_SB_.PLTF.C01B: Found 3 idle states
[    0.470595] ACPI: \_SB_.PLTF.C01D: Found 3 idle states
[    0.470703] ACPI: \_SB_.PLTF.C01F: Found 3 idle states
[    0.470935] Serial: 8250/16550 driver, 32 ports, IRQ sharing enabled
[    0.472729] Linux agpgart interface v0.103
[    0.485029] tpm_crb MSFT0101:00: Disabling hwrng
[    0.488833] loop: module loaded
[    0.489038] ACPI: bus type drm_connector registered
[    0.489607] tun: Universal TUN/TAP device driver, 1.6
[    0.489636] PPP generic driver version 2.4.2
[    0.489752] i8042: PNP: No PS/2 controller found.
[    0.489788] mousedev: PS/2 mouse device common for all mice
[    0.489854] rtc_cmos 00:02: RTC can wake from S4
[    0.490034] rtc_cmos 00:02: registered as rtc0
[    0.490060] rtc_cmos 00:02: setting system clock to 2025-04-17T15:51:35 UTC (1744905095)
[    0.490084] rtc_cmos 00:02: alarms up to one month, y3k, 114 bytes nvram
[    0.490092] i2c_dev: i2c /dev entries driver
[    0.490112] device-mapper: core: CONFIG_IMA_DISABLE_HTABLE is disabled. Duplicate IMA measurements will not be recorded in the IMA log.
[    0.490122] device-mapper: uevent: version 1.0.3
[    0.490155] device-mapper: ioctl: 4.48.0-ioctl (2023-03-01) initialised: dm-devel@redhat.com
[    0.490173] platform eisa.0: Probing EISA bus 0
[    0.490176] platform eisa.0: EISA: Cannot allocate resource for mainboard
[    0.490180] platform eisa.0: Cannot allocate resource for EISA slot 1
[    0.490183] platform eisa.0: Cannot allocate resource for EISA slot 2
[    0.490186] platform eisa.0: Cannot allocate resource for EISA slot 3
[    0.490189] platform eisa.0: Cannot allocate resource for EISA slot 4
[    0.490192] platform eisa.0: Cannot allocate resource for EISA slot 5
[    0.490195] platform eisa.0: Cannot allocate resource for EISA slot 6
[    0.490198] platform eisa.0: Cannot allocate resource for EISA slot 7
[    0.490201] platform eisa.0: Cannot allocate resource for EISA slot 8
[    0.490204] platform eisa.0: EISA: Detected 0 cards
[    0.492265] ledtrig-cpu: registered to indicate activity on CPUs
[    0.492501] [drm] Initialized simpledrm 1.0.0 20200625 for simple-framebuffer.0 on minor 0
[    0.496320] Console: switching to colour frame buffer device 160x45
[    0.498269] simple-framebuffer simple-framebuffer.0: [drm] fb0: simpledrmdrmfb frame buffer device
[    0.499440] drop_monitor: Initializing network drop monitor service
[    0.499576] NET: Registered PF_INET6 protocol family
[    0.632817] Freeing initrd memory: 71936K
[    0.636357] Segment Routing with IPv6
[    0.636392] In-situ OAM (IOAM) with IPv6
[    0.636430] NET: Registered PF_PACKET protocol family
[    0.636480] Key type dns_resolver registered
[    0.638383] microcode: Current revision: 0x0a601206
[    0.638848] resctrl: L3 allocation detected
[    0.638863] resctrl: MB allocation detected
[    0.638874] resctrl: SMBA allocation detected
[    0.638886] resctrl: L3 monitoring detected
[    0.638930] IPI shorthand broadcast: enabled
[    0.640468] sched_clock: Marking stable (638480957, 1577278)->(675352291, -35294056)
[    0.640663] registered taskstats version 1
[    0.641246] Loading compiled-in X.509 certificates
[    0.641632] Loaded X.509 cert 'Build time autogenerated kernel key: 97e06c320ea13f9f6032597ec1fbd60aa16c8e09'
[    0.641966] Loaded X.509 cert 'Canonical Ltd. Live Patch Signing: 14df34d1a87cf37625abec039ef2bf521249b969'
[    0.642285] Loaded X.509 cert 'Canonical Ltd. Kernel Module Signing: 88f752e560a1e0737e31163a466ad7b70a850c19'
[    0.643187] blacklist: Loading compiled-in revocation X.509 certificates
[    0.643793] Loaded X.509 cert 'Canonical Ltd. Secure Boot Signing: 61482aa2830d0ab2ad5af10b7250da9033ddcef0'
[    0.644347] Loaded X.509 cert 'Canonical Ltd. Secure Boot Signing (2017): 242ade75ac4a15e50d50c84b0d45ff3eae707a03'
[    0.644886] Loaded X.509 cert 'Canonical Ltd. Secure Boot Signing (ESM 2018): 365188c1d374d6b07c3c8f240f8ef722433d6a8b'
[    0.647016] Loaded X.509 cert 'Canonical Ltd. Secure Boot Signing (2019): c0746fd6c5da3ae827864651ad66ae47fe24b3e8'
[    0.648333] Loaded X.509 cert 'Canonical Ltd. Secure Boot Signing (2021 v1): a8d54bbb3825cfb94fa13c9f8a594a195c107b8d'
[    0.649566] Loaded X.509 cert 'Canonical Ltd. Secure Boot Signing (2021 v2): 4cf046892d6fd3c9a5b03f98d845f90851dc6a8c'
[    0.650949] Loaded X.509 cert 'Canonical Ltd. Secure Boot Signing (2021 v3): 100437bb6de6e469b581e61cd66bce3ef4ed53af'
[    0.652165] Loaded X.509 cert 'Canonical Ltd. Secure Boot Signing (Ubuntu Core 2019): c1d57b8f6b743f23ee41f4f7ee292f06eecadfb9'
[    0.657189] Key type .fscrypt registered
[    0.657672] Key type fscrypt-provisioning registered
[    0.658200] Key type trusted registered
[    0.667645] Key type encrypted registered
[    0.668120] AppArmor: AppArmor sha256 policy hashing enabled
[    0.668657] integrity: Loading X.509 certificate: UEFI:db
[    0.669375] integrity: Loaded X.509 cert 'Microsoft Corporation UEFI CA 2011: 13adbf4309bd82709c8cd54f316ed522988a1bd4'
[    0.670040] integrity: Loading X.509 certificate: UEFI:db
[    0.670800] integrity: Loaded X.509 cert 'Microsoft Windows Production PCA 2011: a92902398e16c49778cd90f99e4f9ae17c55af53'
[    0.671539] integrity: Loading X.509 certificate: UEFI:db
[    0.672336] integrity: Loaded X.509 cert 'Microsoft Corporation: Windows UEFI CA 2023: aefc5fbbbe055d8f8daa585473499417ab5a5272'
[    0.673164] integrity: Loading X.509 certificate: UEFI:db
[    0.673968] integrity: Loaded X.509 cert 'Microsoft UEFI CA 2023: 81aa6b3244c935bce0d6628af39827421e32497d'
[    0.674744] integrity: Loading X.509 certificate: UEFI:db
[    0.675563] integrity: Loaded X.509 cert 'MSI SHIP DB: ebc30d5be5f35f8041c1c2d9e613eee2'
[    0.677229] Loading compiled-in module X.509 certificates
[    0.678235] Loaded X.509 cert 'Build time autogenerated kernel key: 97e06c320ea13f9f6032597ec1fbd60aa16c8e09'
[    0.679018] ima: Allocated hash algorithm: sha256
[    0.714903] ima: No architecture policies found
[    0.715498] evm: Initialising EVM extended attributes:
[    0.716083] evm: security.selinux
[    0.716673] evm: security.SMACK64
[    0.717256] evm: security.SMACK64EXEC
[    0.717827] evm: security.SMACK64TRANSMUTE
[    0.718385] evm: security.SMACK64MMAP
[    0.718937] evm: security.apparmor
[    0.719494] evm: security.ima
[    0.720048] evm: security.capability
[    0.720606] evm: HMAC attrs: 0x1
[    0.721410] PM:   Magic number: 5:196:892
[    0.727011] RAS: Correctable Errors collector initialized.
[    0.728593] clk: Disabling unused clocks
[    0.730968] Freeing unused decrypted memory: 2028K
[    0.732006] Freeing unused kernel image (initmem) memory: 4984K
[    0.732728] Write protecting the kernel read-only data: 36864k
[    0.733638] Freeing unused kernel image (rodata/data gap) memory: 416K
[    0.766601] x86/mm: Checked W+X mappings: passed, no W+X pages found.
[    0.767119] Run /init as init process
[    0.767952]   with arguments:
[    0.767956]     /init
[    0.767957]   with environment:
[    0.767959]     HOME=/
[    0.767960]     TERM=linux
[    0.767961]     BOOT_IMAGE=/boot/vmlinuz-6.8.0-57-generic
[    0.829411] ACPI: video: Video Device [VGA] (multi-head: yes  rom: no  post: no)
[    0.830776] input: Video Bus as /devices/LNXSYSTM:00/LNXSYBUS:00/PNP0A08:00/device:20/LNXVIDEO:00/input/input2
[    0.837173] ahci 0000:0a:00.0: version 3.0
[    0.837218] piix4_smbus 0000:00:14.0: SMBus Host Controller at 0xb00, revision 0
[    0.837254] xhci_hcd 0000:0e:00.0: xHCI Host Controller
[    0.837416] ahci 0000:0a:00.0: SSS flag set, parallel bus scan disabled
[    0.837453] ahci 0000:0a:00.0: AHCI 0001.0200 32 slots 2 ports 6 Gbps 0x3 impl SATA mode
[    0.837455] ahci 0000:0a:00.0: flags: 64bit ncq sntf stag led clo pmp pio slum part ccc 
[    0.838084] scsi host0: ahci
[    0.838336] piix4_smbus 0000:00:14.0: Using register 0x02 for SMBus port selection
[    0.838341] scsi host1: ahci
[    0.838423] ata1: SATA max UDMA/133 abar m512@0xf6600000 port 0xf6600100 irq 48 lpm-pol 0
[    0.838426] ata2: SATA max UDMA/133 abar m512@0xf6600000 port 0xf6600180 irq 48 lpm-pol 0
[    0.838595] ahci 0000:0f:00.0: SSS flag set, parallel bus scan disabled
[    0.838621] ahci 0000:0f:00.0: AHCI 0001.0301 32 slots 6 ports 6 Gbps 0xf impl SATA mode
[    0.838623] ahci 0000:0f:00.0: flags: 64bit ncq sntf stag pm led clo only pmp pio slum part sxs deso sadm sds apst 
[    0.839054] xhci_hcd 0000:0e:00.0: new USB bus registered, assigned bus number 1
[    0.839156] r8169 0000:0c:00.0: enabling device (0000 -> 0003)
[    0.839309] scsi host2: ahci
[    0.839454] scsi host3: ahci
[    0.839544] scsi host4: ahci
[    0.839655] scsi host5: ahci
[    0.839769] scsi host6: ahci
[    0.839902] piix4_smbus 0000:00:14.0: Auxiliary SMBus Host Controller at 0xb20
[    0.846759] r8169 0000:0c:00.0 eth0: RTL8125B, d8:43:ae:91:18:49, XID 641, IRQ 50
[    0.847727] scsi host7: ahci
[    0.849194] r8169 0000:0c:00.0 eth0: jumbo features [frames: 9194 bytes, tx checksumming: ko]
[    0.850999] ata3: SATA max UDMA/133 abar m1024@0xf6280000 port 0xf6280100 irq 49 lpm-pol 0
[    0.861713] ata4: SATA max UDMA/133 abar m1024@0xf6280000 port 0xf6280180 irq 49 lpm-pol 0
[    0.862600] ata5: SATA max UDMA/133 abar m1024@0xf6280000 port 0xf6280200 irq 49 lpm-pol 0
[    0.863483] ata6: SATA max UDMA/133 abar m1024@0xf6280000 port 0xf6280280 irq 49 lpm-pol 0
[    0.864356] ata7: DUMMY
[    0.865220] ata8: DUMMY
[    0.896352] xhci_hcd 0000:0e:00.0: hcc params 0x0200ef81 hci version 0x110 quirks 0x0000000000000010
[    0.897652] xhci_hcd 0000:0e:00.0: xHCI Host Controller
[    0.898422] xhci_hcd 0000:0e:00.0: new USB bus registered, assigned bus number 2
[    0.899402] xhci_hcd 0000:0e:00.0: Host supports USB 3.2 Enhanced SuperSpeed
[    0.900219] usb usb1: New USB device found, idVendor=1d6b, idProduct=0002, bcdDevice= 6.08
[    0.901033] usb usb1: New USB device strings: Mfr=3, Product=2, SerialNumber=1
[    0.901792] usb usb1: Product: xHCI Host Controller
[    0.902514] usb usb1: Manufacturer: Linux 6.8.0-57-generic xhci-hcd
[    0.903236] usb usb1: SerialNumber: 0000:0e:00.0
[    0.904046] hub 1-0:1.0: USB hub found
[    0.904774] hub 1-0:1.0: 12 ports detected
[    0.905945] usb usb2: We don't know the algorithms for LPM for this host, disabling LPM.
[    0.906666] usb usb2: New USB device found, idVendor=1d6b, idProduct=0003, bcdDevice= 6.08
[    0.907296] usb usb2: New USB device strings: Mfr=3, Product=2, SerialNumber=1
[    0.908013] usb usb2: Product: xHCI Host Controller
[    0.908666] usb usb2: Manufacturer: Linux 6.8.0-57-generic xhci-hcd
[    0.909289] usb usb2: SerialNumber: 0000:0e:00.0
[    0.910019] hub 2-0:1.0: USB hub found
[    0.910738] hub 2-0:1.0: 5 ports detected
[    0.911697] xhci_hcd 0000:11:00.3: xHCI Host Controller
[    0.912384] xhci_hcd 0000:11:00.3: new USB bus registered, assigned bus number 3
[    0.913387] xhci_hcd 0000:11:00.3: hcc params 0x0120ffc5 hci version 0x120 quirks 0x0000000200000010
[    0.914536] xhci_hcd 0000:11:00.3: xHCI Host Controller
[    0.915203] xhci_hcd 0000:11:00.3: new USB bus registered, assigned bus number 4
[    0.915811] xhci_hcd 0000:11:00.3: Host supports USB 3.1 Enhanced SuperSpeed
[    0.916485] usb usb3: New USB device found, idVendor=1d6b, idProduct=0002, bcdDevice= 6.08
[    0.917097] usb usb3: New USB device strings: Mfr=3, Product=2, SerialNumber=1
[    0.917743] usb usb3: Product: xHCI Host Controller
[    0.918417] usb usb3: Manufacturer: Linux 6.8.0-57-generic xhci-hcd
[    0.919012] usb usb3: SerialNumber: 0000:11:00.3
[    0.919694] hub 3-0:1.0: USB hub found
[    0.920382] hub 3-0:1.0: 2 ports detected
[    0.922723] usb usb4: We don't know the algorithms for LPM for this host, disabling LPM.
[    0.923785] usb usb4: New USB device found, idVendor=1d6b, idProduct=0003, bcdDevice= 6.08
[    0.924448] usb usb4: New USB device strings: Mfr=3, Product=2, SerialNumber=1
[    0.925021] usb usb4: Product: xHCI Host Controller
[    0.925747] usb usb4: Manufacturer: Linux 6.8.0-57-generic xhci-hcd
[    0.926407] usb usb4: SerialNumber: 0000:11:00.3
[    0.927166] hub 4-0:1.0: USB hub found
[    0.927828] hub 4-0:1.0: 2 ports detected
[    0.930407] xhci_hcd 0000:11:00.4: xHCI Host Controller
[    0.931744] xhci_hcd 0000:11:00.4: new USB bus registered, assigned bus number 5
[    0.932752] xhci_hcd 0000:11:00.4: hcc params 0x0120ffc5 hci version 0x120 quirks 0x0000000200000010
[    0.933989] xhci_hcd 0000:11:00.4: xHCI Host Controller
[    0.934688] xhci_hcd 0000:11:00.4: new USB bus registered, assigned bus number 6
[    0.935285] xhci_hcd 0000:11:00.4: Host supports USB 3.1 Enhanced SuperSpeed
[    0.936071] usb usb5: New USB device found, idVendor=1d6b, idProduct=0002, bcdDevice= 6.08
[    0.936762] usb usb5: New USB device strings: Mfr=3, Product=2, SerialNumber=1
[    0.937413] usb usb5: Product: xHCI Host Controller
[    0.938058] usb usb5: Manufacturer: Linux 6.8.0-57-generic xhci-hcd
[    0.938786] usb usb5: SerialNumber: 0000:11:00.4
[    0.939594] hub 5-0:1.0: USB hub found
[    0.940269] hub 5-0:1.0: 2 ports detected
[    0.942614] usb usb6: We don't know the algorithms for LPM for this host, disabling LPM.
[    0.944041] usb usb6: New USB device found, idVendor=1d6b, idProduct=0003, bcdDevice= 6.08
[    0.944546] usb usb6: New USB device strings: Mfr=3, Product=2, SerialNumber=1
[    0.945039] usb usb6: Product: xHCI Host Controller
[    0.945525] usb usb6: Manufacturer: Linux 6.8.0-57-generic xhci-hcd
[    0.946022] usb usb6: SerialNumber: 0000:11:00.4
[    0.947312] hub 6-0:1.0: USB hub found
[    0.948445] hub 6-0:1.0: 2 ports detected
[    0.951385] xhci_hcd 0000:12:00.0: xHCI Host Controller
[    0.951942] xhci_hcd 0000:12:00.0: new USB bus registered, assigned bus number 7
[    0.954064] xhci_hcd 0000:12:00.0: USB3 root hub has no ports
[    0.955468] xhci_hcd 0000:12:00.0: hcc params 0x0110ffc5 hci version 0x120 quirks 0x0000000200000010
[    0.957248] xhci_hcd 0000:12:00.0: xHCI Host Controller
[    0.957739] xhci_hcd 0000:12:00.0: new USB bus registered, assigned bus number 8
[    0.958224] xhci_hcd 0000:12:00.0: Host supports USB 3.0 SuperSpeed
[    0.959684] usb usb7: New USB device found, idVendor=1d6b, idProduct=0002, bcdDevice= 6.08
[    0.960179] usb usb7: New USB device strings: Mfr=3, Product=2, SerialNumber=1
[    0.960662] usb usb7: Product: xHCI Host Controller
[    0.961142] usb usb7: Manufacturer: Linux 6.8.0-57-generic xhci-hcd
[    0.961617] usb usb7: SerialNumber: 0000:12:00.0
[    0.962189] hub 7-0:1.0: USB hub found
[    0.962890] hub 7-0:1.0: 1 port detected
[    0.964490] usb usb8: We don't know the algorithms for LPM for this host, disabling LPM.
[    0.965186] usb usb8: New USB device found, idVendor=1d6b, idProduct=0003, bcdDevice= 6.08
[    0.965816] usb usb8: New USB device strings: Mfr=3, Product=2, SerialNumber=1
[    0.966452] usb usb8: Product: xHCI Host Controller
[    0.967172] usb usb8: Manufacturer: Linux 6.8.0-57-generic xhci-hcd
[    0.967892] usb usb8: SerialNumber: 0000:12:00.0
[    0.968664] hub 8-0:1.0: USB hub found
[    0.969323] hub 8-0:1.0: config failed, hub doesn't have any ports! (err -19)
[    1.153996] ata1: SATA link down (SStatus 0 SControl 300)
[    1.174366] ata3: SATA link down (SStatus 0 SControl 300)
[    1.208581] usb 1-2: new high-speed USB device number 2 using xhci_hcd
[    1.461894] ata2: SATA link down (SStatus 0 SControl 300)
[    1.472603] tsc: Refined TSC clocksource calibration: 4199.984 MHz
[    1.473450] clocksource: tsc: mask: 0xffffffffffffffff max_cycles: 0x3c8a530211c, max_idle_ns: 440795403185 ns
[    1.474068] clocksource: Switched to clocksource tsc
[    1.485721] usb 1-2: New USB device found, idVendor=0c45, idProduct=6367, bcdDevice= 1.00
[    1.486245] usb 1-2: New USB device strings: Mfr=2, Product=1, SerialNumber=3
[    1.486769] usb 1-2: Product: HCAM01N
[    1.487273] usb 1-2: Manufacturer: Sonix Technology Co., Ltd.
[    1.487795] usb 1-2: SerialNumber: SN0001
[    1.521428] usb 2-5: new SuperSpeed USB device number 2 using xhci_hcd
[    1.536985] usb 2-5: New USB device found, idVendor=174c, idProduct=3074, bcdDevice= 0.01
[    1.537502] usb 2-5: New USB device strings: Mfr=2, Product=3, SerialNumber=0
[    1.538018] usb 2-5: Product: ASM107x
[    1.538516] usb 2-5: Manufacturer: Asmedia
[    1.546646] hub 2-5:1.0: USB hub found
[    1.547384] hub 2-5:1.0: 4 ports detected
[    1.711582] usb 1-4: new full-speed USB device number 3 using xhci_hcd
[    1.773957] ata4: SATA link down (SStatus 0 SControl 300)
[    2.078499] usb 1-4: New USB device found, idVendor=3151, idProduct=4015, bcdDevice= 1.04
[    2.079293] usb 1-4: New USB device strings: Mfr=1, Product=2, SerialNumber=0
[    2.079920] usb 1-4: Product: MonsGeek Keyboard
[    2.080501] usb 1-4: Manufacturer: ROYUAN
[    2.085967] ata5: SATA link down (SStatus 0 SControl 300)
[    2.273581] usb 1-5: new high-speed USB device number 4 using xhci_hcd
[    2.397967] ata6: SATA link down (SStatus 0 SControl 300)
[    2.401640] nvme 0000:02:00.0: platform quirk: setting simple suspend
[    2.401647] nvme 0000:05:00.0: platform quirk: setting simple suspend
[    2.401775] nvme nvme0: pci function 0000:10:00.0
[    2.402586] nvme nvme1: pci function 0000:02:00.0
[    2.404225] nvme nvme2: pci function 0000:05:00.0
[    2.416593] r8169 0000:0c:00.0 enp12s0: renamed from eth0
[    2.422374] nvme nvme1: 32/0/0 default/read/poll queues
[    2.425402] nvme nvme2: 32/0/0 default/read/poll queues
[    2.426348]  nvme1n1: p1 p2 p3
[    2.429523]  nvme2n1: p1 p2
[    2.479128] nvme nvme0: 32/0/0 default/read/poll queues
[    2.484883] nvme nvme0: Ignoring bogus Namespace Identifiers
[    2.487650]  nvme0n1: p1 p2
[    2.528742] usb 1-5: New USB device found, idVendor=174c, idProduct=2074, bcdDevice= 0.01
[    2.529439] usb 1-5: New USB device strings: Mfr=2, Product=3, SerialNumber=0
[    2.529996] usb 1-5: Product: ASM107x
[    2.530518] usb 1-5: Manufacturer: Asmedia
[    2.541766] hub 1-5:1.0: USB hub found
[    2.546721] hub 1-5:1.0: 4 ports detected
[    2.756593] usb 1-6: new high-speed USB device number 5 using xhci_hcd
[    4.644749] usb 1-6: New USB device found, idVendor=0db0, idProduct=422d, bcdDevice= 0.01
[    4.645766] usb 1-6: New USB device strings: Mfr=3, Product=1, SerialNumber=0
[    4.646772] usb 1-6: Product: USB Audio
[    4.647235] usb 1-6: Manufacturer: Generic
[    4.879592] usb 1-10: new full-speed USB device number 6 using xhci_hcd
[    5.168261] usb 1-10: New USB device found, idVendor=1462, idProduct=7d75, bcdDevice= 0.01
[    5.169304] usb 1-10: New USB device strings: Mfr=1, Product=2, SerialNumber=3
[    5.170555] usb 1-10: Product: MYSTIC LIGHT 
[    5.171194] usb 1-10: Manufacturer: MSI
[    5.171747] usb 1-10: SerialNumber: 7D7522120106
[    5.363593] usb 1-12: new high-speed USB device number 7 using xhci_hcd
[    5.575744] usb 1-12: New USB device found, idVendor=05e3, idProduct=0608, bcdDevice=60.70
[    5.576684] usb 1-12: New USB device strings: Mfr=0, Product=1, SerialNumber=0
[    5.577747] usb 1-12: Product: USB2.0 Hub
[    5.590797] hub 1-12:1.0: USB hub found
[    5.594743] hub 1-12:1.0: 4 ports detected
[    5.618984] hid: raw HID events driver (C) Jiri Kosina
[    5.651313] usbcore: registered new interface driver usbhid
[    5.652004] usbhid: USB HID core driver
[    5.654130] input: ROYUAN MonsGeek Keyboard as /devices/pci0000:00/0000:00:02.1/0000:03:00.0/0000:04:0c.0/0000:0e:00.0/usb1/1-4/1-4:1.0/0003:3151:4015.0001/input/input3
[    5.706697] hid-generic 0003:3151:4015.0001: input,hidraw0: USB HID v1.11 Keyboard [ROYUAN MonsGeek Keyboard] on usb-0000:0e:00.0-4/input0
[    5.707695] input: ROYUAN MonsGeek Keyboard Consumer Control as /devices/pci0000:00/0000:00:02.1/0000:03:00.0/0000:04:0c.0/0000:0e:00.0/usb1/1-4/1-4:1.1/0003:3151:4015.0002/input/input4
[    5.760677] input: ROYUAN MonsGeek Keyboard System Control as /devices/pci0000:00/0000:00:02.1/0000:03:00.0/0000:04:0c.0/0000:0e:00.0/usb1/1-4/1-4:1.1/0003:3151:4015.0002/input/input5
[    5.762167] input: ROYUAN MonsGeek Keyboard as /devices/pci0000:00/0000:00:02.1/0000:03:00.0/0000:04:0c.0/0000:0e:00.0/usb1/1-4/1-4:1.1/0003:3151:4015.0002/input/input6
[    5.766025] input: ROYUAN MonsGeek Keyboard Mouse as /devices/pci0000:00/0000:00:02.1/0000:03:00.0/0000:04:0c.0/0000:0e:00.0/usb1/1-4/1-4:1.1/0003:3151:4015.0002/input/input7
[    5.769798] input: ROYUAN MonsGeek Keyboard as /devices/pci0000:00/0000:00:02.1/0000:03:00.0/0000:04:0c.0/0000:0e:00.0/usb1/1-4/1-4:1.1/0003:3151:4015.0002/input/input8
[    5.773760] hid-generic 0003:3151:4015.0002: input,hiddev0,hidraw1: USB HID v1.11 Keyboard [ROYUAN MonsGeek Keyboard] on usb-0000:0e:00.0-4/input1
[    5.774646] hid-generic 0003:3151:4015.0003: hiddev1,hidraw2: USB HID v1.11 Device [ROYUAN MonsGeek Keyboard] on usb-0000:0e:00.0-4/input2
[    5.775764] hid-generic 0003:0DB0:422D.0004: hiddev2,hidraw3: USB HID v1.11 Device [Generic USB Audio] on usb-0000:0e:00.0-6/input7
[    5.777049] input: MSI MYSTIC LIGHT  as /devices/pci0000:00/0000:00:02.1/0000:03:00.0/0000:04:0c.0/0000:0e:00.0/usb1/1-10/1-10:1.0/0003:1462:7D75.0005/input/input9
[    5.779227] hid-generic 0003:1462:7D75.0005: input,hiddev3,hidraw4: USB HID v1.10 Device [MSI MYSTIC LIGHT ] on usb-0000:0e:00.0-10/input0
[    5.855568] EXT4-fs (nvme0n1p1): mounted filesystem b5e84f74-7532-4797-9ff4-9a3261f84236 ro with ordered data mode. Quota mode: none.
[    5.929581] usb 1-12.2: new full-speed USB device number 8 using xhci_hcd
[    5.930388] systemd[1]: RTC configured in localtime, applying delta of 540 minutes to system time.
[    5.938430] systemd[1]: Inserted module 'autofs4'
[    5.953262] systemd[1]: systemd 249.11-0ubuntu3.15 running in system mode (+PAM +AUDIT +SELINUX +APPARMOR +IMA +SMACK +SECCOMP +GCRYPT +GNUTLS +OPENSSL +ACL +BLKID +CURL +ELFUTILS +FIDO2 +IDN2 -IDN +IPTC +KMOD +LIBCRYPTSETUP +LIBFDISK +PCRE2 -PWQUALITY -P11KIT -QRENCODE +BZIP2 +LZ4 +XZ +ZLIB +ZSTD -XKBCOMMON +UTMP +SYSVINIT default-hierarchy=unified)
[    5.956436] systemd[1]: Detected architecture x86-64.
[    5.962157] systemd[1]: Hostname set to <layfort-MS-7D75>.
[    6.001503] block nvme0n1: the capability attribute has been deprecated.
[    6.026690] systemd[1]: Configuration file /run/systemd/system/netplan-ovs-cleanup.service is marked world-inaccessible. This has no effect as configuration data is accessible via APIs without restrictions. Proceeding anyway.
[    6.038996] systemd[1]: /lib/systemd/system/snapd.service:23: Unknown key name 'RestartMode' in section 'Service', ignoring.
[    6.065132] systemd[1]: Queued start job for default target Graphical Interface.
[    6.080896] systemd[1]: Created slice Slice /system/modprobe.
[    6.083092] systemd[1]: Created slice Slice /system/postgresql.
[    6.086678] systemd[1]: Created slice Slice /system/systemd-fsck.
[    6.088861] systemd[1]: Created slice User and Session Slice.
[    6.091226] systemd[1]: Started Forward Password Requests to Wall Directory Watch.
[    6.093616] systemd[1]: Set up automount Arbitrary Executable File Formats File System Automount Point.
[    6.095724] systemd[1]: Reached target User and Group Name Lookups.
[    6.097877] systemd[1]: Reached target Remote File Systems.
[    6.099986] systemd[1]: Reached target Slice Units.
[    6.101857] systemd[1]: Reached target Mounting snaps.
[    6.103768] systemd[1]: Reached target Local Verity Protected Volumes.
[    6.105896] systemd[1]: Listening on Syslog Socket.
[    6.107985] systemd[1]: Listening on fsck to fsckd communication Socket.
[    6.109838] systemd[1]: Listening on initctl Compatibility Named Pipe.
[    6.111806] systemd[1]: Listening on Journal Audit Socket.
[    6.113868] systemd[1]: Listening on Journal Socket (/dev/log).
[    6.115891] systemd[1]: Listening on Journal Socket.
[    6.117887] systemd[1]: Listening on udev Control Socket.
[    6.119688] systemd[1]: Listening on udev Kernel Socket.
[    6.128629] systemd[1]: Mounting Huge Pages File System...
[    6.131536] systemd[1]: Mounting POSIX Message Queue File System...
[    6.134354] systemd[1]: Mounting Kernel Debug File System...
[    6.136547] systemd[1]: Mounting Kernel Trace File System...
[    6.139361] systemd[1]: Starting Journal Service...
[    6.142298] systemd[1]: Starting Set the console keyboard layout...
[    6.144544] systemd[1]: Starting Create List of Static Device Nodes...
[    6.146831] systemd[1]: Starting Load Kernel Module configfs...
[    6.149036] systemd[1]: Starting Load Kernel Module drm...
[    6.151210] systemd[1]: Starting Load Kernel Module efi_pstore...
[    6.153387] systemd[1]: Starting Load Kernel Module fuse...
[    6.154316] pstore: Using crash dump compression: deflate
[    6.155652] pstore: Registered efi_pstore as persistent store backend
[    6.155711] systemd[1]: Condition check resulted in File System Check on Root Device being skipped.
[    6.158544] systemd[1]: Starting Load Kernel Modules...
[    6.161453] systemd[1]: Starting Remount Root and Kernel File Systems...
[    6.164742] systemd[1]: Starting Coldplug All udev Devices...
[    6.165587] lp: driver loaded but no devices found
[    6.169051] ppdev: user-space parallel port driver
[    6.172905] systemd[1]: Mounted Huge Pages File System.
[    6.174167] systemd[1]: Mounted POSIX Message Queue File System.
[    6.175350] systemd[1]: Mounted Kernel Debug File System.
[    6.178121] systemd[1]: Mounted Kernel Trace File System.
[    6.179520] systemd[1]: Finished Set the console keyboard layout.
[    6.180943] systemd[1]: Finished Create List of Static Device Nodes.
[    6.183508] systemd[1]: modprobe@configfs.service: Deactivated successfully.
[    6.184251] systemd[1]: Finished Load Kernel Module configfs.
[    6.184629] EXT4-fs (nvme0n1p1): re-mounted b5e84f74-7532-4797-9ff4-9a3261f84236 r/w. Quota mode: none.
[    6.188871] systemd[1]: Started Journal Service.
[    6.216880] Adding 2097148k swap on /swapfile.  Priority:-2 extents:16 across:1445068800k SS
[    6.224266] systemd-journald[544]: Received client request to flush runtime journal.
[    6.248633] loop0: detected capacity change from 0 to 8
[    6.249874] loop1: detected capacity change from 0 to 151312
[    6.251324] loop2: detected capacity change from 0 to 151320
[    6.252704] loop3: detected capacity change from 0 to 496448
[    6.254197] loop4: detected capacity change from 0 to 495616
[    6.256120] loop5: detected capacity change from 0 to 1034424
[    6.257381] loop6: detected capacity change from 0 to 1056784
[    6.259100] loop7: detected capacity change from 0 to 187776
[    6.260625] usb 1-12.2: New USB device found, idVendor=3633, idProduct=0008, bcdDevice= 2.00
[    6.260628] usb 1-12.2: New USB device strings: Mfr=1, Product=2, SerialNumber=3
[    6.260630] usb 1-12.2: Product: AG-DIGITAL
[    6.260631] usb 1-12.2: Manufacturer: DeepCool
[    6.260633] usb 1-12.2: SerialNumber: 100877296484
[    6.261009] loop8: detected capacity change from 0 to 26472
[    6.262313] loop9: detected capacity change from 0 to 24984
[    6.264093] loop10: detected capacity change from 0 to 91008
[    6.265417] loop11: detected capacity change from 0 to 91024
[    6.267226] loop12: detected capacity change from 0 to 1128
[    6.269549] loop13: detected capacity change from 0 to 1136
[    6.308112] hid-generic 0003:3633:0008.0006: hiddev4,hidraw5: USB HID v1.10 Device [DeepCool AG-DIGITAL] on usb-0000:0e:00.0-12.2/input0
[    6.343774] ccp 0000:11:00.2: enabling device (0000 -> 0002)
[    6.345113] ccp 0000:11:00.2: tee enabled
[    6.345307] ccp 0000:11:00.2: psp enabled
[    6.354919] RAPL PMU: API unit is 2^-32 Joules, 1 fixed counters, 163840 ms ovfl timer
[    6.354922] RAPL PMU: hw unit of domain package 2^-16 Joules
[    6.380226] cryptd: max_cpu_qlen set to 1000
[    6.385037] AVX2 version of gcm_enc/dec engaged.
[    6.385090] AES CTR mode by8 optimization enabled
[    6.389599] usb 1-12.3: new full-speed USB device number 9 using xhci_hcd
[    6.431518] snd_hda_intel 0000:01:00.1: enabling device (0000 -> 0002)
[    6.431609] snd_hda_intel 0000:01:00.1: Disabling MSI
[    6.431615] snd_hda_intel 0000:01:00.1: Handle vga_switcheroo audio client
[    6.431725] snd_hda_intel 0000:11:00.1: enabling device (0000 -> 0002)
[    6.431771] snd_hda_intel 0000:11:00.1: Handle vga_switcheroo audio client
[    6.431815] snd_hda_intel 0000:11:00.6: enabling device (0000 -> 0002)
[    6.433480] kvm_amd: TSC scaling supported
[    6.433482] kvm_amd: Nested Virtualization enabled
[    6.433483] kvm_amd: Nested Paging enabled
[    6.433484] kvm_amd: LBR virtualization supported
[    6.433491] kvm_amd: Virtual VMLOAD VMSAVE supported
[    6.433491] kvm_amd: Virtual GIF supported
[    6.433492] kvm_amd: Virtual NMI enabled
[    6.438619] snd_hda_intel 0000:11:00.6: no codecs found!
[    6.441593] MCE: In-kernel MCE decoding enabled.
[    6.446623] audit: type=1400 audit(1744872701.456:2): apparmor="STATUS" operation="profile_load" profile="unconfined" name="libreoffice-senddoc" pid=788 comm="apparmor_parser"
[    6.446649] audit: type=1400 audit(1744872701.456:3): apparmor="STATUS" operation="profile_load" profile="unconfined" name="libreoffice-xpdfimport" pid=790 comm="apparmor_parser"
[    6.446784] audit: type=1400 audit(1744872701.456:4): apparmor="STATUS" operation="profile_load" profile="unconfined" name="lsb_release" pid=779 comm="apparmor_parser"
[    6.447069] audit: type=1400 audit(1744872701.456:5): apparmor="STATUS" operation="profile_load" profile="unconfined" name="/usr/libexec/ibus-engine-hangul" pid=792 comm="apparmor_parser"
[    6.447100] audit: type=1400 audit(1744872701.456:6): apparmor="STATUS" operation="profile_load" profile="unconfined" name="nvidia_modprobe" pid=780 comm="apparmor_parser"
[    6.447103] audit: type=1400 audit(1744872701.456:7): apparmor="STATUS" operation="profile_load" profile="unconfined" name="nvidia_modprobe//kmod" pid=780 comm="apparmor_parser"
[    6.447132] audit: type=1400 audit(1744872701.456:8): apparmor="STATUS" operation="profile_load" profile="unconfined" name="libreoffice-oosplash" pid=787 comm="apparmor_parser"
[    6.447422] audit: type=1400 audit(1744872701.456:9): apparmor="STATUS" operation="profile_load" profile="unconfined" name="/usr/bin/man" pid=785 comm="apparmor_parser"
[    6.447426] audit: type=1400 audit(1744872701.456:10): apparmor="STATUS" operation="profile_load" profile="unconfined" name="man_filter" pid=785 comm="apparmor_parser"
[    6.447429] audit: type=1400 audit(1744872701.456:11): apparmor="STATUS" operation="profile_load" profile="unconfined" name="man_groff" pid=785 comm="apparmor_parser"
[    6.453531] input: HDA NVidia HDMI/DP,pcm=3 as /devices/pci0000:00/0000:00:01.1/0000:01:00.1/sound/card0/input14
[    6.453637] input: HDA NVidia HDMI/DP,pcm=7 as /devices/pci0000:00/0000:00:01.1/0000:01:00.1/sound/card0/input15
[    6.453932] input: HDA NVidia HDMI/DP,pcm=8 as /devices/pci0000:00/0000:00:01.1/0000:01:00.1/sound/card0/input16
[    6.454137] input: HD-Audio Generic HDMI/DP,pcm=3 as /devices/pci0000:00/0000:00:08.1/0000:11:00.1/sound/card1/input10
[    6.454168] input: HDA NVidia HDMI/DP,pcm=9 as /devices/pci0000:00/0000:00:01.1/0000:01:00.1/sound/card0/input17
[    6.454209] input: HD-Audio Generic HDMI/DP,pcm=7 as /devices/pci0000:00/0000:00:08.1/0000:11:00.1/sound/card1/input11
[    6.454326] input: HD-Audio Generic HDMI/DP,pcm=8 as /devices/pci0000:00/0000:00:08.1/0000:11:00.1/sound/card1/input12
[    6.454473] input: HD-Audio Generic HDMI/DP,pcm=9 as /devices/pci0000:00/0000:00:08.1/0000:11:00.1/sound/card1/input13
[    6.465080] nvidia: loading out-of-tree module taints kernel.
[    6.465085] nvidia: module license 'NVIDIA' taints kernel.
[    6.465087] Disabling lock debugging due to kernel taint
[    6.465089] nvidia: module license taints kernel.
[    6.518421] nvidia-nvlink: Nvlink Core is being initialized, major device number 511

[    6.519604] nvidia 0000:01:00.0: vgaarb: VGA decodes changed: olddecodes=io+mem,decodes=none:owns=none
[    6.563645] NVRM: loading NVIDIA UNIX x86_64 Kernel Module  550.120  Fri Sep 13 10:10:01 UTC 2024
[    6.695733] usb 1-12.3: New USB device found, idVendor=046d, idProduct=c53f, bcdDevice=44.01
[    6.695736] usb 1-12.3: New USB device strings: Mfr=1, Product=2, SerialNumber=0
[    6.695738] usb 1-12.3: Product: USB Receiver
[    6.695739] usb 1-12.3: Manufacturer: Logitech
[    6.743870] input: Logitech USB Receiver as /devices/pci0000:00/0000:00:02.1/0000:03:00.0/0000:04:0c.0/0000:0e:00.0/usb1/1-12/1-12.3/1-12.3:1.0/0003:046D:C53F.0007/input/input18
[    6.795711] hid-generic 0003:046D:C53F.0007: input,hidraw6: USB HID v1.11 Keyboard [Logitech USB Receiver] on usb-0000:0e:00.0-12.3/input0
[    6.812999] input: Logitech USB Receiver Mouse as /devices/pci0000:00/0000:00:02.1/0000:03:00.0/0000:04:0c.0/0000:0e:00.0/usb1/1-12/1-12.3/1-12.3:1.1/0003:046D:C53F.0008/input/input19
[    6.813300] input: Logitech USB Receiver Consumer Control as /devices/pci0000:00/0000:00:02.1/0000:03:00.0/0000:04:0c.0/0000:0e:00.0/usb1/1-12/1-12.3/1-12.3:1.1/0003:046D:C53F.0008/input/input20
