[    0.000000] Linux version 6.8.0-50-generic (buildd@lcy02-amd64-004) (x86_64-linux-gnu-gcc-12 (Ubuntu 12.3.0-1ubuntu1~22.04) 12.3.0, GNU ld (GNU Binutils for Ubuntu) 2.38) #51~22.04.1-Ubuntu SMP PREEMPT_DYNAMIC Thu Nov 21 12:03:03 UTC 2 (Ubuntu 6.8.0-50.51~22.04.1-generic 6.8.12)
[    0.000000] Command line: BOOT_IMAGE=/boot/vmlinuz-6.8.0-50-generic root=UUID=b5e84f74-7532-4797-9ff4-9a3261f84236 ro memmap=16G$48G isolcpus=10,11,12,13
[    0.000000] KERNEL supported cpus:
[    0.000000]   Intel GenuineIntel
[    0.000000]   AMD AuthenticAMD
[    0.000000]   Hygon HygonGenuine
[    0.000000]   Centaur CentaurHauls
[    0.000000]   zhaoxin   Shanghai  
[    0.000000] BIOS-provided physical RAM map:
[    0.000000] BIOS-e820: [mem 0x0000000000000000-0x000000000009ffff] usable
[    0.000000] BIOS-e820: [mem 0x00000000000a0000-0x00000000000fffff] reserved
[    0.000000] BIOS-e820: [mem 0x0000000000100000-0x0000000009e01fff] usable
[    0.000000] BIOS-e820: [mem 0x0000000009e02000-0x0000000009ffffff] reserved
[    0.000000] BIOS-e820: [mem 0x000000000a000000-0x000000000a1fffff] usable
[    0.000000] BIOS-e820: [mem 0x000000000a200000-0x000000000a20ffff] ACPI NVS
[    0.000000] BIOS-e820: [mem 0x000000000a210000-0x000000000affffff] usable
[    0.000000] BIOS-e820: [mem 0x000000000b000000-0x000000000b020fff] reserved
[    0.000000] BIOS-e820: [mem 0x000000000b021000-0x00000000ac58cfff] usable
[    0.000000] BIOS-e820: [mem 0x00000000ac58d000-0x00000000b258cfff] reserved
[    0.000000] BIOS-e820: [mem 0x00000000b258d000-0x00000000b266efff] ACPI data
[    0.000000] BIOS-e820: [mem 0x00000000b266f000-0x00000000b466efff] ACPI NVS
[    0.000000] BIOS-e820: [mem 0x00000000b466f000-0x00000000ba5fefff] reserved
[    0.000000] BIOS-e820: [mem 0x00000000ba5ff000-0x00000000bbff8fff] usable
[    0.000000] BIOS-e820: [mem 0x00000000bbff9000-0x00000000bbffdfff] reserved
[    0.000000] BIOS-e820: [mem 0x00000000bbffe000-0x00000000bbffffff] usable
[    0.000000] BIOS-e820: [mem 0x00000000bc000000-0x00000000bcffffff] reserved
[    0.000000] BIOS-e820: [mem 0x00000000bd7f3000-0x00000000bfffffff] reserved
[    0.000000] BIOS-e820: [mem 0x00000000e0000000-0x00000000efffffff] reserved
[    0.000000] BIOS-e820: [mem 0x00000000f7000000-0x00000000ffffffff] reserved
[    0.000000] BIOS-e820: [mem 0x0000000100000000-0x000000101de7ffff] usable
[    0.000000] BIOS-e820: [mem 0x000000101eec0000-0x00000010601fffff] reserved
[    0.000000] BIOS-e820: [mem 0x000000fd00000000-0x000000ffffffffff] reserved
[    0.000000] NX (Execute Disable) protection: active
[    0.000000] APIC: Static calls initialized
[    0.000000] e820: update [mem 0xa6d9a018-0xa6dbec57] usable ==> usable
[    0.000000] e820: update [mem 0xa6d9a018-0xa6dbec57] usable ==> usable
[    0.000000] e820: update [mem 0xa6d8f018-0xa6d99e57] usable ==> usable
[    0.000000] e820: update [mem 0xa6d8f018-0xa6d99e57] usable ==> usable
[    0.000000] extended physical RAM map:
[    0.000000] reserve setup_data: [mem 0x0000000000000000-0x000000000009ffff] usable
[    0.000000] reserve setup_data: [mem 0x00000000000a0000-0x00000000000fffff] reserved
[    0.000000] reserve setup_data: [mem 0x0000000000100000-0x0000000009e01fff] usable
[    0.000000] reserve setup_data: [mem 0x0000000009e02000-0x0000000009ffffff] reserved
[    0.000000] reserve setup_data: [mem 0x000000000a000000-0x000000000a1fffff] usable
[    0.000000] reserve setup_data: [mem 0x000000000a200000-0x000000000a20ffff] ACPI NVS
[    0.000000] reserve setup_data: [mem 0x000000000a210000-0x000000000affffff] usable
[    0.000000] reserve setup_data: [mem 0x000000000b000000-0x000000000b020fff] reserved
[    0.000000] reserve setup_data: [mem 0x000000000b021000-0x00000000a6d8f017] usable
[    0.000000] reserve setup_data: [mem 0x00000000a6d8f018-0x00000000a6d99e57] usable
[    0.000000] reserve setup_data: [mem 0x00000000a6d99e58-0x00000000a6d9a017] usable
[    0.000000] reserve setup_data: [mem 0x00000000a6d9a018-0x00000000a6dbec57] usable
[    0.000000] reserve setup_data: [mem 0x00000000a6dbec58-0x00000000ac58cfff] usable
[    0.000000] reserve setup_data: [mem 0x00000000ac58d000-0x00000000b258cfff] reserved
[    0.000000] reserve setup_data: [mem 0x00000000b258d000-0x00000000b266efff] ACPI data
[    0.000000] reserve setup_data: [mem 0x00000000b266f000-0x00000000b466efff] ACPI NVS
[    0.000000] reserve setup_data: [mem 0x00000000b466f000-0x00000000ba5fefff] reserved
[    0.000000] reserve setup_data: [mem 0x00000000ba5ff000-0x00000000bbff8fff] usable
[    0.000000] reserve setup_data: [mem 0x00000000bbff9000-0x00000000bbffdfff] reserved
[    0.000000] reserve setup_data: [mem 0x00000000bbffe000-0x00000000bbffffff] usable
[    0.000000] reserve setup_data: [mem 0x00000000bc000000-0x00000000bcffffff] reserved
[    0.000000] reserve setup_data: [mem 0x00000000bd7f3000-0x00000000bfffffff] reserved
[    0.000000] reserve setup_data: [mem 0x00000000e0000000-0x00000000efffffff] reserved
[    0.000000] reserve setup_data: [mem 0x00000000f7000000-0x00000000ffffffff] reserved
[    0.000000] reserve setup_data: [mem 0x0000000100000000-0x0000000bffffffff] usable
[    0.000000] reserve setup_data: [mem 0x0000000c00000000-0x0000000fffffffff] reserved
[    0.000000] reserve setup_data: [mem 0x0000001000000000-0x000000101de7ffff] usable
[    0.000000] reserve setup_data: [mem 0x000000101eec0000-0x00000010601fffff] reserved
[    0.000000] reserve setup_data: [mem 0x000000fd00000000-0x000000ffffffffff] reserved
[    0.000000] user-defined physical RAM map:
[    0.000000] user: [mem 0x0000000000000000-0x000000000009ffff] usable
[    0.000000] user: [mem 0x00000000000a0000-0x00000000000fffff] reserved
[    0.000000] user: [mem 0x0000000000100000-0x0000000009e01fff] usable
[    0.000000] user: [mem 0x0000000009e02000-0x0000000009ffffff] reserved
[    0.000000] user: [mem 0x000000000a000000-0x000000000a1fffff] usable
[    0.000000] user: [mem 0x000000000a200000-0x000000000a20ffff] ACPI NVS
[    0.000000] user: [mem 0x000000000a210000-0x000000000affffff] usable
[    0.000000] user: [mem 0x000000000b000000-0x000000000b020fff] reserved
[    0.000000] user: [mem 0x000000000b021000-0x00000000a6d8f017] usable
[    0.000000] user: [mem 0x00000000a6d8f018-0x00000000a6d99e57] usable
[    0.000000] user: [mem 0x00000000a6d99e58-0x00000000a6d9a017] usable
[    0.000000] user: [mem 0x00000000a6d9a018-0x00000000a6dbec57] usable
[    0.000000] user: [mem 0x00000000a6dbec58-0x00000000ac58cfff] usable
[    0.000000] user: [mem 0x00000000ac58d000-0x00000000b258cfff] reserved
[    0.000000] user: [mem 0x00000000b258d000-0x00000000b266efff] ACPI data
[    0.000000] user: [mem 0x00000000b266f000-0x00000000b466efff] ACPI NVS
[    0.000000] user: [mem 0x00000000b466f000-0x00000000ba5fefff] reserved
[    0.000000] user: [mem 0x00000000ba5ff000-0x00000000bbff8fff] usable
[    0.000000] user: [mem 0x00000000bbff9000-0x00000000bbffdfff] reserved
[    0.000000] user: [mem 0x00000000bbffe000-0x00000000bbffffff] usable
[    0.000000] user: [mem 0x00000000bc000000-0x00000000bcffffff] reserved
[    0.000000] user: [mem 0x00000000bd7f3000-0x00000000bfffffff] reserved
[    0.000000] user: [mem 0x00000000e0000000-0x00000000efffffff] reserved
[    0.000000] user: [mem 0x00000000f7000000-0x00000000ffffffff] reserved
[    0.000000] user: [mem 0x0000000100000000-0x0000000bffffffff] usable
[    0.000000] user: [mem 0x0000000c00000000-0x0000000fffffffff] reserved
[    0.000000] user: [mem 0x0000001000000000-0x000000101de7ffff] usable
[    0.000000] user: [mem 0x000000101eec0000-0x00000010601fffff] reserved
[    0.000000] user: [mem 0x000000fd00000000-0x000000ffffffffff] reserved
[    0.000000] efi: EFI v2.9 by American Megatrends
[    0.000000] efi: ACPI=0xb4656000 ACPI 2.0=0xb4656014 TPMFinalLog=0xb4623000 SMBIOS=0xb9ad9000 SMBIOS 3.0=0xb9ad8000 MEMATTR=0xa7006018 ESRT=0xa7dbd418 MOKvar=0xb9b39000 RNG=0xb25ba018 TPMEventLog=0xa6dbf018 
[    0.000000] random: crng init done
[    0.000000] efi: Remove mem80: MMIO range=[0xe0000000-0xefffffff] (256MB) from e820 map
[    0.000000] e820: remove [mem 0xe0000000-0xefffffff] reserved
[    0.000000] efi: Remove mem81: MMIO range=[0xf7000000-0xfedfffff] (126MB) from e820 map
[    0.000000] e820: remove [mem 0xf7000000-0xfedfffff] reserved
[    0.000000] efi: Not removing mem82: MMIO range=[0xfee00000-0xfee00fff] (4KB) from e820 map
[    0.000000] efi: Remove mem83: MMIO range=[0xfee01000-0xffffffff] (17MB) from e820 map
[    0.000000] e820: remove [mem 0xfee01000-0xffffffff] reserved
[    0.000000] efi: Remove mem85: MMIO range=[0x1040000000-0x10601fffff] (514MB) from e820 map
[    0.000000] e820: remove [mem 0x1040000000-0x10601fffff] reserved
[    0.000000] secureboot: Secure boot disabled
[    0.000000] SMBIOS 3.6.0 present.
[    0.000000] DMI: Micro-Star International Co., Ltd. MS-7D75/MAG B650 TOMAHAWK WIFI (MS-7D75), BIOS 1.E0 02/20/2024
[    0.000000] tsc: Fast TSC calibration using PIT
[    0.000000] tsc: Detected 4199.895 MHz processor
[    0.000119] e820: update [mem 0x00000000-0x00000fff] usable ==> reserved
[    0.000121] e820: remove [mem 0x000a0000-0x000fffff] usable
[    0.000126] last_pfn = 0x101de80 max_arch_pfn = 0x400000000
[    0.000131] MTRR map: 5 entries (3 fixed + 2 variable; max 20), built from 9 variable MTRRs
[    0.000132] x86/PAT: Configuration [0-7]: WB  WC  UC- UC  WB  WP  UC- WT  
[    0.000338] e820: update [mem 0xc0000000-0xffffffff] usable ==> reserved
[    0.000345] last_pfn = 0xbc000 max_arch_pfn = 0x400000000
[    0.002769] esrt: Reserving ESRT space from 0x00000000a7dbd418 to 0x00000000a7dbd450.
[    0.002774] e820: update [mem 0xa7dbd000-0xa7dbdfff] usable ==> reserved
[    0.002787] Using GB pages for direct mapping
[    0.003178] secureboot: Secure boot disabled
[    0.003179] RAMDISK: [mem 0xa0930000-0xa4dfdfff]
[    0.003184] ACPI: Early table checksum verification disabled
[    0.003187] ACPI: RSDP 0x00000000B4656014 000024 (v02 ALASKA)
[    0.003190] ACPI: XSDT 0x00000000B4655728 000104 (v01 ALASKA A M I    01072009 AMI  01000013)
[    0.003194] ACPI: FACP 0x00000000B2665000 000114 (v06 ALASKA A M I    01072009 AMI  00010013)
[    0.003197] ACPI: DSDT 0x00000000B25EA000 06F33C (v128 ALASKA A M I    01072009 INTL 20221020)
[    0.003198] ACPI: FACS 0x00000000B4653000 000040
[    0.003200] ACPI: SSDT 0x00000000B2667000 007F64 (v02 AMD    Splinter 00000002 MSFT 04000000)
[    0.003201] ACPI: SSDT 0x00000000B2666000 0003F1 (v02 ALASKA CPUSSDT  01072009 AMI  01072009)
[    0.003203] ACPI: FIDT 0x00000000B265E000 00009C (v01 ALASKA A M I    01072009 AMI  00010013)
[    0.003204] ACPI: MCFG 0x00000000B265D000 00003C (v01 ALASKA A M I    01072009 MSFT 00010013)
[    0.003205] ACPI: HPET 0x00000000B265C000 000038 (v01 ALASKA A M I    01072009 AMI  00000005)
[    0.003206] ACPI: WDRT 0x00000000B265B000 000047 (v01 ALASKA A M I    01072009 AMI  00000005)
[    0.003208] ACPI: UEFI 0x00000000B4000000 000048 (v01 ALASKA A M I    01072009 AMI  01000013)
[    0.003209] ACPI: FPDT 0x00000000B265A000 000044 (v01 ALASKA A M I    01072009 AMI  01000013)
[    0.003211] ACPI: VFCT 0x00000000B25DF000 00AE84 (v01 ALASKA A M I    00000001 AMD  33504F47)
[    0.003212] ACPI: SSDT 0x00000000B25D5000 009BAE (v02 AMD    AMD CPU  00000001 AMD  00000001)
[    0.003213] ACPI: SSDT 0x00000000B2663000 0006D4 (v02 AMD    CPMWLRC  00000001 INTL 20221020)
[    0.003214] ACPI: SSDT 0x00000000B2661000 0015D0 (v02 AMD    CPMDFIG2 00000001 INTL 20221020)
[    0.003216] ACPI: SSDT 0x00000000B25D2000 002AA6 (v02 AMD    CDFAAIG2 00000001 INTL 20221020)
[    0.003217] ACPI: SSDT 0x00000000B2660000 00078F (v02 AMD    CPMDFDG1 00000001 INTL 20221020)
[    0.003218] ACPI: SSDT 0x00000000B25C8000 009A53 (v02 AMD    CPMCMN   00000001 INTL 20221020)
[    0.003219] ACPI: SSDT 0x00000000B25C5000 002406 (v02 AMD    AOD      00000001 INTL 20221020)
[    0.003221] ACPI: TPM2 0x00000000B265F000 00004C (v04 ALASKA A M I    00000001 AMI  00000000)
[    0.003222] ACPI: WSMT 0x00000000B25C4000 000028 (v01 ALASKA A M I    01072009 AMI  00010013)
[    0.003223] ACPI: APIC 0x00000000B25C3000 00015E (v06 ALASKA A M I    01072009 AMI  00010013)
[    0.003225] ACPI: IVRS 0x00000000B25C2000 0000C8 (v02 AMD    AmdTable 00000001 AMD  00000001)
[    0.003226] ACPI: SSDT 0x00000000B25C1000 000500 (v02 AMD    MEMTOOL0 00000002 INTL 20221020)
[    0.003227] ACPI: SSDT 0x00000000B25C0000 00096A (v02 AMD    CPMMSOSC 00000001 INTL 20221020)
[    0.003228] ACPI: SSDT 0x00000000B25BF000 00047C (v02 AMD    AMDWOV   00000001 INTL 20221020)
[    0.003230] ACPI: SSDT 0x00000000B25BD000 001046 (v02 AMD    CPMACPV4 00000001 INTL 20221020)
[    0.003231] ACPI: SSDT 0x00000000B25BC000 00053E (v01 AMD    CPMAPMFD 00000001 INTL 20221020)
[    0.003232] ACPI: SSDT 0x00000000B25BB000 00044E (v02 AMD    AmdTable 00000001 INTL 20221020)
[    0.003234] ACPI: BGRT 0x00000000B2664000 000038 (v01 ALASKA A M I    01072009 AMI  00010013)
[    0.003235] ACPI: Reserving FACP table memory at [mem 0xb2665000-0xb2665113]
[    0.003235] ACPI: Reserving DSDT table memory at [mem 0xb25ea000-0xb265933b]
[    0.003236] ACPI: Reserving FACS table memory at [mem 0xb4653000-0xb465303f]
[    0.003236] ACPI: Reserving SSDT table memory at [mem 0xb2667000-0xb266ef63]
[    0.003237] ACPI: Reserving SSDT table memory at [mem 0xb2666000-0xb26663f0]
[    0.003237] ACPI: Reserving FIDT table memory at [mem 0xb265e000-0xb265e09b]
[    0.003237] ACPI: Reserving MCFG table memory at [mem 0xb265d000-0xb265d03b]
[    0.003238] ACPI: Reserving HPET table memory at [mem 0xb265c000-0xb265c037]
[    0.003238] ACPI: Reserving WDRT table memory at [mem 0xb265b000-0xb265b046]
[    0.003239] ACPI: Reserving UEFI table memory at [mem 0xb4000000-0xb4000047]
[    0.003239] ACPI: Reserving FPDT table memory at [mem 0xb265a000-0xb265a043]
[    0.003239] ACPI: Reserving VFCT table memory at [mem 0xb25df000-0xb25e9e83]
[    0.003240] ACPI: Reserving SSDT table memory at [mem 0xb25d5000-0xb25debad]
[    0.003240] ACPI: Reserving SSDT table memory at [mem 0xb2663000-0xb26636d3]
[    0.003240] ACPI: Reserving SSDT table memory at [mem 0xb2661000-0xb26625cf]
[    0.003241] ACPI: Reserving SSDT table memory at [mem 0xb25d2000-0xb25d4aa5]
[    0.003241] ACPI: Reserving SSDT table memory at [mem 0xb2660000-0xb266078e]
[    0.003242] ACPI: Reserving SSDT table memory at [mem 0xb25c8000-0xb25d1a52]
[    0.003242] ACPI: Reserving SSDT table memory at [mem 0xb25c5000-0xb25c7405]
[    0.003242] ACPI: Reserving TPM2 table memory at [mem 0xb265f000-0xb265f04b]
[    0.003243] ACPI: Reserving WSMT table memory at [mem 0xb25c4000-0xb25c4027]
[    0.003243] ACPI: Reserving APIC table memory at [mem 0xb25c3000-0xb25c315d]
[    0.003244] ACPI: Reserving IVRS table memory at [mem 0xb25c2000-0xb25c20c7]
[    0.003244] ACPI: Reserving SSDT table memory at [mem 0xb25c1000-0xb25c14ff]
[    0.003244] ACPI: Reserving SSDT table memory at [mem 0xb25c0000-0xb25c0969]
[    0.003245] ACPI: Reserving SSDT table memory at [mem 0xb25bf000-0xb25bf47b]
[    0.003245] ACPI: Reserving SSDT table memory at [mem 0xb25bd000-0xb25be045]
[    0.003245] ACPI: Reserving SSDT table memory at [mem 0xb25bc000-0xb25bc53d]
[    0.003246] ACPI: Reserving SSDT table memory at [mem 0xb25bb000-0xb25bb44d]
[    0.003246] ACPI: Reserving BGRT table memory at [mem 0xb2664000-0xb2664037]
[    0.003325] No NUMA configuration found
[    0.003326] Faking a node at [mem 0x0000000000000000-0x000000101de7ffff]
[    0.003329] NODE_DATA(0) allocated [mem 0x101de55000-0x101de7ffff]
[    0.003425] Zone ranges:
[    0.003425]   DMA      [mem 0x0000000000001000-0x0000000000ffffff]
[    0.003426]   DMA32    [mem 0x0000000001000000-0x00000000ffffffff]
[    0.003427]   Normal   [mem 0x0000000100000000-0x000000101de7ffff]
[    0.003427]   Device   empty
[    0.003428] Movable zone start for each node
[    0.003429] Early memory node ranges
[    0.003429]   node   0: [mem 0x0000000000001000-0x000000000009ffff]
[    0.003430]   node   0: [mem 0x0000000000100000-0x0000000009e01fff]
[    0.003430]   node   0: [mem 0x000000000a000000-0x000000000a1fffff]
[    0.003431]   node   0: [mem 0x000000000a210000-0x000000000affffff]
[    0.003431]   node   0: [mem 0x000000000b021000-0x00000000ac58cfff]
[    0.003432]   node   0: [mem 0x00000000ba5ff000-0x00000000bbff8fff]
[    0.003432]   node   0: [mem 0x00000000bbffe000-0x00000000bbffffff]
[    0.003432]   node   0: [mem 0x0000000100000000-0x0000000bffffffff]
[    0.003434]   node   0: [mem 0x0000001000000000-0x000000101de7ffff]
[    0.003435] Initmem setup node 0 [mem 0x0000000000001000-0x000000101de7ffff]
[    0.003439] On node 0, zone DMA: 1 pages in unavailable ranges
[    0.003448] On node 0, zone DMA: 96 pages in unavailable ranges
[    0.003516] On node 0, zone DMA32: 510 pages in unavailable ranges
[    0.003524] On node 0, zone DMA32: 16 pages in unavailable ranges
[    0.004660] On node 0, zone DMA32: 33 pages in unavailable ranges
[    0.004766] On node 0, zone DMA32: 24690 pages in unavailable ranges
[    0.004766] On node 0, zone DMA32: 5 pages in unavailable ranges
[    0.031710] On node 0, zone Normal: 16384 pages in unavailable ranges
[    0.032069] On node 0, zone Normal: 8576 pages in unavailable ranges
[    0.032764] ACPI: PM-Timer IO Port: 0x808
[    0.032771] ACPI: LAPIC_NMI (acpi_id[0xff] high edge lint[0x1])
[    0.032783] IOAPIC[0]: apic_id 32, version 33, address 0xfec00000, GSI 0-23
[    0.032786] IOAPIC[1]: apic_id 33, version 33, address 0xfec01000, GSI 24-55
[    0.032787] ACPI: INT_SRC_OVR (bus 0 bus_irq 0 global_irq 2 dfl dfl)
[    0.032788] ACPI: INT_SRC_OVR (bus 0 bus_irq 9 global_irq 9 low level)
[    0.032791] ACPI: Using ACPI (MADT) for SMP configuration information
[    0.032792] ACPI: HPET id: 0x10228201 base: 0xfed00000
[    0.032798] e820: update [mem 0xa6e75000-0xa6ed1fff] usable ==> reserved
[    0.032807] smpboot: Allowing 32 CPUs, 0 hotplug CPUs
[    0.032820] PM: hibernation: Registered nosave memory: [mem 0x00000000-0x00000fff]
[    0.032821] PM: hibernation: Registered nosave memory: [mem 0x000a0000-0x000fffff]
[    0.032822] PM: hibernation: Registered nosave memory: [mem 0x09e02000-0x09ffffff]
[    0.032823] PM: hibernation: Registered nosave memory: [mem 0x0a200000-0x0a20ffff]
[    0.032823] PM: hibernation: Registered nosave memory: [mem 0x0b000000-0x0b020fff]
[    0.032824] PM: hibernation: Registered nosave memory: [mem 0xa6d8f000-0xa6d8ffff]
[    0.032825] PM: hibernation: Registered nosave memory: [mem 0xa6d99000-0xa6d99fff]
[    0.032825] PM: hibernation: Registered nosave memory: [mem 0xa6d9a000-0xa6d9afff]
[    0.032826] PM: hibernation: Registered nosave memory: [mem 0xa6dbe000-0xa6dbefff]
[    0.032827] PM: hibernation: Registered nosave memory: [mem 0xa6e75000-0xa6ed1fff]
[    0.032828] PM: hibernation: Registered nosave memory: [mem 0xa7dbd000-0xa7dbdfff]
[    0.032828] PM: hibernation: Registered nosave memory: [mem 0xac58d000-0xb258cfff]
[    0.032829] PM: hibernation: Registered nosave memory: [mem 0xb258d000-0xb266efff]
[    0.032829] PM: hibernation: Registered nosave memory: [mem 0xb266f000-0xb466efff]
[    0.032829] PM: hibernation: Registered nosave memory: [mem 0xb466f000-0xba5fefff]
[    0.032830] PM: hibernation: Registered nosave memory: [mem 0xbbff9000-0xbbffdfff]
[    0.032831] PM: hibernation: Registered nosave memory: [mem 0xbc000000-0xbcffffff]
[    0.032831] PM: hibernation: Registered nosave memory: [mem 0xbd000000-0xbd7f2fff]
[    0.032832] PM: hibernation: Registered nosave memory: [mem 0xbd7f3000-0xbfffffff]
[    0.032832] PM: hibernation: Registered nosave memory: [mem 0xc0000000-0xfedfffff]
[    0.032832] PM: hibernation: Registered nosave memory: [mem 0xfee00000-0xfee00fff]
[    0.032833] PM: hibernation: Registered nosave memory: [mem 0xfee01000-0xffffffff]
[    0.032833] PM: hibernation: Registered nosave memory: [mem 0xc00000000-0xfffffffff]
[    0.032835] [mem 0xc0000000-0xfedfffff] available for PCI devices
[    0.032836] Booting paravirtualized kernel on bare hardware
[    0.032837] clocksource: refined-jiffies: mask: 0xffffffff max_cycles: 0xffffffff, max_idle_ns: 1910969940391419 ns
[    0.032842] setup_percpu: NR_CPUS:8192 nr_cpumask_bits:32 nr_cpu_ids:32 nr_node_ids:1
[    0.033640] percpu: Embedded 86 pages/cpu s229376 r8192 d114688 u524288
[    0.033643] pcpu-alloc: s229376 r8192 d114688 u524288 alloc=1*2097152
[    0.033645] pcpu-alloc: [0] 00 01 02 03 [0] 04 05 06 07 
[    0.033647] pcpu-alloc: [0] 08 09 10 11 [0] 12 13 14 15 
[    0.033650] pcpu-alloc: [0] 16 17 18 19 [0] 20 21 22 23 
[    0.033652] pcpu-alloc: [0] 24 25 26 27 [0] 28 29 30 31 
[    0.033663] Kernel command line: BOOT_IMAGE=/boot/vmlinuz-6.8.0-50-generic root=UUID=b5e84f74-7532-4797-9ff4-9a3261f84236 ro memmap=16G$48G isolcpus=10,11,12,13
[    0.033703] Unknown kernel command line parameters "BOOT_IMAGE=/boot/vmlinuz-6.8.0-50-generic", will be passed to user space.
[    0.036224] Dentry cache hash table entries: 8388608 (order: 14, 67108864 bytes, linear)
[    0.037336] Inode-cache hash table entries: 4194304 (order: 13, 33554432 bytes, linear)
[    0.037457] Fallback order for Node 0: 0 
[    0.037460] Built 1 zonelists, mobility grouping on.  Total pages: 12175338
[    0.037461] Policy zone: Normal
[    0.037467] mem auto-init: stack:all(zero), heap alloc:on, heap free:off
[    0.037499] software IO TLB: area num 32.
[    0.084767] Memory: 48294152K/49475044K available (22528K kernel code, 4439K rwdata, 13908K rodata, 4972K init, 4740K bss, 1180632K reserved, 0K cma-reserved)
[    0.085293] SLUB: HWalign=64, Order=0-3, MinObjects=0, CPUs=32, Nodes=1
[    0.085310] ftrace: allocating 57956 entries in 227 pages
[    0.093266] ftrace: allocated 227 pages with 5 groups
[    0.093827] Dynamic Preempt: voluntary
[    0.093898] rcu: Preemptible hierarchical RCU implementation.
[    0.093898] rcu: 	RCU restricting CPUs from NR_CPUS=8192 to nr_cpu_ids=32.
[    0.093899] 	Trampoline variant of Tasks RCU enabled.
[    0.093900] 	Rude variant of Tasks RCU enabled.
[    0.093900] 	Tracing variant of Tasks RCU enabled.
[    0.093900] rcu: RCU calculated value of scheduler-enlistment delay is 100 jiffies.
[    0.093901] rcu: Adjusting geometry for rcu_fanout_leaf=16, nr_cpu_ids=32
[    0.095350] NR_IRQS: 524544, nr_irqs: 1224, preallocated irqs: 16
[    0.095525] rcu: srcu_init: Setting srcu_struct sizes based on contention.
[    0.095649] Console: colour dummy device 80x25
[    0.095650] printk: legacy console [tty0] enabled
[    0.095888] ACPI: Core revision 20230628
[    0.096109] clocksource: hpet: mask: 0xffffffff max_cycles: 0xffffffff, max_idle_ns: 133484873504 ns
[    0.096123] APIC: Switch to symmetric I/O mode setup
[    0.096627] AMD-Vi: Using global IVHD EFR:0x246577efa2254afa, EFR2:0x0
[    0.096851] APIC: Switched APIC routing to: physical flat
[    0.097437] ..TIMER: vector=0x30 apic1=0 pin1=2 apic2=-1 pin2=-1
[    0.102127] clocksource: tsc-early: mask: 0xffffffffffffffff max_cycles: 0x3c89fe00d15, max_idle_ns: 440795257975 ns
[    0.102131] Calibrating delay loop (skipped), value calculated using timer frequency.. 8399.79 BogoMIPS (lpj=4199895)
[    0.102143] x86/cpu: User Mode Instruction Prevention (UMIP) activated
[    0.102183] LVT offset 1 assigned for vector 0xf9
[    0.102307] LVT offset 2 assigned for vector 0xf4
[    0.102344] process: using mwait in idle threads
[    0.102346] Last level iTLB entries: 4KB 512, 2MB 512, 4MB 256
[    0.102347] Last level dTLB entries: 4KB 3072, 2MB 3072, 4MB 1536, 1GB 0
[    0.102350] Spectre V1 : Mitigation: usercopy/swapgs barriers and __user pointer sanitization
[    0.102352] Spectre V2 : Mitigation: Enhanced / Automatic IBRS
[    0.102353] Spectre V2 : Spectre v2 / SpectreRSB mitigation: Filling RSB on context switch
[    0.102355] Spectre V2 : mitigation: Enabling conditional Indirect Branch Prediction Barrier
[    0.102357] Spectre V2 : User space: Mitigation: STIBP always-on protection
[    0.102359] Speculative Store Bypass: Mitigation: Speculative Store Bypass disabled via prctl
[    0.102361] Speculative Return Stack Overflow: Mitigation: Safe RET
[    0.102366] x86/fpu: Supporting XSAVE feature 0x001: 'x87 floating point registers'
[    0.102367] x86/fpu: Supporting XSAVE feature 0x002: 'SSE registers'
[    0.102369] x86/fpu: Supporting XSAVE feature 0x004: 'AVX registers'
[    0.102370] x86/fpu: Supporting XSAVE feature 0x020: 'AVX-512 opmask'
[    0.102371] x86/fpu: Supporting XSAVE feature 0x040: 'AVX-512 Hi256'
[    0.102372] x86/fpu: Supporting XSAVE feature 0x080: 'AVX-512 ZMM_Hi256'
[    0.102373] x86/fpu: Supporting XSAVE feature 0x200: 'Protection Keys User registers'
[    0.102375] x86/fpu: Supporting XSAVE feature 0x800: 'Control-flow User registers'
[    0.102377] x86/fpu: xstate_offset[2]:  576, xstate_sizes[2]:  256
[    0.102378] x86/fpu: xstate_offset[5]:  832, xstate_sizes[5]:   64
[    0.102379] x86/fpu: xstate_offset[6]:  896, xstate_sizes[6]:  512
[    0.102381] x86/fpu: xstate_offset[7]: 1408, xstate_sizes[7]: 1024
[    0.102382] x86/fpu: xstate_offset[9]: 2432, xstate_sizes[9]:    8
[    0.102383] x86/fpu: xstate_offset[11]: 2440, xstate_sizes[11]:   16
[    0.102384] x86/fpu: Enabled xstate features 0xae7, context size is 2456 bytes, using 'compacted' format.
[    0.122467] Freeing SMP alternatives memory: 48K
[    0.122471] pid_max: default: 32768 minimum: 301
[    0.125168] LSM: initializing lsm=lockdown,capability,landlock,yama,apparmor,integrity
[    0.125186] landlock: Up and running.
[    0.125188] Yama: becoming mindful.
[    0.125212] AppArmor: AppArmor initialized
[    0.125281] Mount-cache hash table entries: 131072 (order: 8, 1048576 bytes, linear)
[    0.125327] Mountpoint-cache hash table entries: 131072 (order: 8, 1048576 bytes, linear)
[    0.228686] smpboot: CPU0: AMD Ryzen 9 7950X3D 16-Core Processor (family: 0x19, model: 0x61, stepping: 0x2)
[    0.228828] RCU Tasks: Setting shift to 5 and lim to 1 rcu_task_cb_adjust=1.
[    0.228841] RCU Tasks Rude: Setting shift to 5 and lim to 1 rcu_task_cb_adjust=1.
[    0.228855] RCU Tasks Trace: Setting shift to 5 and lim to 1 rcu_task_cb_adjust=1.
[    0.228869] Performance Events: Fam17h+ 16-deep LBR, core perfctr, AMD PMU driver.
[    0.228895] ... version:                2
[    0.228897] ... bit width:              48
[    0.228899] ... generic registers:      6
[    0.228901] ... value mask:             0000ffffffffffff
[    0.228904] ... max period:             00007fffffffffff
[    0.228906] ... fixed-purpose events:   0
[    0.228908] ... event mask:             000000000000003f
[    0.228975] signal: max sigframe size: 3376
[    0.229008] rcu: Hierarchical SRCU implementation.
[    0.229011] rcu: 	Max phase no-delay instances is 400.
[    0.230663] NMI watchdog: Enabled. Permanently consumes one hw-PMU counter.
[    0.230831] smp: Bringing up secondary CPUs ...
[    0.230911] smpboot: x86: Booting SMP configuration:
[    0.230913] .... node  #0, CPUs:        #1  #2  #3  #4  #5  #6  #7  #8  #9 #10 #11 #12 #13 #14 #15 #16 #17 #18 #19 #20 #21 #22 #23 #24 #25 #26 #27 #28 #29 #30 #31
[    0.252235] Spectre V2 : Update user space SMT mitigation: STIBP always-on
[    0.268172] smp: Brought up 1 node, 32 CPUs
[    0.268172] smpboot: Max logical packages: 1
[    0.268172] smpboot: Total of 32 processors activated (268793.28 BogoMIPS)
[    0.270380] devtmpfs: initialized
[    0.270380] x86/mm: Memory block size: 2048MB
[    0.271642] ACPI: PM: Registering ACPI NVS region [mem 0x0a200000-0x0a20ffff] (65536 bytes)
[    0.271642] ACPI: PM: Registering ACPI NVS region [mem 0xb266f000-0xb466efff] (33554432 bytes)
[    0.271642] clocksource: jiffies: mask: 0xffffffff max_cycles: 0xffffffff, max_idle_ns: 1911260446275000 ns
[    0.271642] futex hash table entries: 8192 (order: 7, 524288 bytes, linear)
[    0.271642] pinctrl core: initialized pinctrl subsystem
[    0.272188] PM: RTC time: 02:09:39, date: 2025-01-05
[    0.272486] NET: Registered PF_NETLINK/PF_ROUTE protocol family
[    0.272676] DMA: preallocated 4096 KiB GFP_KERNEL pool for atomic allocations
[    0.272762] DMA: preallocated 4096 KiB GFP_KERNEL|GFP_DMA pool for atomic allocations
[    0.272855] DMA: preallocated 4096 KiB GFP_KERNEL|GFP_DMA32 pool for atomic allocations
[    0.272866] audit: initializing netlink subsys (disabled)
[    0.272876] audit: type=2000 audit(1736042979.175:1): state=initialized audit_enabled=0 res=1
[    0.272876] thermal_sys: Registered thermal governor 'fair_share'
[    0.272876] thermal_sys: Registered thermal governor 'bang_bang'
[    0.272876] thermal_sys: Registered thermal governor 'step_wise'
[    0.272876] thermal_sys: Registered thermal governor 'user_space'
[    0.272876] thermal_sys: Registered thermal governor 'power_allocator'
[    0.272876] EISA bus registered
[    0.272876] cpuidle: using governor ladder
[    0.272876] cpuidle: using governor menu
[    0.273174] acpiphp: ACPI Hot Plug PCI Controller Driver version: 0.5
[    0.273271] PCI: ECAM [mem 0xe0000000-0xefffffff] (base 0xe0000000) for domain 0000 [bus 00-ff]
[    0.273286] PCI: Using configuration type 1 for base access
[    0.273411] kprobes: kprobe jump-optimization is enabled. All kprobes are optimized if possible.
[    0.273420] HugeTLB: registered 1.00 GiB page size, pre-allocated 0 pages
[    0.273420] HugeTLB: 16380 KiB vmemmap can be freed for a 1.00 GiB page
[    0.273420] HugeTLB: registered 2.00 MiB page size, pre-allocated 0 pages
[    0.273420] HugeTLB: 28 KiB vmemmap can be freed for a 2.00 MiB page
[    0.273420] fbcon: Taking over console
[    0.273420] ACPI: Added _OSI(Module Device)
[    0.273420] ACPI: Added _OSI(Processor Device)
[    0.273420] ACPI: Added _OSI(3.0 _SCP Extensions)
[    0.273420] ACPI: Added _OSI(Processor Aggregator Device)
[    0.300570] ACPI: 16 ACPI AML tables successfully acquired and loaded
[    0.346747] ACPI: USB4 _OSC: OS supports USB3+ DisplayPort+ PCIe+ XDomain+
[    0.346752] ACPI: USB4 _OSC: OS controls USB3+ DisplayPort+ PCIe+ XDomain+
[    0.347188] ACPI: _OSC evaluation for CPUs failed, trying _PDC
[    0.348155] ACPI: Interpreter enabled
[    0.348172] ACPI: PM: (supports S0 S3 S4 S5)
[    0.348175] ACPI: Using IOAPIC for interrupt routing
[    0.350802] PCI: Using host bridge windows from ACPI; if necessary, use "pci=nocrs" and report a bug
[    0.350806] PCI: Ignoring E820 reservations for host bridge windows
[    0.351386] ACPI: Enabled 12 GPEs in block 00 to 1F
[    0.354206] ACPI: \_SB_.PCI0.GP17.XHC0.P0U0: New power resource
[    0.356383] ACPI: \_SB_.PCI0.GP17.XHC1.P0U1: New power resource
[    0.360036] ACPI: \_SB_.PCI0.GP19.XHC2.P0U2: New power resource
[    0.360898] ACPI: \_SB_.PCI0.GPP0.M237: New power resource
[    0.361276] ACPI: \_SB_.PCI0.GPP1.P0NV: New power resource
[    0.362376] ACPI: \_SB_.PCI0.GPP7.PWRS: New power resource
[    0.362800] ACPI: \_SB_.PCI0.GPP7.UP00.PWRS: New power resource
[    0.363203] ACPI: \_SB_.PCI0.GPP7.UP00.DP00.PWRS: New power resource
[    0.363611] ACPI: \_SB_.PCI0.GPP7.UP00.DP00.NV00.PWRS: New power resource
[    0.364016] ACPI: \_SB_.PCI0.GPP7.UP00.DP08.PWRS: New power resource
[    0.364310] ACPI: \_SB_.PCI0.GPP7.UP00.DP08.EP00.PWRS: New power resource
[    0.364641] ACPI: \_SB_.PCI0.GPP7.UP00.DP10.PWRS: New power resource
[    0.364927] ACPI: \_SB_.PCI0.GPP7.UP00.DP10.WN00.PWRS: New power resource
[    0.365248] ACPI: \_SB_.PCI0.GPP7.UP00.DP18.PWRS: New power resource
[    0.365536] ACPI: \_SB_.PCI0.GPP7.UP00.DP18.LN00.PWRS: New power resource
[    0.365859] ACPI: \_SB_.PCI0.GPP7.UP00.DP20.PWRS: New power resource
[    0.366447] ACPI: \_SB_.PCI0.GPP7.UP00.DP20.NV00.PWRS: New power resource
[    0.366886] ACPI: \_SB_.PCI0.GPP7.UP00.DP28.PWRS: New power resource
[    0.367461] ACPI: \_SB_.PCI0.GPP7.UP00.DP28.EP00.PWRS: New power resource
[    0.367726] ACPI: \_SB_.PCI0.GPP7.UP00.DP30.PWRS: New power resource
[    0.368304] ACPI: \_SB_.PCI0.GPP7.UP00.DP30.EP00.PWRS: New power resource
[    0.368658] ACPI: \_SB_.PCI0.GPP7.UP00.DP38.PWRS: New power resource
[    0.369240] ACPI: \_SB_.PCI0.GPP7.UP00.DP38.EP00.PWRS: New power resource
[    0.369596] ACPI: \_SB_.PCI0.GPP7.UP00.DP40.PWRS: New power resource
[    0.369999] ACPI: \_SB_.PCI0.GPP7.UP00.DP48.PWRS: New power resource
[    0.370583] ACPI: \_SB_.PCI0.GPP7.UP00.DP48.EP00.PWRS: New power resource
[    0.370936] ACPI: \_SB_.PCI0.GPP7.UP00.DP50.PWRS: New power resource
[    0.371335] ACPI: \_SB_.PCI0.GPP7.UP00.DP50.EP00.PWRS: New power resource
[    0.371744] ACPI: \_SB_.PCI0.GPP7.UP00.DP58.PWRS: New power resource
[    0.372153] ACPI: \_SB_.PCI0.GPP7.UP00.DP58.EP00.PWRS: New power resource
[    0.372561] ACPI: \_SB_.PCI0.GPP7.UP00.DP60.PWRS: New power resource
[    0.372957] ACPI: \_SB_.PCI0.GPP7.UP00.DP60.XH00.PWRS: New power resource
[    0.373974] ACPI: \_SB_.PCI0.GPP7.UP00.DP68.PWRS: New power resource
[    0.374320] ACPI: \_SB_.PCI0.GPP7.UP00.DP68.SA00.PWRS: New power resource
[    0.374379] ACPI: \_SB_.PCI0.GPP8.PWR1: New power resource
[    0.380715] ACPI: \_SB_.PRWL: New power resource
[    0.380746] ACPI: \_SB_.PRWB: New power resource
[    0.381678] ACPI: PCI Root Bridge [PCI0] (domain 0000 [bus 00-ff])
[    0.381685] acpi PNP0A08:00: _OSC: OS supports [ExtendedConfig ASPM ClockPM Segments MSI EDR HPX-Type3]
[    0.381874] acpi PNP0A08:00: _OSC: OS now controls [PCIeHotplug SHPCHotplug PME AER PCIeCapability LTR DPC]
[    0.382524] PCI host bridge to bus 0000:00
[    0.382527] pci_bus 0000:00: root bus resource [io  0x0000-0x03af window]
[    0.382531] pci_bus 0000:00: root bus resource [io  0x03e0-0x0cf7 window]
[    0.382534] pci_bus 0000:00: root bus resource [io  0x03b0-0x03df window]
[    0.382537] pci_bus 0000:00: root bus resource [io  0x0d00-0xffff window]
[    0.382541] pci_bus 0000:00: root bus resource [mem 0x000a0000-0x000dffff window]
[    0.382544] pci_bus 0000:00: root bus resource [mem 0xc0000000-0xf6ffffff window]
[    0.382548] pci_bus 0000:00: root bus resource [mem 0x1040000000-0xffffffffff window]
[    0.382552] pci_bus 0000:00: root bus resource [bus 00-ff]
[    0.382569] pci 0000:00:00.0: [1022:14d8] type 00 class 0x060000 conventional PCI endpoint
[    0.382661] pci 0000:00:00.2: [1022:14d9] type 00 class 0x080600 conventional PCI endpoint
[    0.382746] pci 0000:00:01.0: [1022:14da] type 00 class 0x060000 conventional PCI endpoint
[    0.382818] pci 0000:00:01.1: [1022:14db] type 01 class 0x060400 PCIe Root Port
[    0.382834] pci 0000:00:01.1: PCI bridge to [bus 01]
[    0.382840] pci 0000:00:01.1:   bridge window [io  0xf000-0xffff]
[    0.382844] pci 0000:00:01.1:   bridge window [mem 0xf5000000-0xf60fffff]
[    0.382851] pci 0000:00:01.1:   bridge window [mem 0xf800000000-0xfc01ffffff 64bit pref]
[    0.382907] pci 0000:00:01.1: PME# supported from D0 D3hot D3cold
[    0.383499] pci 0000:00:01.2: [1022:14db] type 01 class 0x060400 PCIe Root Port
[    0.383516] pci 0000:00:01.2: PCI bridge to [bus 02]
[    0.383522] pci 0000:00:01.2:   bridge window [mem 0xf6e00000-0xf6efffff]
[    0.383580] pci 0000:00:01.2: PME# supported from D0 D3hot D3cold
[    0.383704] pci 0000:00:02.0: [1022:14da] type 00 class 0x060000 conventional PCI endpoint
[    0.383773] pci 0000:00:02.1: [1022:14db] type 01 class 0x060400 PCIe Root Port
[    0.383790] pci 0000:00:02.1: PCI bridge to [bus 03-0f]
[    0.383795] pci 0000:00:02.1:   bridge window [io  0xc000-0xdfff]
[    0.383799] pci 0000:00:02.1:   bridge window [mem 0xf6200000-0xf67fffff]
[    0.383806] pci 0000:00:02.1:   bridge window [mem 0xfc20300000-0xfc203fffff 64bit pref]
[    0.383815] pci 0000:00:02.1: enabling Extended Tags
[    0.383863] pci 0000:00:02.1: PME# supported from D0 D3hot D3cold
[    0.384051] pci 0000:00:02.2: [1022:14db] type 01 class 0x060400 PCIe Root Port
[    0.384067] pci 0000:00:02.2: PCI bridge to [bus 10]
[    0.384073] pci 0000:00:02.2:   bridge window [mem 0xf6d00000-0xf6dfffff]
[    0.384085] pci 0000:00:02.2: enabling Extended Tags
[    0.384135] pci 0000:00:02.2: PME# supported from D0 D3hot D3cold
[    0.384256] pci 0000:00:03.0: [1022:14da] type 00 class 0x060000 conventional PCI endpoint
[    0.384333] pci 0000:00:04.0: [1022:14da] type 00 class 0x060000 conventional PCI endpoint
[    0.384412] pci 0000:00:08.0: [1022:14da] type 00 class 0x060000 conventional PCI endpoint
[    0.384484] pci 0000:00:08.1: [1022:14dd] type 01 class 0x060400 PCIe Root Port
[    0.384497] pci 0000:00:08.1: PCI bridge to [bus 11]
[    0.384502] pci 0000:00:08.1:   bridge window [io  0xe000-0xefff]
[    0.384506] pci 0000:00:08.1:   bridge window [mem 0xf6800000-0xf6bfffff]
[    0.384512] pci 0000:00:08.1:   bridge window [mem 0xfc10000000-0xfc201fffff 64bit pref]
[    0.384519] pci 0000:00:08.1: enabling Extended Tags
[    0.384547] pci 0000:00:08.1: PME# supported from D0 D3hot D3cold
[    0.384653] pci 0000:00:08.3: [1022:14dd] type 01 class 0x060400 PCIe Root Port
[    0.384667] pci 0000:00:08.3: PCI bridge to [bus 12]
[    0.384672] pci 0000:00:08.3:   bridge window [mem 0xf6c00000-0xf6cfffff]
[    0.384682] pci 0000:00:08.3: enabling Extended Tags
[    0.384710] pci 0000:00:08.3: PME# supported from D0 D3hot D3cold
[    0.384813] pci 0000:00:14.0: [1022:790b] type 00 class 0x0c0500 conventional PCI endpoint
[    0.384927] pci 0000:00:14.3: [1022:790e] type 00 class 0x060100 conventional PCI endpoint
[    0.385057] pci 0000:00:18.0: [1022:14e0] type 00 class 0x060000 conventional PCI endpoint
[    0.385093] pci 0000:00:18.1: [1022:14e1] type 00 class 0x060000 conventional PCI endpoint
[    0.385129] pci 0000:00:18.2: [1022:14e2] type 00 class 0x060000 conventional PCI endpoint
[    0.385165] pci 0000:00:18.3: [1022:14e3] type 00 class 0x060000 conventional PCI endpoint
[    0.385200] pci 0000:00:18.4: [1022:14e4] type 00 class 0x060000 conventional PCI endpoint
[    0.385235] pci 0000:00:18.5: [1022:14e5] type 00 class 0x060000 conventional PCI endpoint
[    0.385270] pci 0000:00:18.6: [1022:14e6] type 00 class 0x060000 conventional PCI endpoint
[    0.385305] pci 0000:00:18.7: [1022:14e7] type 00 class 0x060000 conventional PCI endpoint
[    0.385408] pci 0000:01:00.0: [10de:2705] type 00 class 0x030000 PCIe Legacy Endpoint
[    0.385418] pci 0000:01:00.0: BAR 0 [mem 0xf5000000-0xf5ffffff]
[    0.385428] pci 0000:01:00.0: BAR 1 [mem 0xf800000000-0xfbffffffff 64bit pref]
[    0.385437] pci 0000:01:00.0: BAR 3 [mem 0xfc00000000-0xfc01ffffff 64bit pref]
[    0.385444] pci 0000:01:00.0: BAR 5 [io  0xf000-0xf07f]
[    0.385450] pci 0000:01:00.0: ROM [mem 0xf6000000-0xf607ffff pref]
[    0.385491] pci 0000:01:00.0: PME# supported from D0 D3hot
[    0.385625] pci 0000:01:00.1: [10de:22bb] type 00 class 0x040300 PCIe Endpoint
[    0.385634] pci 0000:01:00.1: BAR 0 [mem 0xf6080000-0xf6083fff]
[    0.385754] pci 0000:00:01.1: PCI bridge to [bus 01]
[    0.385827] pci 0000:02:00.0: [1c5c:1959] type 00 class 0x010802 PCIe Endpoint
[    0.385841] pci 0000:02:00.0: BAR 0 [mem 0xf6e00000-0xf6e03fff 64bit]
[    0.386025] pci 0000:00:01.2: PCI bridge to [bus 02]
[    0.386097] pci 0000:03:00.0: [1022:43f4] type 01 class 0x060400 PCIe Switch Upstream Port
[    0.386119] pci 0000:03:00.0: PCI bridge to [bus 04-0f]
[    0.386125] pci 0000:03:00.0:   bridge window [io  0xc000-0xdfff]
[    0.386133] pci 0000:03:00.0:   bridge window [mem 0xf6200000-0xf67fffff]
[    0.386143] pci 0000:03:00.0:   bridge window [mem 0xfc20300000-0xfc203fffff 64bit pref]
[    0.386154] pci 0000:03:00.0: enabling Extended Tags
[    0.386207] pci 0000:03:00.0: PME# supported from D0 D3hot D3cold
[    0.386422] pci 0000:00:02.1: PCI bridge to [bus 03-0f]
[    0.386570] pci 0000:04:00.0: [1022:43f5] type 01 class 0x060400 PCIe Switch Downstream Port
[    0.386591] pci 0000:04:00.0: PCI bridge to [bus 05]
[    0.386599] pci 0000:04:00.0:   bridge window [mem 0xf6700000-0xf67fffff]
[    0.386616] pci 0000:04:00.0: enabling Extended Tags
[    0.386667] pci 0000:04:00.0: PME# supported from D0 D3hot D3cold
[    0.386800] pci 0000:04:04.0: [1022:43f5] type 01 class 0x060400 PCIe Switch Downstream Port
[    0.386822] pci 0000:04:04.0: PCI bridge to [bus 06]
[    0.386843] pci 0000:04:04.0: enabling Extended Tags
[    0.386896] pci 0000:04:04.0: PME# supported from D0 D3hot D3cold
[    0.387025] pci 0000:04:05.0: [1022:43f5] type 01 class 0x060400 PCIe Switch Downstream Port
[    0.387047] pci 0000:04:05.0: PCI bridge to [bus 07]
[    0.387068] pci 0000:04:05.0: enabling Extended Tags
[    0.387120] pci 0000:04:05.0: PME# supported from D0 D3hot D3cold
[    0.387252] pci 0000:04:06.0: [1022:43f5] type 01 class 0x060400 PCIe Switch Downstream Port
[    0.387274] pci 0000:04:06.0: PCI bridge to [bus 08]
[    0.387295] pci 0000:04:06.0: enabling Extended Tags
[    0.387348] pci 0000:04:06.0: PME# supported from D0 D3hot D3cold
[    0.387484] pci 0000:04:07.0: [1022:43f5] type 01 class 0x060400 PCIe Switch Downstream Port
[    0.387507] pci 0000:04:07.0: PCI bridge to [bus 09]
[    0.387528] pci 0000:04:07.0: enabling Extended Tags
[    0.387581] pci 0000:04:07.0: PME# supported from D0 D3hot D3cold
[    0.387713] pci 0000:04:08.0: [1022:43f5] type 01 class 0x060400 PCIe Switch Downstream Port
[    0.387735] pci 0000:04:08.0: PCI bridge to [bus 0a]
[    0.387741] pci 0000:04:08.0:   bridge window [io  0xd000-0xdfff]
[    0.387745] pci 0000:04:08.0:   bridge window [mem 0xf6600000-0xf66fffff]
[    0.387762] pci 0000:04:08.0: enabling Extended Tags
[    0.387813] pci 0000:04:08.0: PME# supported from D0 D3hot D3cold
[    0.387943] pci 0000:04:09.0: [1022:43f5] type 01 class 0x060400 PCIe Switch Downstream Port
[    0.387965] pci 0000:04:09.0: PCI bridge to [bus 0b]
[    0.387986] pci 0000:04:09.0: enabling Extended Tags
[    0.388039] pci 0000:04:09.0: PME# supported from D0 D3hot D3cold
[    0.388172] pci 0000:04:0a.0: [1022:43f5] type 01 class 0x060400 PCIe Switch Downstream Port
[    0.388194] pci 0000:04:0a.0: PCI bridge to [bus 0c]
[    0.388200] pci 0000:04:0a.0:   bridge window [io  0xc000-0xcfff]
[    0.388205] pci 0000:04:0a.0:   bridge window [mem 0xf6500000-0xf65fffff]
[    0.388222] pci 0000:04:0a.0: enabling Extended Tags
[    0.388272] pci 0000:04:0a.0: PME# supported from D0 D3hot D3cold
[    0.388405] pci 0000:04:0b.0: [1022:43f5] type 01 class 0x060400 PCIe Switch Downstream Port
[    0.388427] pci 0000:04:0b.0: PCI bridge to [bus 0d]
[    0.388434] pci 0000:04:0b.0:   bridge window [mem 0xf6400000-0xf64fffff]
[    0.388443] pci 0000:04:0b.0:   bridge window [mem 0xfc20300000-0xfc203fffff 64bit pref]
[    0.388455] pci 0000:04:0b.0: enabling Extended Tags
[    0.388506] pci 0000:04:0b.0: PME# supported from D0 D3hot D3cold
[    0.388641] pci 0000:04:0c.0: [1022:43f5] type 01 class 0x060400 PCIe Switch Downstream Port
[    0.388663] pci 0000:04:0c.0: PCI bridge to [bus 0e]
[    0.388669] pci 0000:04:0c.0:   bridge window [mem 0xf6300000-0xf63fffff]
[    0.388685] pci 0000:04:0c.0: enabling Extended Tags
[    0.388722] pci 0000:04:0c.0: PME# supported from D0 D3hot D3cold
[    0.388843] pci 0000:04:0d.0: [1022:43f5] type 01 class 0x060400 PCIe Switch Downstream Port
[    0.388864] pci 0000:04:0d.0: PCI bridge to [bus 0f]
[    0.388870] pci 0000:04:0d.0:   bridge window [mem 0xf6200000-0xf62fffff]
[    0.388887] pci 0000:04:0d.0: enabling Extended Tags
[    0.388923] pci 0000:04:0d.0: PME# supported from D0 D3hot D3cold
[    0.389021] pci 0000:03:00.0: PCI bridge to [bus 04-0f]
[    0.389120] pci 0000:05:00.0: [1c5c:1959] type 00 class 0x010802 PCIe Endpoint
[    0.389142] pci 0000:05:00.0: BAR 0 [mem 0xf6700000-0xf6703fff 64bit]
[    0.389185] pci 0000:05:00.0: enabling Extended Tags
[    0.389443] pci 0000:04:00.0: PCI bridge to [bus 05]
[    0.389486] pci 0000:04:04.0: PCI bridge to [bus 06]
[    0.389529] pci 0000:04:05.0: PCI bridge to [bus 07]
[    0.389572] pci 0000:04:06.0: PCI bridge to [bus 08]
[    0.389614] pci 0000:04:07.0: PCI bridge to [bus 09]
[    0.389670] pci 0000:0a:00.0: [1b21:0612] type 00 class 0x010601 PCIe Legacy Endpoint
[    0.389692] pci 0000:0a:00.0: BAR 0 [io  0xd050-0xd057]
[    0.389705] pci 0000:0a:00.0: BAR 1 [io  0xd040-0xd043]
[    0.389718] pci 0000:0a:00.0: BAR 2 [io  0xd030-0xd037]
[    0.389730] pci 0000:0a:00.0: BAR 3 [io  0xd020-0xd023]
[    0.389743] pci 0000:0a:00.0: BAR 4 [io  0xd000-0xd01f]
[    0.389755] pci 0000:0a:00.0: BAR 5 [mem 0xf6600000-0xf66001ff]
[    0.389903] pci 0000:04:08.0: PCI bridge to [bus 0a]
[    0.389945] pci 0000:04:09.0: PCI bridge to [bus 0b]
[    0.390009] pci 0000:0c:00.0: [10ec:8125] type 00 class 0x020000 PCIe Endpoint
[    0.390029] pci 0000:0c:00.0: BAR 0 [io  0xc000-0xc0ff]
[    0.390052] pci 0000:0c:00.0: BAR 2 [mem 0xf6500000-0xf650ffff 64bit]
[    0.390068] pci 0000:0c:00.0: BAR 4 [mem 0xf6510000-0xf6513fff 64bit]
[    0.390202] pci 0000:0c:00.0: supports D1 D2
[    0.390205] pci 0000:0c:00.0: PME# supported from D0 D1 D2 D3hot D3cold
[    0.390465] pci 0000:04:0a.0: PCI bridge to [bus 0c]
[    0.390528] pci 0000:0d:00.0: [14c3:0616] type 00 class 0x028000 PCIe Endpoint
[    0.390554] pci 0000:0d:00.0: BAR 0 [mem 0xfc20300000-0xfc203fffff 64bit pref]
[    0.390572] pci 0000:0d:00.0: BAR 2 [mem 0xf6400000-0xf6407fff 64bit]
[    0.390606] pci 0000:0d:00.0: enabling Extended Tags
[    0.390696] pci 0000:0d:00.0: PME# supported from D0 D3hot D3cold
[    0.390905] pci 0000:04:0b.0: PCI bridge to [bus 0d]
[    0.390958] pci 0000:0e:00.0: [1022:43f7] type 00 class 0x0c0330 PCIe Legacy Endpoint
[    0.390972] pci 0000:0e:00.0: BAR 0 [mem 0xf6300000-0xf6307fff 64bit]
[    0.391001] pci 0000:0e:00.0: enabling Extended Tags
[    0.391041] pci 0000:0e:00.0: PME# supported from D0 D3hot D3cold
[    0.391174] pci 0000:04:0c.0: PCI bridge to [bus 0e]
[    0.391226] pci 0000:0f:00.0: [1022:43f6] type 00 class 0x010601 PCIe Legacy Endpoint
[    0.391260] pci 0000:0f:00.0: BAR 5 [mem 0xf6280000-0xf62803ff]
[    0.391268] pci 0000:0f:00.0: ROM [mem 0xf6200000-0xf627ffff pref]
[    0.391275] pci 0000:0f:00.0: enabling Extended Tags
[    0.391308] pci 0000:0f:00.0: PME# supported from D0 D3hot D3cold
[    0.391397] pci 0000:04:0d.0: PCI bridge to [bus 0f]
[    0.391649] pci 0000:10:00.0: [1c5c:174a] type 00 class 0x010802 PCIe Endpoint
[    0.391665] pci 0000:10:00.0: BAR 0 [mem 0xf6d00000-0xf6d03fff 64bit]
[    0.391673] pci 0000:10:00.0: BAR 2 [mem 0xf6d05000-0xf6d05fff]
[    0.391681] pci 0000:10:00.0: BAR 3 [mem 0xf6d04000-0xf6d04fff]
[    0.391867] pci 0000:00:02.2: PCI bridge to [bus 10]
[    0.391957] pci 0000:11:00.0: [1002:164e] type 00 class 0x030000 PCIe Legacy Endpoint
[    0.391968] pci 0000:11:00.0: BAR 0 [mem 0xfc10000000-0xfc1fffffff 64bit pref]
[    0.391976] pci 0000:11:00.0: BAR 2 [mem 0xfc20000000-0xfc201fffff 64bit pref]
[    0.391982] pci 0000:11:00.0: BAR 4 [io  0xe000-0xe0ff]
[    0.391988] pci 0000:11:00.0: BAR 5 [mem 0xf6b00000-0xf6b7ffff]
[    0.391996] pci 0000:11:00.0: enabling Extended Tags
[    0.392033] pci 0000:11:00.0: PME# supported from D1 D2 D3hot D3cold
[    0.392132] pci 0000:11:00.1: [1002:1640] type 00 class 0x040300 PCIe Legacy Endpoint
[    0.392141] pci 0000:11:00.1: BAR 0 [mem 0xf6b88000-0xf6b8bfff]
[    0.392158] pci 0000:11:00.1: enabling Extended Tags
[    0.392183] pci 0000:11:00.1: PME# supported from D1 D2 D3hot D3cold
[    0.392255] pci 0000:11:00.2: [1022:1649] type 00 class 0x108000 PCIe Endpoint
[    0.392287] pci 0000:11:00.2: BAR 2 [mem 0xf6a00000-0xf6afffff]
[    0.392296] pci 0000:11:00.2: BAR 5 [mem 0xf6b8c000-0xf6b8dfff]
[    0.392303] pci 0000:11:00.2: enabling Extended Tags
[    0.392392] pci 0000:11:00.3: [1022:15b6] type 00 class 0x0c0330 PCIe Endpoint
[    0.392402] pci 0000:11:00.3: BAR 0 [mem 0xf6900000-0xf69fffff 64bit]
[    0.392421] pci 0000:11:00.3: enabling Extended Tags
[    0.392448] pci 0000:11:00.3: PME# supported from D0 D3hot D3cold
[    0.392521] pci 0000:11:00.4: [1022:15b7] type 00 class 0x0c0330 PCIe Endpoint
[    0.392531] pci 0000:11:00.4: BAR 0 [mem 0xf6800000-0xf68fffff 64bit]
[    0.392551] pci 0000:11:00.4: enabling Extended Tags
[    0.392577] pci 0000:11:00.4: PME# supported from D0 D3hot D3cold
[    0.392649] pci 0000:11:00.6: [1022:15e3] type 00 class 0x040300 PCIe Endpoint
[    0.392657] pci 0000:11:00.6: BAR 0 [mem 0xf6b80000-0xf6b87fff]
[    0.392675] pci 0000:11:00.6: enabling Extended Tags
[    0.392699] pci 0000:11:00.6: PME# supported from D0 D3hot D3cold
[    0.392782] pci 0000:00:08.1: PCI bridge to [bus 11]
[    0.392826] pci 0000:12:00.0: [1022:15b8] type 00 class 0x0c0330 PCIe Endpoint
[    0.392840] pci 0000:12:00.0: BAR 0 [mem 0xf6c00000-0xf6cfffff 64bit]
[    0.392864] pci 0000:12:00.0: enabling Extended Tags
[    0.392896] pci 0000:12:00.0: PME# supported from D0 D3hot D3cold
[    0.392983] pci 0000:00:08.3: PCI bridge to [bus 12]
[    0.398982] ACPI: PCI: Interrupt link LNKA configured for IRQ 0
[    0.399043] ACPI: PCI: Interrupt link LNKB configured for IRQ 0
[    0.399098] ACPI: PCI: Interrupt link LNKC configured for IRQ 0
[    0.399164] ACPI: PCI: Interrupt link LNKD configured for IRQ 0
[    0.399223] ACPI: PCI: Interrupt link LNKE configured for IRQ 0
[    0.399273] ACPI: PCI: Interrupt link LNKF configured for IRQ 0
[    0.399323] ACPI: PCI: Interrupt link LNKG configured for IRQ 0
[    0.399373] ACPI: PCI: Interrupt link LNKH configured for IRQ 0
[    0.400700] iommu: Default domain type: Translated
[    0.400700] iommu: DMA domain TLB invalidation policy: lazy mode
[    0.400700] SCSI subsystem initialized
[    0.400700] libata version 3.00 loaded.
[    0.400700] ACPI: bus type USB registered
[    0.400700] usbcore: registered new interface driver usbfs
[    0.400700] usbcore: registered new interface driver hub
[    0.400700] usbcore: registered new device driver usb
[    0.400700] pps_core: LinuxPPS API ver. 1 registered
[    0.400700] pps_core: Software ver. 5.3.6 - Copyright 2005-2007 Rodolfo Giometti <giometti@linux.it>
[    0.400700] PTP clock support registered
[    0.400700] EDAC MC: Ver: 3.0.0
[    0.401157] efivars: Registered efivars operations
[    0.401316] NetLabel: Initializing
[    0.401319] NetLabel:  domain hash size = 128
[    0.401321] NetLabel:  protocols = UNLABELED CIPSOv4 CALIPSO
[    0.401337] NetLabel:  unlabeled traffic allowed by default
[    0.401350] mctp: management component transport protocol core
[    0.401350] NET: Registered PF_MCTP protocol family
[    0.401350] PCI: Using ACPI for IRQ routing
[    0.408365] PCI: pci_cache_line_size set to 64 bytes
[    0.408435] e820: reserve RAM buffer [mem 0x09e02000-0x0bffffff]
[    0.408437] e820: reserve RAM buffer [mem 0x0a200000-0x0bffffff]
[    0.408438] e820: reserve RAM buffer [mem 0x0b000000-0x0bffffff]
[    0.408439] e820: reserve RAM buffer [mem 0xa6d8f018-0xa7ffffff]
[    0.408441] e820: reserve RAM buffer [mem 0xa6d9a018-0xa7ffffff]
[    0.408442] e820: reserve RAM buffer [mem 0xa6e75000-0xa7ffffff]
[    0.408443] e820: reserve RAM buffer [mem 0xa7dbd000-0xa7ffffff]
[    0.408444] e820: reserve RAM buffer [mem 0xac58d000-0xafffffff]
[    0.408445] e820: reserve RAM buffer [mem 0xbbff9000-0xbbffffff]
[    0.408446] e820: reserve RAM buffer [mem 0x101de80000-0x101fffffff]
[    0.408480] pci 0000:01:00.0: vgaarb: setting as boot VGA device
[    0.408480] pci 0000:01:00.0: vgaarb: bridge control possible
[    0.408480] pci 0000:01:00.0: vgaarb: VGA device added: decodes=io+mem,owns=none,locks=none
[    0.408480] pci 0000:11:00.0: vgaarb: bridge control possible
[    0.408480] pci 0000:11:00.0: vgaarb: VGA device added: decodes=io+mem,owns=none,locks=none
[    0.408480] vgaarb: loaded
[    0.408480] hpet0: at MMIO 0xfed00000, IRQs 2, 8, 0
[    0.408480] hpet0: 3 comparators, 32-bit 14.318180 MHz counter
[    0.410194] clocksource: Switched to clocksource tsc-early
[    0.410318] VFS: Disk quotas dquot_6.6.0
[    0.410332] VFS: Dquot-cache hash table entries: 512 (order 0, 4096 bytes)
[    0.410448] AppArmor: AppArmor Filesystem Enabled
[    0.410473] pnp: PnP ACPI init
[    0.410558] system 00:00: [mem 0xe0000000-0xefffffff] has been reserved
[    0.410634] system 00:01: [mem 0x1020000000-0x103fffffff window] has been reserved
[    0.410846] system 00:03: [io  0x0a00-0x0a0f] has been reserved
[    0.410850] system 00:03: [io  0x0a10-0x0a1f] has been reserved
[    0.410853] system 00:03: [io  0x0a20-0x0a2f] has been reserved
[    0.411125] system 00:04: [io  0x04d0-0x04d1] has been reserved
[    0.411128] system 00:04: [io  0x040b] has been reserved
[    0.411132] system 00:04: [io  0x04d6] has been reserved
[    0.411135] system 00:04: [io  0x0c00-0x0c01] has been reserved
[    0.411138] system 00:04: [io  0x0c14] has been reserved
[    0.411141] system 00:04: [io  0x0c50-0x0c51] has been reserved
[    0.411144] system 00:04: [io  0x0c52] has been reserved
[    0.411147] system 00:04: [io  0x0c6c] has been reserved
[    0.411150] system 00:04: [io  0x0c6f] has been reserved
[    0.411153] system 00:04: [io  0x0cd8-0x0cdf] has been reserved
[    0.411156] system 00:04: [io  0x0800-0x089f] has been reserved
[    0.411160] system 00:04: [io  0x0b00-0x0b0f] has been reserved
[    0.411163] system 00:04: [io  0x0b20-0x0b3f] has been reserved
[    0.411166] system 00:04: [io  0x0900-0x090f] has been reserved
[    0.411169] system 00:04: [io  0x0910-0x091f] has been reserved
[    0.411173] system 00:04: [mem 0xfedc0000-0xfedc0fff] has been reserved
[    0.411176] system 00:04: [mem 0xfee00000-0xfee00fff] has been reserved
[    0.411180] system 00:04: [mem 0xfec10000-0xfec10fff] has been reserved
[    0.411183] system 00:04: [mem 0xfeb00000-0xfeb00fff] has been reserved
[    0.411186] system 00:04: [mem 0xff000000-0xffffffff] has been reserved
[    0.415458] pnp: PnP ACPI: found 5 devices
[    0.421210] clocksource: acpi_pm: mask: 0xffffff max_cycles: 0xffffff, max_idle_ns: 2085701024 ns
[    0.421259] NET: Registered PF_INET protocol family
[    0.421317] IP idents hash table entries: 262144 (order: 9, 2097152 bytes, linear)
[    0.431868] tcp_listen_portaddr_hash hash table entries: 32768 (order: 7, 524288 bytes, linear)
[    0.431899] Table-perturb hash table entries: 65536 (order: 6, 262144 bytes, linear)
[    0.431993] TCP established hash table entries: 524288 (order: 10, 4194304 bytes, linear)
[    0.432226] TCP bind hash table entries: 65536 (order: 9, 2097152 bytes, linear)
[    0.432286] TCP: Hash tables configured (established 524288 bind 65536)
[    0.432395] MPTCP token hash table entries: 65536 (order: 8, 1572864 bytes, linear)
[    0.432464] UDP hash table entries: 32768 (order: 8, 1048576 bytes, linear)
[    0.432532] UDP-Lite hash table entries: 32768 (order: 8, 1048576 bytes, linear)
[    0.432625] NET: Registered PF_UNIX/PF_LOCAL protocol family
[    0.432642] NET: Registered PF_XDP protocol family
[    0.432655] pci 0000:00:01.1: PCI bridge to [bus 01]
[    0.432659] pci 0000:00:01.1:   bridge window [io  0xf000-0xffff]
[    0.432664] pci 0000:00:01.1:   bridge window [mem 0xf5000000-0xf60fffff]
[    0.432669] pci 0000:00:01.1:   bridge window [mem 0xf800000000-0xfc01ffffff 64bit pref]
[    0.432681] pci 0000:00:01.2: PCI bridge to [bus 02]
[    0.432686] pci 0000:00:01.2:   bridge window [mem 0xf6e00000-0xf6efffff]
[    0.432699] pci 0000:04:00.0: PCI bridge to [bus 05]
[    0.432708] pci 0000:04:00.0:   bridge window [mem 0xf6700000-0xf67fffff]
[    0.432715] pci 0000:04:04.0: PCI bridge to [bus 06]
[    0.432724] pci 0000:04:05.0: PCI bridge to [bus 07]
[    0.432732] pci 0000:04:06.0: PCI bridge to [bus 08]
[    0.432741] pci 0000:04:07.0: PCI bridge to [bus 09]
[    0.432750] pci 0000:04:08.0: PCI bridge to [bus 0a]
[    0.432753] pci 0000:04:08.0:   bridge window [io  0xd000-0xdfff]
[    0.432758] pci 0000:04:08.0:   bridge window [mem 0xf6600000-0xf66fffff]
[    0.432765] pci 0000:04:09.0: PCI bridge to [bus 0b]
[    0.432774] pci 0000:04:0a.0: PCI bridge to [bus 0c]
[    0.432777] pci 0000:04:0a.0:   bridge window [io  0xc000-0xcfff]
[    0.432782] pci 0000:04:0a.0:   bridge window [mem 0xf6500000-0xf65fffff]
[    0.432790] pci 0000:04:0b.0: PCI bridge to [bus 0d]
[    0.432794] pci 0000:04:0b.0:   bridge window [mem 0xf6400000-0xf64fffff]
[    0.432799] pci 0000:04:0b.0:   bridge window [mem 0xfc20300000-0xfc203fffff 64bit pref]
[    0.432805] pci 0000:04:0c.0: PCI bridge to [bus 0e]
[    0.432810] pci 0000:04:0c.0:   bridge window [mem 0xf6300000-0xf63fffff]
[    0.432817] pci 0000:04:0d.0: PCI bridge to [bus 0f]
[    0.432822] pci 0000:04:0d.0:   bridge window [mem 0xf6200000-0xf62fffff]
[    0.432829] pci 0000:03:00.0: PCI bridge to [bus 04-0f]
[    0.432833] pci 0000:03:00.0:   bridge window [io  0xc000-0xdfff]
[    0.432838] pci 0000:03:00.0:   bridge window [mem 0xf6200000-0xf67fffff]
[    0.432842] pci 0000:03:00.0:   bridge window [mem 0xfc20300000-0xfc203fffff 64bit pref]
[    0.432849] pci 0000:00:02.1: PCI bridge to [bus 03-0f]
[    0.432852] pci 0000:00:02.1:   bridge window [io  0xc000-0xdfff]
[    0.432857] pci 0000:00:02.1:   bridge window [mem 0xf6200000-0xf67fffff]
[    0.432861] pci 0000:00:02.1:   bridge window [mem 0xfc20300000-0xfc203fffff 64bit pref]
[    0.432873] pci 0000:00:02.2: PCI bridge to [bus 10]
[    0.432877] pci 0000:00:02.2:   bridge window [mem 0xf6d00000-0xf6dfffff]
[    0.432890] pci 0000:00:08.1: PCI bridge to [bus 11]
[    0.432898] pci 0000:00:08.1:   bridge window [io  0xe000-0xefff]
[    0.432903] pci 0000:00:08.1:   bridge window [mem 0xf6800000-0xf6bfffff]
[    0.432907] pci 0000:00:08.1:   bridge window [mem 0xfc10000000-0xfc201fffff 64bit pref]
[    0.432912] pci 0000:00:08.3: PCI bridge to [bus 12]
[    0.432916] pci 0000:00:08.3:   bridge window [mem 0xf6c00000-0xf6cfffff]
[    0.432922] pci_bus 0000:00: resource 4 [io  0x0000-0x03af window]
[    0.432925] pci_bus 0000:00: resource 5 [io  0x03e0-0x0cf7 window]
[    0.432929] pci_bus 0000:00: resource 6 [io  0x03b0-0x03df window]
[    0.432932] pci_bus 0000:00: resource 7 [io  0x0d00-0xffff window]
[    0.432935] pci_bus 0000:00: resource 8 [mem 0x000a0000-0x000dffff window]
[    0.432938] pci_bus 0000:00: resource 9 [mem 0xc0000000-0xf6ffffff window]
[    0.432942] pci_bus 0000:00: resource 10 [mem 0x1040000000-0xffffffffff window]
[    0.432947] pci_bus 0000:01: resource 0 [io  0xf000-0xffff]
[    0.432952] pci_bus 0000:01: resource 1 [mem 0xf5000000-0xf60fffff]
[    0.432956] pci_bus 0000:01: resource 2 [mem 0xf800000000-0xfc01ffffff 64bit pref]
[    0.432959] pci_bus 0000:02: resource 1 [mem 0xf6e00000-0xf6efffff]
[    0.432963] pci_bus 0000:03: resource 0 [io  0xc000-0xdfff]
[    0.432966] pci_bus 0000:03: resource 1 [mem 0xf6200000-0xf67fffff]
[    0.432969] pci_bus 0000:03: resource 2 [mem 0xfc20300000-0xfc203fffff 64bit pref]
[    0.432973] pci_bus 0000:04: resource 0 [io  0xc000-0xdfff]
[    0.432976] pci_bus 0000:04: resource 1 [mem 0xf6200000-0xf67fffff]
[    0.432979] pci_bus 0000:04: resource 2 [mem 0xfc20300000-0xfc203fffff 64bit pref]
[    0.432983] pci_bus 0000:05: resource 1 [mem 0xf6700000-0xf67fffff]
[    0.432986] pci_bus 0000:0a: resource 0 [io  0xd000-0xdfff]
[    0.432989] pci_bus 0000:0a: resource 1 [mem 0xf6600000-0xf66fffff]
[    0.432992] pci_bus 0000:0c: resource 0 [io  0xc000-0xcfff]
[    0.432995] pci_bus 0000:0c: resource 1 [mem 0xf6500000-0xf65fffff]
[    0.432998] pci_bus 0000:0d: resource 1 [mem 0xf6400000-0xf64fffff]
[    0.433002] pci_bus 0000:0d: resource 2 [mem 0xfc20300000-0xfc203fffff 64bit pref]
[    0.433005] pci_bus 0000:0e: resource 1 [mem 0xf6300000-0xf63fffff]
[    0.433009] pci_bus 0000:0f: resource 1 [mem 0xf6200000-0xf62fffff]
[    0.433012] pci_bus 0000:10: resource 1 [mem 0xf6d00000-0xf6dfffff]
[    0.433015] pci_bus 0000:11: resource 0 [io  0xe000-0xefff]
[    0.433018] pci_bus 0000:11: resource 1 [mem 0xf6800000-0xf6bfffff]
[    0.433021] pci_bus 0000:11: resource 2 [mem 0xfc10000000-0xfc201fffff 64bit pref]
[    0.433025] pci_bus 0000:12: resource 1 [mem 0xf6c00000-0xf6cfffff]
[    0.433161] pci 0000:01:00.1: extending delay after power-on from D3hot to 20 msec
[    0.433181] pci 0000:01:00.1: D0 power state depends on 0000:01:00.0
[    0.433388] pci 0000:11:00.1: D0 power state depends on 0000:11:00.0
[    0.433679] PCI: CLS 64 bytes, default 64
[    0.433694] pci 0000:00:00.2: AMD-Vi: IOMMU performance counters supported
[    0.433732] Trying to unpack rootfs image as initramfs...
[    0.433738] pci 0000:00:01.0: Adding to iommu group 0
[    0.433755] pci 0000:00:01.1: Adding to iommu group 1
[    0.433771] pci 0000:00:01.2: Adding to iommu group 2
[    0.433795] pci 0000:00:02.0: Adding to iommu group 3
[    0.433811] pci 0000:00:02.1: Adding to iommu group 4
[    0.433827] pci 0000:00:02.2: Adding to iommu group 5
[    0.433849] pci 0000:00:03.0: Adding to iommu group 6
[    0.433872] pci 0000:00:04.0: Adding to iommu group 7
[    0.433901] pci 0000:00:08.0: Adding to iommu group 8
[    0.433917] pci 0000:00:08.1: Adding to iommu group 9
[    0.433932] pci 0000:00:08.3: Adding to iommu group 10
[    0.433968] pci 0000:00:14.0: Adding to iommu group 11
[    0.433983] pci 0000:00:14.3: Adding to iommu group 11
[    0.434060] pci 0000:00:18.0: Adding to iommu group 12
[    0.434076] pci 0000:00:18.1: Adding to iommu group 12
[    0.434091] pci 0000:00:18.2: Adding to iommu group 12
[    0.434108] pci 0000:00:18.3: Adding to iommu group 12
[    0.434123] pci 0000:00:18.4: Adding to iommu group 12
[    0.434139] pci 0000:00:18.5: Adding to iommu group 12
[    0.434154] pci 0000:00:18.6: Adding to iommu group 12
[    0.434170] pci 0000:00:18.7: Adding to iommu group 12
[    0.434200] pci 0000:01:00.0: Adding to iommu group 13
[    0.434218] pci 0000:01:00.1: Adding to iommu group 13
[    0.434234] pci 0000:02:00.0: Adding to iommu group 14
[    0.434249] pci 0000:03:00.0: Adding to iommu group 15
[    0.434265] pci 0000:04:00.0: Adding to iommu group 16
[    0.434282] pci 0000:04:04.0: Adding to iommu group 17
[    0.434297] pci 0000:04:05.0: Adding to iommu group 18
[    0.434313] pci 0000:04:06.0: Adding to iommu group 19
[    0.434329] pci 0000:04:07.0: Adding to iommu group 20
[    0.434346] pci 0000:04:08.0: Adding to iommu group 21
[    0.434362] pci 0000:04:09.0: Adding to iommu group 22
[    0.434378] pci 0000:04:0a.0: Adding to iommu group 23
[    0.434394] pci 0000:04:0b.0: Adding to iommu group 24
[    0.434410] pci 0000:04:0c.0: Adding to iommu group 25
[    0.434425] pci 0000:04:0d.0: Adding to iommu group 26
[    0.434431] pci 0000:05:00.0: Adding to iommu group 16
[    0.434437] pci 0000:0a:00.0: Adding to iommu group 21
[    0.434442] pci 0000:0c:00.0: Adding to iommu group 23
[    0.434448] pci 0000:0d:00.0: Adding to iommu group 24
[    0.434453] pci 0000:0e:00.0: Adding to iommu group 25
[    0.434458] pci 0000:0f:00.0: Adding to iommu group 26
[    0.434474] pci 0000:10:00.0: Adding to iommu group 27
[    0.434500] pci 0000:11:00.0: Adding to iommu group 28
[    0.434516] pci 0000:11:00.1: Adding to iommu group 29
[    0.434532] pci 0000:11:00.2: Adding to iommu group 30
[    0.434549] pci 0000:11:00.3: Adding to iommu group 31
[    0.434565] pci 0000:11:00.4: Adding to iommu group 32
[    0.434581] pci 0000:11:00.6: Adding to iommu group 33
[    0.434596] pci 0000:12:00.0: Adding to iommu group 34
[    0.437488] AMD-Vi: Extended features (0x246577efa2254afa, 0x0): PPR NX GT [5] IA GA PC GA_vAPIC
[    0.437498] AMD-Vi: Interrupt remapping enabled
[    0.451087] AMD-Vi: Virtual APIC enabled
[    0.451109] PCI-DMA: Using software bounce buffering for IO (SWIOTLB)
[    0.451112] software IO TLB: mapped [mem 0x000000009c930000-0x00000000a0930000] (64MB)
[    0.451147] LVT offset 0 assigned for vector 0x400
[    0.453255] perf: AMD IBS detected (0x00000bff)
[    0.453268] perf/amd_iommu: Detected AMD IOMMU #0 (2 banks, 4 counters/bank).
[    0.454078] Initialise system trusted keyrings
[    0.454091] Key type blacklist registered
[    0.454115] workingset: timestamp_bits=36 max_order=24 bucket_order=0
[    0.454128] zbud: loaded
[    0.454331] squashfs: version 4.0 (2009/01/31) Phillip Lougher
[    0.454400] fuse: init (API version 7.39)
[    0.454503] integrity: Platform Keyring initialized
[    0.454507] integrity: Machine keyring initialized
[    0.461631] Key type asymmetric registered
[    0.461634] Asymmetric key parser 'x509' registered
[    0.461646] Block layer SCSI generic (bsg) driver version 0.4 loaded (major 243)
[    0.461680] io scheduler mq-deadline registered
[    0.462944] pcieport 0000:00:01.1: PME: Signaling with IRQ 30
[    0.463068] pcieport 0000:00:01.2: PME: Signaling with IRQ 31
[    0.463187] pcieport 0000:00:02.1: PME: Signaling with IRQ 32
[    0.463305] pcieport 0000:00:02.2: PME: Signaling with IRQ 33
[    0.463421] pcieport 0000:00:08.1: PME: Signaling with IRQ 34
[    0.463525] pcieport 0000:00:08.3: PME: Signaling with IRQ 35
[    0.464855] shpchp: Standard Hot Plug PCI Controller Driver version: 0.4
[    0.464988] input: Power Button as /devices/LNXSYSTM:00/LNXSYBUS:00/PNP0C0C:00/input/input0
[    0.465008] ACPI: button: Power Button [PWRB]
[    0.465038] input: Power Button as /devices/LNXSYSTM:00/LNXPWRBN:00/input/input1
[    0.465081] ACPI: button: Power Button [PWRF]
[    0.465145] Estimated ratio of average max frequency by base frequency (times 1024): 1214
[    0.465159] Monitor-Mwait will be used to enter C-1 state
[    0.465166] ACPI: \_SB_.PLTF.C000: Found 3 idle states
[    0.465287] ACPI: \_SB_.PLTF.C002: Found 3 idle states
[    0.465397] ACPI: \_SB_.PLTF.C004: Found 3 idle states
[    0.465511] ACPI: \_SB_.PLTF.C006: Found 3 idle states
[    0.465615] ACPI: \_SB_.PLTF.C008: Found 3 idle states
[    0.465723] ACPI: \_SB_.PLTF.C00A: Found 3 idle states
[    0.465831] ACPI: \_SB_.PLTF.C00C: Found 3 idle states
[    0.465949] ACPI: \_SB_.PLTF.C00E: Found 3 idle states
[    0.466062] ACPI: \_SB_.PLTF.C010: Found 3 idle states
[    0.466174] ACPI: \_SB_.PLTF.C012: Found 3 idle states
[    0.466283] ACPI: \_SB_.PLTF.C014: Found 3 idle states
[    0.466397] ACPI: \_SB_.PLTF.C016: Found 3 idle states
[    0.466507] ACPI: \_SB_.PLTF.C018: Found 3 idle states
[    0.466616] ACPI: \_SB_.PLTF.C01A: Found 3 idle states
[    0.466725] ACPI: \_SB_.PLTF.C01C: Found 3 idle states
[    0.466831] ACPI: \_SB_.PLTF.C01E: Found 3 idle states
[    0.466915] ACPI: \_SB_.PLTF.C001: Found 3 idle states
[    0.466996] ACPI: \_SB_.PLTF.C003: Found 3 idle states
[    0.467095] ACPI: \_SB_.PLTF.C005: Found 3 idle states
[    0.467193] ACPI: \_SB_.PLTF.C007: Found 3 idle states
[    0.467294] ACPI: \_SB_.PLTF.C009: Found 3 idle states
[    0.467395] ACPI: \_SB_.PLTF.C00B: Found 3 idle states
[    0.467493] ACPI: \_SB_.PLTF.C00D: Found 3 idle states
[    0.467596] ACPI: \_SB_.PLTF.C00F: Found 3 idle states
[    0.467704] ACPI: \_SB_.PLTF.C011: Found 3 idle states
[    0.467809] ACPI: \_SB_.PLTF.C013: Found 3 idle states
[    0.467916] ACPI: \_SB_.PLTF.C015: Found 3 idle states
[    0.468024] ACPI: \_SB_.PLTF.C017: Found 3 idle states
[    0.468132] ACPI: \_SB_.PLTF.C019: Found 3 idle states
[    0.468236] ACPI: \_SB_.PLTF.C01B: Found 3 idle states
[    0.468343] ACPI: \_SB_.PLTF.C01D: Found 3 idle states
[    0.468451] ACPI: \_SB_.PLTF.C01F: Found 3 idle states
[    0.468685] Serial: 8250/16550 driver, 32 ports, IRQ sharing enabled
[    0.470467] Linux agpgart interface v0.103
[    0.483162] tpm_crb MSFT0101:00: Disabling hwrng
[    0.486806] loop: module loaded
[    0.487005] ACPI: bus type drm_connector registered
[    0.487599] tun: Universal TUN/TAP device driver, 1.6
[    0.487629] PPP generic driver version 2.4.2
[    0.487746] i8042: PNP: No PS/2 controller found.
[    0.487781] mousedev: PS/2 mouse device common for all mice
[    0.487847] rtc_cmos 00:02: RTC can wake from S4
[    0.488026] rtc_cmos 00:02: registered as rtc0
[    0.488056] rtc_cmos 00:02: setting system clock to 2025-01-05T02:09:39 UTC (1736042979)
[    0.488080] rtc_cmos 00:02: alarms up to one month, y3k, 114 bytes nvram
[    0.488091] i2c_dev: i2c /dev entries driver
[    0.488111] device-mapper: core: CONFIG_IMA_DISABLE_HTABLE is disabled. Duplicate IMA measurements will not be recorded in the IMA log.
[    0.488120] device-mapper: uevent: version 1.0.3
[    0.488155] device-mapper: ioctl: 4.48.0-ioctl (2023-03-01) initialised: dm-devel@redhat.com
[    0.488173] platform eisa.0: Probing EISA bus 0
[    0.488178] platform eisa.0: EISA: Cannot allocate resource for mainboard
[    0.488182] platform eisa.0: Cannot allocate resource for EISA slot 1
[    0.488185] platform eisa.0: Cannot allocate resource for EISA slot 2
[    0.488188] platform eisa.0: Cannot allocate resource for EISA slot 3
[    0.488191] platform eisa.0: Cannot allocate resource for EISA slot 4
[    0.488194] platform eisa.0: Cannot allocate resource for EISA slot 5
[    0.488197] platform eisa.0: Cannot allocate resource for EISA slot 6
[    0.488200] platform eisa.0: Cannot allocate resource for EISA slot 7
[    0.488203] platform eisa.0: Cannot allocate resource for EISA slot 8
[    0.488206] platform eisa.0: EISA: Detected 0 cards
[    0.493021] ledtrig-cpu: registered to indicate activity on CPUs
[    0.493253] [drm] Initialized simpledrm 1.0.0 20200625 for simple-framebuffer.0 on minor 0
[    0.496966] Console: switching to colour frame buffer device 160x45
[    0.498958] simple-framebuffer simple-framebuffer.0: [drm] fb0: simpledrmdrmfb frame buffer device
[    0.500171] drop_monitor: Initializing network drop monitor service
[    0.500306] NET: Registered PF_INET6 protocol family
[    0.628145] Freeing initrd memory: 70456K
[    0.631863] Segment Routing with IPv6
[    0.631919] In-situ OAM (IOAM) with IPv6
[    0.631967] NET: Registered PF_PACKET protocol family
[    0.632039] Key type dns_resolver registered
[    0.633892] microcode: Current revision: 0x0a601206
[    0.634353] resctrl: L3 allocation detected
[    0.634370] resctrl: MB allocation detected
[    0.634381] resctrl: SMBA allocation detected
[    0.634393] resctrl: L3 monitoring detected
[    0.634437] IPI shorthand broadcast: enabled
[    0.636004] sched_clock: Marking stable (633514107, 1583194)->(685246621, -50149320)
[    0.636196] registered taskstats version 1
[    0.636775] Loading compiled-in X.509 certificates
[    0.637160] Loaded X.509 cert 'Build time autogenerated kernel key: cefeb8e58907ea95ba6c7ab02398616ea1c9c510'
[    0.637490] Loaded X.509 cert 'Canonical Ltd. Live Patch Signing: 14df34d1a87cf37625abec039ef2bf521249b969'
[    0.637805] Loaded X.509 cert 'Canonical Ltd. Kernel Module Signing: 88f752e560a1e0737e31163a466ad7b70a850c19'
[    0.638688] blacklist: Loading compiled-in revocation X.509 certificates
[    0.639306] Loaded X.509 cert 'Canonical Ltd. Secure Boot Signing: 61482aa2830d0ab2ad5af10b7250da9033ddcef0'
[    0.639903] Loaded X.509 cert 'Canonical Ltd. Secure Boot Signing (2017): 242ade75ac4a15e50d50c84b0d45ff3eae707a03'
[    0.640631] Loaded X.509 cert 'Canonical Ltd. Secure Boot Signing (ESM 2018): 365188c1d374d6b07c3c8f240f8ef722433d6a8b'
[    0.641608] Loaded X.509 cert 'Canonical Ltd. Secure Boot Signing (2019): c0746fd6c5da3ae827864651ad66ae47fe24b3e8'
[    0.642716] Loaded X.509 cert 'Canonical Ltd. Secure Boot Signing (2021 v1): a8d54bbb3825cfb94fa13c9f8a594a195c107b8d'
[    0.643317] Loaded X.509 cert 'Canonical Ltd. Secure Boot Signing (2021 v2): 4cf046892d6fd3c9a5b03f98d845f90851dc6a8c'
[    0.644094] Loaded X.509 cert 'Canonical Ltd. Secure Boot Signing (2021 v3): 100437bb6de6e469b581e61cd66bce3ef4ed53af'
[    0.644825] Loaded X.509 cert 'Canonical Ltd. Secure Boot Signing (Ubuntu Core 2019): c1d57b8f6b743f23ee41f4f7ee292f06eecadfb9'
[    0.649068] Key type .fscrypt registered
[    0.649555] Key type fscrypt-provisioning registered
[    0.650091] Key type trusted registered
[    0.659817] Key type encrypted registered
[    0.660300] AppArmor: AppArmor sha256 policy hashing enabled
[    0.660848] integrity: Loading X.509 certificate: UEFI:db
[    0.661597] integrity: Loaded X.509 cert 'Microsoft Corporation UEFI CA 2011: 13adbf4309bd82709c8cd54f316ed522988a1bd4'
[    0.662302] integrity: Loading X.509 certificate: UEFI:db
[    0.663064] integrity: Loaded X.509 cert 'Microsoft Windows Production PCA 2011: a92902398e16c49778cd90f99e4f9ae17c55af53'
[    0.663846] integrity: Loading X.509 certificate: UEFI:db
[    0.664692] integrity: Loaded X.509 cert 'Microsoft Corporation: Windows UEFI CA 2023: aefc5fbbbe055d8f8daa585473499417ab5a5272'
[    0.665555] integrity: Loading X.509 certificate: UEFI:db
[    0.666404] integrity: Loaded X.509 cert 'Microsoft UEFI CA 2023: 81aa6b3244c935bce0d6628af39827421e32497d'
[    0.667254] integrity: Loading X.509 certificate: UEFI:db
[    0.668107] integrity: Loaded X.509 cert 'MSI SHIP DB: ebc30d5be5f35f8041c1c2d9e613eee2'
[    0.669828] Loading compiled-in module X.509 certificates
[    0.670800] Loaded X.509 cert 'Build time autogenerated kernel key: cefeb8e58907ea95ba6c7ab02398616ea1c9c510'
[    0.671560] ima: Allocated hash algorithm: sha256
[    0.704739] ima: No architecture policies found
[    0.705334] evm: Initialising EVM extended attributes:
[    0.705923] evm: security.selinux
[    0.706512] evm: security.SMACK64
[    0.707103] evm: security.SMACK64EXEC
[    0.707682] evm: security.SMACK64TRANSMUTE
[    0.708255] evm: security.SMACK64MMAP
[    0.708821] evm: security.apparmor
[    0.709383] evm: security.ima
[    0.709948] evm: security.capability
[    0.710509] evm: HMAC attrs: 0x1
[    0.711664] PM:   Magic number: 9:169:156
[    0.712882] acpi device:23: hash matches
[    0.714160] acpi PNP0A08:00: hash matches
[    0.720305] RAS: Correctable Errors collector initialized.
[    0.721033] clk: Disabling unused clocks
[    0.722799] Freeing unused decrypted memory: 2028K
[    0.724677] Freeing unused kernel image (initmem) memory: 4972K
[    0.725194] Write protecting the kernel read-only data: 36864k
[    0.725929] Freeing unused kernel image (rodata/data gap) memory: 428K
[    0.758656] x86/mm: Checked W+X mappings: passed, no W+X pages found.
[    0.759178] Run /init as init process
[    0.760602]   with arguments:
[    0.760604]     /init
[    0.760606]   with environment:
[    0.760607]     HOME=/
[    0.760608]     TERM=linux
[    0.760609]     BOOT_IMAGE=/boot/vmlinuz-6.8.0-50-generic
[    0.821871] ACPI: video: Video Device [VGA] (multi-head: yes  rom: no  post: no)
[    0.823260] input: Video Bus as /devices/LNXSYSTM:00/LNXSYBUS:00/PNP0A08:00/device:20/LNXVIDEO:00/input/input2
[    0.829613] piix4_smbus 0000:00:14.0: SMBus Host Controller at 0xb00, revision 0
[    0.829702] ahci 0000:0a:00.0: version 3.0
[    0.829797] xhci_hcd 0000:0e:00.0: xHCI Host Controller
[    0.829802] xhci_hcd 0000:0e:00.0: new USB bus registered, assigned bus number 1
[    0.830141] piix4_smbus 0000:00:14.0: Using register 0x02 for SMBus port selection
[    0.831223] ahci 0000:0a:00.0: SSS flag set, parallel bus scan disabled
[    0.831655] piix4_smbus 0000:00:14.0: Auxiliary SMBus Host Controller at 0xb20
[    0.832464] ahci 0000:0a:00.0: AHCI 0001.0200 32 slots 2 ports 6 Gbps 0x3 impl SATA mode
[    0.834533] ahci 0000:0a:00.0: flags: 64bit ncq sntf stag led clo pmp pio slum part ccc 
[    0.835521] r8169 0000:0c:00.0: enabling device (0000 -> 0003)
[    0.835788] scsi host0: ahci
[    0.837503] scsi host1: ahci
[    0.839663] ata1: SATA max UDMA/133 abar m512@0xf6600000 port 0xf6600100 irq 48 lpm-pol 0
[    0.840800] ata2: SATA max UDMA/133 abar m512@0xf6600000 port 0xf6600180 irq 48 lpm-pol 0
[    0.842111] ahci 0000:0f:00.0: SSS flag set, parallel bus scan disabled
[    0.842177] nvme 0000:02:00.0: platform quirk: setting simple suspend
[    0.842249] nvme 0000:05:00.0: platform quirk: setting simple suspend
[    0.842371] nvme nvme0: pci function 0000:10:00.0
[    0.842547] nvme nvme1: pci function 0000:05:00.0
[    0.842895] r8169 0000:0c:00.0 eth0: RTL8125B, d8:43:ae:91:18:49, XID 641, IRQ 49
[    0.842900] r8169 0000:0c:00.0 eth0: jumbo features [frames: 9194 bytes, tx checksumming: ko]
[    0.843100] ahci 0000:0f:00.0: AHCI 0001.0301 32 slots 6 ports 6 Gbps 0xf impl SATA mode
[    0.845004] nvme nvme2: pci function 0000:02:00.0
[    0.845924] ahci 0000:0f:00.0: flags: 64bit ncq sntf stag pm led clo only pmp pio slum part sxs deso sadm sds apst 
[    0.850978] scsi host2: ahci
[    0.851917] scsi host3: ahci
[    0.852982] scsi host4: ahci
[    0.854175] scsi host5: ahci
[    0.854887] scsi host6: ahci
[    0.855711] scsi host7: ahci
[    0.856555] ata3: SATA max UDMA/133 abar m1024@0xf6280000 port 0xf6280100 irq 50 lpm-pol 0
[    0.857316] ata4: SATA max UDMA/133 abar m1024@0xf6280000 port 0xf6280180 irq 50 lpm-pol 0
[    0.857996] ata5: SATA max UDMA/133 abar m1024@0xf6280000 port 0xf6280200 irq 50 lpm-pol 0
[    0.858672] ata6: SATA max UDMA/133 abar m1024@0xf6280000 port 0xf6280280 irq 50 lpm-pol 0
[    0.859338] ata7: DUMMY
[    0.860102] ata8: DUMMY
[    0.860134] nvme nvme1: 32/0/0 default/read/poll queues
[    0.865707]  nvme1n1: p1 p2
[    0.867256] nvme nvme2: 32/0/0 default/read/poll queues
[    0.871965]  nvme2n1: p1 p2 p3
[    0.885815] xhci_hcd 0000:0e:00.0: hcc params 0x0200ef81 hci version 0x110 quirks 0x0000000000000010
[    0.887212] xhci_hcd 0000:0e:00.0: xHCI Host Controller
[    0.888796] xhci_hcd 0000:0e:00.0: new USB bus registered, assigned bus number 2
[    0.890042] xhci_hcd 0000:0e:00.0: Host supports USB 3.2 Enhanced SuperSpeed
[    0.891406] usb usb1: New USB device found, idVendor=1d6b, idProduct=0002, bcdDevice= 6.08
[    0.892278] usb usb1: New USB device strings: Mfr=3, Product=2, SerialNumber=1
[    0.893493] usb usb1: Product: xHCI Host Controller
[    0.894607] usb usb1: Manufacturer: Linux 6.8.0-50-generic xhci-hcd
[    0.895703] usb usb1: SerialNumber: 0000:0e:00.0
[    0.896729] hub 1-0:1.0: USB hub found
[    0.897878] hub 1-0:1.0: 12 ports detected
[    0.899867] usb usb2: We don't know the algorithms for LPM for this host, disabling LPM.
[    0.901043] usb usb2: New USB device found, idVendor=1d6b, idProduct=0003, bcdDevice= 6.08
[    0.901613] usb usb2: New USB device strings: Mfr=3, Product=2, SerialNumber=1
[    0.902120] usb usb2: Product: xHCI Host Controller
[    0.902779] usb usb2: Manufacturer: Linux 6.8.0-50-generic xhci-hcd
[    0.903410] usb usb2: SerialNumber: 0000:0e:00.0
[    0.904142] hub 2-0:1.0: USB hub found
[    0.904726] hub 2-0:1.0: 5 ports detected
[    0.905759] xhci_hcd 0000:11:00.3: xHCI Host Controller
[    0.906404] xhci_hcd 0000:11:00.3: new USB bus registered, assigned bus number 3
[    0.907337] xhci_hcd 0000:11:00.3: hcc params 0x0120ffc5 hci version 0x120 quirks 0x0000000200000010
[    0.908533] xhci_hcd 0000:11:00.3: xHCI Host Controller
[    0.909088] xhci_hcd 0000:11:00.3: new USB bus registered, assigned bus number 4
[    0.909695] xhci_hcd 0000:11:00.3: Host supports USB 3.1 Enhanced SuperSpeed
[    0.910448] usb usb3: New USB device found, idVendor=1d6b, idProduct=0002, bcdDevice= 6.08
[    0.911013] usb usb3: New USB device strings: Mfr=3, Product=2, SerialNumber=1
[    0.911562] usb usb3: Product: xHCI Host Controller
[    0.912239] usb usb3: Manufacturer: Linux 6.8.0-50-generic xhci-hcd
[    0.912782] usb usb3: SerialNumber: 0000:11:00.3
[    0.913426] hub 3-0:1.0: USB hub found
[    0.914092] hub 3-0:1.0: 2 ports detected
[    0.916347] usb usb4: We don't know the algorithms for LPM for this host, disabling LPM.
[    0.917723] usb usb4: New USB device found, idVendor=1d6b, idProduct=0003, bcdDevice= 6.08
[    0.918183] usb usb4: New USB device strings: Mfr=3, Product=2, SerialNumber=1
[    0.918632] usb usb4: Product: xHCI Host Controller
[    0.919082] usb usb4: Manufacturer: Linux 6.8.0-50-generic xhci-hcd
[    0.919545] usb usb4: SerialNumber: 0000:11:00.3
[    0.920451] hub 4-0:1.0: USB hub found
[    0.920603] nvme nvme0: 32/0/0 default/read/poll queues
[    0.921132] hub 4-0:1.0: 2 ports detected
[    0.926059] xhci_hcd 0000:11:00.4: xHCI Host Controller
[    0.927047] xhci_hcd 0000:11:00.4: new USB bus registered, assigned bus number 5
[    0.928235] xhci_hcd 0000:11:00.4: hcc params 0x0120ffc5 hci version 0x120 quirks 0x0000000200000010
[    0.929639] xhci_hcd 0000:11:00.4: xHCI Host Controller
[    0.930597] xhci_hcd 0000:11:00.4: new USB bus registered, assigned bus number 6
[    0.931572] xhci_hcd 0000:11:00.4: Host supports USB 3.1 Enhanced SuperSpeed
[    0.932514] nvme nvme0: Ignoring bogus Namespace Identifiers
[    0.932540] usb usb5: New USB device found, idVendor=1d6b, idProduct=0002, bcdDevice= 6.08
[    0.935761] usb usb5: New USB device strings: Mfr=3, Product=2, SerialNumber=1
[    0.936749] usb usb5: Product: xHCI Host Controller
[    0.937617]  nvme0n1: p1 p2
[    0.937704] usb usb5: Manufacturer: Linux 6.8.0-50-generic xhci-hcd
[    0.937706] usb usb5: SerialNumber: 0000:11:00.4
[    0.937809] hub 5-0:1.0: USB hub found
[    0.942732] hub 5-0:1.0: 2 ports detected
[    0.945229] usb usb6: We don't know the algorithms for LPM for this host, disabling LPM.
[    0.946383] usb usb6: New USB device found, idVendor=1d6b, idProduct=0003, bcdDevice= 6.08
[    0.947131] usb usb6: New USB device strings: Mfr=3, Product=2, SerialNumber=1
[    0.948055] usb usb6: Product: xHCI Host Controller
[    0.948719] usb usb6: Manufacturer: Linux 6.8.0-50-generic xhci-hcd
[    0.949549] usb usb6: SerialNumber: 0000:11:00.4
[    0.950428] hub 6-0:1.0: USB hub found
[    0.951187] hub 6-0:1.0: 2 ports detected
[    0.954109] xhci_hcd 0000:12:00.0: xHCI Host Controller
[    0.955529] xhci_hcd 0000:12:00.0: new USB bus registered, assigned bus number 7
[    0.958177] xhci_hcd 0000:12:00.0: USB3 root hub has no ports
[    0.958659] xhci_hcd 0000:12:00.0: hcc params 0x0110ffc5 hci version 0x120 quirks 0x0000000200000010
[    0.959610] xhci_hcd 0000:12:00.0: xHCI Host Controller
[    0.960089] xhci_hcd 0000:12:00.0: new USB bus registered, assigned bus number 8
[    0.960561] xhci_hcd 0000:12:00.0: Host supports USB 3.0 SuperSpeed
[    0.961265] usb usb7: New USB device found, idVendor=1d6b, idProduct=0002, bcdDevice= 6.08
[    0.962011] usb usb7: New USB device strings: Mfr=3, Product=2, SerialNumber=1
[    0.962584] usb usb7: Product: xHCI Host Controller
[    0.963198] usb usb7: Manufacturer: Linux 6.8.0-50-generic xhci-hcd
[    0.963830] usb usb7: SerialNumber: 0000:12:00.0
[    0.964652] hub 7-0:1.0: USB hub found
[    0.965396] hub 7-0:1.0: 1 port detected
[    0.967034] usb usb8: We don't know the algorithms for LPM for this host, disabling LPM.
[    0.967648] usb usb8: New USB device found, idVendor=1d6b, idProduct=0003, bcdDevice= 6.08
[    0.968252] usb usb8: New USB device strings: Mfr=3, Product=2, SerialNumber=1
[    0.968857] usb usb8: Product: xHCI Host Controller
[    0.969571] usb usb8: Manufacturer: Linux 6.8.0-50-generic xhci-hcd
[    0.970292] usb usb8: SerialNumber: 0000:12:00.0
[    0.971025] hub 8-0:1.0: USB hub found
[    0.971651] hub 8-0:1.0: config failed, hub doesn't have any ports! (err -19)
[    1.153801] ata1: SATA link down (SStatus 0 SControl 300)
[    1.154603] usb 3-2: new high-speed USB device number 2 using xhci_hcd
[    1.167496] ata3: SATA link down (SStatus 0 SControl 300)
[    1.200596] usb 1-2: new full-speed USB device number 2 using xhci_hcd
[    1.320303] usb 3-2: New USB device found, idVendor=0c45, idProduct=6367, bcdDevice= 1.00
[    1.321048] usb 3-2: New USB device strings: Mfr=2, Product=1, SerialNumber=3
[    1.321049] usb 3-2: Product: HCAM01N
[    1.321050] usb 3-2: Manufacturer: Sonix Technology Co., Ltd.
[    1.322640] usb 3-2: SerialNumber: SN0001
[    1.462003] ata2: SATA link down (SStatus 0 SControl 300)
[    1.472607] tsc: Refined TSC clocksource calibration: 4199.996 MHz
[    1.473379] clocksource: tsc: mask: 0xffffffffffffffff max_cycles: 0x3c8a5dbeece, max_idle_ns: 440795356272 ns
[    1.473990] clocksource: Switched to clocksource tsc
[    1.572676] usb 1-2: New USB device found, idVendor=045e, idProduct=0b12, bcdDevice= 5.09
[    1.573843] usb 1-2: New USB device strings: Mfr=1, Product=2, SerialNumber=3
[    1.574513] usb 1-2: Product: Controller
[    1.575099] usb 1-2: Manufacturer: Microsoft
[    1.575641] usb 1-2: SerialNumber: 3039373130343736303037333037
[    1.589140] usb 2-5: new SuperSpeed USB device number 2 using xhci_hcd
[    1.605138] usb 2-5: New USB device found, idVendor=174c, idProduct=3074, bcdDevice= 0.01
[    1.605679] usb 2-5: New USB device strings: Mfr=2, Product=3, SerialNumber=0
[    1.606185] usb 2-5: Product: ASM107x
[    1.606685] usb 2-5: Manufacturer: Asmedia
[    1.614921] hub 2-5:1.0: USB hub found
[    1.616028] hub 2-5:1.0: 4 ports detected
[    1.773992] ata4: SATA link down (SStatus 0 SControl 300)
[    1.778601] usb 1-4: new full-speed USB device number 3 using xhci_hcd
[    2.085980] ata5: SATA link down (SStatus 0 SControl 300)
[    2.147663] usb 1-4: New USB device found, idVendor=3151, idProduct=4015, bcdDevice= 1.04
[    2.148477] usb 1-4: New USB device strings: Mfr=1, Product=2, SerialNumber=0
[    2.149050] usb 1-4: Product: MonsGeek Keyboard
[    2.149579] usb 1-4: Manufacturer: ROYUAN
[    2.343598] usb 1-5: new high-speed USB device number 4 using xhci_hcd
[    2.397978] ata6: SATA link down (SStatus 0 SControl 300)
[    2.415608] r8169 0000:0c:00.0 enp12s0: renamed from eth0
[    2.598889] usb 1-5: New USB device found, idVendor=174c, idProduct=2074, bcdDevice= 0.01
[    2.599933] usb 1-5: New USB device strings: Mfr=2, Product=3, SerialNumber=0
[    2.600580] usb 1-5: Product: ASM107x
[    2.601119] usb 1-5: Manufacturer: Asmedia
[    2.612929] hub 1-5:1.0: USB hub found
[    2.618879] hub 1-5:1.0: 4 ports detected
[    2.828598] usb 1-6: new high-speed USB device number 5 using xhci_hcd
[    4.720899] usb 1-6: New USB device found, idVendor=0db0, idProduct=422d, bcdDevice= 0.01
[    4.721505] usb 1-6: New USB device strings: Mfr=3, Product=1, SerialNumber=0
[    4.721982] usb 1-6: Product: USB Audio
[    4.722439] usb 1-6: Manufacturer: Generic
[    4.954599] usb 1-7: new high-speed USB device number 6 using xhci_hcd
[    5.176894] usb 1-7: New USB device found, idVendor=0e8d, idProduct=0616, bcdDevice= 1.00
[    5.177490] usb 1-7: New USB device strings: Mfr=5, Product=6, SerialNumber=7
[    5.177950] usb 1-7: Product: Wireless_Device
[    5.178399] usb 1-7: Manufacturer: MediaTek Inc.
[    5.178843] usb 1-7: SerialNumber: 000000000
[    5.402598] usb 1-10: new full-speed USB device number 7 using xhci_hcd
[    5.690408] usb 1-10: New USB device found, idVendor=1462, idProduct=7d75, bcdDevice= 0.01
[    5.691216] usb 1-10: New USB device strings: Mfr=1, Product=2, SerialNumber=3
[    5.691675] usb 1-10: Product: MYSTIC LIGHT 
[    5.692111] usb 1-10: Manufacturer: MSI
[    5.692543] usb 1-10: SerialNumber: 7D7522120106
[    5.886599] usb 1-12: new high-speed USB device number 8 using xhci_hcd
[    6.099890] usb 1-12: New USB device found, idVendor=05e3, idProduct=0608, bcdDevice=60.70
[    6.100476] usb 1-12: New USB device strings: Mfr=0, Product=1, SerialNumber=0
[    6.100913] usb 1-12: Product: USB2.0 Hub
[    6.114951] hub 1-12:1.0: USB hub found
[    6.118890] hub 1-12:1.0: 4 ports detected
[    6.143832] hid: raw HID events driver (C) Jiri Kosina
[    6.176440] usbcore: registered new interface driver usbhid
[    6.177051] usbhid: USB HID core driver
[    6.178922] input: ROYUAN MonsGeek Keyboard as /devices/pci0000:00/0000:00:02.1/0000:03:00.0/0000:04:0c.0/0000:0e:00.0/usb1/1-4/1-4:1.0/0003:3151:4015.0001/input/input3
[    6.232693] hid-generic 0003:3151:4015.0001: input,hidraw0: USB HID v1.11 Keyboard [ROYUAN MonsGeek Keyboard] on usb-0000:0e:00.0-4/input0
[    6.233735] input: ROYUAN MonsGeek Keyboard Consumer Control as /devices/pci0000:00/0000:00:02.1/0000:03:00.0/0000:04:0c.0/0000:0e:00.0/usb1/1-4/1-4:1.1/0003:3151:4015.0002/input/input4
[    6.286680] input: ROYUAN MonsGeek Keyboard System Control as /devices/pci0000:00/0000:00:02.1/0000:03:00.0/0000:04:0c.0/0000:0e:00.0/usb1/1-4/1-4:1.1/0003:3151:4015.0002/input/input5
[    6.288350] input: ROYUAN MonsGeek Keyboard as /devices/pci0000:00/0000:00:02.1/0000:03:00.0/0000:04:0c.0/0000:0e:00.0/usb1/1-4/1-4:1.1/0003:3151:4015.0002/input/input6
[    6.290395] input: ROYUAN MonsGeek Keyboard Mouse as /devices/pci0000:00/0000:00:02.1/0000:03:00.0/0000:04:0c.0/0000:0e:00.0/usb1/1-4/1-4:1.1/0003:3151:4015.0002/input/input7
[    6.292342] input: ROYUAN MonsGeek Keyboard as /devices/pci0000:00/0000:00:02.1/0000:03:00.0/0000:04:0c.0/0000:0e:00.0/usb1/1-4/1-4:1.1/0003:3151:4015.0002/input/input8
[    6.294438] hid-generic 0003:3151:4015.0002: input,hiddev0,hidraw1: USB HID v1.11 Keyboard [ROYUAN MonsGeek Keyboard] on usb-0000:0e:00.0-4/input1
[    6.295608] hid-generic 0003:3151:4015.0003: hiddev1,hidraw2: USB HID v1.11 Device [ROYUAN MonsGeek Keyboard] on usb-0000:0e:00.0-4/input2
[    6.296766] hid-generic 0003:0DB0:422D.0004: hiddev2,hidraw3: USB HID v1.11 Device [Generic USB Audio] on usb-0000:0e:00.0-6/input7
[    6.297957] input: MSI MYSTIC LIGHT  as /devices/pci0000:00/0000:00:02.1/0000:03:00.0/0000:04:0c.0/0000:0e:00.0/usb1/1-10/1-10:1.0/0003:1462:7D75.0005/input/input9
[    6.300223] hid-generic 0003:1462:7D75.0005: input,hiddev3,hidraw4: USB HID v1.10 Device [MSI MYSTIC LIGHT ] on usb-0000:0e:00.0-10/input0
[    6.356550] EXT4-fs (nvme0n1p1): mounted filesystem b5e84f74-7532-4797-9ff4-9a3261f84236 ro with ordered data mode. Quota mode: none.
[    6.433108] systemd[1]: RTC configured in localtime, applying delta of 540 minutes to system time.
[    6.441132] systemd[1]: Inserted module 'autofs4'
[    6.447604] usb 1-12.2: new full-speed USB device number 9 using xhci_hcd
[    6.456529] systemd[1]: systemd 249.11-0ubuntu3.12 running in system mode (+PAM +AUDIT +SELINUX +APPARMOR +IMA +SMACK +SECCOMP +GCRYPT +GNUTLS +OPENSSL +ACL +BLKID +CURL +ELFUTILS +FIDO2 +IDN2 -IDN +IPTC +KMOD +LIBCRYPTSETUP +LIBFDISK +PCRE2 -PWQUALITY -P11KIT -QRENCODE +BZIP2 +LZ4 +XZ +ZLIB +ZSTD -XKBCOMMON +UTMP +SYSVINIT default-hierarchy=unified)
[    6.459774] systemd[1]: Detected architecture x86-64.
[    6.465849] systemd[1]: Hostname set to <layfort-MS-7D75>.
[    6.498295] block nvme0n1: the capability attribute has been deprecated.
[    6.521859] systemd[1]: Configuration file /run/systemd/system/netplan-ovs-cleanup.service is marked world-inaccessible. This has no effect as configuration data is accessible via APIs without restrictions. Proceeding anyway.
[    6.553320] systemd[1]: /lib/systemd/system/snapd.service:23: Unknown key name 'RestartMode' in section 'Service', ignoring.
[    6.578448] systemd[1]: Queued start job for default target Graphical Interface.
[    6.596884] systemd[1]: Created slice Slice /system/modprobe.
[    6.599617] systemd[1]: Created slice Slice /system/postgresql.
[    6.602410] systemd[1]: Created slice Slice /system/systemd-fsck.
[    6.604984] systemd[1]: Created slice User and Session Slice.
[    6.607382] systemd[1]: Started Forward Password Requests to Wall Directory Watch.
[    6.609886] systemd[1]: Set up automount Arbitrary Executable File Formats File System Automount Point.
[    6.612224] systemd[1]: Reached target User and Group Name Lookups.
[    6.614321] systemd[1]: Reached target Remote File Systems.
[    6.616514] systemd[1]: Reached target Slice Units.
[    6.618615] systemd[1]: Reached target Mounting snaps.
[    6.620547] systemd[1]: Reached target Local Verity Protected Volumes.
[    6.622769] systemd[1]: Listening on Syslog Socket.
[    6.624902] systemd[1]: Listening on fsck to fsckd communication Socket.
[    6.626815] systemd[1]: Listening on initctl Compatibility Named Pipe.
[    6.629057] systemd[1]: Listening on Journal Audit Socket.
[    6.631139] systemd[1]: Listening on Journal Socket (/dev/log).
[    6.633099] systemd[1]: Listening on Journal Socket.
[    6.635138] systemd[1]: Listening on udev Control Socket.
[    6.637116] systemd[1]: Listening on udev Kernel Socket.
[    6.654653] systemd[1]: Mounting Huge Pages File System...
[    6.658170] systemd[1]: Mounting POSIX Message Queue File System...
[    6.661184] systemd[1]: Mounting Kernel Debug File System...
[    6.663416] systemd[1]: Mounting Kernel Trace File System...
[    6.666373] systemd[1]: Starting Journal Service...
[    6.668932] systemd[1]: Starting Set the console keyboard layout...
[    6.671291] systemd[1]: Starting Create List of Static Device Nodes...
[    6.673695] systemd[1]: Starting Load Kernel Module configfs...
[    6.676058] systemd[1]: Starting Load Kernel Module drm...
[    6.678431] systemd[1]: Starting Load Kernel Module efi_pstore...
[    6.680612] systemd[1]: Starting Load Kernel Module fuse...
[    6.681521] pstore: Using crash dump compression: deflate
[    6.682866] systemd[1]: Condition check resulted in File System Check on Root Device being skipped.
[    6.682880] pstore: Registered efi_pstore as persistent store backend
[    6.684539] systemd[1]: Starting Load Kernel Modules...
[    6.687031] systemd[1]: Starting Remount Root and Kernel File Systems...
[    6.689182] systemd[1]: Starting Coldplug All udev Devices...
[    6.691561] systemd[1]: Mounted Huge Pages File System.
[    6.692961] lp: driver loaded but no devices found
[    6.694019] systemd[1]: Mounted POSIX Message Queue File System.
[    6.695944] ppdev: user-space parallel port driver
[    6.698658] systemd[1]: Mounted Kernel Debug File System.
[    6.700985] systemd[1]: Mounted Kernel Trace File System.
[    6.701728] EXT4-fs (nvme0n1p1): re-mounted b5e84f74-7532-4797-9ff4-9a3261f84236 r/w. Quota mode: none.
[    6.704963] systemd[1]: Finished Set the console keyboard layout.
[    6.706477] systemd[1]: Finished Create List of Static Device Nodes.
[    6.708783] systemd[1]: modprobe@configfs.service: Deactivated successfully.
[    6.709945] systemd[1]: Finished Load Kernel Module configfs.
[    6.711755] systemd[1]: modprobe@drm.service: Deactivated successfully.
[    6.712852] systemd[1]: Finished Load Kernel Module drm.
[    6.714823] systemd[1]: modprobe@efi_pstore.service: Deactivated successfully.
[    6.715943] systemd[1]: Finished Load Kernel Module efi_pstore.
[    6.717827] systemd[1]: Started Journal Service.
[    6.740304] Adding 2097148k swap on /swapfile.  Priority:-2 extents:16 across:1445068800k SS
[    6.747138] systemd-journald[528]: Received client request to flush runtime journal.
[    6.770713] loop0: detected capacity change from 0 to 8
[    6.771646] loop1: detected capacity change from 0 to 151296
[    6.773091] loop2: detected capacity change from 0 to 151288
[    6.774924] loop3: detected capacity change from 0 to 559056
[    6.776213] loop4: detected capacity change from 0 to 560488
[    6.777931] loop5: detected capacity change from 0 to 1034424
[    6.779362] loop6: detected capacity change from 0 to 187776
[    6.780652] loop7: detected capacity change from 0 to 26472
[    6.780897] usb 1-12.2: New USB device found, idVendor=3633, idProduct=0008, bcdDevice= 2.00
[    6.780902] usb 1-12.2: New USB device strings: Mfr=1, Product=2, SerialNumber=3
[    6.780904] usb 1-12.2: Product: AG-DIGITAL
[    6.780906] usb 1-12.2: Manufacturer: DeepCool
[    6.780908] usb 1-12.2: SerialNumber: 100877296484
[    6.782854] loop8: detected capacity change from 0 to 24984
[    6.785150] loop9: detected capacity change from 0 to 79520
[    6.786015] loop10: detected capacity change from 0 to 90720
[    6.787216] loop11: detected capacity change from 0 to 1128
[    6.789727] loop12: detected capacity change from 0 to 1136
[    6.832242] hid-generic 0003:3633:0008.0006: hiddev4,hidraw5: USB HID v1.10 Device [DeepCool AG-DIGITAL] on usb-0000:0e:00.0-12.2/input0
[    6.863698] ccp 0000:11:00.2: enabling device (0000 -> 0002)
[    6.865200] ccp 0000:11:00.2: tee enabled
[    6.865391] ccp 0000:11:00.2: psp enabled
[    6.893160] RAPL PMU: API unit is 2^-32 Joules, 1 fixed counters, 163840 ms ovfl timer
[    6.893163] RAPL PMU: hw unit of domain package 2^-16 Joules
[    6.893916] mc: Linux media interface: v0.10
[    6.895255] cryptd: max_cpu_qlen set to 1000
[    6.902706] AVX2 version of gcm_enc/dec engaged.
[    6.902768] AES CTR mode by8 optimization enabled
[    6.903116] videodev: Linux video capture interface: v2.00
[    6.912968] usb 3-2: Found UVC 1.00 device HCAM01N (0c45:6367)
[    6.914596] usb 1-12.3: new full-speed USB device number 10 using xhci_hcd
[    6.933345] usbcore: registered new interface driver uvcvideo
[    7.023610] nvidia: loading out-of-tree module taints kernel.
[    7.023615] nvidia: module license 'NVIDIA' taints kernel.
[    7.023616] Disabling lock debugging due to kernel taint
[    7.023618] nvidia: module license taints kernel.
[    7.220876] usb 1-12.3: New USB device found, idVendor=046d, idProduct=c53f, bcdDevice=44.01
[    7.220880] usb 1-12.3: New USB device strings: Mfr=1, Product=2, SerialNumber=0
[    7.220881] usb 1-12.3: Product: USB Receiver
[    7.220883] usb 1-12.3: Manufacturer: Logitech
[    7.271024] input: Logitech USB Receiver as /devices/pci0000:00/0000:00:02.1/0000:03:00.0/0000:04:0c.0/0000:0e:00.0/usb1/1-12/1-12.3/1-12.3:1.0/0003:046D:C53F.0007/input/input10
[    7.323667] hid-generic 0003:046D:C53F.0007: input,hidraw6: USB HID v1.11 Keyboard [Logitech USB Receiver] on usb-0000:0e:00.0-12.3/input0
[    7.341015] input: Logitech USB Receiver Mouse as /devices/pci0000:00/0000:00:02.1/0000:03:00.0/0000:04:0c.0/0000:0e:00.0/usb1/1-12/1-12.3/1-12.3:1.1/0003:046D:C53F.0008/input/input11
[    7.341131] input: Logitech USB Receiver Consumer Control as /devices/pci0000:00/0000:00:02.1/0000:03:00.0/0000:04:0c.0/0000:0e:00.0/usb1/1-12/1-12.3/1-12.3:1.1/0003:046D:C53F.0008/input/input12
[    7.393653] input: Logitech USB Receiver System Control as /devices/pci0000:00/0000:00:02.1/0000:03:00.0/0000:04:0c.0/0000:0e:00.0/usb1/1-12/1-12.3/1-12.3:1.1/0003:046D:C53F.0008/input/input13
[    7.393739] hid-generic 0003:046D:C53F.0008: input,hiddev5,hidraw7: USB HID v1.11 Mouse [Logitech USB Receiver] on usb-0000:0e:00.0-12.3/input1
[    7.409019] hid-generic 0003:046D:C53F.0009: hiddev6,hidraw8: USB HID v1.11 Device [Logitech USB Receiver] on usb-0000:0e:00.0-12.3/input2
[    8.110070] nvidia-nvlink: Nvlink Core is being initialized, major device number 510

[    8.111489] nvidia 0000:01:00.0: vgaarb: VGA decodes changed: olddecodes=io+mem,decodes=none:owns=none
[    8.112314] input: Microsoft Xbox Series S|X Controller as /devices/pci0000:00/0000:00:02.1/0000:03:00.0/0000:04:0c.0/0000:0e:00.0/usb1/1-2/1-2:1.0/input/input15
[    8.115060] [drm] amdgpu kernel modesetting enabled.
[    8.115075] amdgpu: vga_switcheroo: detected switching method \_SB_.PCI0.GP17.VGA_.ATPX handle
[    8.115286] amdgpu: ATPX version 1, functions 0x00000000
[    8.115853] kvm_amd: TSC scaling supported
[    8.115856] kvm_amd: Nested Virtualization enabled
[    8.115857] kvm_amd: Nested Paging enabled
[    8.115859] kvm_amd: LBR virtualization supported
[    8.115871] usb 3-2: 3:1: cannot get freq at ep 0x84
[    8.115877] kvm_amd: Virtual VMLOAD VMSAVE supported
[    8.115883] kvm_amd: Virtual GIF supported
[    8.115884] kvm_amd: Virtual NMI enabled
[    8.116068] snd_hda_intel 0000:01:00.1: enabling device (0000 -> 0002)
[    8.116437] snd_hda_intel 0000:01:00.1: Disabling MSI
[    8.116445] snd_hda_intel 0000:01:00.1: Handle vga_switcheroo audio client
[    8.116625] snd_hda_intel 0000:11:00.1: enabling device (0000 -> 0002)
[    8.116993] snd_hda_intel 0000:11:00.1: Handle vga_switcheroo audio client
[    8.117184] snd_hda_intel 0000:11:00.6: enabling device (0000 -> 0002)
[    8.121615] snd_hda_intel 0000:11:00.6: no codecs found!
[    8.129304] amdgpu: Virtual CRAT table created for CPU
[    8.129322] amdgpu: Topology: Add CPU node
[    8.129414] amdgpu 0000:11:00.0: enabling device (0006 -> 0007)
[    8.129468] [drm] initializing kernel modesetting (IP DISCOVERY 0x1002:0x164E 0x1462:0x7D75 0xC9).
[    8.129481] [drm] register mmio base: 0xF6B00000
[    8.129482] [drm] register mmio size: 524288
[    8.130284] audit: type=1400 audit(1736010587.141:2): apparmor="STATUS" operation="profile_load" profile="unconfined" name="libreoffice-xpdfimport" pid=823 comm="apparmor_parser"
