[    0.000000] Linux version 6.11.0-17-generic (buildd@lcy02-amd64-038) (x86_64-linux-gnu-gcc-13 (Ubuntu 13.3.0-6ubuntu2~24.04) 13.3.0, GNU ld (GNU Binutils for Ubuntu) 2.42) #17~24.04.2-Ubuntu SMP PREEMPT_DYNAMIC Mon Jan 20 22:48:29 UTC 2 (Ubuntu 6.11.0-17.17~24.04.2-generic 6.11.11)
[    0.000000] Command line: BOOT_IMAGE=/boot/vmlinuz-6.11.0-17-generic root=UUID=e24df9f2-33ca-410e-8155-66d3ad7564c5 ro memmap=10G$22G isolcpus=7,8,9,10
[    0.000000] KERNEL supported cpus:
[    0.000000]   Intel GenuineIntel
[    0.000000]   AMD AuthenticAMD
[    0.000000]   Hygon HygonGenuine
[    0.000000]   Centaur CentaurHauls
[    0.000000]   zhaoxin   Shanghai  
[    0.000000] x86/split lock detection: #AC: crashing the kernel on kernel split_locks and warning on user-space split_locks
[    0.000000] BIOS-provided physical RAM map:
[    0.000000] BIOS-e820: [mem 0x0000000000000000-0x000000000009efff] usable
[    0.000000] BIOS-e820: [mem 0x000000000009f000-0x00000000000fffff] reserved
[    0.000000] BIOS-e820: [mem 0x0000000000100000-0x0000000041258fff] usable
[    0.000000] BIOS-e820: [mem 0x0000000041259000-0x0000000041b58fff] reserved
[    0.000000] BIOS-e820: [mem 0x0000000041b59000-0x000000004396efff] usable
[    0.000000] BIOS-e820: [mem 0x000000004396f000-0x0000000045a0efff] reserved
[    0.000000] BIOS-e820: [mem 0x0000000045a0f000-0x00000000489befff] ACPI NVS
[    0.000000] BIOS-e820: [mem 0x00000000489bf000-0x0000000048afefff] ACPI data
[    0.000000] BIOS-e820: [mem 0x0000000048aff000-0x0000000048afffff] usable
[    0.000000] BIOS-e820: [mem 0x0000000048b00000-0x000000004cffffff] reserved
[    0.000000] BIOS-e820: [mem 0x000000004d400000-0x000000004d7fffff] reserved
[    0.000000] BIOS-e820: [mem 0x000000004e000000-0x000000004fffffff] reserved
[    0.000000] BIOS-e820: [mem 0x00000000c0000000-0x00000000cfffffff] reserved
[    0.000000] BIOS-e820: [mem 0x00000000fed20000-0x00000000fed7ffff] reserved
[    0.000000] BIOS-e820: [mem 0x00000000ff000000-0x00000000ffffffff] reserved
[    0.000000] BIOS-e820: [mem 0x0000000100000000-0x00000008afffffff] usable
[    0.000000] NX (Execute Disable) protection: active
[    0.000000] APIC: Static calls initialized
[    0.000000] e820: update [mem 0x3c5bf018-0x3c5e3c57] usable ==> usable
[    0.000000] extended physical RAM map:
[    0.000000] reserve setup_data: [mem 0x0000000000000000-0x000000000009efff] usable
[    0.000000] reserve setup_data: [mem 0x000000000009f000-0x00000000000fffff] reserved
[    0.000000] reserve setup_data: [mem 0x0000000000100000-0x000000003c5bf017] usable
[    0.000000] reserve setup_data: [mem 0x000000003c5bf018-0x000000003c5e3c57] usable
[    0.000000] reserve setup_data: [mem 0x000000003c5e3c58-0x0000000041258fff] usable
[    0.000000] reserve setup_data: [mem 0x0000000041259000-0x0000000041b58fff] reserved
[    0.000000] reserve setup_data: [mem 0x0000000041b59000-0x000000004396efff] usable
[    0.000000] reserve setup_data: [mem 0x000000004396f000-0x0000000045a0efff] reserved
[    0.000000] reserve setup_data: [mem 0x0000000045a0f000-0x00000000489befff] ACPI NVS
[    0.000000] reserve setup_data: [mem 0x00000000489bf000-0x0000000048afefff] ACPI data
[    0.000000] reserve setup_data: [mem 0x0000000048aff000-0x0000000048afffff] usable
[    0.000000] reserve setup_data: [mem 0x0000000048b00000-0x000000004cffffff] reserved
[    0.000000] reserve setup_data: [mem 0x000000004d400000-0x000000004d7fffff] reserved
[    0.000000] reserve setup_data: [mem 0x000000004e000000-0x000000004fffffff] reserved
[    0.000000] reserve setup_data: [mem 0x00000000c0000000-0x00000000cfffffff] reserved
[    0.000000] reserve setup_data: [mem 0x00000000fed20000-0x00000000fed7ffff] reserved
[    0.000000] reserve setup_data: [mem 0x00000000ff000000-0x00000000ffffffff] reserved
[    0.000000] reserve setup_data: [mem 0x0000000100000000-0x000000057fffffff] usable
[    0.000000] reserve setup_data: [mem 0x0000000580000000-0x00000007ffffffff] reserved
[    0.000000] reserve setup_data: [mem 0x0000000800000000-0x00000008afffffff] usable
[    0.000000] user-defined physical RAM map:
[    0.000000] user: [mem 0x0000000000000000-0x000000000009efff] usable
[    0.000000] user: [mem 0x000000000009f000-0x00000000000fffff] reserved
[    0.000000] user: [mem 0x0000000000100000-0x000000003c5bf017] usable
[    0.000000] user: [mem 0x000000003c5bf018-0x000000003c5e3c57] usable
[    0.000000] user: [mem 0x000000003c5e3c58-0x0000000041258fff] usable
[    0.000000] user: [mem 0x0000000041259000-0x0000000041b58fff] reserved
[    0.000000] user: [mem 0x0000000041b59000-0x000000004396efff] usable
[    0.000000] user: [mem 0x000000004396f000-0x0000000045a0efff] reserved
[    0.000000] user: [mem 0x0000000045a0f000-0x00000000489befff] ACPI NVS
[    0.000000] user: [mem 0x00000000489bf000-0x0000000048afefff] ACPI data
[    0.000000] user: [mem 0x0000000048aff000-0x0000000048afffff] usable
[    0.000000] user: [mem 0x0000000048b00000-0x000000004cffffff] reserved
[    0.000000] user: [mem 0x000000004d400000-0x000000004d7fffff] reserved
[    0.000000] user: [mem 0x000000004e000000-0x000000004fffffff] reserved
[    0.000000] user: [mem 0x00000000c0000000-0x00000000cfffffff] reserved
[    0.000000] user: [mem 0x00000000fed20000-0x00000000fed7ffff] reserved
[    0.000000] user: [mem 0x00000000ff000000-0x00000000ffffffff] reserved
[    0.000000] user: [mem 0x0000000100000000-0x000000057fffffff] usable
[    0.000000] user: [mem 0x0000000580000000-0x00000007ffffffff] reserved
[    0.000000] user: [mem 0x0000000800000000-0x00000008afffffff] usable
[    0.000000] efi: EFI v2.8 by INSYDE Corp.
[    0.000000] efi: ACPI=0x48afe000 ACPI 2.0=0x48afe014 TPMFinalLog=0x488f6000 SMBIOS=0x43fe8000 MEMATTR=0x3c5f9018 ESRT=0x3c5fb218 MOKvar=0x43fe7000 INITRD=0x3c5fa598 RNG=0x489f8018 TPMEventLog=0x489f1018 
[    0.000000] random: crng init done
[    0.000000] efi: Remove mem90: MMIO range=[0xc0000000-0xcfffffff] (256MB) from e820 map
[    0.000000] e820: remove [mem 0xc0000000-0xcfffffff] reserved
[    0.000000] efi: Remove mem92: MMIO range=[0xff000000-0xffffffff] (16MB) from e820 map
[    0.000000] e820: remove [mem 0xff000000-0xffffffff] reserved
[    0.000000] SMBIOS 3.4 present.
[    0.000000] DMI: LENOVO 82YA/LNVNB161216, BIOS M2CN22WW 02/23/2023
[    0.000000] DMI: Memory slots populated: 2/2
[    0.000000] secureboot: Secure boot disabled
[    0.000000] tsc: Detected 2900.000 MHz processor
[    0.000000] tsc: Detected 2918.400 MHz TSC
[    0.000004] e820: update [mem 0x00000000-0x00000fff] usable ==> reserved
[    0.000006] e820: remove [mem 0x000a0000-0x000fffff] usable
[    0.000011] last_pfn = 0x8b0000 max_arch_pfn = 0x400000000
[    0.000014] MTRR map: 5 entries (3 fixed + 2 variable; max 23), built from 10 variable MTRRs
[    0.000015] x86/PAT: Configuration [0-7]: WB  WC  UC- UC  WB  WP  UC- WT  
[    0.000402] last_pfn = 0x48b00 max_arch_pfn = 0x400000000
[    0.004225] esrt: Reserving ESRT space from 0x000000003c5fb218 to 0x000000003c5fb430.
[    0.004229] e820: update [mem 0x3c5fb000-0x3c5fbfff] usable ==> reserved
[    0.004240] Using GB pages for direct mapping
[    0.004241] Incomplete global flushes, disabling PCID
[    0.004622] secureboot: Secure boot disabled
[    0.004622] RAMDISK: [mem 0x3447d000-0x383f3fff]
[    0.004820] ACPI: Early table checksum verification disabled
[    0.004822] ACPI: RSDP 0x0000000048AFE014 000024 (v02 LENOVO)
[    0.004826] ACPI: XSDT 0x0000000048AB6188 000144 (v01 LENOVO CB-01    00000001      01000013)
[    0.004830] ACPI: FACP 0x0000000048AB4000 00010C (v05 LENOVO CB-01    00000001 ACPI 00040000)
[    0.004833] ACPI: DSDT 0x0000000048A1A000 096D7E (v02 LENOVO CB-01    00000001 ACPI 00040000)
[    0.004835] ACPI: FACS 0x00000000488D2000 000040
[    0.004837] ACPI: UEFI 0x00000000489BE000 000236 (v01 INSYDE ADL-P-M  00000001 ACPI 00040000)
[    0.004839] ACPI: SSDT 0x0000000048AFC000 00038C (v02 LENOVO CB-01    00000001 INTL 20200717)
[    0.004840] ACPI: SSDT 0x0000000048AFB000 000106 (v02 LENOVO CB-01    00000001 INTL 20200717)
[    0.004842] ACPI: SSDT 0x0000000048AF4000 0067DF (v02 LENOVO CB-01    00000001 INTL 20200717)
[    0.004844] ACPI: SSDT 0x0000000048AE0000 013D3A (v02 LENOVO CB-01    00000001 INTL 20200717)
[    0.004845] ACPI: SSDT 0x0000000048ADA000 005D34 (v02 LENOVO CB-01    00000001 INTL 20200717)
[    0.004847] ACPI: SSDT 0x0000000048AD7000 0029B6 (v02 LENOVO CB-01    00000001 INTL 20200717)
[    0.004848] ACPI: SSDT 0x0000000048AD3000 0033E9 (v02 LENOVO CB-01    00000001 INTL 20200717)
[    0.004850] ACPI: SSDT 0x0000000048AC5000 00D4F9 (v02 INTEL  TcssSsdt 00001000 INTL 20200717)
[    0.004852] ACPI: SSDT 0x0000000048AC4000 000BEE (v02 LENOVO CB-01    00000001 INTL 20200717)
[    0.004853] ACPI: SSDT 0x0000000048AC3000 000033 (v02 LENOVO CB-01    00000001 INTL 20200717)
[    0.004855] ACPI: SSDT 0x0000000048AC1000 001204 (v02 LENOVO CB-01    00000001 INTL 20200717)
[    0.004857] ACPI: SSDT 0x0000000048AC0000 00077B (v02 LENOVO CB-01    00000001 INTL 20200717)
[    0.004858] ACPI: TPM2 0x0000000048ABF000 00004C (v04 LENOVO CB-01    00000001 ACPI 00040000)
[    0.004860] ACPI: LPIT 0x0000000048ABD000 0000CC (v01 LENOVO CB-01    00000001 ACPI 00040000)
[    0.004861] ACPI: WSMT 0x0000000048ABC000 000028 (v01 LENOVO CB-01    00000001 ACPI 00040000)
[    0.004863] ACPI: SSDT 0x0000000048ABB000 000AD9 (v02 LENOVO CB-01    00000001 INTL 20200717)
[    0.004865] ACPI: SSDT 0x0000000048AB8000 002357 (v02 LENOVO CB-01    00000001 INTL 20200717)
[    0.004866] ACPI: DBGP 0x0000000048AB7000 000034 (v01 LENOVO CB-01    00000001 ACPI 00040000)
[    0.004868] ACPI: DBG2 0x0000000048AFD000 000054 (v00 LENOVO CB-01    00000001 ACPI 00040000)
[    0.004869] ACPI: NHLT 0x0000000048AB5000 0002F1 (v00 LENOVO CB-01    00000001 ACPI 00040000)
[    0.004871] ACPI: HPET 0x0000000048AB3000 000038 (v01 LENOVO CB-01    00000001 ACPI 00040000)
[    0.004873] ACPI: APIC 0x0000000048AB2000 0001DC (v03 LENOVO CB-01    00000001 ACPI 00040000)
[    0.004874] ACPI: MCFG 0x0000000048AB1000 00003C (v01 LENOVO CB-01    00000001 ACPI 00040000)
[    0.004876] ACPI: SSDT 0x0000000048A14000 005C76 (v02 LENOVO CB-01    00000001      01000013)
[    0.004878] ACPI: SSDT 0x0000000048A12000 001D0E (v02 LENOVO CB-01    00000001      01000013)
[    0.004879] ACPI: DMAR 0x0000000048A11000 000050 (v02 LENOVO CB-01    00000001 ACPI 00040000)
[    0.004881] ACPI: SSDT 0x0000000048A06000 00A3C2 (v01 LENOVO CB-01    00000001 INTL 20200717)
[    0.004883] ACPI: SSDT 0x0000000048A05000 000C62 (v02 LENOVO CB-01    00000001 INTL 20200717)
[    0.004884] ACPI: SSDT 0x0000000048A01000 003AEA (v02 LENOVO CB-01    00000001 INTL 20200717)
[    0.004886] ACPI: SSDT 0x00000000489FD000 0039DA (v02 LENOVO CB-01    00000001 INTL 20200717)
[    0.004887] ACPI: SSDT 0x00000000489FC000 0000F8 (v01 LENOVO CB-01    00000001 INTL 20200717)
[    0.004889] ACPI: FPDT 0x00000000489FB000 000044 (v01 LENOVO CB-01    00000001 ACPI 00040000)
[    0.004891] ACPI: PHAT 0x00000000489F9000 000BA7 (v01 LENOVO CB-01    00000001 ACPI 00040000)
[    0.004892] ACPI: BGRT 0x00000000489FA000 000038 (v01 LENOVO CB-01    00000001 ACPI 00040000)
[    0.004894] ACPI: Reserving FACP table memory at [mem 0x48ab4000-0x48ab410b]
[    0.004895] ACPI: Reserving DSDT table memory at [mem 0x48a1a000-0x48ab0d7d]
[    0.004895] ACPI: Reserving FACS table memory at [mem 0x488d2000-0x488d203f]
[    0.004896] ACPI: Reserving UEFI table memory at [mem 0x489be000-0x489be235]
[    0.004896] ACPI: Reserving SSDT table memory at [mem 0x48afc000-0x48afc38b]
[    0.004897] ACPI: Reserving SSDT table memory at [mem 0x48afb000-0x48afb105]
[    0.004897] ACPI: Reserving SSDT table memory at [mem 0x48af4000-0x48afa7de]
[    0.004898] ACPI: Reserving SSDT table memory at [mem 0x48ae0000-0x48af3d39]
[    0.004898] ACPI: Reserving SSDT table memory at [mem 0x48ada000-0x48adfd33]
[    0.004898] ACPI: Reserving SSDT table memory at [mem 0x48ad7000-0x48ad99b5]
[    0.004899] ACPI: Reserving SSDT table memory at [mem 0x48ad3000-0x48ad63e8]
[    0.004899] ACPI: Reserving SSDT table memory at [mem 0x48ac5000-0x48ad24f8]
[    0.004900] ACPI: Reserving SSDT table memory at [mem 0x48ac4000-0x48ac4bed]
[    0.004900] ACPI: Reserving SSDT table memory at [mem 0x48ac3000-0x48ac3032]
[    0.004901] ACPI: Reserving SSDT table memory at [mem 0x48ac1000-0x48ac2203]
[    0.004901] ACPI: Reserving SSDT table memory at [mem 0x48ac0000-0x48ac077a]
[    0.004901] ACPI: Reserving TPM2 table memory at [mem 0x48abf000-0x48abf04b]
[    0.004902] ACPI: Reserving LPIT table memory at [mem 0x48abd000-0x48abd0cb]
[    0.004902] ACPI: Reserving WSMT table memory at [mem 0x48abc000-0x48abc027]
[    0.004903] ACPI: Reserving SSDT table memory at [mem 0x48abb000-0x48abbad8]
[    0.004903] ACPI: Reserving SSDT table memory at [mem 0x48ab8000-0x48aba356]
[    0.004904] ACPI: Reserving DBGP table memory at [mem 0x48ab7000-0x48ab7033]
[    0.004904] ACPI: Reserving DBG2 table memory at [mem 0x48afd000-0x48afd053]
[    0.004905] ACPI: Reserving NHLT table memory at [mem 0x48ab5000-0x48ab52f0]
[    0.004905] ACPI: Reserving HPET table memory at [mem 0x48ab3000-0x48ab3037]
[    0.004906] ACPI: Reserving APIC table memory at [mem 0x48ab2000-0x48ab21db]
[    0.004906] ACPI: Reserving MCFG table memory at [mem 0x48ab1000-0x48ab103b]
[    0.004906] ACPI: Reserving SSDT table memory at [mem 0x48a14000-0x48a19c75]
[    0.004907] ACPI: Reserving SSDT table memory at [mem 0x48a12000-0x48a13d0d]
[    0.004907] ACPI: Reserving DMAR table memory at [mem 0x48a11000-0x48a1104f]
[    0.004908] ACPI: Reserving SSDT table memory at [mem 0x48a06000-0x48a103c1]
[    0.004908] ACPI: Reserving SSDT table memory at [mem 0x48a05000-0x48a05c61]
[    0.004909] ACPI: Reserving SSDT table memory at [mem 0x48a01000-0x48a04ae9]
[    0.004909] ACPI: Reserving SSDT table memory at [mem 0x489fd000-0x48a009d9]
[    0.004910] ACPI: Reserving SSDT table memory at [mem 0x489fc000-0x489fc0f7]
[    0.004910] ACPI: Reserving FPDT table memory at [mem 0x489fb000-0x489fb043]
[    0.004910] ACPI: Reserving PHAT table memory at [mem 0x489f9000-0x489f9ba6]
[    0.004911] ACPI: Reserving BGRT table memory at [mem 0x489fa000-0x489fa037]
[    0.005146] No NUMA configuration found
[    0.005146] Faking a node at [mem 0x0000000000000000-0x00000008afffffff]
[    0.005150] NODE_DATA(0) allocated [mem 0x8affd3000-0x8afffdfff]
[    0.005255] Zone ranges:
[    0.005255]   DMA      [mem 0x0000000000001000-0x0000000000ffffff]
[    0.005256]   DMA32    [mem 0x0000000001000000-0x00000000ffffffff]
[    0.005257]   Normal   [mem 0x0000000100000000-0x00000008afffffff]
[    0.005258]   Device   empty
[    0.005259] Movable zone start for each node
[    0.005260] Early memory node ranges
[    0.005260]   node   0: [mem 0x0000000000001000-0x000000000009efff]
[    0.005261]   node   0: [mem 0x0000000000100000-0x0000000041258fff]
[    0.005262]   node   0: [mem 0x0000000041b59000-0x000000004396efff]
[    0.005262]   node   0: [mem 0x0000000048aff000-0x0000000048afffff]
[    0.005263]   node   0: [mem 0x0000000100000000-0x000000057fffffff]
[    0.005264]   node   0: [mem 0x0000000800000000-0x00000008afffffff]
[    0.005265] Initmem setup node 0 [mem 0x0000000000001000-0x00000008afffffff]
[    0.005268] On node 0, zone DMA: 1 pages in unavailable ranges
[    0.005280] On node 0, zone DMA: 97 pages in unavailable ranges
[    0.006083] On node 0, zone DMA32: 2304 pages in unavailable ranges
[    0.006186] On node 0, zone DMA32: 20880 pages in unavailable ranges
[    0.023720] On node 0, zone Normal: 29952 pages in unavailable ranges
[    0.027498] ACPI: PM-Timer IO Port: 0x1808
[    0.027504] ACPI: LAPIC_NMI (acpi_id[0x01] high edge lint[0x1])
[    0.027505] ACPI: LAPIC_NMI (acpi_id[0x02] high edge lint[0x1])
[    0.027506] ACPI: LAPIC_NMI (acpi_id[0x03] high edge lint[0x1])
[    0.027506] ACPI: LAPIC_NMI (acpi_id[0x04] high edge lint[0x1])
[    0.027507] ACPI: LAPIC_NMI (acpi_id[0x05] high edge lint[0x1])
[    0.027507] ACPI: LAPIC_NMI (acpi_id[0x06] high edge lint[0x1])
[    0.027507] ACPI: LAPIC_NMI (acpi_id[0x07] high edge lint[0x1])
[    0.027508] ACPI: LAPIC_NMI (acpi_id[0x08] high edge lint[0x1])
[    0.027508] ACPI: LAPIC_NMI (acpi_id[0x09] high edge lint[0x1])
[    0.027509] ACPI: LAPIC_NMI (acpi_id[0x0a] high edge lint[0x1])
[    0.027509] ACPI: LAPIC_NMI (acpi_id[0x0b] high edge lint[0x1])
[    0.027509] ACPI: LAPIC_NMI (acpi_id[0x0c] high edge lint[0x1])
[    0.027510] ACPI: LAPIC_NMI (acpi_id[0x0d] high edge lint[0x1])
[    0.027510] ACPI: LAPIC_NMI (acpi_id[0x0e] high edge lint[0x1])
[    0.027511] ACPI: LAPIC_NMI (acpi_id[0x0f] high edge lint[0x1])
[    0.027511] ACPI: LAPIC_NMI (acpi_id[0x10] high edge lint[0x1])
[    0.027512] ACPI: LAPIC_NMI (acpi_id[0x11] high edge lint[0x1])
[    0.027512] ACPI: LAPIC_NMI (acpi_id[0x12] high edge lint[0x1])
[    0.027513] ACPI: LAPIC_NMI (acpi_id[0x13] high edge lint[0x1])
[    0.027513] ACPI: LAPIC_NMI (acpi_id[0x14] high edge lint[0x1])
[    0.027513] ACPI: LAPIC_NMI (acpi_id[0x15] high edge lint[0x1])
[    0.027514] ACPI: LAPIC_NMI (acpi_id[0x16] high edge lint[0x1])
[    0.027514] ACPI: LAPIC_NMI (acpi_id[0x17] high edge lint[0x1])
[    0.027515] ACPI: LAPIC_NMI (acpi_id[0x00] high edge lint[0x1])
[    0.027547] IOAPIC[0]: apic_id 2, version 32, address 0xfec00000, GSI 0-119
[    0.027549] ACPI: INT_SRC_OVR (bus 0 bus_irq 0 global_irq 2 dfl dfl)
[    0.027550] ACPI: INT_SRC_OVR (bus 0 bus_irq 9 global_irq 9 high level)
[    0.027552] ACPI: Using ACPI (MADT) for SMP configuration information
[    0.027553] ACPI: HPET id: 0x8086a201 base: 0xfed00000
[    0.027558] e820: update [mem 0x3c355000-0x3c43ffff] usable ==> reserved
[    0.027565] TSC deadline timer available
[    0.027566] CPU topo: Max. logical packages:   1
[    0.027567] CPU topo: Max. logical dies:       1
[    0.027567] CPU topo: Max. dies per package:   1
[    0.027569] CPU topo: Max. threads per core:   2
[    0.027569] CPU topo: Num. cores per package:    14
[    0.027570] CPU topo: Num. threads per package:  20
[    0.027570] CPU topo: Allowing 20 present CPUs plus 0 hotplug CPUs
[    0.027579] PM: hibernation: Registered nosave memory: [mem 0x00000000-0x00000fff]
[    0.027580] PM: hibernation: Registered nosave memory: [mem 0x0009f000-0x000fffff]
[    0.027581] PM: hibernation: Registered nosave memory: [mem 0x3c355000-0x3c43ffff]
[    0.027582] PM: hibernation: Registered nosave memory: [mem 0x3c5bf000-0x3c5bffff]
[    0.027583] PM: hibernation: Registered nosave memory: [mem 0x3c5e3000-0x3c5e3fff]
[    0.027584] PM: hibernation: Registered nosave memory: [mem 0x3c5fb000-0x3c5fbfff]
[    0.027585] PM: hibernation: Registered nosave memory: [mem 0x41259000-0x41b58fff]
[    0.027586] PM: hibernation: Registered nosave memory: [mem 0x4396f000-0x45a0efff]
[    0.027586] PM: hibernation: Registered nosave memory: [mem 0x45a0f000-0x489befff]
[    0.027587] PM: hibernation: Registered nosave memory: [mem 0x489bf000-0x48afefff]
[    0.027588] PM: hibernation: Registered nosave memory: [mem 0x48b00000-0x4cffffff]
[    0.027588] PM: hibernation: Registered nosave memory: [mem 0x4d000000-0x4d3fffff]
[    0.027589] PM: hibernation: Registered nosave memory: [mem 0x4d400000-0x4d7fffff]
[    0.027589] PM: hibernation: Registered nosave memory: [mem 0x4d800000-0x4dffffff]
[    0.027589] PM: hibernation: Registered nosave memory: [mem 0x4e000000-0x4fffffff]
[    0.027590] PM: hibernation: Registered nosave memory: [mem 0x50000000-0xfed1ffff]
[    0.027590] PM: hibernation: Registered nosave memory: [mem 0xfed20000-0xfed7ffff]
[    0.027591] PM: hibernation: Registered nosave memory: [mem 0xfed80000-0xffffffff]
[    0.027592] PM: hibernation: Registered nosave memory: [mem 0x580000000-0x7ffffffff]
[    0.027592] [mem 0x50000000-0xfed1ffff] available for PCI devices
[    0.027593] Booting paravirtualized kernel on bare hardware
[    0.027595] clocksource: refined-jiffies: mask: 0xffffffff max_cycles: 0xffffffff, max_idle_ns: 1910969940391419 ns
[    0.027600] setup_percpu: NR_CPUS:8192 nr_cpumask_bits:20 nr_cpu_ids:20 nr_node_ids:1
[    0.028426] percpu: Embedded 88 pages/cpu s237568 r8192 d114688 u524288
[    0.028430] pcpu-alloc: s237568 r8192 d114688 u524288 alloc=1*2097152
[    0.028432] pcpu-alloc: [0] 00 01 02 03 [0] 04 05 06 07 
[    0.028435] pcpu-alloc: [0] 08 09 10 11 [0] 12 13 14 15 
[    0.028438] pcpu-alloc: [0] 16 17 18 19 
[    0.028449] Kernel command line: BOOT_IMAGE=/boot/vmlinuz-6.11.0-17-generic root=UUID=e24df9f2-33ca-410e-8155-66d3ad7564c5 ro memmap=10G$22G isolcpus=7,8,9,10
[    0.028483] Unknown kernel command line parameters "BOOT_IMAGE=/boot/vmlinuz-6.11.0-17-generic", will be passed to user space.
[    0.030414] Dentry cache hash table entries: 4194304 (order: 13, 33554432 bytes, linear)
[    0.031360] Inode-cache hash table entries: 2097152 (order: 12, 16777216 bytes, linear)
[    0.031496] Fallback order for Node 0: 0 
[    0.031499] Built 1 zonelists, mobility grouping on.  Total pages: 5713934
[    0.031499] Policy zone: Normal
[    0.031504] mem auto-init: stack:all(zero), heap alloc:on, heap free:off
[    0.031510] software IO TLB: area num 32.
[    0.064854] SLUB: HWalign=64, Order=0-3, MinObjects=0, CPUs=20, Nodes=1
[    0.064883] ftrace: allocating 59199 entries in 232 pages
[    0.070178] ftrace: allocated 232 pages with 4 groups
[    0.070660] Dynamic Preempt: voluntary
[    0.070726] rcu: Preemptible hierarchical RCU implementation.
[    0.070727] rcu: 	RCU restricting CPUs from NR_CPUS=8192 to nr_cpu_ids=20.
[    0.070728] 	Trampoline variant of Tasks RCU enabled.
[    0.070728] 	Rude variant of Tasks RCU enabled.
[    0.070728] 	Tracing variant of Tasks RCU enabled.
[    0.070729] rcu: RCU calculated value of scheduler-enlistment delay is 100 jiffies.
[    0.070729] rcu: Adjusting geometry for rcu_fanout_leaf=16, nr_cpu_ids=20
[    0.070737] RCU Tasks: Setting shift to 5 and lim to 1 rcu_task_cb_adjust=1 rcu_task_cpu_ids=20.
[    0.070739] RCU Tasks Rude: Setting shift to 5 and lim to 1 rcu_task_cb_adjust=1 rcu_task_cpu_ids=20.
[    0.070740] RCU Tasks Trace: Setting shift to 5 and lim to 1 rcu_task_cb_adjust=1 rcu_task_cpu_ids=20.
[    0.072172] NR_IRQS: 524544, nr_irqs: 2216, preallocated irqs: 16
[    0.072464] rcu: srcu_init: Setting srcu_struct sizes based on contention.
[    0.072683] Console: colour dummy device 80x25
[    0.072685] printk: legacy console [tty0] enabled
[    0.072904] ACPI: Core revision 20240322
[    0.073194] hpet: HPET dysfunctional in PC10. Force disabled.
[    0.073195] APIC: Switch to symmetric I/O mode setup
[    0.073198] DMAR: Host address width 39
[    0.073199] DMAR: DRHD base: 0x000000fed91000 flags: 0x1
[    0.073207] DMAR: dmar0: reg_base_addr fed91000 ver 5:0 cap d2008c40660462 ecap f050da
[    0.073210] DMAR-IR: IOAPIC id 2 under DRHD base  0xfed91000 IOMMU 0
[    0.073211] DMAR-IR: HPET id 0 under DRHD base 0xfed91000
[    0.073213] DMAR-IR: Queued invalidation will be enabled to support x2apic and Intr-remapping.
[    0.074607] DMAR-IR: Enabled IRQ remapping in x2apic mode
[    0.074609] x2apic enabled
[    0.074655] APIC: Switched APIC routing to: cluster x2apic
[    0.079129] clocksource: tsc-early: mask: 0xffffffffffffffff max_cycles: 0x2a11290c0c8, max_idle_ns: 440795344938 ns
[    0.079134] Calibrating delay loop (skipped), value calculated using timer frequency.. 5836.80 BogoMIPS (lpj=2918400)
[    0.079181] CPU0: Thermal monitoring enabled (TM1)
[    0.079183] x86/cpu: User Mode Instruction Prevention (UMIP) activated
[    0.079293] Last level iTLB entries: 4KB 0, 2MB 0, 4MB 0
[    0.079295] Last level dTLB entries: 4KB 0, 2MB 0, 4MB 0, 1GB 0
[    0.079297] process: using mwait in idle threads
[    0.079299] Spectre V1 : Mitigation: usercopy/swapgs barriers and __user pointer sanitization
[    0.079302] Spectre V2 : Mitigation: Enhanced / Automatic IBRS
[    0.079303] Spectre V2 : Spectre v2 / SpectreRSB mitigation: Filling RSB on context switch
[    0.079305] Spectre V2 : Spectre v2 / PBRSB-eIBRS: Retire a single CALL on VMEXIT
[    0.079307] Spectre V2 : mitigation: Enabling conditional Indirect Branch Prediction Barrier
[    0.079309] Speculative Store Bypass: Mitigation: Speculative Store Bypass disabled via prctl
[    0.079310] Register File Data Sampling: Mitigation: Clear Register File
[    0.079317] x86/fpu: Supporting XSAVE feature 0x001: 'x87 floating point registers'
[    0.079319] x86/fpu: Supporting XSAVE feature 0x002: 'SSE registers'
[    0.079320] x86/fpu: Supporting XSAVE feature 0x004: 'AVX registers'
[    0.079321] x86/fpu: Supporting XSAVE feature 0x200: 'Protection Keys User registers'
[    0.079323] x86/fpu: Supporting XSAVE feature 0x800: 'Control-flow User registers'
[    0.079324] x86/fpu: xstate_offset[2]:  576, xstate_sizes[2]:  256
[    0.079326] x86/fpu: xstate_offset[9]:  832, xstate_sizes[9]:    8
[    0.079327] x86/fpu: xstate_offset[11]:  840, xstate_sizes[11]:   16
[    0.079328] x86/fpu: Enabled xstate features 0xa07, context size is 856 bytes, using 'compacted' format.
[    0.080133] Freeing SMP alternatives memory: 48K
[    0.080133] pid_max: default: 32768 minimum: 301
[    0.080133] LSM: initializing lsm=lockdown,capability,landlock,yama,apparmor,ima,evm
[    0.080133] landlock: Up and running.
[    0.080133] Yama: becoming mindful.
[    0.080133] AppArmor: AppArmor initialized
[    0.080133] Mount-cache hash table entries: 65536 (order: 7, 524288 bytes, linear)
[    0.080133] Mountpoint-cache hash table entries: 65536 (order: 7, 524288 bytes, linear)
[    0.080133] smpboot: CPU0: 13th Gen Intel(R) Core(TM) i7-13700H (family: 0x6, model: 0xba, stepping: 0x2)
[    0.080133] Performance Events: XSAVE Architectural LBR, PEBS fmt4+-baseline,  AnyThread deprecated, Alderlake Hybrid events, 32-deep LBR, full-width counters, Intel PMU driver.
[    0.080133] core: cpu_core PMU driver: 
[    0.080133] ... version:                5
[    0.080133] ... bit width:              48
[    0.080133] ... generic registers:      8
[    0.080133] ... value mask:             0000ffffffffffff
[    0.080133] ... max period:             00007fffffffffff
[    0.080133] ... fixed-purpose events:   4
[    0.080133] ... event mask:             0001000f000000ff
[    0.080133] signal: max sigframe size: 3632
[    0.080133] Estimated ratio of average max frequency by base frequency (times 1024): 1694
[    0.080275] rcu: Hierarchical SRCU implementation.
[    0.080277] rcu: 	Max phase no-delay instances is 400.
[    0.080303] Timer migration: 2 hierarchy levels; 8 children per group; 2 crossnode level
[    0.081201] NMI watchdog: Enabled. Permanently consumes one hw-PMU counter.
[    0.081334] smp: Bringing up secondary CPUs ...
[    0.081384] smpboot: x86: Booting SMP configuration:
[    0.081385] .... node  #0, CPUs:        #2  #4  #6  #8 #10 #12 #13 #14 #15 #16 #17 #18 #19
[    0.007493] core: cpu_atom PMU driver: PEBS-via-PT 
[    0.007493] ... version:                5
[    0.007493] ... bit width:              48
[    0.007493] ... generic registers:      6
[    0.007493] ... value mask:             0000ffffffffffff
[    0.007493] ... max period:             00007fffffffffff
[    0.007493] ... fixed-purpose events:   3
[    0.007493] ... event mask:             000000070000003f
[    0.092209]   #1  #3  #5  #7  #9 #11
[    0.095204] smp: Brought up 1 node, 20 CPUs
[    0.095204] smpboot: Total of 20 processors activated (116736.00 BogoMIPS)
[    0.096225] Memory: 22221684K/22855736K available (22528K kernel code, 4518K rwdata, 14876K rodata, 5096K init, 4528K bss, 603340K reserved, 0K cma-reserved)
[    0.096593] devtmpfs: initialized
[    0.096593] x86/mm: Memory block size: 128MB
[    0.097750] ACPI: PM: Registering ACPI NVS region [mem 0x45a0f000-0x489befff] (50003968 bytes)
[    0.097750] clocksource: jiffies: mask: 0xffffffff max_cycles: 0xffffffff, max_idle_ns: 1911260446275000 ns
[    0.097750] futex hash table entries: 8192 (order: 7, 524288 bytes, linear)
[    0.097750] pinctrl core: initialized pinctrl subsystem
[    0.098326] PM: RTC time: 00:24:52, date: 2025-02-18
[    0.098663] NET: Registered PF_NETLINK/PF_ROUTE protocol family
[    0.098947] DMA: preallocated 4096 KiB GFP_KERNEL pool for atomic allocations
[    0.099211] DMA: preallocated 4096 KiB GFP_KERNEL|GFP_DMA pool for atomic allocations
[    0.099469] DMA: preallocated 4096 KiB GFP_KERNEL|GFP_DMA32 pool for atomic allocations
[    0.099474] audit: initializing netlink subsys (disabled)
[    0.099482] audit: type=2000 audit(1739838292.020:1): state=initialized audit_enabled=0 res=1
[    0.099482] thermal_sys: Registered thermal governor 'fair_share'
[    0.099482] thermal_sys: Registered thermal governor 'bang_bang'
[    0.099482] thermal_sys: Registered thermal governor 'step_wise'
[    0.099482] thermal_sys: Registered thermal governor 'user_space'
[    0.099482] thermal_sys: Registered thermal governor 'power_allocator'
[    0.099482] EISA bus registered
[    0.099482] cpuidle: using governor ladder
[    0.099482] cpuidle: using governor menu
[    0.099482] acpiphp: ACPI Hot Plug PCI Controller Driver version: 0.5
[    0.099482] PCI: ECAM [mem 0xc0000000-0xcfffffff] (base 0xc0000000) for domain 0000 [bus 00-ff]
[    0.099482] PCI: Using configuration type 1 for base access
[    0.099482] kprobes: kprobe jump-optimization is enabled. All kprobes are optimized if possible.
[    0.100188] HugeTLB: registered 1.00 GiB page size, pre-allocated 0 pages
[    0.100192] HugeTLB: 16380 KiB vmemmap can be freed for a 1.00 GiB page
[    0.100194] HugeTLB: registered 2.00 MiB page size, pre-allocated 0 pages
[    0.100196] HugeTLB: 28 KiB vmemmap can be freed for a 2.00 MiB page
[    0.100245] fbcon: Taking over console
[    0.100246] ACPI: Added _OSI(Module Device)
[    0.100248] ACPI: Added _OSI(Processor Device)
[    0.100249] ACPI: Added _OSI(3.0 _SCP Extensions)
[    0.100251] ACPI: Added _OSI(Processor Aggregator Device)
[    0.166784] ACPI BIOS Error (bug): Failure creating named object [\_SB.PC00.TXHC.RHUB.SS01._UPC], AE_ALREADY_EXISTS (20240322/dswload2-326)
[    0.166794] ACPI Error: AE_ALREADY_EXISTS, During name lookup/catalog (20240322/psobject-220)
[    0.166796] ACPI: Skipping parse of AML opcode: Method (0x0014)
[    0.166798] ACPI BIOS Error (bug): Failure creating named object [\_SB.PC00.TXHC.RHUB.SS01._PLD], AE_ALREADY_EXISTS (20240322/dswload2-326)
[    0.166801] ACPI Error: AE_ALREADY_EXISTS, During name lookup/catalog (20240322/psobject-220)
[    0.166803] ACPI: Skipping parse of AML opcode: Method (0x0014)
[    0.166806] ACPI BIOS Error (bug): Failure creating named object [\_SB.PC00.TXHC.RHUB.SS02._UPC], AE_ALREADY_EXISTS (20240322/dswload2-326)
[    0.166808] ACPI Error: AE_ALREADY_EXISTS, During name lookup/catalog (20240322/psobject-220)
[    0.166810] ACPI: Skipping parse of AML opcode: Method (0x0014)
[    0.166811] ACPI BIOS Error (bug): Failure creating named object [\_SB.PC00.TXHC.RHUB.SS02._PLD], AE_ALREADY_EXISTS (20240322/dswload2-326)
[    0.166814] ACPI Error: AE_ALREADY_EXISTS, During name lookup/catalog (20240322/psobject-220)
[    0.166815] ACPI: Skipping parse of AML opcode: Method (0x0014)
[    0.166818] ACPI BIOS Error (bug): Failure creating named object [\_SB.PC00.TXHC.RHUB.SS03._UPC], AE_ALREADY_EXISTS (20240322/dswload2-326)
[    0.166820] ACPI Error: AE_ALREADY_EXISTS, During name lookup/catalog (20240322/psobject-220)
[    0.166821] ACPI: Skipping parse of AML opcode: Method (0x0014)
[    0.166823] ACPI BIOS Error (bug): Failure creating named object [\_SB.PC00.TXHC.RHUB.SS03._PLD], AE_ALREADY_EXISTS (20240322/dswload2-326)
[    0.166825] ACPI Error: AE_ALREADY_EXISTS, During name lookup/catalog (20240322/psobject-220)
[    0.166827] ACPI: Skipping parse of AML opcode: Method (0x0014)
[    0.166829] ACPI BIOS Error (bug): Failure creating named object [\_SB.PC00.TXHC.RHUB.SS04._UPC], AE_ALREADY_EXISTS (20240322/dswload2-326)
[    0.166831] ACPI Error: AE_ALREADY_EXISTS, During name lookup/catalog (20240322/psobject-220)
[    0.166833] ACPI: Skipping parse of AML opcode: Method (0x0014)
[    0.166834] ACPI BIOS Error (bug): Failure creating named object [\_SB.PC00.TXHC.RHUB.SS04._PLD], AE_ALREADY_EXISTS (20240322/dswload2-326)
[    0.166836] ACPI Error: AE_ALREADY_EXISTS, During name lookup/catalog (20240322/psobject-220)
[    0.166838] ACPI: Skipping parse of AML opcode: Method (0x0014)
[    0.166857] ACPI BIOS Error (bug): Failure creating named object [\_SB.PC00.XHCI.RHUB.HS01._UPC], AE_ALREADY_EXISTS (20240322/dswload2-326)
[    0.166860] ACPI Error: AE_ALREADY_EXISTS, During name lookup/catalog (20240322/psobject-220)
[    0.166861] ACPI: Skipping parse of AML opcode: Method (0x0014)
[    0.166863] ACPI BIOS Error (bug): Failure creating named object [\_SB.PC00.XHCI.RHUB.HS01._PLD], AE_ALREADY_EXISTS (20240322/dswload2-326)
[    0.166865] ACPI Error: AE_ALREADY_EXISTS, During name lookup/catalog (20240322/psobject-220)
[    0.166866] ACPI: Skipping parse of AML opcode: Method (0x0014)
[    0.166885] ACPI BIOS Error (bug): Failure creating named object [\_SB.PC00.XHCI.RHUB.HS02._UPC], AE_ALREADY_EXISTS (20240322/dswload2-326)
[    0.166888] ACPI Error: AE_ALREADY_EXISTS, During name lookup/catalog (20240322/psobject-220)
[    0.166889] ACPI: Skipping parse of AML opcode: Method (0x0014)
[    0.166891] ACPI BIOS Error (bug): Failure creating named object [\_SB.PC00.XHCI.RHUB.HS02._PLD], AE_ALREADY_EXISTS (20240322/dswload2-326)
[    0.166893] ACPI Error: AE_ALREADY_EXISTS, During name lookup/catalog (20240322/psobject-220)
[    0.166895] ACPI: Skipping parse of AML opcode: Method (0x0014)
[    0.166913] ACPI BIOS Error (bug): Failure creating named object [\_SB.PC00.XHCI.RHUB.HS03._UPC], AE_ALREADY_EXISTS (20240322/dswload2-326)
[    0.166916] ACPI Error: AE_ALREADY_EXISTS, During name lookup/catalog (20240322/psobject-220)
[    0.166917] ACPI: Skipping parse of AML opcode: Method (0x0014)
[    0.166919] ACPI BIOS Error (bug): Failure creating named object [\_SB.PC00.XHCI.RHUB.HS03._PLD], AE_ALREADY_EXISTS (20240322/dswload2-326)
[    0.166921] ACPI Error: AE_ALREADY_EXISTS, During name lookup/catalog (20240322/psobject-220)
[    0.166922] ACPI: Skipping parse of AML opcode: Method (0x0014)
[    0.166941] ACPI BIOS Error (bug): Failure creating named object [\_SB.PC00.XHCI.RHUB.HS04._UPC], AE_ALREADY_EXISTS (20240322/dswload2-326)
[    0.166943] ACPI Error: AE_ALREADY_EXISTS, During name lookup/catalog (20240322/psobject-220)
[    0.166945] ACPI: Skipping parse of AML opcode: Method (0x0014)
[    0.166946] ACPI BIOS Error (bug): Failure creating named object [\_SB.PC00.XHCI.RHUB.HS04._PLD], AE_ALREADY_EXISTS (20240322/dswload2-326)
[    0.166949] ACPI Error: AE_ALREADY_EXISTS, During name lookup/catalog (20240322/psobject-220)
[    0.166950] ACPI: Skipping parse of AML opcode: Method (0x0014)
[    0.166969] ACPI BIOS Error (bug): Failure creating named object [\_SB.PC00.XHCI.RHUB.HS05._UPC], AE_ALREADY_EXISTS (20240322/dswload2-326)
[    0.166971] ACPI Error: AE_ALREADY_EXISTS, During name lookup/catalog (20240322/psobject-220)
[    0.166973] ACPI: Skipping parse of AML opcode: Method (0x0014)
[    0.166974] ACPI BIOS Error (bug): Failure creating named object [\_SB.PC00.XHCI.RHUB.HS05._PLD], AE_ALREADY_EXISTS (20240322/dswload2-326)
[    0.166976] ACPI Error: AE_ALREADY_EXISTS, During name lookup/catalog (20240322/psobject-220)
[    0.166978] ACPI: Skipping parse of AML opcode: Method (0x0014)
[    0.166996] ACPI BIOS Error (bug): Failure creating named object [\_SB.PC00.XHCI.RHUB.HS06._UPC], AE_ALREADY_EXISTS (20240322/dswload2-326)
[    0.166998] ACPI Error: AE_ALREADY_EXISTS, During name lookup/catalog (20240322/psobject-220)
[    0.167000] ACPI: Skipping parse of AML opcode: Method (0x0014)
[    0.167002] ACPI BIOS Error (bug): Failure creating named object [\_SB.PC00.XHCI.RHUB.HS06._PLD], AE_ALREADY_EXISTS (20240322/dswload2-326)
[    0.167004] ACPI Error: AE_ALREADY_EXISTS, During name lookup/catalog (20240322/psobject-220)
[    0.167005] ACPI: Skipping parse of AML opcode: Method (0x0014)
[    0.167024] ACPI BIOS Error (bug): Failure creating named object [\_SB.PC00.XHCI.RHUB.HS07._UPC], AE_ALREADY_EXISTS (20240322/dswload2-326)
[    0.167026] ACPI Error: AE_ALREADY_EXISTS, During name lookup/catalog (20240322/psobject-220)
[    0.167028] ACPI: Skipping parse of AML opcode: Method (0x0014)
[    0.167029] ACPI BIOS Error (bug): Failure creating named object [\_SB.PC00.XHCI.RHUB.HS07._PLD], AE_ALREADY_EXISTS (20240322/dswload2-326)
[    0.167031] ACPI Error: AE_ALREADY_EXISTS, During name lookup/catalog (20240322/psobject-220)
[    0.167033] ACPI: Skipping parse of AML opcode: Method (0x0014)
[    0.167052] ACPI BIOS Error (bug): Failure creating named object [\_SB.PC00.XHCI.RHUB.HS08._UPC], AE_ALREADY_EXISTS (20240322/dswload2-326)
[    0.167054] ACPI Error: AE_ALREADY_EXISTS, During name lookup/catalog (20240322/psobject-220)
[    0.167056] ACPI: Skipping parse of AML opcode: Method (0x0014)
[    0.167057] ACPI BIOS Error (bug): Failure creating named object [\_SB.PC00.XHCI.RHUB.HS08._PLD], AE_ALREADY_EXISTS (20240322/dswload2-326)
[    0.167060] ACPI Error: AE_ALREADY_EXISTS, During name lookup/catalog (20240322/psobject-220)
[    0.167061] ACPI: Skipping parse of AML opcode: Method (0x0014)
[    0.167080] ACPI BIOS Error (bug): Failure creating named object [\_SB.PC00.XHCI.RHUB.HS09._UPC], AE_ALREADY_EXISTS (20240322/dswload2-326)
[    0.167082] ACPI Error: AE_ALREADY_EXISTS, During name lookup/catalog (20240322/psobject-220)
[    0.167084] ACPI: Skipping parse of AML opcode: Method (0x0014)
[    0.167085] ACPI BIOS Error (bug): Failure creating named object [\_SB.PC00.XHCI.RHUB.HS09._PLD], AE_ALREADY_EXISTS (20240322/dswload2-326)
[    0.167087] ACPI Error: AE_ALREADY_EXISTS, During name lookup/catalog (20240322/psobject-220)
[    0.167089] ACPI: Skipping parse of AML opcode: Method (0x0014)
[    0.167107] ACPI BIOS Error (bug): Failure creating named object [\_SB.PC00.XHCI.RHUB.HS10._UPC], AE_ALREADY_EXISTS (20240322/dswload2-326)
[    0.167110] ACPI Error: AE_ALREADY_EXISTS, During name lookup/catalog (20240322/psobject-220)
[    0.167111] ACPI: Skipping parse of AML opcode: Method (0x0014)
[    0.167113] ACPI BIOS Error (bug): Failure creating named object [\_SB.PC00.XHCI.RHUB.HS10._PLD], AE_ALREADY_EXISTS (20240322/dswload2-326)
[    0.167115] ACPI Error: AE_ALREADY_EXISTS, During name lookup/catalog (20240322/psobject-220)
[    0.167116] ACPI: Skipping parse of AML opcode: Method (0x0014)
[    0.167172] ACPI BIOS Error (bug): Failure creating named object [\_SB.PC00.XHCI.RHUB.SS01._UPC], AE_ALREADY_EXISTS (20240322/dswload2-326)
[    0.167175] ACPI Error: AE_ALREADY_EXISTS, During name lookup/catalog (20240322/psobject-220)
[    0.167177] ACPI: Skipping parse of AML opcode: Method (0x0014)
[    0.167179] ACPI BIOS Error (bug): Failure creating named object [\_SB.PC00.XHCI.RHUB.SS01._PLD], AE_ALREADY_EXISTS (20240322/dswload2-326)
[    0.167181] ACPI Error: AE_ALREADY_EXISTS, During name lookup/catalog (20240322/psobject-220)
[    0.167182] ACPI: Skipping parse of AML opcode: Method (0x0014)
[    0.167201] ACPI BIOS Error (bug): Failure creating named object [\_SB.PC00.XHCI.RHUB.SS02._UPC], AE_ALREADY_EXISTS (20240322/dswload2-326)
[    0.167203] ACPI Error: AE_ALREADY_EXISTS, During name lookup/catalog (20240322/psobject-220)
[    0.167205] ACPI: Skipping parse of AML opcode: Method (0x0014)
[    0.167206] ACPI BIOS Error (bug): Failure creating named object [\_SB.PC00.XHCI.RHUB.SS02._PLD], AE_ALREADY_EXISTS (20240322/dswload2-326)
[    0.167209] ACPI Error: AE_ALREADY_EXISTS, During name lookup/catalog (20240322/psobject-220)
[    0.167210] ACPI: Skipping parse of AML opcode: Method (0x0014)
[    0.167229] ACPI BIOS Error (bug): Failure creating named object [\_SB.PC00.XHCI.RHUB.SS03._UPC], AE_ALREADY_EXISTS (20240322/dswload2-326)
[    0.167231] ACPI Error: AE_ALREADY_EXISTS, During name lookup/catalog (20240322/psobject-220)
[    0.167233] ACPI: Skipping parse of AML opcode: Method (0x0014)
[    0.167234] ACPI BIOS Error (bug): Failure creating named object [\_SB.PC00.XHCI.RHUB.SS03._PLD], AE_ALREADY_EXISTS (20240322/dswload2-326)
[    0.167236] ACPI Error: AE_ALREADY_EXISTS, During name lookup/catalog (20240322/psobject-220)
[    0.167238] ACPI: Skipping parse of AML opcode: Method (0x0014)
[    0.167257] ACPI BIOS Error (bug): Failure creating named object [\_SB.PC00.XHCI.RHUB.SS04._UPC], AE_ALREADY_EXISTS (20240322/dswload2-326)
[    0.167259] ACPI Error: AE_ALREADY_EXISTS, During name lookup/catalog (20240322/psobject-220)
[    0.167260] ACPI: Skipping parse of AML opcode: Method (0x0014)
[    0.167262] ACPI BIOS Error (bug): Failure creating named object [\_SB.PC00.XHCI.RHUB.SS04._PLD], AE_ALREADY_EXISTS (20240322/dswload2-326)
[    0.167264] ACPI Error: AE_ALREADY_EXISTS, During name lookup/catalog (20240322/psobject-220)
[    0.167266] ACPI: Skipping parse of AML opcode: Method (0x0014)
[    0.168083] ACPI: 22 ACPI AML tables successfully acquired and loaded
[    0.178907] ACPI: Dynamic OEM Table Load:
[    0.178924] ACPI: SSDT 0xFFFF90A181A7D800 000394 (v02 PmRef  Cpu0Cst  00003001 INTL 20200717)
[    0.180400] ACPI: Dynamic OEM Table Load:
[    0.180409] ACPI: SSDT 0xFFFF90A181A71000 000668 (v02 PmRef  Cpu0Ist  00003000 INTL 20200717)
[    0.181786] ACPI: Dynamic OEM Table Load:
[    0.181792] ACPI: SSDT 0xFFFF90A182F45600 0001AB (v02 PmRef  Cpu0Psd  00003000 INTL 20200717)
[    0.183048] ACPI: Dynamic OEM Table Load:
[    0.183055] ACPI: SSDT 0xFFFF90A181A75000 0004B5 (v02 PmRef  Cpu0Hwp  00003000 INTL 20200717)
[    0.184748] ACPI: Dynamic OEM Table Load:
[    0.184762] ACPI: SSDT 0xFFFF90A182F96000 001BAF (v02 PmRef  ApIst    00003000 INTL 20200717)
[    0.186770] ACPI: Dynamic OEM Table Load:
[    0.186778] ACPI: SSDT 0xFFFF90A182F94000 001038 (v02 PmRef  ApHwp    00003000 INTL 20200717)
[    0.188568] ACPI: Dynamic OEM Table Load:
[    0.188576] ACPI: SSDT 0xFFFF90A182F92000 001349 (v02 PmRef  ApPsd    00003000 INTL 20200717)
[    0.190412] ACPI: Dynamic OEM Table Load:
[    0.190420] ACPI: SSDT 0xFFFF90A182FA7000 000FBB (v02 PmRef  ApCst    00003000 INTL 20200717)
[    0.198585] ACPI: EC: EC started
[    0.198588] ACPI: EC: interrupt blocked
[    0.200048] ACPI: EC: EC_CMD/EC_SC=0x66, EC_DATA=0x62
[    0.200052] ACPI: \_SB_.PC00.LPCB.EC0_: Boot DSDT EC used to handle transactions
[    0.200055] ACPI: Interpreter enabled
[    0.200107] ACPI: PM: (supports S0 S3 S4 S5)
[    0.200109] ACPI: Using IOAPIC for interrupt routing
[    0.201838] PCI: Using host bridge windows from ACPI; if necessary, use "pci=nocrs" and report a bug
[    0.201842] PCI: Ignoring E820 reservations for host bridge windows
[    0.203449] ACPI: Enabled 11 GPEs in block 00 to 7F
[    0.217356] ACPI: \_SB_.PC00.PEG1.PXP_: New power resource
[    0.234151] ACPI: \_SB_.PC00.XHCI.RHUB.HS10.BTRT: New power resource
[    0.234844] ACPI: \_SB_.PC00.PAUD: New power resource
[    0.243467] ACPI: \_SB_.PC00.CNVW.WRST: New power resource
[    0.254030] acpi ABCD0000:00: ACPI dock station (docks/bays count: 1)
[    0.260643] ACPI: \_SB_.PC00.TBT0: New power resource
[    0.260698] ACPI: \_SB_.PC00.TBT1: New power resource
[    0.260749] ACPI: \_SB_.PC00.D3C_: New power resource
[    0.273268] ACPI: \_TZ_.FN00: New power resource
[    0.273334] ACPI: \_TZ_.FN01: New power resource
[    0.273391] ACPI: \_TZ_.FN02: New power resource
[    0.273449] ACPI: \_TZ_.FN03: New power resource
[    0.273505] ACPI: \_TZ_.FN04: New power resource
[    0.274085] ACPI: \PIN_: New power resource
[    0.274735] ACPI: PCI Root Bridge [PC00] (domain 0000 [bus 00-fe])
[    0.274743] acpi PNP0A08:00: _OSC: OS supports [ExtendedConfig ASPM ClockPM Segments MSI EDR HPX-Type3]
[    0.275921] acpi PNP0A08:00: _OSC: platform does not support [AER]
[    0.278240] acpi PNP0A08:00: _OSC: OS now controls [PCIeHotplug SHPCHotplug PME PCIeCapability LTR DPC]
[    0.282262] PCI host bridge to bus 0000:00
[    0.282267] pci_bus 0000:00: root bus resource [io  0x0000-0x0cf7 window]
[    0.282270] pci_bus 0000:00: root bus resource [io  0x0d00-0xffff window]
[    0.282273] pci_bus 0000:00: root bus resource [mem 0x000a0000-0x000bffff window]
[    0.282277] pci_bus 0000:00: root bus resource [mem 0x50000000-0xbfffffff window]
[    0.282280] pci_bus 0000:00: root bus resource [mem 0x4000000000-0x7fffffffff window]
[    0.282283] pci_bus 0000:00: root bus resource [bus 00-fe]
[    0.282316] pci 0000:00:00.0: [8086:a706] type 00 class 0x060000 conventional PCI endpoint
[    0.282449] pci 0000:00:01.0: [8086:a70d] type 01 class 0x060400 PCIe Root Port
[    0.282466] pci 0000:00:01.0: PCI bridge to [bus 01-05]
[    0.282470] pci 0000:00:01.0:   bridge window [io  0x4000-0x4fff]
[    0.282473] pci 0000:00:01.0:   bridge window [mem 0x50000000-0x510fffff]
[    0.282480] pci 0000:00:01.0:   bridge window [mem 0x4000000000-0x4201ffffff 64bit pref]
[    0.282537] pci 0000:00:01.0: PME# supported from D0 D3hot D3cold
[    0.282563] pci 0000:00:01.0: PTM enabled (root), 4ns granularity
[    0.283134] pci 0000:00:04.0: [8086:a71d] type 00 class 0x118000 conventional PCI endpoint
[    0.283149] pci 0000:00:04.0: BAR 0 [mem 0x4202100000-0x420211ffff 64bit]
[    0.283428] pci 0000:00:06.0: [8086:a74d] type 01 class 0x060400 PCIe Root Port
[    0.283450] pci 0000:00:06.0: PCI bridge to [bus 06]
[    0.283459] pci 0000:00:06.0:   bridge window [mem 0x51300000-0x513fffff]
[    0.283523] pci 0000:00:06.0: PME# supported from D0 D3hot D3cold
[    0.283551] pci 0000:00:06.0: PTM enabled (root), 4ns granularity
[    0.284152] pci 0000:00:06.2: [8086:a73d] type 01 class 0x060400 PCIe Root Port
[    0.284179] pci 0000:00:06.2: PCI bridge to [bus 07]
[    0.284194] pci 0000:00:06.2:   bridge window [mem 0x51200000-0x512fffff]
[    0.284271] pci 0000:00:06.2: PME# supported from D0 D3hot D3cold
[    0.284306] pci 0000:00:06.2: PTM enabled (root), 4ns granularity
[    0.284904] pci 0000:00:0a.0: [8086:a77d] type 00 class 0x118000 PCIe Root Complex Integrated Endpoint
[    0.284913] pci 0000:00:0a.0: BAR 0 [mem 0x4202130000-0x4202137fff 64bit]
[    0.284934] pci 0000:00:0a.0: enabling Extended Tags
[    0.285033] pci 0000:00:0d.0: [8086:a71e] type 00 class 0x0c0330 conventional PCI endpoint
[    0.285045] pci 0000:00:0d.0: BAR 0 [mem 0x4202120000-0x420212ffff 64bit]
[    0.285087] pci 0000:00:0d.0: PME# supported from D3hot D3cold
[    0.285505] pci 0000:00:14.0: [8086:51ed] type 00 class 0x0c0330 conventional PCI endpoint
[    0.285528] pci 0000:00:14.0: BAR 0 [mem 0x51480000-0x5148ffff 64bit]
[    0.285617] pci 0000:00:14.0: PME# supported from D3hot D3cold
[    0.286010] pci 0000:00:14.2: [8086:51ef] type 00 class 0x050000 conventional PCI endpoint
[    0.286033] pci 0000:00:14.2: BAR 0 [mem 0x4202148000-0x420214bfff 64bit]
[    0.286047] pci 0000:00:14.2: BAR 2 [mem 0x4202150000-0x4202150fff 64bit]
[    0.286195] pci 0000:00:14.3: [8086:51f1] type 00 class 0x028000 PCIe Root Complex Integrated Endpoint
[    0.286254] pci 0000:00:14.3: BAR 0 [mem 0x4202144000-0x4202147fff 64bit]
[    0.286438] pci 0000:00:14.3: PME# supported from D0 D3hot D3cold
[    0.286822] pci 0000:00:15.0: [8086:51e8] type 00 class 0x0c8000 conventional PCI endpoint
[    0.286938] pci 0000:00:15.0: BAR 0 [mem 0x00000000-0x00000fff 64bit]
[    0.287386] pci 0000:00:16.0: [8086:51e0] type 00 class 0x078000 conventional PCI endpoint
[    0.287410] pci 0000:00:16.0: BAR 0 [mem 0x420214e000-0x420214efff 64bit]
[    0.287497] pci 0000:00:16.0: PME# supported from D3hot
[    0.288070] pci 0000:00:19.0: [8086:51c5] type 00 class 0x0c8000 conventional PCI endpoint
[    0.288145] pci 0000:00:19.0: BAR 0 [mem 0x00000000-0x00000fff 64bit]
[    0.288587] pci 0000:00:1c.0: [8086:51bc] type 01 class 0x060400 PCIe Root Port
[    0.288618] pci 0000:00:1c.0: PCI bridge to [bus 08]
[    0.288623] pci 0000:00:1c.0:   bridge window [io  0x3000-0x3fff]
[    0.288627] pci 0000:00:1c.0:   bridge window [mem 0x51100000-0x511fffff]
[    0.288709] pci 0000:00:1c.0: PME# supported from D0 D3hot D3cold
[    0.288743] pci 0000:00:1c.0: PTM enabled (root), 4ns granularity
[    0.289367] pci 0000:00:1f.0: [8086:519d] type 00 class 0x060100 conventional PCI endpoint
[    0.289708] pci 0000:00:1f.3: [8086:51ca] type 00 class 0x040100 conventional PCI endpoint
[    0.289752] pci 0000:00:1f.3: BAR 0 [mem 0x4202140000-0x4202143fff 64bit]
[    0.289806] pci 0000:00:1f.3: BAR 4 [mem 0x4202000000-0x42020fffff 64bit]
[    0.289918] pci 0000:00:1f.3: PME# supported from D3hot D3cold
[    0.290015] pci 0000:00:1f.4: [8086:51a3] type 00 class 0x0c0500 conventional PCI endpoint
[    0.290040] pci 0000:00:1f.4: BAR 0 [mem 0x420214c000-0x420214c0ff 64bit]
[    0.290062] pci 0000:00:1f.4: BAR 4 [io  0xefa0-0xefbf]
[    0.290297] pci 0000:00:1f.5: [8086:51a4] type 00 class 0x0c8000 conventional PCI endpoint
[    0.290318] pci 0000:00:1f.5: BAR 0 [mem 0xfe010000-0xfe010fff]
[    0.290493] pci 0000:01:00.0: [10de:28e0] type 00 class 0x030000 PCIe Legacy Endpoint
[    0.290510] pci 0000:01:00.0: BAR 0 [mem 0x50000000-0x50ffffff]
[    0.290524] pci 0000:01:00.0: BAR 1 [mem 0x4000000000-0x41ffffffff 64bit pref]
[    0.290540] pci 0000:01:00.0: BAR 3 [mem 0x4200000000-0x4201ffffff 64bit pref]
[    0.290550] pci 0000:01:00.0: BAR 5 [io  0x4000-0x407f]
[    0.290560] pci 0000:01:00.0: ROM [mem 0xfff80000-0xffffffff pref]
[    0.290647] pci 0000:01:00.0: PME# supported from D0 D3hot
[    0.290764] pci 0000:01:00.0: 16.000 Gb/s available PCIe bandwidth, limited by 2.5 GT/s PCIe x8 link at 0000:00:01.0 (capable of 126.024 Gb/s with 16.0 GT/s PCIe x8 link)
[    0.291010] pci 0000:01:00.1: [10de:22be] type 00 class 0x040300 PCIe Endpoint
[    0.291026] pci 0000:01:00.1: BAR 0 [mem 0x51000000-0x51003fff]
[    0.291243] pci 0000:00:01.0: PCI bridge to [bus 01-05]
[    0.292000] pci 0000:06:00.0: [1c5c:174a] type 00 class 0x010802 PCIe Endpoint
[    0.292016] pci 0000:06:00.0: BAR 0 [mem 0x51300000-0x51303fff 64bit]
[    0.292024] pci 0000:06:00.0: BAR 2 [mem 0x51305000-0x51305fff]
[    0.292032] pci 0000:06:00.0: BAR 3 [mem 0x51304000-0x51304fff]
[    0.292267] pci 0000:00:06.0: PCI bridge to [bus 06]
[    0.293077] pci 0000:07:00.0: [144d:a808] type 00 class 0x010802 PCIe Endpoint
[    0.293094] pci 0000:07:00.0: BAR 0 [mem 0x51200000-0x51203fff 64bit]
[    0.293332] pci 0000:00:06.2: PCI bridge to [bus 07]
[    0.293416] pci 0000:08:00.0: [10ec:8168] type 00 class 0x020000 PCIe Endpoint
[    0.293441] pci 0000:08:00.0: BAR 0 [io  0x3000-0x30ff]
[    0.293474] pci 0000:08:00.0: BAR 2 [mem 0x51104000-0x51104fff 64bit]
[    0.293495] pci 0000:08:00.0: BAR 4 [mem 0x51100000-0x51103fff 64bit]
[    0.293630] pci 0000:08:00.0: supports D1 D2
[    0.293631] pci 0000:08:00.0: PME# supported from D0 D1 D2 D3hot D3cold
[    0.293878] pci 0000:00:1c.0: PCI bridge to [bus 08]
[    0.317780] ACPI: EC: interrupt unblocked
[    0.317783] ACPI: EC: event unblocked
[    0.318133] ACPI: EC: EC_CMD/EC_SC=0x66, EC_DATA=0x62
[    0.318133] ACPI: EC: GPE=0x6e
[    0.318133] ACPI: \_SB_.PC00.LPCB.EC0_: Boot DSDT EC initialization complete
[    0.318133] ACPI: \_SB_.PC00.LPCB.EC0_: EC: Used to handle transactions and events
[    0.318145] iommu: Default domain type: Translated
[    0.318145] iommu: DMA domain TLB invalidation policy: lazy mode
[    0.318295] SCSI subsystem initialized
[    0.318304] libata version 3.00 loaded.
[    0.318304] ACPI: bus type USB registered
[    0.318304] usbcore: registered new interface driver usbfs
[    0.318304] usbcore: registered new interface driver hub
[    0.318304] usbcore: registered new device driver usb
[    0.318304] pps_core: LinuxPPS API ver. 1 registered
[    0.318304] pps_core: Software ver. 5.3.6 - Copyright 2005-2007 Rodolfo Giometti <giometti@linux.it>
[    0.318304] PTP clock support registered
[    0.318304] EDAC MC: Ver: 3.0.0
[    0.320492] efivars: Registered efivars operations
[    0.320492] NetLabel: Initializing
[    0.320492] NetLabel:  domain hash size = 128
[    0.320492] NetLabel:  protocols = UNLABELED CIPSOv4 CALIPSO
[    0.320492] NetLabel:  unlabeled traffic allowed by default
[    0.320492] mctp: management component transport protocol core
[    0.320492] NET: Registered PF_MCTP protocol family
[    0.320492] PCI: Using ACPI for IRQ routing
[    0.342705] PCI: pci_cache_line_size set to 64 bytes
[    0.344312] pci 0000:00:1f.5: BAR 0 [mem 0xfe010000-0xfe010fff]: can't claim; no compatible bridge window
[    0.345201] e820: reserve RAM buffer [mem 0x0009f000-0x0009ffff]
[    0.345203] e820: reserve RAM buffer [mem 0x3c355000-0x3fffffff]
[    0.345204] e820: reserve RAM buffer [mem 0x3c5bf018-0x3fffffff]
[    0.345205] e820: reserve RAM buffer [mem 0x3c5fb000-0x3fffffff]
[    0.345206] e820: reserve RAM buffer [mem 0x41259000-0x43ffffff]
[    0.345207] e820: reserve RAM buffer [mem 0x4396f000-0x43ffffff]
[    0.345207] e820: reserve RAM buffer [mem 0x48b00000-0x4bffffff]
[    0.345230] pci 0000:01:00.0: vgaarb: setting as boot VGA device
[    0.345230] pci 0000:01:00.0: vgaarb: bridge control possible
[    0.345230] pci 0000:01:00.0: vgaarb: VGA device added: decodes=io+mem,owns=none,locks=none
[    0.345230] vgaarb: loaded
[    0.345230] clocksource: Switched to clocksource tsc-early
[    0.345498] VFS: Disk quotas dquot_6.6.0
[    0.345507] VFS: Dquot-cache hash table entries: 512 (order 0, 4096 bytes)
[    0.345626] AppArmor: AppArmor Filesystem Enabled
[    0.345656] pnp: PnP ACPI init
[    0.345883] system 00:00: [io  0x0680-0x069f] has been reserved
[    0.345886] system 00:00: [io  0x164e-0x164f] has been reserved
[    0.345889] system 00:00: [io  0xfd60-0xfd63] has been reserved
[    0.346027] system 00:02: [io  0x1854-0x1857] has been reserved
[    0.347133] system 00:04: [mem 0xfedc0000-0xfedc7fff] has been reserved
[    0.347137] system 00:04: [mem 0xfeda0000-0xfeda0fff] has been reserved
[    0.347139] system 00:04: [mem 0xfeda1000-0xfeda1fff] has been reserved
[    0.347141] system 00:04: [mem 0xc0000000-0xcfffffff] has been reserved
[    0.347143] system 00:04: [mem 0xfed20000-0xfed7ffff] could not be reserved
[    0.347146] system 00:04: [mem 0xfed90000-0xfed93fff] could not be reserved
[    0.347148] system 00:04: [mem 0xfed45000-0xfed8ffff] could not be reserved
[    0.347150] system 00:04: [mem 0xfee00000-0xfeefffff] has been reserved
[    0.348051] system 00:05: [io  0x2000-0x20fe] has been reserved
[    0.348829] pnp: PnP ACPI: found 7 devices
[    0.354478] clocksource: acpi_pm: mask: 0xffffff max_cycles: 0xffffff, max_idle_ns: 2085701024 ns
[    0.354551] NET: Registered PF_INET protocol family
[    0.354815] IP idents hash table entries: 262144 (order: 9, 2097152 bytes, linear)
[    0.368078] tcp_listen_portaddr_hash hash table entries: 16384 (order: 6, 262144 bytes, linear)
[    0.368116] Table-perturb hash table entries: 65536 (order: 6, 262144 bytes, linear)
[    0.368271] TCP established hash table entries: 262144 (order: 9, 2097152 bytes, linear)
[    0.368623] TCP bind hash table entries: 65536 (order: 9, 2097152 bytes, linear)
[    0.368718] TCP: Hash tables configured (established 262144 bind 65536)
[    0.368879] MPTCP token hash table entries: 32768 (order: 7, 786432 bytes, linear)
[    0.368950] UDP hash table entries: 16384 (order: 7, 524288 bytes, linear)
[    0.369032] UDP-Lite hash table entries: 16384 (order: 7, 524288 bytes, linear)
[    0.369115] NET: Registered PF_UNIX/PF_LOCAL protocol family
[    0.369122] NET: Registered PF_XDP protocol family
[    0.369126] pci 0000:01:00.0: ROM [mem 0xfff80000-0xffffffff pref]: can't claim; no compatible bridge window
[    0.369139] pci 0000:00:15.0: BAR 0 [mem 0x4202138000-0x4202138fff 64bit]: assigned
[    0.369204] pci 0000:00:19.0: BAR 0 [mem 0x4202139000-0x4202139fff 64bit]: assigned
[    0.369260] pci 0000:00:1f.5: BAR 0 [mem 0x51400000-0x51400fff]: assigned
[    0.369272] pci 0000:01:00.0: ROM [mem 0x51080000-0x510fffff pref]: assigned
[    0.369275] pci 0000:00:01.0: PCI bridge to [bus 01-05]
[    0.369277] pci 0000:00:01.0:   bridge window [io  0x4000-0x4fff]
[    0.369281] pci 0000:00:01.0:   bridge window [mem 0x50000000-0x510fffff]
[    0.369284] pci 0000:00:01.0:   bridge window [mem 0x4000000000-0x4201ffffff 64bit pref]
[    0.369289] pci 0000:00:06.0: PCI bridge to [bus 06]
[    0.369292] pci 0000:00:06.0:   bridge window [mem 0x51300000-0x513fffff]
[    0.369301] pci 0000:00:06.2: PCI bridge to [bus 07]
[    0.369310] pci 0000:00:06.2:   bridge window [mem 0x51200000-0x512fffff]
[    0.369326] pci 0000:00:1c.0: PCI bridge to [bus 08]
[    0.369336] pci 0000:00:1c.0:   bridge window [io  0x3000-0x3fff]
[    0.369341] pci 0000:00:1c.0:   bridge window [mem 0x51100000-0x511fffff]
[    0.369349] pci_bus 0000:00: resource 4 [io  0x0000-0x0cf7 window]
[    0.369352] pci_bus 0000:00: resource 5 [io  0x0d00-0xffff window]
[    0.369354] pci_bus 0000:00: resource 6 [mem 0x000a0000-0x000bffff window]
[    0.369356] pci_bus 0000:00: resource 7 [mem 0x50000000-0xbfffffff window]
[    0.369358] pci_bus 0000:00: resource 8 [mem 0x4000000000-0x7fffffffff window]
[    0.369361] pci_bus 0000:01: resource 0 [io  0x4000-0x4fff]
[    0.369363] pci_bus 0000:01: resource 1 [mem 0x50000000-0x510fffff]
[    0.369364] pci_bus 0000:01: resource 2 [mem 0x4000000000-0x4201ffffff 64bit pref]
[    0.369367] pci_bus 0000:06: resource 1 [mem 0x51300000-0x513fffff]
[    0.369369] pci_bus 0000:07: resource 1 [mem 0x51200000-0x512fffff]
[    0.369371] pci_bus 0000:08: resource 0 [io  0x3000-0x3fff]
[    0.369373] pci_bus 0000:08: resource 1 [mem 0x51100000-0x511fffff]
[    0.372026] pci 0000:01:00.1: extending delay after power-on from D3hot to 20 msec
[    0.372054] pci 0000:01:00.1: D0 power state depends on 0000:01:00.0
[    0.373573] PCI: CLS 64 bytes, default 64
[    0.373664] DMAR: No RMRR found
[    0.373665] DMAR: No ATSR found
[    0.373666] DMAR: No SATC found
[    0.373668] DMAR: dmar0: Using Queued invalidation
[    0.373686] Trying to unpack rootfs image as initramfs...
[    0.373730] pci 0000:00:00.0: Adding to iommu group 0
[    0.373741] pci 0000:00:01.0: Adding to iommu group 1
[    0.373749] pci 0000:00:04.0: Adding to iommu group 2
[    0.373758] pci 0000:00:06.0: Adding to iommu group 3
[    0.373774] pci 0000:00:06.2: Adding to iommu group 4
[    0.373781] pci 0000:00:0a.0: Adding to iommu group 5
[    0.373791] pci 0000:00:0d.0: Adding to iommu group 6
[    0.373803] pci 0000:00:14.0: Adding to iommu group 7
[    0.373810] pci 0000:00:14.2: Adding to iommu group 7
[    0.373817] pci 0000:00:14.3: Adding to iommu group 8
[    0.373827] pci 0000:00:15.0: Adding to iommu group 9
[    0.373836] pci 0000:00:16.0: Adding to iommu group 10
[    0.373846] pci 0000:00:19.0: Adding to iommu group 11
[    0.373863] pci 0000:00:1c.0: Adding to iommu group 12
[    0.373882] pci 0000:00:1f.0: Adding to iommu group 13
[    0.373890] pci 0000:00:1f.3: Adding to iommu group 13
[    0.373897] pci 0000:00:1f.4: Adding to iommu group 13
[    0.373905] pci 0000:00:1f.5: Adding to iommu group 13
[    0.373917] pci 0000:01:00.0: Adding to iommu group 14
[    0.373926] pci 0000:01:00.1: Adding to iommu group 14
[    0.373935] pci 0000:06:00.0: Adding to iommu group 15
[    0.373948] pci 0000:07:00.0: Adding to iommu group 16
[    0.373964] pci 0000:08:00.0: Adding to iommu group 17
[    0.375923] DMAR: Intel(R) Virtualization Technology for Directed I/O
[    0.375928] PCI-DMA: Using software bounce buffering for IO (SWIOTLB)
[    0.375930] software IO TLB: mapped [mem 0x000000003047d000-0x000000003447d000] (64MB)
[    0.377973] clocksource: tsc: mask: 0xffffffffffffffff max_cycles: 0x2a11290c0c8, max_idle_ns: 440795344938 ns
[    0.377996] clocksource: Switched to clocksource tsc
[    0.378647] Initialise system trusted keyrings
[    0.378655] Key type blacklist registered
[    0.378744] workingset: timestamp_bits=36 max_order=23 bucket_order=0
[    0.378753] zbud: loaded
[    0.378948] squashfs: version 4.0 (2009/01/31) Phillip Lougher
[    0.379010] fuse: init (API version 7.40)
[    0.379145] integrity: Platform Keyring initialized
[    0.379150] integrity: Machine keyring initialized
[    0.387413] Key type asymmetric registered
[    0.387416] Asymmetric key parser 'x509' registered
[    0.387434] Block layer SCSI generic (bsg) driver version 0.4 loaded (major 243)
[    0.387522] io scheduler mq-deadline registered
[    0.388059] pcieport 0000:00:01.0: PME: Signaling with IRQ 121
[    0.388084] pcieport 0000:00:01.0: pciehp: Slot #1 AttnBtn- PwrCtrl- MRL- AttnInd- PwrInd- HotPlug+ Surprise+ Interlock- NoCompl+ IbPresDis- LLActRep+
[    0.388370] pcieport 0000:00:06.0: PME: Signaling with IRQ 122
[    0.388588] pcieport 0000:00:06.2: PME: Signaling with IRQ 123
[    0.388798] pcieport 0000:00:1c.0: PME: Signaling with IRQ 124
[    0.388878] shpchp: Standard Hot Plug PCI Controller Driver version: 0.4
[    0.389116] Monitor-Mwait will be used to enter C-1 state
[    0.389123] Monitor-Mwait will be used to enter C-2 state
[    0.389130] Monitor-Mwait will be used to enter C-3 state
[    0.389133] ACPI: \_SB_.PR00: Found 3 idle states
[    0.390070] ACPI: AC: AC Adapter [ACAD] (on-line)
[    0.390110] input: Lid Switch as /devices/LNXSYSTM:00/LNXSYBUS:00/PNP0A08:00/device:21/PNP0C0D:00/input/input0
[    0.390124] ACPI: button: Lid Switch [LID0]
[    0.390155] input: Power Button as /devices/LNXSYSTM:00/LNXSYBUS:00/PNP0C0C:00/input/input1
[    0.390199] ACPI: button: Power Button [PWRB]
[    0.390223] input: Power Button as /devices/LNXSYSTM:00/LNXPWRBN:00/input/input2
[    0.390292] ACPI: button: Power Button [PWRF]
[    0.395284] thermal LNXTHERM:00: registered as thermal_zone0
[    0.395288] ACPI: thermal: Thermal Zone [TZ00] (28 C)
[    0.395502] Serial: 8250/16550 driver, 32 ports, IRQ sharing enabled
[    0.398082] hpet_acpi_add: no address or irqs in _CRS
[    0.398108] Linux agpgart interface v0.103
[    0.424691] Freeing initrd memory: 64988K
[    0.427529] loop: module loaded
[    0.427964] ACPI: bus type drm_connector registered
[    0.428159] tun: Universal TUN/TAP device driver, 1.6
[    0.428181] PPP generic driver version 2.4.2
[    0.428258] i8042: PNP: PS/2 Controller [PNP0303:PS2K] at 0x60,0x64 irq 1
[    0.428261] i8042: PNP: PS/2 appears to have AUX port disabled, if this is incorrect please boot with i8042.nopnp
[    0.429702] serio: i8042 KBD port at 0x60,0x64 irq 1
[    0.429759] mousedev: PS/2 mouse device common for all mice
[    0.429857] rtc_cmos 00:01: RTC can wake from S4
[    0.430783] rtc_cmos 00:01: registered as rtc0
[    0.430957] rtc_cmos 00:01: setting system clock to 2025-02-18T00:24:52 UTC (1739838292)
[    0.430991] rtc_cmos 00:01: alarms up to one month, y3k, 242 bytes nvram
[    0.430998] i2c_dev: i2c /dev entries driver
[    0.432507] device-mapper: core: CONFIG_IMA_DISABLE_HTABLE is disabled. Duplicate IMA measurements will not be recorded in the IMA log.
[    0.432523] device-mapper: uevent: version 1.0.3
[    0.432567] device-mapper: ioctl: 4.48.0-ioctl (2023-03-01) initialised: dm-devel@lists.linux.dev
[    0.432586] platform eisa.0: Probing EISA bus 0
[    0.432591] platform eisa.0: EISA: Cannot allocate resource for mainboard
[    0.432593] platform eisa.0: Cannot allocate resource for EISA slot 1
[    0.432595] platform eisa.0: Cannot allocate resource for EISA slot 2
[    0.432597] platform eisa.0: Cannot allocate resource for EISA slot 3
[    0.432599] platform eisa.0: Cannot allocate resource for EISA slot 4
[    0.432600] platform eisa.0: Cannot allocate resource for EISA slot 5
[    0.432602] platform eisa.0: Cannot allocate resource for EISA slot 6
[    0.432604] platform eisa.0: Cannot allocate resource for EISA slot 7
[    0.432605] platform eisa.0: Cannot allocate resource for EISA slot 8
[    0.432607] platform eisa.0: EISA: Detected 0 cards
[    0.432613] intel_pstate: Intel P-state driver initializing
[    0.433071] input: AT Translated Set 2 keyboard as /devices/platform/i8042/serio0/input/input3
[    0.434451] intel_pstate: HWP enabled
[    0.434684] ledtrig-cpu: registered to indicate activity on CPUs
[    0.434813] [drm] Initialized simpledrm 1.0.0 for simple-framebuffer.0 on minor 0
[    0.448489] Console: switching to colour frame buffer device 160x50
[    0.461553] simple-framebuffer simple-framebuffer.0: [drm] fb0: simpledrmdrmfb frame buffer device
[    0.461916] drop_monitor: Initializing network drop monitor service
[    0.462178] NET: Registered PF_INET6 protocol family
[    0.472689] Segment Routing with IPv6
[    0.472743] In-situ OAM (IOAM) with IPv6
[    0.472810] NET: Registered PF_PACKET protocol family
[    0.472885] Key type dns_resolver registered
[    0.475180] ENERGY_PERF_BIAS: Set to 'normal', was 'performance'
[    0.476473] microcode: Current revision: 0x00004123
[    0.476485] microcode: Updated early from: 0x0000410e
[    0.478187] IPI shorthand broadcast: enabled
[    0.479230] sched_clock: Marking stable (472002414, 6493349)->(566794233, -88298470)
[    0.479661] registered taskstats version 1
[    0.481811] Loading compiled-in X.509 certificates
[    0.482772] Loaded X.509 cert 'Build time autogenerated kernel key: 8acf1c891a1c9efa47906c59cdee9ffb66cde54f'
[    0.483237] Loaded X.509 cert 'Canonical Ltd. Live Patch Signing: 14df34d1a87cf37625abec039ef2bf521249b969'
[    0.483637] Loaded X.509 cert 'Canonical Ltd. Kernel Module Signing: 88f752e560a1e0737e31163a466ad7b70a850c19'
[    0.483686] blacklist: Loading compiled-in revocation X.509 certificates
[    0.483739] Loaded X.509 cert 'Canonical Ltd. Secure Boot Signing: 61482aa2830d0ab2ad5af10b7250da9033ddcef0'
[    0.483790] Loaded X.509 cert 'Canonical Ltd. Secure Boot Signing (2017): 242ade75ac4a15e50d50c84b0d45ff3eae707a03'
[    0.483843] Loaded X.509 cert 'Canonical Ltd. Secure Boot Signing (ESM 2018): 365188c1d374d6b07c3c8f240f8ef722433d6a8b'
[    0.483905] Loaded X.509 cert 'Canonical Ltd. Secure Boot Signing (2019): c0746fd6c5da3ae827864651ad66ae47fe24b3e8'
[    0.483960] Loaded X.509 cert 'Canonical Ltd. Secure Boot Signing (2021 v1): a8d54bbb3825cfb94fa13c9f8a594a195c107b8d'
[    0.484020] Loaded X.509 cert 'Canonical Ltd. Secure Boot Signing (2021 v2): 4cf046892d6fd3c9a5b03f98d845f90851dc6a8c'
[    0.484085] Loaded X.509 cert 'Canonical Ltd. Secure Boot Signing (2021 v3): 100437bb6de6e469b581e61cd66bce3ef4ed53af'
[    0.485376] Loaded X.509 cert 'Canonical Ltd. Secure Boot Signing (Ubuntu Core 2019): c1d57b8f6b743f23ee41f4f7ee292f06eecadfb9'
[    0.489098] Demotion targets for Node 0: null
[    0.490540] Key type .fscrypt registered
[    0.491641] Key type fscrypt-provisioning registered
[    0.492790] Key type trusted registered
[    0.501856] ACPI: battery: Slot [BAT1] (battery present)
[    0.514806] Key type encrypted registered
[    0.516119] AppArmor: AppArmor sha256 policy hashing enabled
[    0.525698] Loading compiled-in module X.509 certificates
[    0.527284] Loaded X.509 cert 'Build time autogenerated kernel key: 8acf1c891a1c9efa47906c59cdee9ffb66cde54f'
[    0.527497] workqueue: drm_fb_helper_damage_work hogged CPU for >10000us 4 times, consider switching to WQ_UNBOUND
[    0.529901] ima: Allocated hash algorithm: sha256
[    0.538496] workqueue: drm_fb_helper_damage_work hogged CPU for >10000us 5 times, consider switching to WQ_UNBOUND
[    0.561497] workqueue: drm_fb_helper_damage_work hogged CPU for >10000us 7 times, consider switching to WQ_UNBOUND
[    0.568309] ima: No architecture policies found
[    0.569817] evm: Initialising EVM extended attributes:
[    0.571222] evm: security.selinux
[    0.572702] evm: security.SMACK64
[    0.574111] evm: security.SMACK64EXEC
[    0.575497] evm: security.SMACK64TRANSMUTE
[    0.576775] evm: security.SMACK64MMAP
[    0.578114] evm: security.apparmor
[    0.579447] evm: security.ima
[    0.580835] evm: security.capability
[    0.582081] evm: HMAC attrs: 0x1
[    0.583773] PM:   Magic number: 13:697:405
[    0.585155] acpi ACPI0007:1e: hash matches
[    0.592946] RAS: Correctable Errors collector initialized.
[    0.608496] workqueue: drm_fb_helper_damage_work hogged CPU for >10000us 11 times, consider switching to WQ_UNBOUND
[    0.610858] clk: Disabling unused clocks
[    0.612251] PM: genpd: Disabling unused power domains
[    0.620015] Freeing unused decrypted memory: 2028K
[    0.623416] Freeing unused kernel image (initmem) memory: 5096K
[    0.624998] Write protecting the kernel read-only data: 38912k
[    0.627654] Freeing unused kernel image (rodata/data gap) memory: 1508K
[    0.636542] x86/mm: Checked W+X mappings: passed, no W+X pages found.
[    0.637891] Run /init as init process
[    0.639258]   with arguments:
[    0.639264]     /init
[    0.639265]   with environment:
[    0.639265]     HOME=/
[    0.639266]     TERM=linux
[    0.639266]     BOOT_IMAGE=/boot/vmlinuz-6.11.0-17-generic
[    0.740703] hid: raw HID events driver (C) Jiri Kosina
[    0.741096] wmi_bus wmi_bus-PNP0C14:00: [Firmware Bug]: WQ00 data block query control method not found
[    0.749922] xhci_hcd 0000:00:0d.0: xHCI Host Controller
[    0.752294] xhci_hcd 0000:00:0d.0: new USB bus registered, assigned bus number 1
[    0.755537] xhci_hcd 0000:00:0d.0: hcc params 0x20007fc1 hci version 0x120 quirks 0x0000000200009810
[    0.763497] workqueue: drm_fb_helper_damage_work hogged CPU for >10000us 19 times, consider switching to WQ_UNBOUND
[    0.764032] xhci_hcd 0000:00:0d.0: xHCI Host Controller
[    0.765568] intel-lpss 0000:00:15.0: enabling device (0000 -> 0002)
[    0.766969] xhci_hcd 0000:00:0d.0: new USB bus registered, assigned bus number 2
[    0.775349] xhci_hcd 0000:00:0d.0: Host supports USB 3.2 Enhanced SuperSpeed
[    0.778059] idma64 idma64.0: Found Intel integrated DMA 64-bit
[    0.778200] usb usb1: New USB device found, idVendor=1d6b, idProduct=0002, bcdDevice= 6.11
[    0.783826] usb usb1: New USB device strings: Mfr=3, Product=2, SerialNumber=1
[    0.786648] usb usb1: Product: xHCI Host Controller
[    0.787672] r8169 0000:08:00.0 eth0: RTL8168h/8111h, 08:8f:c3:e7:53:26, XID 541, IRQ 133
[    0.789365] usb usb1: Manufacturer: Linux 6.11.0-17-generic xhci-hcd
[    0.789372] usb usb1: SerialNumber: 0000:00:0d.0
[    0.792152] r8169 0000:08:00.0 eth0: jumbo features [frames: 9194 bytes, tx checksumming: ko]
[    0.795581] hub 1-0:1.0: USB hub found
[    0.804210] hub 1-0:1.0: 1 port detected
[    0.807721] nvme 0000:07:00.0: platform quirk: setting simple suspend
[    0.807746] nvme 0000:06:00.0: platform quirk: setting simple suspend
[    0.807879] usb usb2: New USB device found, idVendor=1d6b, idProduct=0003, bcdDevice= 6.11
[    0.807889] usb usb2: New USB device strings: Mfr=3, Product=2, SerialNumber=1
[    0.807891] usb usb2: Product: xHCI Host Controller
[    0.807892] usb usb2: Manufacturer: Linux 6.11.0-17-generic xhci-hcd
[    0.807894] usb usb2: SerialNumber: 0000:00:0d.0
[    0.809016] hub 2-0:1.0: USB hub found
[    0.809063] hub 2-0:1.0: 1 port detected
[    0.811506] xhci_hcd 0000:00:14.0: xHCI Host Controller
[    0.811941] nvme nvme0: pci function 0000:07:00.0
[    0.812278] nvme nvme1: pci function 0000:06:00.0
[    0.812743] intel-lpss 0000:00:19.0: enabling device (0000 -> 0002)
[    0.814471] idma64 idma64.1: Found Intel integrated DMA 64-bit
[    0.815033] xhci_hcd 0000:00:14.0: new USB bus registered, assigned bus number 3
[    0.821060] nvme nvme0: missing or invalid SUBNQN field.
[    0.822707] xhci_hcd 0000:00:14.0: hcc params 0x20007fc1 hci version 0x120 quirks 0x0000100200009810
[    0.824302] nvme nvme0: D3 entry latency set to 8 seconds
[    0.826904] xhci_hcd 0000:00:14.0: xHCI Host Controller
[    0.841349] ACPI: video: [Firmware Bug]: ACPI(PEGP) defines _DOD but not _DOS
[    0.843032] xhci_hcd 0000:00:14.0: new USB bus registered, assigned bus number 4
[    0.845383] ACPI: video: Video Device [PEGP] (multi-head: yes  rom: no  post: no)
[    0.847420] xhci_hcd 0000:00:14.0: Host supports USB 3.1 Enhanced SuperSpeed
[    0.850408] nvme nvme0: 20/0/0 default/read/poll queues
[    0.850646] input: Video Bus as /devices/LNXSYSTM:00/LNXSYBUS:00/PNP0A08:00/device:03/LNXVIDEO:00/input/input4
[    0.851956] usb usb3: New USB device found, idVendor=1d6b, idProduct=0002, bcdDevice= 6.11
[    0.862824]  nvme0n1: p1 p2 p3
[    0.863913] usb usb3: New USB device strings: Mfr=3, Product=2, SerialNumber=1
[    0.871827] usb usb3: Product: xHCI Host Controller
[    0.874087] usb usb3: Manufacturer: Linux 6.11.0-17-generic xhci-hcd
[    0.876312] usb usb3: SerialNumber: 0000:00:14.0
[    0.878938] hub 3-0:1.0: USB hub found
[    0.881036] hub 3-0:1.0: 12 ports detected
[    0.885006] usb usb4: New USB device found, idVendor=1d6b, idProduct=0003, bcdDevice= 6.11
[    0.887156] usb usb4: New USB device strings: Mfr=3, Product=2, SerialNumber=1
[    0.889161] usb usb4: Product: xHCI Host Controller
[    0.891102] usb usb4: Manufacturer: Linux 6.11.0-17-generic xhci-hcd
[    0.893128] usb usb4: SerialNumber: 0000:00:14.0
[    0.895998] hub 4-0:1.0: USB hub found
[    0.896164] nvme nvme1: 20/0/0 default/read/poll queues
[    0.897996] hub 4-0:1.0: 4 ports detected
[    0.903646] typec port0: bound usb3-port2 (ops connector_ops)
[    0.905656] typec port0: bound usb4-port2 (ops connector_ops)
[    0.909266] nvme nvme1: Ignoring bogus Namespace Identifiers
[    0.915614]  nvme1n1: p1 p2 p3 p4
[    0.950047] r8169 0000:08:00.0 enp8s0: renamed from eth0
[    0.953705] input: MSFT0001:01 06CB:CEFE Mouse as /devices/pci0000:00/0000:00:15.0/i2c_designware.0/i2c-0/i2c-MSFT0001:01/0018:06CB:CEFE.0001/input/input5
[    0.956029] input: MSFT0001:01 06CB:CEFE Touchpad as /devices/pci0000:00/0000:00:15.0/i2c_designware.0/i2c-0/i2c-MSFT0001:01/0018:06CB:CEFE.0001/input/input6
[    0.958261] hid-generic 0018:06CB:CEFE.0001: input,hidraw0: I2C HID v1.00 Mouse [MSFT0001:01 06CB:CEFE] on i2c-MSFT0001:01
[    0.961501] workqueue: drm_fb_helper_damage_work hogged CPU for >10000us 35 times, consider switching to WQ_UNBOUND
[    1.019462] input: MSFT0001:01 06CB:CEFE Mouse as /devices/pci0000:00/0000:00:15.0/i2c_designware.0/i2c-0/i2c-MSFT0001:01/0018:06CB:CEFE.0001/input/input8
[    1.023986] input: MSFT0001:01 06CB:CEFE Touchpad as /devices/pci0000:00/0000:00:15.0/i2c_designware.0/i2c-0/i2c-MSFT0001:01/0018:06CB:CEFE.0001/input/input9
[    1.027281] hid-multitouch 0018:06CB:CEFE.0001: input,hidraw0: I2C HID v1.00 Mouse [MSFT0001:01 06CB:CEFE] on i2c-MSFT0001:01
[    1.121579] usb 3-1: new full-speed USB device number 2 using xhci_hcd
[    1.136906] EXT4-fs (nvme1n1p4): mounted filesystem e24df9f2-33ca-410e-8155-66d3ad7564c5 ro with ordered data mode. Quota mode: none.
[    1.225573] systemd[1]: RTC configured in localtime, applying delta of 540 minutes to system time.
[    1.239749] systemd[1]: Inserted module 'autofs4'
[    1.260302] usb 3-1: New USB device found, idVendor=046d, idProduct=c53f, bcdDevice=55.01
[    1.260350] usb 3-1: New USB device strings: Mfr=1, Product=2, SerialNumber=0
[    1.260361] usb 3-1: Product: USB Receiver
[    1.260368] usb 3-1: Manufacturer: Logitech
[    1.370475] systemd[1]: systemd 255.4-1ubuntu8.5 running in system mode (+PAM +AUDIT +SELINUX +APPARMOR +IMA +SMACK +SECCOMP +GCRYPT -GNUTLS +OPENSSL +ACL +BLKID +CURL +ELFUTILS +FIDO2 +IDN2 -IDN +IPTC +KMOD +LIBCRYPTSETUP +LIBFDISK +PCRE2 -PWQUALITY +P11KIT +QRENCODE +TPM2 +BZIP2 +LZ4 +XZ +ZLIB +ZSTD -BPF_FRAMEWORK -XKBCOMMON +UTMP +SYSVINIT default-hierarchy=unified)
[    1.370849] systemd[1]: Detected architecture x86-64.
[    1.371544] systemd[1]: Hostname set to <hamasoon-Legion-Slim-5-16IRH8>.
[    1.378634] usb 3-4: new full-speed USB device number 3 using xhci_hcd
[    1.509060] usb 3-4: New USB device found, idVendor=048d, idProduct=c984, bcdDevice= 5.00
[    1.509079] usb 3-4: New USB device strings: Mfr=1, Product=2, SerialNumber=0
[    1.509089] usb 3-4: Product: ITE Device(8295)
[    1.509098] usb 3-4: Manufacturer: ITE Tech. Inc.
[    1.515414] systemd[1]: Queued start job for default target graphical.target.
[    1.544790] systemd[1]: Created slice system-modprobe.slice - Slice /system/modprobe.
[    1.545862] systemd[1]: Created slice system-systemd\x2dfsck.slice - Slice /system/systemd-fsck.
[    1.546363] systemd[1]: Created slice user.slice - User and Session Slice.
[    1.546958] systemd[1]: Started systemd-ask-password-wall.path - Forward Password Requests to Wall Directory Watch.
[    1.547592] systemd[1]: Set up automount proc-sys-fs-binfmt_misc.automount - Arbitrary Executable File Formats File System Automount Point.
[    1.547934] systemd[1]: Expecting device dev-disk-by\x2duuid-14EA\x2dE352.device - /dev/disk/by-uuid/14EA-E352...
[    1.548206] systemd[1]: Reached target integritysetup.target - Local Integrity Protected Volumes.
[    1.548448] systemd[1]: Reached target remote-fs.target - Remote File Systems.
[    1.548638] systemd[1]: Reached target slices.target - Slice Units.
[    1.548824] systemd[1]: Reached target snapd.mounts-pre.target - Mounting snaps.
[    1.553578] systemd[1]: Reached target veritysetup.target - Local Verity Protected Volumes.
[    1.557360] systemd[1]: Listening on syslog.socket - Syslog Socket.
[    1.560731] systemd[1]: Listening on systemd-fsckd.socket - fsck to fsckd communication Socket.
[    1.563911] systemd[1]: Listening on systemd-initctl.socket - initctl Compatibility Named Pipe.
[    1.567307] systemd[1]: Listening on systemd-journald-dev-log.socket - Journal Socket (/dev/log).
[    1.570783] systemd[1]: Listening on systemd-journald.socket - Journal Socket.
[    1.574069] systemd[1]: Listening on systemd-oomd.socket - Userspace Out-Of-Memory (OOM) Killer Socket.
[    1.577121] systemd[1]: systemd-pcrextend.socket - TPM2 PCR Extension (Varlink) was skipped because of an unmet condition check (ConditionSecurity=measured-uki).
[    1.578845] systemd[1]: Listening on systemd-udevd-control.socket - udev Control Socket.
[    1.581870] systemd[1]: Listening on systemd-udevd-kernel.socket - udev Kernel Socket.
[    1.608771] systemd[1]: Mounting dev-hugepages.mount - Huge Pages File System...
[    1.610801] systemd[1]: Mounting dev-mqueue.mount - POSIX Message Queue File System...
[    1.615348] systemd[1]: Mounting sys-kernel-debug.mount - Kernel Debug File System...
[    1.619504] systemd[1]: Mounting sys-kernel-tracing.mount - Kernel Trace File System...
[    1.624567] usb 3-7: new high-speed USB device number 4 using xhci_hcd
[    1.625306] systemd[1]: Starting systemd-journald.service - Journal Service...
[    1.631279] systemd[1]: Starting keyboard-setup.service - Set the console keyboard layout...
[    1.635998] systemd[1]: Starting kmod-static-nodes.service - Create List of Static Device Nodes...
[    1.640171] systemd[1]: Starting modprobe@configfs.service - Load Kernel Module configfs...
[    1.641336] systemd-journald[434]: Collecting audit messages is disabled.
[    1.646576] systemd[1]: Starting modprobe@dm_mod.service - Load Kernel Module dm_mod...
[    1.651570] systemd[1]: Starting modprobe@drm.service - Load Kernel Module drm...
[    1.657129] systemd[1]: Starting modprobe@efi_pstore.service - Load Kernel Module efi_pstore...
[    1.661640] systemd[1]: Starting modprobe@fuse.service - Load Kernel Module fuse...
[    1.665546] systemd[1]: Starting modprobe@loop.service - Load Kernel Module loop...
[    1.667565] pstore: Using crash dump compression: deflate
[    1.669960] systemd[1]: systemd-fsck-root.service - File System Check on Root Device was skipped because of an unmet condition check (ConditionPathExists=!/run/initramfs/fsck-root).
[    1.673259] systemd[1]: Starting systemd-modules-load.service - Load Kernel Modules...
[    1.676264] systemd[1]: systemd-pcrmachine.service - TPM2 PCR Machine ID Measurement was skipped because of an unmet condition check (ConditionSecurity=measured-uki).
[    1.679209] systemd[1]: Starting systemd-remount-fs.service - Remount Root and Kernel File Systems...
[    1.682359] systemd[1]: systemd-tpm2-setup-early.service - TPM2 SRK Setup (Early) was skipped because of an unmet condition check (ConditionSecurity=measured-uki).
[    1.685286] systemd[1]: Starting systemd-udev-trigger.service - Coldplug All udev Devices...
[    1.689584] systemd[1]: Mounted dev-hugepages.mount - Huge Pages File System.
[    1.692941] systemd[1]: Mounted dev-mqueue.mount - POSIX Message Queue File System.
[    1.696116] systemd[1]: Mounted sys-kernel-debug.mount - Kernel Debug File System.
[    1.699479] systemd[1]: Mounted sys-kernel-tracing.mount - Kernel Trace File System.
[    1.702979] systemd[1]: Finished keyboard-setup.service - Set the console keyboard layout.
[    1.706593] systemd[1]: Finished kmod-static-nodes.service - Create List of Static Device Nodes.
[    1.708675] EXT4-fs (nvme1n1p4): re-mounted e24df9f2-33ca-410e-8155-66d3ad7564c5 r/w. Quota mode: none.
[    1.709328] lp: driver loaded but no devices found
[    1.713961] systemd[1]: modprobe@configfs.service: Deactivated successfully.
[    1.715817] systemd[1]: Finished modprobe@configfs.service - Load Kernel Module configfs.
[    1.719691] systemd[1]: modprobe@dm_mod.service: Deactivated successfully.
[    1.721518] systemd[1]: Finished modprobe@dm_mod.service - Load Kernel Module dm_mod.
[    1.724982] systemd[1]: modprobe@drm.service: Deactivated successfully.
[    1.726810] systemd[1]: Finished modprobe@drm.service - Load Kernel Module drm.
[    1.728093] ppdev: user-space parallel port driver
[    1.733079] systemd[1]: modprobe@fuse.service: Deactivated successfully.
[    1.734943] systemd[1]: Finished modprobe@fuse.service - Load Kernel Module fuse.
[    1.738436] systemd[1]: modprobe@loop.service: Deactivated successfully.
[    1.740649] systemd[1]: Finished modprobe@loop.service - Load Kernel Module loop.
[    1.744101] systemd[1]: Finished systemd-remount-fs.service - Remount Root and Kernel File Systems.
[    1.769603] systemd[1]: Activating swap swap.img.swap - /swap.img...
[    1.773877] systemd[1]: Mounting sys-fs-fuse-connections.mount - FUSE Control File System...
[    1.776135] Adding 8388604k swap on /swap.img.  Priority:-2 extents:65 across:227540992k SS
[    1.779971] systemd[1]: Mounting sys-kernel-config.mount - Kernel Configuration File System...
[    1.783213] systemd[1]: systemd-hwdb-update.service - Rebuild Hardware Database was skipped because of an unmet condition check (ConditionNeedsUpdate=/etc).
[    1.787095] systemd[1]: Starting systemd-random-seed.service - Load/Save OS Random Seed...
[    1.790941] systemd[1]: systemd-repart.service - Repartition Root Disk was skipped because no trigger condition checks were met.
[    1.794271] systemd[1]: Starting systemd-tmpfiles-setup-dev-early.service - Create Static Device Nodes in /dev gracefully...
[    1.797306] systemd[1]: systemd-tpm2-setup.service - TPM2 SRK Setup was skipped because of an unmet condition check (ConditionSecurity=measured-uki).
[    1.799069] systemd[1]: Activated swap swap.img.swap - /swap.img.
[    1.800373] usb 3-7: New USB device found, idVendor=30c9, idProduct=00ac, bcdDevice= 0.08
[    1.802860] usb 3-7: New USB device strings: Mfr=1, Product=2, SerialNumber=3
[    1.802867] usb 3-7: Product: Integrated Camera
[    1.802869] usb 3-7: Manufacturer: 8SSC21K12273V1SR32P214T
[    1.802870] usb 3-7: SerialNumber: 01.00.00
[    1.812100] systemd[1]: Finished systemd-modules-load.service - Load Kernel Modules.
[    1.815809] systemd[1]: Finished systemd-udev-trigger.service - Coldplug All udev Devices.
[    1.819351] systemd[1]: Mounted sys-fs-fuse-connections.mount - FUSE Control File System.
[    1.822815] systemd[1]: Mounted sys-kernel-config.mount - Kernel Configuration File System.
[    1.826378] systemd[1]: Finished systemd-random-seed.service - Load/Save OS Random Seed.
[    1.829962] systemd[1]: Finished systemd-tmpfiles-setup-dev-early.service - Create Static Device Nodes in /dev gracefully.
[    1.833774] systemd[1]: Reached target swap.target - Swaps.
[    1.847261] pstore: Registered efi_pstore as persistent store backend
[    1.858938] systemd[1]: Starting systemd-sysctl.service - Apply Kernel Variables...
[    1.862490] systemd[1]: systemd-sysusers.service - Create System Users was skipped because no trigger condition checks were met.
[    1.866264] systemd[1]: Starting systemd-tmpfiles-setup-dev.service - Create Static Device Nodes in /dev...
[    1.869890] systemd[1]: modprobe@efi_pstore.service: Deactivated successfully.
[    1.871740] systemd[1]: Finished modprobe@efi_pstore.service - Load Kernel Module efi_pstore.
[    1.875271] systemd[1]: systemd-pstore.service - Platform Persistent Storage Archival was skipped because of an unmet condition check (ConditionDirectoryNotEmpty=/sys/fs/pstore).
[    1.879220] systemd[1]: Finished systemd-sysctl.service - Apply Kernel Variables.
[    1.882364] systemd[1]: Finished systemd-tmpfiles-setup-dev.service - Create Static Device Nodes in /dev.
[    1.883500] workqueue: drm_fb_helper_damage_work hogged CPU for >10000us 67 times, consider switching to WQ_UNBOUND
[    1.884122] systemd[1]: Reached target local-fs-pre.target - Preparation for Local File Systems.
[    1.901670] systemd[1]: Mounting snap-bare-5.mount - Mount unit for bare, revision 5...
[    1.905239] systemd[1]: Mounting snap-core22-1722.mount - Mount unit for core22, revision 1722...
[    1.907403] loop0: detected capacity change from 0 to 8
[    1.908568] systemd[1]: Mounting snap-core22-1748.mount - Mount unit for core22, revision 1748...
[    1.911811] systemd[1]: Mounting snap-firefox-4955.mount - Mount unit for firefox, revision 4955...
[    1.913435] loop1: detected capacity change from 0 to 151288
[    1.915503] systemd[1]: Mounting snap-firefox-5361.mount - Mount unit for firefox, revision 5361...
[    1.917653] loop2: detected capacity change from 0 to 151328
[    1.917840] loop3: detected capacity change from 0 to 555776
[    1.918828] systemd[1]: Mounting snap-firmware\x2dupdater-147.mount - Mount unit for firmware-updater, revision 147...
[    1.921710] systemd[1]: Mounting snap-firmware\x2dupdater-167.mount - Mount unit for firmware-updater, revision 167...
[    1.923474] loop4: detected capacity change from 0 to 561248
[    1.924965] systemd[1]: Mounting snap-gnome\x2d42\x2d2204-176.mount - Mount unit for gnome-42-2204, revision 176...
[    1.926363] loop5: detected capacity change from 0 to 22752
[    1.927914] systemd[1]: Mounting snap-gtk\x2dcommon\x2dthemes-1535.mount - Mount unit for gtk-common-themes, revision 1535...
[    1.928558] usb 3-9: new full-speed USB device number 5 using xhci_hcd
[    1.929795] loop6: detected capacity change from 0 to 22800
[    1.930994] systemd[1]: Mounting snap-gtk\x2dtheme\x2dorchis-3.mount - Mount unit for gtk-theme-orchis, revision 3...
[    1.932493] loop7: detected capacity change from 0 to 1034424
[    1.933940] systemd[1]: Mounting snap-snap\x2dstore-1173.mount - Mount unit for snap-store, revision 1173...
[    1.935692] loop8: detected capacity change from 0 to 187776
[    1.936848] systemd[1]: Mounting snap-snap\x2dstore-1218.mount - Mount unit for snap-store, revision 1218...
[    1.938853] loop9: detected capacity change from 0 to 1208
[    1.940305] systemd[1]: Mounting snap-snapd-23258.mount - Mount unit for snapd, revision 23258...
[    1.941807] loop10: detected capacity change from 0 to 21584
[    1.943011] systemd[1]: Mounting snap-snapd-23545.mount - Mount unit for snapd, revision 23545...
[    1.945455] loop11: detected capacity change from 0 to 21848
[    1.946133] systemd[1]: Mounting snap-snapd\x2ddesktop\x2dintegration-247.mount - Mount unit for snapd-desktop-integration, revision 247...
[    1.947628] loop12: detected capacity change from 0 to 90720
[    1.949004] systemd[1]: Mounting snap-snapd\x2ddesktop\x2dintegration-253.mount - Mount unit for snapd-desktop-integration, revision 253...
[    1.950840] loop13: detected capacity change from 0 to 91008
[    1.952059] systemd[1]: Mounting snap-thunderbird-609.mount - Mount unit for thunderbird, revision 609...
[    1.953575] loop14: detected capacity change from 0 to 1128
[    1.954777] systemd[1]: Mounting snap-thunderbird-634.mount - Mount unit for thunderbird, revision 634...
[    1.956589] loop15: detected capacity change from 0 to 1136
[    1.958852] systemd[1]: Mounting var-snap-firefox-common-host\x2dhunspell.mount - Mount unit for firefox, revision 4173 via mount-control...
[    1.959574] loop16: detected capacity change from 0 to 308416
[    1.961269] loop17: detected capacity change from 0 to 431744
[    1.961694] systemd[1]: Starting systemd-udevd.service - Rule-based Manager for Device Events and Files...
[    1.970668] systemd[1]: Mounted snap-bare-5.mount - Mount unit for bare, revision 5.
[    1.972334] systemd[1]: Mounted snap-core22-1722.mount - Mount unit for core22, revision 1722.
[    1.973880] systemd[1]: Mounted snap-core22-1748.mount - Mount unit for core22, revision 1748.
[    1.975428] systemd[1]: Mounted snap-firefox-4955.mount - Mount unit for firefox, revision 4955.
[    1.976932] systemd[1]: Mounted snap-firefox-5361.mount - Mount unit for firefox, revision 5361.
[    1.978565] systemd[1]: Mounted snap-firmware\x2dupdater-147.mount - Mount unit for firmware-updater, revision 147.
[    1.980203] systemd[1]: Mounted snap-firmware\x2dupdater-167.mount - Mount unit for firmware-updater, revision 167.
[    1.981816] systemd[1]: Mounted snap-gnome\x2d42\x2d2204-176.mount - Mount unit for gnome-42-2204, revision 176.
[    1.983463] systemd[1]: Mounted snap-gtk\x2dcommon\x2dthemes-1535.mount - Mount unit for gtk-common-themes, revision 1535.
[    1.985071] systemd[1]: Mounted snap-gtk\x2dtheme\x2dorchis-3.mount - Mount unit for gtk-theme-orchis, revision 3.
[    1.986649] systemd[1]: Mounted snap-snap\x2dstore-1173.mount - Mount unit for snap-store, revision 1173.
[    1.988254] systemd[1]: Mounted snap-snap\x2dstore-1218.mount - Mount unit for snap-store, revision 1218.
[    1.989853] systemd[1]: Mounted snap-snapd-23258.mount - Mount unit for snapd, revision 23258.
[    1.991409] systemd[1]: Mounted snap-snapd-23545.mount - Mount unit for snapd, revision 23545.
[    1.992991] systemd[1]: Mounted snap-snapd\x2ddesktop\x2dintegration-247.mount - Mount unit for snapd-desktop-integration, revision 247.
[    1.994694] systemd[1]: Mounted snap-snapd\x2ddesktop\x2dintegration-253.mount - Mount unit for snapd-desktop-integration, revision 253.
[    1.996219] systemd[1]: Mounted snap-thunderbird-609.mount - Mount unit for thunderbird, revision 609.
[    1.997720] systemd[1]: Mounted snap-thunderbird-634.mount - Mount unit for thunderbird, revision 634.
[    1.999237] systemd[1]: Mounted var-snap-firefox-common-host\x2dhunspell.mount - Mount unit for firefox, revision 4173 via mount-control.
[    2.000929] systemd[1]: Reached target snapd.mounts.target - Mounted snaps.
[    2.031389] systemd[1]: Started systemd-udevd.service - Rule-based Manager for Device Events and Files.
[    2.032934] systemd[1]: plymouth-start.service - Show Plymouth Boot Screen was skipped because of an unmet condition check (ConditionKernelCommandLine=splash).
[    2.032976] systemd[1]: Started systemd-ask-password-console.path - Dispatch Password Requests to Console Directory Watch.
[    2.033426] systemd[1]: systemd-ask-password-plymouth.path - Forward Password Requests to Plymouth Directory Watch was skipped because of an unmet condition check (ConditionPathExists=/run/plymouth/pid).
[    2.033434] systemd[1]: Reached target cryptsetup.target - Local Encrypted Volumes.
[    2.076907] usb 3-9: New USB device found, idVendor=048d, idProduct=c982, bcdDevice= 6.00
[    2.076915] usb 3-9: New USB device strings: Mfr=1, Product=2, SerialNumber=0
[    2.076918] usb 3-9: Product: ITE Device(8176)
[    2.076920] usb 3-9: Manufacturer: ITE Tech. Inc.
[    2.098698] Consider using thermal netlink events interface
[    2.106419] intel_pmc_core INT33A1:00:  initialized
[    2.138966] resource: resource sanity check: requesting [mem 0x00000000fedc0000-0x00000000fedcffff], which spans more than pnp 00:04 [mem 0xfedc0000-0xfedc7fff]
[    2.138971] caller igen6_probe+0x1c9/0x610 [igen6_edac] mapping multiple BARs
[    2.143359] EDAC MC0: Giving out device to module igen6_edac controller Intel_client_SoC MC#0: DEV 0000:00:00.0 (INTERRUPT)
[    2.148088] EDAC MC1: Giving out device to module igen6_edac controller Intel_client_SoC MC#1: DEV 0000:00:00.0 (INTERRUPT)
[    2.148141] EDAC igen6 MC1: HANDLING IBECC MEMORY ERROR
[    2.148143] EDAC igen6 MC1: ADDR 0x1ffffffffff 
[    2.148144] EDAC igen6 MC0: HANDLING IBECC MEMORY ERROR
[    2.148145] EDAC igen6 MC0: ADDR 0x1ffffffffff 
[    2.149720] EDAC igen6: v2.5.1
[    2.152464] systemd[1]: Found device dev-disk-by\x2duuid-14EA\x2dE352.device - SHGP31-1000GM 3.
[    2.152695] ideapad_acpi VPC2004:00: Unknown keyboard type: 1
[    2.162900] input: Ideapad extra buttons as /devices/pci0000:00/0000:00:1f.0/PNP0C09:00/VPC2004:00/input/input11
[    2.163762] ideapad_acpi VPC2004:00: Keyboard backlight control not available
[    2.169975] cfg80211: Loading compiled-in X.509 certificates for regulatory database
[    2.170180] Loaded X.509 cert 'sforshee: 00b28ddf47aef9cea7'
[    2.170275] Loaded X.509 cert 'wens: 61c038651aabdcf94bd0ac7ff06c7248db18c600'
[    2.171063] i801_smbus 0000:00:1f.4: enabling device (0000 -> 0003)
[    2.171149] mei_me 0000:00:16.0: enabling device (0000 -> 0002)
[    2.171529] i801_smbus 0000:00:1f.4: SPD Write Disable is set
[    2.171579] i801_smbus 0000:00:1f.4: SMBus using PCI interrupt
[    2.174625] RAPL PMU: API unit is 2^-32 Joules, 3 fixed counters, 655360 ms ovfl timer
[    2.174630] RAPL PMU: hw unit of domain pp0-core 2^-14 Joules
[    2.174631] RAPL PMU: hw unit of domain package 2^-14 Joules
[    2.174632] RAPL PMU: hw unit of domain psys 2^-14 Joules
[    2.181976] Intel(R) Wireless WiFi driver for Linux
[    2.182073] iwlwifi 0000:00:14.3: enabling device (0000 -> 0002)
[    2.187365] iwlwifi 0000:00:14.3: Detected crf-id 0x400410, cnv-id 0x80400 wfpm id 0x80000020
[    2.187407] iwlwifi 0000:00:14.3: PCI dev 51f1/0094, rev=0x370, rfid=0x2010d000
[    2.187411] iwlwifi 0000:00:14.3: Detected Intel(R) Wi-Fi 6E AX211 160MHz
[    2.190870] intel_rapl_msr: PL4 support detected.
[    2.190939] intel_rapl_common: Found RAPL domain package
[    2.190941] intel_rapl_common: Found RAPL domain core
[    2.190947] intel_rapl_common: Found RAPL domain psys
[    2.201960] iwlwifi 0000:00:14.3: TLV_FW_FSEQ_VERSION: FSEQ Version: 0.0.2.42
[    2.203621] iwlwifi 0000:00:14.3: loaded firmware version 89.202a2f7b.0 so-a0-gf-a0-89.ucode op_mode iwlmvm
[    2.213558] usb 3-10: new full-speed USB device number 6 using xhci_hcd
[    2.216916] i2c i2c-2: Successfully instantiated SPD at 0x50
[    2.218839] ideapad_acpi VPC2004:00: DYTC interface is not available
[    2.221182] cryptd: max_cpu_qlen set to 1000
[    2.227561] AES CTR mode by8 optimization enabled
[    2.227578] proc_thermal_pci 0000:00:04.0: enabling device (0000 -> 0002)
[    2.229798] intel_rapl_common: Found RAPL domain package
[    2.245543] spd5118 2-0050: DDR5 temperature sensor: vendor 0x00:0xb3 revision 2.2
[    2.249905] Creating 1 MTD partitions on "0000:00:1f.5":
[    2.249922] 0x000000000000-0x000002000000 : "BIOS"
[    2.294674] systemd[1]: Starting systemd-fsck@dev-disk-by\x2duuid-14EA\x2dE352.service - File System Check on /dev/disk/by-uuid/14EA-E352...
[    2.305664] systemd[1]: Listening on systemd-rfkill.socket - Load/Save RF Kill Switch Status /dev/rfkill Watch.
[    2.310320] systemd[1]: Started systemd-fsckd.service - File System Check Daemon to report status.
[    2.316328] systemd[1]: Starting systemd-rfkill.service - Load/Save RF Kill Switch Status...
[    2.323583] systemd[1]: Finished systemd-fsck@dev-disk-by\x2duuid-14EA\x2dE352.service - File System Check on /dev/disk/by-uuid/14EA-E352.
[    2.328141] systemd[1]: Mounting boot-efi.mount - /boot/efi...
[    2.335659] nvidia: loading out-of-tree module taints kernel.
[    2.335671] nvidia: module license 'NVIDIA' taints kernel.
[    2.335672] Disabling lock debugging due to kernel taint
[    2.335675] nvidia: module license taints kernel.
[    2.345723] usb 3-10: New USB device found, idVendor=8087, idProduct=0033, bcdDevice= 0.00
[    2.345741] usb 3-10: New USB device strings: Mfr=0, Product=0, SerialNumber=0
[    2.345919] systemd[1]: Mounted boot-efi.mount - /boot/efi.
[    2.348453] systemd[1]: Reached target local-fs.target - Local File Systems.
[    2.351886] systemd[1]: Listening on systemd-sysext.socket - System Extension Image Management (Varlink).
[    2.356121] systemd[1]: Starting apparmor.service - Load AppArmor profiles...
[    2.359595] systemd[1]: Starting console-setup.service - Set console font and keymap...
[    2.361925] systemd[1]: ldconfig.service - Rebuild Dynamic Linker Cache was skipped because no trigger condition checks were met.
[    2.363517] systemd[1]: Starting plymouth-read-write.service - Tell Plymouth To Write Out Runtime Data...
[    2.371218] systemd[1]: Starting systemd-binfmt.service - Set Up Additional Binary Formats...
[    2.374725] systemd[1]: Starting ufw.service - Uncomplicated firewall...
[    2.377679] systemd[1]: Started systemd-rfkill.service - Load/Save RF Kill Switch Status.
[    2.380043] systemd[1]: Started systemd-journald.service - Journal Service.
[    2.393489] audit: type=1400 audit(1739805894.460:2): apparmor="STATUS" operation="profile_load" profile="unconfined" name="ch-run" pid=719 comm="apparmor_parser"
[    2.393502] audit: type=1400 audit(1739805894.460:3): apparmor="STATUS" operation="profile_load" profile="unconfined" name="brave" pid=714 comm="apparmor_parser"
[    2.393609] audit: type=1400 audit(1739805894.461:4): apparmor="STATUS" operation="profile_load" profile="unconfined" name=4D6F6E676F444220436F6D70617373 pid=711 comm="apparmor_parser"
[    2.393692] audit: type=1400 audit(1739805894.461:5): apparmor="STATUS" operation="profile_load" profile="unconfined" name="Discord" pid=710 comm="apparmor_parser"
[    2.393758] audit: type=1400 audit(1739805894.461:6): apparmor="STATUS" operation="profile_load" profile="unconfined" name="crun" pid=722 comm="apparmor_parser"
[    2.393814] audit: type=1400 audit(1739805894.461:7): apparmor="STATUS" operation="profile_load" profile="unconfined" name="devhelp" pid=723 comm="apparmor_parser"
[    2.393984] audit: type=1400 audit(1739805894.461:8): apparmor="STATUS" operation="profile_load" profile="unconfined" name="QtWebEngineProcess" pid=712 comm="apparmor_parser"
[    2.394045] audit: type=1400 audit(1739805894.461:9): apparmor="STATUS" operation="profile_load" profile="unconfined" name="chrome" pid=720 comm="apparmor_parser"
[    2.394135] audit: type=1400 audit(1739805894.461:10): apparmor="STATUS" operation="profile_load" profile="unconfined" name="cam" pid=717 comm="apparmor_parser"
[    2.426765] systemd-journald[434]: Received client request to flush runtime journal.
[    2.435410] systemd-journald[434]: /var/log/journal/b1b318452ab4492bb1ad55f1186c1c34/system.journal: Journal file uses a different sequence number ID, rotating.
[    2.435416] systemd-journald[434]: Rotating system journal.
[    2.497567] mc: Linux media interface: v0.10
[    2.498618] nvidia-nvlink: Nvlink Core is being initialized, major device number 235

[    2.500333] nvidia 0000:01:00.0: vgaarb: VGA decodes changed: olddecodes=io+mem,decodes=none:owns=none
[    2.512191] Bluetooth: Core ver 2.22
[    2.512210] NET: Registered PF_BLUETOOTH protocol family
[    2.512211] Bluetooth: HCI device and connection manager initialized
[    2.512214] Bluetooth: HCI socket layer initialized
[    2.512216] Bluetooth: L2CAP socket layer initialized
[    2.512219] Bluetooth: SCO socket layer initialized
[    2.516016] input: Logitech USB Receiver as /devices/pci0000:00/0000:00:14.0/usb3/3-1/3-1:1.0/0003:046D:C53F.0002/input/input12
[    2.521658] snd_hda_intel 0000:00:1f.3: enabling device (0000 -> 0002)
