[    0.000000] Linux version 6.8.0-57-generic (buildd@lcy02-amd64-104) (x86_64-linux-gnu-gcc-12 (Ubuntu 12.3.0-1ubuntu1~22.04) 12.3.0, GNU ld (GNU Binutils for Ubuntu) 2.38) #59~22.04.1-Ubuntu SMP PREEMPT_DYNAMIC Wed Mar 19 17:07:41 UTC 2 (Ubuntu 6.8.0-57.59~22.04.1-generic 6.8.12)
[    0.000000] Command line: BOOT_IMAGE=/boot/vmlinuz-6.8.0-57-generic root=UUID=b5e84f74-7532-4797-9ff4-9a3261f84236 ro memmap=16G$48G isolcpus=10,11,12,13
[    0.000000] KERNEL supported cpus:
[    0.000000]   Intel GenuineIntel
[    0.000000]   AMD AuthenticAMD
[    0.000000]   Hygon HygonGenuine
[    0.000000]   Centaur CentaurHauls
[    0.000000]   zhaoxin   Shanghai  
[    0.000000] BIOS-provided physical RAM map:
[    0.000000] BIOS-e820: [mem 0x0000000000000000-0x000000000009ffff] usable
[    0.000000] BIOS-e820: [mem 0x00000000000a0000-0x00000000000fffff] reserved
[    0.000000] BIOS-e820: [mem 0x0000000000100000-0x0000000009e01fff] usable
[    0.000000] BIOS-e820: [mem 0x0000000009e02000-0x0000000009ffffff] reserved
[    0.000000] BIOS-e820: [mem 0x000000000a000000-0x000000000a1fffff] usable
[    0.000000] BIOS-e820: [mem 0x000000000a200000-0x000000000a20ffff] ACPI NVS
[    0.000000] BIOS-e820: [mem 0x000000000a210000-0x000000000affffff] usable
[    0.000000] BIOS-e820: [mem 0x000000000b000000-0x000000000b020fff] reserved
[    0.000000] BIOS-e820: [mem 0x000000000b021000-0x00000000ac58cfff] usable
[    0.000000] BIOS-e820: [mem 0x00000000ac58d000-0x00000000b258cfff] reserved
[    0.000000] BIOS-e820: [mem 0x00000000b258d000-0x00000000b266efff] ACPI data
[    0.000000] BIOS-e820: [mem 0x00000000b266f000-0x00000000b466efff] ACPI NVS
[    0.000000] BIOS-e820: [mem 0x00000000b466f000-0x00000000ba5fefff] reserved
[    0.000000] BIOS-e820: [mem 0x00000000ba5ff000-0x00000000bbff8fff] usable
[    0.000000] BIOS-e820: [mem 0x00000000bbff9000-0x00000000bbffdfff] reserved
[    0.000000] BIOS-e820: [mem 0x00000000bbffe000-0x00000000bbffffff] usable
[    0.000000] BIOS-e820: [mem 0x00000000bc000000-0x00000000bcffffff] reserved
[    0.000000] BIOS-e820: [mem 0x00000000bd7f3000-0x00000000bfffffff] reserved
[    0.000000] BIOS-e820: [mem 0x00000000e0000000-0x00000000efffffff] reserved
[    0.000000] BIOS-e820: [mem 0x00000000f7000000-0x00000000ffffffff] reserved
[    0.000000] BIOS-e820: [mem 0x0000000100000000-0x000000101de7ffff] usable
[    0.000000] BIOS-e820: [mem 0x000000101eec0000-0x00000010601fffff] reserved
[    0.000000] BIOS-e820: [mem 0x000000fd00000000-0x000000ffffffffff] reserved
[    0.000000] NX (Execute Disable) protection: active
[    0.000000] APIC: Static calls initialized
[    0.000000] e820: update [mem 0xa6dbd018-0xa6de1c57] usable ==> usable
[    0.000000] e820: update [mem 0xa6dbd018-0xa6de1c57] usable ==> usable
[    0.000000] e820: update [mem 0xa6db2018-0xa6dbce57] usable ==> usable
[    0.000000] e820: update [mem 0xa6db2018-0xa6dbce57] usable ==> usable
[    0.000000] extended physical RAM map:
[    0.000000] reserve setup_data: [mem 0x0000000000000000-0x000000000009ffff] usable
[    0.000000] reserve setup_data: [mem 0x00000000000a0000-0x00000000000fffff] reserved
[    0.000000] reserve setup_data: [mem 0x0000000000100000-0x0000000009e01fff] usable
[    0.000000] reserve setup_data: [mem 0x0000000009e02000-0x0000000009ffffff] reserved
[    0.000000] reserve setup_data: [mem 0x000000000a000000-0x000000000a1fffff] usable
[    0.000000] reserve setup_data: [mem 0x000000000a200000-0x000000000a20ffff] ACPI NVS
[    0.000000] reserve setup_data: [mem 0x000000000a210000-0x000000000affffff] usable
[    0.000000] reserve setup_data: [mem 0x000000000b000000-0x000000000b020fff] reserved
[    0.000000] reserve setup_data: [mem 0x000000000b021000-0x00000000a6db2017] usable
[    0.000000] reserve setup_data: [mem 0x00000000a6db2018-0x00000000a6dbce57] usable
[    0.000000] reserve setup_data: [mem 0x00000000a6dbce58-0x00000000a6dbd017] usable
[    0.000000] reserve setup_data: [mem 0x00000000a6dbd018-0x00000000a6de1c57] usable
[    0.000000] reserve setup_data: [mem 0x00000000a6de1c58-0x00000000ac58cfff] usable
[    0.000000] reserve setup_data: [mem 0x00000000ac58d000-0x00000000b258cfff] reserved
[    0.000000] reserve setup_data: [mem 0x00000000b258d000-0x00000000b266efff] ACPI data
[    0.000000] reserve setup_data: [mem 0x00000000b266f000-0x00000000b466efff] ACPI NVS
[    0.000000] reserve setup_data: [mem 0x00000000b466f000-0x00000000ba5fefff] reserved
[    0.000000] reserve setup_data: [mem 0x00000000ba5ff000-0x00000000bbff8fff] usable
[    0.000000] reserve setup_data: [mem 0x00000000bbff9000-0x00000000bbffdfff] reserved
[    0.000000] reserve setup_data: [mem 0x00000000bbffe000-0x00000000bbffffff] usable
[    0.000000] reserve setup_data: [mem 0x00000000bc000000-0x00000000bcffffff] reserved
[    0.000000] reserve setup_data: [mem 0x00000000bd7f3000-0x00000000bfffffff] reserved
[    0.000000] reserve setup_data: [mem 0x00000000e0000000-0x00000000efffffff] reserved
[    0.000000] reserve setup_data: [mem 0x00000000f7000000-0x00000000ffffffff] reserved
[    0.000000] reserve setup_data: [mem 0x0000000100000000-0x0000000bffffffff] usable
[    0.000000] reserve setup_data: [mem 0x0000000c00000000-0x0000000fffffffff] reserved
[    0.000000] reserve setup_data: [mem 0x0000001000000000-0x000000101de7ffff] usable
[    0.000000] reserve setup_data: [mem 0x000000101eec0000-0x00000010601fffff] reserved
[    0.000000] reserve setup_data: [mem 0x000000fd00000000-0x000000ffffffffff] reserved
[    0.000000] user-defined physical RAM map:
[    0.000000] user: [mem 0x0000000000000000-0x000000000009ffff] usable
[    0.000000] user: [mem 0x00000000000a0000-0x00000000000fffff] reserved
[    0.000000] user: [mem 0x0000000000100000-0x0000000009e01fff] usable
[    0.000000] user: [mem 0x0000000009e02000-0x0000000009ffffff] reserved
[    0.000000] user: [mem 0x000000000a000000-0x000000000a1fffff] usable
[    0.000000] user: [mem 0x000000000a200000-0x000000000a20ffff] ACPI NVS
[    0.000000] user: [mem 0x000000000a210000-0x000000000affffff] usable
[    0.000000] user: [mem 0x000000000b000000-0x000000000b020fff] reserved
[    0.000000] user: [mem 0x000000000b021000-0x00000000a6db2017] usable
[    0.000000] user: [mem 0x00000000a6db2018-0x00000000a6dbce57] usable
[    0.000000] user: [mem 0x00000000a6dbce58-0x00000000a6dbd017] usable
[    0.000000] user: [mem 0x00000000a6dbd018-0x00000000a6de1c57] usable
[    0.000000] user: [mem 0x00000000a6de1c58-0x00000000ac58cfff] usable
[    0.000000] user: [mem 0x00000000ac58d000-0x00000000b258cfff] reserved
[    0.000000] user: [mem 0x00000000b258d000-0x00000000b266efff] ACPI data
[    0.000000] user: [mem 0x00000000b266f000-0x00000000b466efff] ACPI NVS
[    0.000000] user: [mem 0x00000000b466f000-0x00000000ba5fefff] reserved
[    0.000000] user: [mem 0x00000000ba5ff000-0x00000000bbff8fff] usable
[    0.000000] user: [mem 0x00000000bbff9000-0x00000000bbffdfff] reserved
[    0.000000] user: [mem 0x00000000bbffe000-0x00000000bbffffff] usable
[    0.000000] user: [mem 0x00000000bc000000-0x00000000bcffffff] reserved
[    0.000000] user: [mem 0x00000000bd7f3000-0x00000000bfffffff] reserved
[    0.000000] user: [mem 0x00000000e0000000-0x00000000efffffff] reserved
[    0.000000] user: [mem 0x00000000f7000000-0x00000000ffffffff] reserved
[    0.000000] user: [mem 0x0000000100000000-0x0000000bffffffff] usable
[    0.000000] user: [mem 0x0000000c00000000-0x0000000fffffffff] reserved
[    0.000000] user: [mem 0x0000001000000000-0x000000101de7ffff] usable
[    0.000000] user: [mem 0x000000101eec0000-0x00000010601fffff] reserved
[    0.000000] user: [mem 0x000000fd00000000-0x000000ffffffffff] reserved
[    0.000000] efi: EFI v2.9 by American Megatrends
[    0.000000] efi: ACPI=0xb4656000 ACPI 2.0=0xb4656014 TPMFinalLog=0xb4623000 SMBIOS=0xb9ad9000 SMBIOS 3.0=0xb9ad8000 MEMATTR=0xa6f20018 ESRT=0xa7dbd498 MOKvar=0xb9b39000 RNG=0xb25ba018 TPMEventLog=0xb25ae018 
[    0.000000] random: crng init done
[    0.000000] efi: Remove mem76: MMIO range=[0xe0000000-0xefffffff] (256MB) from e820 map
[    0.000000] e820: remove [mem 0xe0000000-0xefffffff] reserved
[    0.000000] efi: Remove mem77: MMIO range=[0xf7000000-0xfedfffff] (126MB) from e820 map
[    0.000000] e820: remove [mem 0xf7000000-0xfedfffff] reserved
[    0.000000] efi: Not removing mem78: MMIO range=[0xfee00000-0xfee00fff] (4KB) from e820 map
[    0.000000] efi: Remove mem79: MMIO range=[0xfee01000-0xffffffff] (17MB) from e820 map
[    0.000000] e820: remove [mem 0xfee01000-0xffffffff] reserved
[    0.000000] efi: Remove mem81: MMIO range=[0x1040000000-0x10601fffff] (514MB) from e820 map
[    0.000000] e820: remove [mem 0x1040000000-0x10601fffff] reserved
[    0.000000] secureboot: Secure boot disabled
[    0.000000] SMBIOS 3.6.0 present.
[    0.000000] DMI: Micro-Star International Co., Ltd. MS-7D75/MAG B650 TOMAHAWK WIFI (MS-7D75), BIOS 1.E0 02/20/2024
[    0.000000] tsc: Fast TSC calibration using PIT
[    0.000000] tsc: Detected 4200.189 MHz processor
[    0.000115] e820: update [mem 0x00000000-0x00000fff] usable ==> reserved
[    0.000116] e820: remove [mem 0x000a0000-0x000fffff] usable
[    0.000121] last_pfn = 0x101de80 max_arch_pfn = 0x400000000
[    0.000126] MTRR map: 5 entries (3 fixed + 2 variable; max 20), built from 9 variable MTRRs
[    0.000127] x86/PAT: Configuration [0-7]: WB  WC  UC- UC  WB  WP  UC- WT  
[    0.000337] e820: update [mem 0xc0000000-0xffffffff] usable ==> reserved
[    0.000345] last_pfn = 0xbc000 max_arch_pfn = 0x400000000
[    0.002785] esrt: Reserving ESRT space from 0x00000000a7dbd498 to 0x00000000a7dbd4d0.
[    0.002790] e820: update [mem 0xa7dbd000-0xa7dbdfff] usable ==> reserved
[    0.002803] Using GB pages for direct mapping
[    0.003049] secureboot: Secure boot disabled
[    0.003049] RAMDISK: [mem 0xa07db000-0xa4e1bfff]
[    0.003054] ACPI: Early table checksum verification disabled
[    0.003057] ACPI: RSDP 0x00000000B4656014 000024 (v02 ALASKA)
[    0.003060] ACPI: XSDT 0x00000000B4655728 000104 (v01 ALASKA A M I    01072009 AMI  01000013)
[    0.003064] ACPI: FACP 0x00000000B2665000 000114 (v06 ALASKA A M I    01072009 AMI  00010013)
[    0.003067] ACPI: DSDT 0x00000000B25EA000 06F33C (v128 ALASKA A M I    01072009 INTL 20221020)
[    0.003069] ACPI: FACS 0x00000000B4653000 000040
[    0.003071] ACPI: SSDT 0x00000000B2667000 007F64 (v02 AMD    Splinter 00000002 MSFT 04000000)
[    0.003072] ACPI: SSDT 0x00000000B2666000 0003F1 (v02 ALASKA CPUSSDT  01072009 AMI  01072009)
[    0.003074] ACPI: FIDT 0x00000000B265E000 00009C (v01 ALASKA A M I    01072009 AMI  00010013)
[    0.003075] ACPI: MCFG 0x00000000B265D000 00003C (v01 ALASKA A M I    01072009 MSFT 00010013)
[    0.003076] ACPI: HPET 0x00000000B265C000 000038 (v01 ALASKA A M I    01072009 AMI  00000005)
[    0.003078] ACPI: WDRT 0x00000000B265B000 000047 (v01 ALASKA A M I    01072009 AMI  00000005)
[    0.003079] ACPI: UEFI 0x00000000B4000000 000048 (v01 ALASKA A M I    01072009 AMI  01000013)
[    0.003081] ACPI: FPDT 0x00000000B265A000 000044 (v01 ALASKA A M I    01072009 AMI  01000013)
[    0.003082] ACPI: VFCT 0x00000000B25DF000 00AE84 (v01 ALASKA A M I    00000001 AMD  33504F47)
[    0.003083] ACPI: SSDT 0x00000000B25D5000 009BAE (v02 AMD    AMD CPU  00000001 AMD  00000001)
[    0.003085] ACPI: SSDT 0x00000000B2663000 0006D4 (v02 AMD    CPMWLRC  00000001 INTL 20221020)
[    0.003086] ACPI: SSDT 0x00000000B2661000 0015D0 (v02 AMD    CPMDFIG2 00000001 INTL 20221020)
[    0.003087] ACPI: SSDT 0x00000000B25D2000 002AA6 (v02 AMD    CDFAAIG2 00000001 INTL 20221020)
[    0.003089] ACPI: SSDT 0x00000000B2660000 00078F (v02 AMD    CPMDFDG1 00000001 INTL 20221020)
[    0.003090] ACPI: SSDT 0x00000000B25C8000 009A53 (v02 AMD    CPMCMN   00000001 INTL 20221020)
[    0.003091] ACPI: SSDT 0x00000000B25C5000 002406 (v02 AMD    AOD      00000001 INTL 20221020)
[    0.003093] ACPI: TPM2 0x00000000B265F000 00004C (v04 ALASKA A M I    00000001 AMI  00000000)
[    0.003094] ACPI: WSMT 0x00000000B25C4000 000028 (v01 ALASKA A M I    01072009 AMI  00010013)
[    0.003095] ACPI: APIC 0x00000000B25C3000 00015E (v06 ALASKA A M I    01072009 AMI  00010013)
[    0.003097] ACPI: IVRS 0x00000000B25C2000 0000C8 (v02 AMD    AmdTable 00000001 AMD  00000001)
[    0.003098] ACPI: SSDT 0x00000000B25C1000 000500 (v02 AMD    MEMTOOL0 00000002 INTL 20221020)
[    0.003100] ACPI: SSDT 0x00000000B25C0000 00096A (v02 AMD    CPMMSOSC 00000001 INTL 20221020)
[    0.003101] ACPI: SSDT 0x00000000B25BF000 00047C (v02 AMD    AMDWOV   00000001 INTL 20221020)
[    0.003102] ACPI: SSDT 0x00000000B25BD000 001046 (v02 AMD    CPMACPV4 00000001 INTL 20221020)
[    0.003104] ACPI: SSDT 0x00000000B25BC000 00053E (v01 AMD    CPMAPMFD 00000001 INTL 20221020)
[    0.003105] ACPI: SSDT 0x00000000B25BB000 00044E (v02 AMD    AmdTable 00000001 INTL 20221020)
[    0.003106] ACPI: BGRT 0x00000000B2664000 000038 (v01 ALASKA A M I    01072009 AMI  00010013)
[    0.003107] ACPI: Reserving FACP table memory at [mem 0xb2665000-0xb2665113]
[    0.003108] ACPI: Reserving DSDT table memory at [mem 0xb25ea000-0xb265933b]
[    0.003108] ACPI: Reserving FACS table memory at [mem 0xb4653000-0xb465303f]
[    0.003109] ACPI: Reserving SSDT table memory at [mem 0xb2667000-0xb266ef63]
[    0.003109] ACPI: Reserving SSDT table memory at [mem 0xb2666000-0xb26663f0]
[    0.003110] ACPI: Reserving FIDT table memory at [mem 0xb265e000-0xb265e09b]
[    0.003110] ACPI: Reserving MCFG table memory at [mem 0xb265d000-0xb265d03b]
[    0.003110] ACPI: Reserving HPET table memory at [mem 0xb265c000-0xb265c037]
[    0.003111] ACPI: Reserving WDRT table memory at [mem 0xb265b000-0xb265b046]
[    0.003111] ACPI: Reserving UEFI table memory at [mem 0xb4000000-0xb4000047]
[    0.003112] ACPI: Reserving FPDT table memory at [mem 0xb265a000-0xb265a043]
[    0.003112] ACPI: Reserving VFCT table memory at [mem 0xb25df000-0xb25e9e83]
[    0.003112] ACPI: Reserving SSDT table memory at [mem 0xb25d5000-0xb25debad]
[    0.003113] ACPI: Reserving SSDT table memory at [mem 0xb2663000-0xb26636d3]
[    0.003113] ACPI: Reserving SSDT table memory at [mem 0xb2661000-0xb26625cf]
[    0.003114] ACPI: Reserving SSDT table memory at [mem 0xb25d2000-0xb25d4aa5]
[    0.003114] ACPI: Reserving SSDT table memory at [mem 0xb2660000-0xb266078e]
[    0.003114] ACPI: Reserving SSDT table memory at [mem 0xb25c8000-0xb25d1a52]
[    0.003115] ACPI: Reserving SSDT table memory at [mem 0xb25c5000-0xb25c7405]
[    0.003115] ACPI: Reserving TPM2 table memory at [mem 0xb265f000-0xb265f04b]
[    0.003116] ACPI: Reserving WSMT table memory at [mem 0xb25c4000-0xb25c4027]
[    0.003116] ACPI: Reserving APIC table memory at [mem 0xb25c3000-0xb25c315d]
[    0.003116] ACPI: Reserving IVRS table memory at [mem 0xb25c2000-0xb25c20c7]
[    0.003117] ACPI: Reserving SSDT table memory at [mem 0xb25c1000-0xb25c14ff]
[    0.003117] ACPI: Reserving SSDT table memory at [mem 0xb25c0000-0xb25c0969]
[    0.003118] ACPI: Reserving SSDT table memory at [mem 0xb25bf000-0xb25bf47b]
[    0.003118] ACPI: Reserving SSDT table memory at [mem 0xb25bd000-0xb25be045]
[    0.003118] ACPI: Reserving SSDT table memory at [mem 0xb25bc000-0xb25bc53d]
[    0.003119] ACPI: Reserving SSDT table memory at [mem 0xb25bb000-0xb25bb44d]
[    0.003119] ACPI: Reserving BGRT table memory at [mem 0xb2664000-0xb2664037]
[    0.003200] No NUMA configuration found
[    0.003200] Faking a node at [mem 0x0000000000000000-0x000000101de7ffff]
[    0.003204] NODE_DATA(0) allocated [mem 0x101de55000-0x101de7ffff]
[    0.003314] Zone ranges:
[    0.003315]   DMA      [mem 0x0000000000001000-0x0000000000ffffff]
[    0.003316]   DMA32    [mem 0x0000000001000000-0x00000000ffffffff]
[    0.003316]   Normal   [mem 0x0000000100000000-0x000000101de7ffff]
[    0.003317]   Device   empty
[    0.003318] Movable zone start for each node
[    0.003318] Early memory node ranges
[    0.003319]   node   0: [mem 0x0000000000001000-0x000000000009ffff]
[    0.003320]   node   0: [mem 0x0000000000100000-0x0000000009e01fff]
[    0.003320]   node   0: [mem 0x000000000a000000-0x000000000a1fffff]
[    0.003321]   node   0: [mem 0x000000000a210000-0x000000000affffff]
[    0.003321]   node   0: [mem 0x000000000b021000-0x00000000ac58cfff]
[    0.003322]   node   0: [mem 0x00000000ba5ff000-0x00000000bbff8fff]
[    0.003322]   node   0: [mem 0x00000000bbffe000-0x00000000bbffffff]
[    0.003322]   node   0: [mem 0x0000000100000000-0x0000000bffffffff]
[    0.003324]   node   0: [mem 0x0000001000000000-0x000000101de7ffff]
[    0.003325] Initmem setup node 0 [mem 0x0000000000001000-0x000000101de7ffff]
[    0.003329] On node 0, zone DMA: 1 pages in unavailable ranges
[    0.003338] On node 0, zone DMA: 96 pages in unavailable ranges
[    0.003408] On node 0, zone DMA32: 510 pages in unavailable ranges
[    0.003415] On node 0, zone DMA32: 16 pages in unavailable ranges
[    0.004528] On node 0, zone DMA32: 33 pages in unavailable ranges
[    0.004630] On node 0, zone DMA32: 24690 pages in unavailable ranges
[    0.004631] On node 0, zone DMA32: 5 pages in unavailable ranges
[    0.031641] On node 0, zone Normal: 16384 pages in unavailable ranges
[    0.032002] On node 0, zone Normal: 8576 pages in unavailable ranges
[    0.032690] ACPI: PM-Timer IO Port: 0x808
[    0.032698] ACPI: LAPIC_NMI (acpi_id[0xff] high edge lint[0x1])
[    0.032709] IOAPIC[0]: apic_id 32, version 33, address 0xfec00000, GSI 0-23
[    0.032712] IOAPIC[1]: apic_id 33, version 33, address 0xfec01000, GSI 24-55
[    0.032713] ACPI: INT_SRC_OVR (bus 0 bus_irq 0 global_irq 2 dfl dfl)
[    0.032715] ACPI: INT_SRC_OVR (bus 0 bus_irq 9 global_irq 9 low level)
[    0.032717] ACPI: Using ACPI (MADT) for SMP configuration information
[    0.032718] ACPI: HPET id: 0x10228201 base: 0xfed00000
[    0.032726] e820: update [mem 0xa6e7b000-0xa6ed7fff] usable ==> reserved
[    0.032735] smpboot: Allowing 32 CPUs, 0 hotplug CPUs
[    0.032748] PM: hibernation: Registered nosave memory: [mem 0x00000000-0x00000fff]
[    0.032749] PM: hibernation: Registered nosave memory: [mem 0x000a0000-0x000fffff]
[    0.032750] PM: hibernation: Registered nosave memory: [mem 0x09e02000-0x09ffffff]
[    0.032751] PM: hibernation: Registered nosave memory: [mem 0x0a200000-0x0a20ffff]
[    0.032751] PM: hibernation: Registered nosave memory: [mem 0x0b000000-0x0b020fff]
[    0.032752] PM: hibernation: Registered nosave memory: [mem 0xa6db2000-0xa6db2fff]
[    0.032753] PM: hibernation: Registered nosave memory: [mem 0xa6dbc000-0xa6dbcfff]
[    0.032753] PM: hibernation: Registered nosave memory: [mem 0xa6dbd000-0xa6dbdfff]
[    0.032754] PM: hibernation: Registered nosave memory: [mem 0xa6de1000-0xa6de1fff]
[    0.032755] PM: hibernation: Registered nosave memory: [mem 0xa6e7b000-0xa6ed7fff]
[    0.032756] PM: hibernation: Registered nosave memory: [mem 0xa7dbd000-0xa7dbdfff]
[    0.032756] PM: hibernation: Registered nosave memory: [mem 0xac58d000-0xb258cfff]
[    0.032757] PM: hibernation: Registered nosave memory: [mem 0xb258d000-0xb266efff]
[    0.032757] PM: hibernation: Registered nosave memory: [mem 0xb266f000-0xb466efff]
[    0.032758] PM: hibernation: Registered nosave memory: [mem 0xb466f000-0xba5fefff]
[    0.032758] PM: hibernation: Registered nosave memory: [mem 0xbbff9000-0xbbffdfff]
[    0.032759] PM: hibernation: Registered nosave memory: [mem 0xbc000000-0xbcffffff]
[    0.032760] PM: hibernation: Registered nosave memory: [mem 0xbd000000-0xbd7f2fff]
[    0.032760] PM: hibernation: Registered nosave memory: [mem 0xbd7f3000-0xbfffffff]
[    0.032760] PM: hibernation: Registered nosave memory: [mem 0xc0000000-0xfedfffff]
[    0.032761] PM: hibernation: Registered nosave memory: [mem 0xfee00000-0xfee00fff]
[    0.032761] PM: hibernation: Registered nosave memory: [mem 0xfee01000-0xffffffff]
[    0.032762] PM: hibernation: Registered nosave memory: [mem 0xc00000000-0xfffffffff]
[    0.032763] [mem 0xc0000000-0xfedfffff] available for PCI devices
[    0.032764] Booting paravirtualized kernel on bare hardware
[    0.032765] clocksource: refined-jiffies: mask: 0xffffffff max_cycles: 0xffffffff, max_idle_ns: 1910969940391419 ns
[    0.032771] setup_percpu: NR_CPUS:8192 nr_cpumask_bits:32 nr_cpu_ids:32 nr_node_ids:1
[    0.033574] percpu: Embedded 86 pages/cpu s229376 r8192 d114688 u524288
[    0.033578] pcpu-alloc: s229376 r8192 d114688 u524288 alloc=1*2097152
[    0.033579] pcpu-alloc: [0] 00 01 02 03 [0] 04 05 06 07 
[    0.033582] pcpu-alloc: [0] 08 09 10 11 [0] 12 13 14 15 
[    0.033584] pcpu-alloc: [0] 16 17 18 19 [0] 20 21 22 23 
[    0.033586] pcpu-alloc: [0] 24 25 26 27 [0] 28 29 30 31 
[    0.033598] Kernel command line: BOOT_IMAGE=/boot/vmlinuz-6.8.0-57-generic root=UUID=b5e84f74-7532-4797-9ff4-9a3261f84236 ro memmap=16G$48G isolcpus=10,11,12,13
[    0.033639] Unknown kernel command line parameters "BOOT_IMAGE=/boot/vmlinuz-6.8.0-57-generic", will be passed to user space.
[    0.036187] Dentry cache hash table entries: 8388608 (order: 14, 67108864 bytes, linear)
[    0.037311] Inode-cache hash table entries: 4194304 (order: 13, 33554432 bytes, linear)
[    0.037428] Fallback order for Node 0: 0 
[    0.037430] Built 1 zonelists, mobility grouping on.  Total pages: 12175338
[    0.037431] Policy zone: Normal
[    0.037437] mem auto-init: stack:all(zero), heap alloc:on, heap free:off
[    0.037469] software IO TLB: area num 32.
[    0.083869] Memory: 48279884K/49475044K available (22528K kernel code, 4440K rwdata, 13920K rodata, 4984K init, 4728K bss, 1194900K reserved, 0K cma-reserved)
[    0.084381] SLUB: HWalign=64, Order=0-3, MinObjects=0, CPUs=32, Nodes=1
[    0.084398] ftrace: allocating 58010 entries in 227 pages
[    0.092459] ftrace: allocated 227 pages with 5 groups
[    0.093034] Dynamic Preempt: voluntary
[    0.093102] rcu: Preemptible hierarchical RCU implementation.
[    0.093102] rcu: 	RCU restricting CPUs from NR_CPUS=8192 to nr_cpu_ids=32.
[    0.093103] 	Trampoline variant of Tasks RCU enabled.
[    0.093104] 	Rude variant of Tasks RCU enabled.
[    0.093104] 	Tracing variant of Tasks RCU enabled.
[    0.093104] rcu: RCU calculated value of scheduler-enlistment delay is 100 jiffies.
[    0.093105] rcu: Adjusting geometry for rcu_fanout_leaf=16, nr_cpu_ids=32
[    0.094501] NR_IRQS: 524544, nr_irqs: 1224, preallocated irqs: 16
[    0.094681] rcu: srcu_init: Setting srcu_struct sizes based on contention.
[    0.094808] Console: colour dummy device 80x25
[    0.094810] printk: legacy console [tty0] enabled
[    0.095037] ACPI: Core revision 20230628
[    0.095259] clocksource: hpet: mask: 0xffffffff max_cycles: 0xffffffff, max_idle_ns: 133484873504 ns
[    0.095273] APIC: Switch to symmetric I/O mode setup
[    0.095851] AMD-Vi: Using global IVHD EFR:0x246577efa2254afa, EFR2:0x0
[    0.096650] ..TIMER: vector=0x30 apic1=0 pin1=2 apic2=-1 pin2=-1
[    0.101278] clocksource: tsc-early: mask: 0xffffffffffffffff max_cycles: 0x3c8b144bc11, max_idle_ns: 440795302660 ns
[    0.101282] Calibrating delay loop (skipped), value calculated using timer frequency.. 8400.37 BogoMIPS (lpj=4200189)
[    0.101294] x86/cpu: User Mode Instruction Prevention (UMIP) activated
[    0.101334] LVT offset 1 assigned for vector 0xf9
[    0.101459] LVT offset 2 assigned for vector 0xf4
[    0.101496] process: using mwait in idle threads
[    0.101498] Last level iTLB entries: 4KB 512, 2MB 512, 4MB 256
[    0.101499] Last level dTLB entries: 4KB 3072, 2MB 3072, 4MB 1536, 1GB 0
[    0.101501] Spectre V1 : Mitigation: usercopy/swapgs barriers and __user pointer sanitization
[    0.101504] Spectre V2 : Mitigation: Enhanced / Automatic IBRS
[    0.101505] Spectre V2 : Spectre v2 / SpectreRSB mitigation: Filling RSB on context switch
[    0.101507] Spectre V2 : mitigation: Enabling conditional Indirect Branch Prediction Barrier
[    0.101508] Spectre V2 : User space: Mitigation: STIBP always-on protection
[    0.101510] Speculative Store Bypass: Mitigation: Speculative Store Bypass disabled via prctl
[    0.101512] Speculative Return Stack Overflow: Mitigation: Safe RET
[    0.101517] x86/fpu: Supporting XSAVE feature 0x001: 'x87 floating point registers'
[    0.101519] x86/fpu: Supporting XSAVE feature 0x002: 'SSE registers'
[    0.101520] x86/fpu: Supporting XSAVE feature 0x004: 'AVX registers'
[    0.101521] x86/fpu: Supporting XSAVE feature 0x020: 'AVX-512 opmask'
[    0.101522] x86/fpu: Supporting XSAVE feature 0x040: 'AVX-512 Hi256'
[    0.101523] x86/fpu: Supporting XSAVE feature 0x080: 'AVX-512 ZMM_Hi256'
[    0.101525] x86/fpu: Supporting XSAVE feature 0x200: 'Protection Keys User registers'
[    0.101526] x86/fpu: Supporting XSAVE feature 0x800: 'Control-flow User registers'
[    0.101528] x86/fpu: xstate_offset[2]:  576, xstate_sizes[2]:  256
[    0.101529] x86/fpu: xstate_offset[5]:  832, xstate_sizes[5]:   64
[    0.101530] x86/fpu: xstate_offset[6]:  896, xstate_sizes[6]:  512
[    0.101532] x86/fpu: xstate_offset[7]: 1408, xstate_sizes[7]: 1024
[    0.101533] x86/fpu: xstate_offset[9]: 2432, xstate_sizes[9]:    8
[    0.101534] x86/fpu: xstate_offset[11]: 2440, xstate_sizes[11]:   16
[    0.101535] x86/fpu: Enabled xstate features 0xae7, context size is 2456 bytes, using 'compacted' format.
[    0.121973] Freeing SMP alternatives memory: 48K
[    0.121977] pid_max: default: 32768 minimum: 301
[    0.125244] LSM: initializing lsm=lockdown,capability,landlock,yama,apparmor,integrity
[    0.125261] landlock: Up and running.
[    0.125263] Yama: becoming mindful.
[    0.125286] AppArmor: AppArmor initialized
[    0.125363] Mount-cache hash table entries: 131072 (order: 8, 1048576 bytes, linear)
[    0.125410] Mountpoint-cache hash table entries: 131072 (order: 8, 1048576 bytes, linear)
[    0.228410] smpboot: CPU0: AMD Ryzen 9 7950X3D 16-Core Processor (family: 0x19, model: 0x61, stepping: 0x2)
[    0.228532] RCU Tasks: Setting shift to 5 and lim to 1 rcu_task_cb_adjust=1 rcu_task_cpu_ids=32.
[    0.228548] RCU Tasks Rude: Setting shift to 5 and lim to 1 rcu_task_cb_adjust=1 rcu_task_cpu_ids=32.
[    0.228562] RCU Tasks Trace: Setting shift to 5 and lim to 1 rcu_task_cb_adjust=1 rcu_task_cpu_ids=32.
[    0.228574] Performance Events: Fam17h+ 16-deep LBR, core perfctr, AMD PMU driver.
[    0.228597] ... version:                2
[    0.228599] ... bit width:              48
[    0.228601] ... generic registers:      6
[    0.228604] ... value mask:             0000ffffffffffff
[    0.228606] ... max period:             00007fffffffffff
[    0.228608] ... fixed-purpose events:   0
[    0.228610] ... event mask:             000000000000003f
[    0.228675] signal: max sigframe size: 3376
[    0.228701] rcu: Hierarchical SRCU implementation.
[    0.228704] rcu: 	Max phase no-delay instances is 400.
[    0.230705] NMI watchdog: Enabled. Permanently consumes one hw-PMU counter.
[    0.230885] smp: Bringing up secondary CPUs ...
[    0.230960] smpboot: x86: Booting SMP configuration:
[    0.230963] .... node  #0, CPUs:        #1  #2  #3  #4  #5  #6  #7  #8  #9 #10 #11 #12 #13 #14 #15 #16 #17 #18 #19 #20 #21 #22 #23 #24 #25 #26 #27 #28 #29 #30 #31
[    0.253389] Spectre V2 : Update user space SMT mitigation: STIBP always-on
[    0.269319] smp: Brought up 1 node, 32 CPUs
[    0.269319] smpboot: Max logical packages: 1
[    0.269319] smpboot: Total of 32 processors activated (268812.09 BogoMIPS)
[    0.271491] devtmpfs: initialized
[    0.271491] x86/mm: Memory block size: 2048MB
[    0.272804] ACPI: PM: Registering ACPI NVS region [mem 0x0a200000-0x0a20ffff] (65536 bytes)
[    0.272804] ACPI: PM: Registering ACPI NVS region [mem 0xb266f000-0xb466efff] (33554432 bytes)
[    0.272804] clocksource: jiffies: mask: 0xffffffff max_cycles: 0xffffffff, max_idle_ns: 1911260446275000 ns
[    0.272804] futex hash table entries: 8192 (order: 7, 524288 bytes, linear)
[    0.273288] pinctrl core: initialized pinctrl subsystem
[    0.273364] PM: RTC time: 23:59:41, date: 2025-04-13
[    0.273662] NET: Registered PF_NETLINK/PF_ROUTE protocol family
[    0.273862] DMA: preallocated 4096 KiB GFP_KERNEL pool for atomic allocations
[    0.273950] DMA: preallocated 4096 KiB GFP_KERNEL|GFP_DMA pool for atomic allocations
[    0.274035] DMA: preallocated 4096 KiB GFP_KERNEL|GFP_DMA32 pool for atomic allocations
[    0.274046] audit: initializing netlink subsys (disabled)
[    0.274053] audit: type=2000 audit(1744588781.177:1): state=initialized audit_enabled=0 res=1
[    0.274053] thermal_sys: Registered thermal governor 'fair_share'
[    0.274053] thermal_sys: Registered thermal governor 'bang_bang'
[    0.274053] thermal_sys: Registered thermal governor 'step_wise'
[    0.274053] thermal_sys: Registered thermal governor 'user_space'
[    0.274053] thermal_sys: Registered thermal governor 'power_allocator'
[    0.274053] EISA bus registered
[    0.274053] cpuidle: using governor ladder
[    0.274053] cpuidle: using governor menu
[    0.274330] acpiphp: ACPI Hot Plug PCI Controller Driver version: 0.5
[    0.274419] PCI: ECAM [mem 0xe0000000-0xefffffff] (base 0xe0000000) for domain 0000 [bus 00-ff]
[    0.274434] PCI: Using configuration type 1 for base access
[    0.274557] kprobes: kprobe jump-optimization is enabled. All kprobes are optimized if possible.
[    0.274563] HugeTLB: registered 1.00 GiB page size, pre-allocated 0 pages
[    0.274563] HugeTLB: 16380 KiB vmemmap can be freed for a 1.00 GiB page
[    0.274563] HugeTLB: registered 2.00 MiB page size, pre-allocated 0 pages
[    0.274563] HugeTLB: 28 KiB vmemmap can be freed for a 2.00 MiB page
[    0.274563] fbcon: Taking over console
[    0.274563] ACPI: Added _OSI(Module Device)
[    0.274563] ACPI: Added _OSI(Processor Device)
[    0.274563] ACPI: Added _OSI(3.0 _SCP Extensions)
[    0.274563] ACPI: Added _OSI(Processor Aggregator Device)
[    0.302383] ACPI: 16 ACPI AML tables successfully acquired and loaded
[    0.349757] ACPI: USB4 _OSC: OS supports USB3+ DisplayPort+ PCIe+ XDomain+
[    0.349762] ACPI: USB4 _OSC: OS controls USB3+ DisplayPort+ PCIe+ XDomain+
[    0.350174] ACPI: _OSC evaluation for CPUs failed, trying _PDC
[    0.351172] ACPI: Interpreter enabled
[    0.351191] ACPI: PM: (supports S0 S3 S4 S5)
[    0.351193] ACPI: Using IOAPIC for interrupt routing
[    0.353985] PCI: Using host bridge windows from ACPI; if necessary, use "pci=nocrs" and report a bug
[    0.353989] PCI: Ignoring E820 reservations for host bridge windows
[    0.354562] ACPI: Enabled 12 GPEs in block 00 to 1F
[    0.357459] ACPI: \_SB_.PCI0.GP17.XHC0.P0U0: New power resource
[    0.359666] ACPI: \_SB_.PCI0.GP17.XHC1.P0U1: New power resource
[    0.363417] ACPI: \_SB_.PCI0.GP19.XHC2.P0U2: New power resource
[    0.364310] ACPI: \_SB_.PCI0.GPP0.M237: New power resource
[    0.364688] ACPI: \_SB_.PCI0.GPP1.P0NV: New power resource
[    0.365809] ACPI: \_SB_.PCI0.GPP7.PWRS: New power resource
[    0.366243] ACPI: \_SB_.PCI0.GPP7.UP00.PWRS: New power resource
[    0.366659] ACPI: \_SB_.PCI0.GPP7.UP00.DP00.PWRS: New power resource
[    0.367072] ACPI: \_SB_.PCI0.GPP7.UP00.DP00.NV00.PWRS: New power resource
[    0.367488] ACPI: \_SB_.PCI0.GPP7.UP00.DP08.PWRS: New power resource
[    0.367785] ACPI: \_SB_.PCI0.GPP7.UP00.DP08.EP00.PWRS: New power resource
[    0.368114] ACPI: \_SB_.PCI0.GPP7.UP00.DP10.PWRS: New power resource
[    0.368420] ACPI: \_SB_.PCI0.GPP7.UP00.DP10.WN00.PWRS: New power resource
[    0.368758] ACPI: \_SB_.PCI0.GPP7.UP00.DP18.PWRS: New power resource
[    0.369056] ACPI: \_SB_.PCI0.GPP7.UP00.DP18.LN00.PWRS: New power resource
[    0.369397] ACPI: \_SB_.PCI0.GPP7.UP00.DP20.PWRS: New power resource
[    0.369997] ACPI: \_SB_.PCI0.GPP7.UP00.DP20.NV00.PWRS: New power resource
[    0.370448] ACPI: \_SB_.PCI0.GPP7.UP00.DP28.PWRS: New power resource
[    0.371034] ACPI: \_SB_.PCI0.GPP7.UP00.DP28.EP00.PWRS: New power resource
[    0.371304] ACPI: \_SB_.PCI0.GPP7.UP00.DP30.PWRS: New power resource
[    0.371896] ACPI: \_SB_.PCI0.GPP7.UP00.DP30.EP00.PWRS: New power resource
[    0.372259] ACPI: \_SB_.PCI0.GPP7.UP00.DP38.PWRS: New power resource
[    0.372859] ACPI: \_SB_.PCI0.GPP7.UP00.DP38.EP00.PWRS: New power resource
[    0.373220] ACPI: \_SB_.PCI0.GPP7.UP00.DP40.PWRS: New power resource
[    0.373633] ACPI: \_SB_.PCI0.GPP7.UP00.DP48.PWRS: New power resource
[    0.374227] ACPI: \_SB_.PCI0.GPP7.UP00.DP48.EP00.PWRS: New power resource
[    0.374593] ACPI: \_SB_.PCI0.GPP7.UP00.DP50.PWRS: New power resource
[    0.375001] ACPI: \_SB_.PCI0.GPP7.UP00.DP50.EP00.PWRS: New power resource
[    0.375427] ACPI: \_SB_.PCI0.GPP7.UP00.DP58.PWRS: New power resource
[    0.375839] ACPI: \_SB_.PCI0.GPP7.UP00.DP58.EP00.PWRS: New power resource
[    0.376253] ACPI: \_SB_.PCI0.GPP7.UP00.DP60.PWRS: New power resource
[    0.376663] ACPI: \_SB_.PCI0.GPP7.UP00.DP60.XH00.PWRS: New power resource
[    0.377709] ACPI: \_SB_.PCI0.GPP7.UP00.DP68.PWRS: New power resource
[    0.378063] ACPI: \_SB_.PCI0.GPP7.UP00.DP68.SA00.PWRS: New power resource
[    0.378124] ACPI: \_SB_.PCI0.GPP8.PWR1: New power resource
[    0.384645] ACPI: \_SB_.PRWL: New power resource
[    0.384676] ACPI: \_SB_.PRWB: New power resource
[    0.385640] ACPI: PCI Root Bridge [PCI0] (domain 0000 [bus 00-ff])
[    0.385647] acpi PNP0A08:00: _OSC: OS supports [ExtendedConfig ASPM ClockPM Segments MSI EDR HPX-Type3]
[    0.385840] acpi PNP0A08:00: _OSC: OS now controls [PCIeHotplug SHPCHotplug PME AER PCIeCapability LTR DPC]
[    0.386499] PCI host bridge to bus 0000:00
[    0.386502] pci_bus 0000:00: root bus resource [io  0x0000-0x03af window]
[    0.386506] pci_bus 0000:00: root bus resource [io  0x03e0-0x0cf7 window]
[    0.386510] pci_bus 0000:00: root bus resource [io  0x03b0-0x03df window]
[    0.386513] pci_bus 0000:00: root bus resource [io  0x0d00-0xffff window]
[    0.386516] pci_bus 0000:00: root bus resource [mem 0x000a0000-0x000dffff window]
[    0.386521] pci_bus 0000:00: root bus resource [mem 0xc0000000-0xf6ffffff window]
[    0.386525] pci_bus 0000:00: root bus resource [mem 0x1040000000-0xffffffffff window]
[    0.386529] pci_bus 0000:00: root bus resource [bus 00-ff]
[    0.386548] pci 0000:00:00.0: [1022:14d8] type 00 class 0x060000 conventional PCI endpoint
[    0.386644] pci 0000:00:00.2: [1022:14d9] type 00 class 0x080600 conventional PCI endpoint
[    0.386733] pci 0000:00:01.0: [1022:14da] type 00 class 0x060000 conventional PCI endpoint
[    0.386805] pci 0000:00:01.1: [1022:14db] type 01 class 0x060400 PCIe Root Port
[    0.386821] pci 0000:00:01.1: PCI bridge to [bus 01]
[    0.386826] pci 0000:00:01.1:   bridge window [io  0xf000-0xffff]
[    0.386830] pci 0000:00:01.1:   bridge window [mem 0xf5000000-0xf60fffff]
[    0.386838] pci 0000:00:01.1:   bridge window [mem 0xf800000000-0xfc01ffffff 64bit pref]
[    0.386894] pci 0000:00:01.1: PME# supported from D0 D3hot D3cold
[    0.387500] pci 0000:00:01.2: [1022:14db] type 01 class 0x060400 PCIe Root Port
[    0.387515] pci 0000:00:01.2: PCI bridge to [bus 02]
[    0.387522] pci 0000:00:01.2:   bridge window [mem 0xf6e00000-0xf6efffff]
[    0.387580] pci 0000:00:01.2: PME# supported from D0 D3hot D3cold
[    0.387705] pci 0000:00:02.0: [1022:14da] type 00 class 0x060000 conventional PCI endpoint
[    0.387778] pci 0000:00:02.1: [1022:14db] type 01 class 0x060400 PCIe Root Port
[    0.387793] pci 0000:00:02.1: PCI bridge to [bus 03-0f]
[    0.387799] pci 0000:00:02.1:   bridge window [io  0xc000-0xdfff]
[    0.387803] pci 0000:00:02.1:   bridge window [mem 0xf6200000-0xf67fffff]
[    0.387810] pci 0000:00:02.1:   bridge window [mem 0xfc20300000-0xfc203fffff 64bit pref]
[    0.387819] pci 0000:00:02.1: enabling Extended Tags
[    0.387868] pci 0000:00:02.1: PME# supported from D0 D3hot D3cold
[    0.388056] pci 0000:00:02.2: [1022:14db] type 01 class 0x060400 PCIe Root Port
[    0.388071] pci 0000:00:02.2: PCI bridge to [bus 10]
[    0.388077] pci 0000:00:02.2:   bridge window [mem 0xf6d00000-0xf6dfffff]
[    0.388090] pci 0000:00:02.2: enabling Extended Tags
[    0.388138] pci 0000:00:02.2: PME# supported from D0 D3hot D3cold
[    0.388262] pci 0000:00:03.0: [1022:14da] type 00 class 0x060000 conventional PCI endpoint
[    0.388343] pci 0000:00:04.0: [1022:14da] type 00 class 0x060000 conventional PCI endpoint
[    0.388427] pci 0000:00:08.0: [1022:14da] type 00 class 0x060000 conventional PCI endpoint
[    0.388502] pci 0000:00:08.1: [1022:14dd] type 01 class 0x060400 PCIe Root Port
[    0.388514] pci 0000:00:08.1: PCI bridge to [bus 11]
[    0.388519] pci 0000:00:08.1:   bridge window [io  0xe000-0xefff]
[    0.388523] pci 0000:00:08.1:   bridge window [mem 0xf6800000-0xf6bfffff]
[    0.388529] pci 0000:00:08.1:   bridge window [mem 0xfc10000000-0xfc201fffff 64bit pref]
[    0.388537] pci 0000:00:08.1: enabling Extended Tags
[    0.388565] pci 0000:00:08.1: PME# supported from D0 D3hot D3cold
[    0.388673] pci 0000:00:08.3: [1022:14dd] type 01 class 0x060400 PCIe Root Port
[    0.388686] pci 0000:00:08.3: PCI bridge to [bus 12]
[    0.388691] pci 0000:00:08.3:   bridge window [mem 0xf6c00000-0xf6cfffff]
[    0.388701] pci 0000:00:08.3: enabling Extended Tags
[    0.388729] pci 0000:00:08.3: PME# supported from D0 D3hot D3cold
[    0.388831] pci 0000:00:14.0: [1022:790b] type 00 class 0x0c0500 conventional PCI endpoint
[    0.388938] pci 0000:00:14.3: [1022:790e] type 00 class 0x060100 conventional PCI endpoint
[    0.389059] pci 0000:00:18.0: [1022:14e0] type 00 class 0x060000 conventional PCI endpoint
[    0.389098] pci 0000:00:18.1: [1022:14e1] type 00 class 0x060000 conventional PCI endpoint
[    0.389136] pci 0000:00:18.2: [1022:14e2] type 00 class 0x060000 conventional PCI endpoint
[    0.389173] pci 0000:00:18.3: [1022:14e3] type 00 class 0x060000 conventional PCI endpoint
[    0.389211] pci 0000:00:18.4: [1022:14e4] type 00 class 0x060000 conventional PCI endpoint
[    0.389250] pci 0000:00:18.5: [1022:14e5] type 00 class 0x060000 conventional PCI endpoint
[    0.389291] pci 0000:00:18.6: [1022:14e6] type 00 class 0x060000 conventional PCI endpoint
[    0.389328] pci 0000:00:18.7: [1022:14e7] type 00 class 0x060000 conventional PCI endpoint
[    0.389431] pci 0000:01:00.0: [10de:2705] type 00 class 0x030000 PCIe Legacy Endpoint
[    0.389453] pci 0000:01:00.0: BAR 0 [mem 0xf5000000-0xf5ffffff]
[    0.389457] pci 0000:01:00.0: BAR 1 [mem 0xf800000000-0xfbffffffff 64bit pref]
[    0.389462] pci 0000:01:00.0: BAR 3 [mem 0xfc00000000-0xfc01ffffff 64bit pref]
[    0.389466] pci 0000:01:00.0: BAR 5 [io  0xf000-0xf07f]
[    0.389469] pci 0000:01:00.0: ROM [mem 0xf6000000-0xf607ffff pref]
[    0.389511] pci 0000:01:00.0: PME# supported from D0 D3hot
[    0.389648] pci 0000:01:00.1: [10de:22bb] type 00 class 0x040300 PCIe Endpoint
[    0.389669] pci 0000:01:00.1: BAR 0 [mem 0xf6080000-0xf6083fff]
[    0.389780] pci 0000:00:01.1: PCI bridge to [bus 01]
[    0.389853] pci 0000:02:00.0: [1c5c:1959] type 00 class 0x010802 PCIe Endpoint
[    0.389880] pci 0000:02:00.0: BAR 0 [mem 0xf6e00000-0xf6e03fff 64bit]
[    0.390047] pci 0000:00:01.2: PCI bridge to [bus 02]
[    0.390120] pci 0000:03:00.0: [1022:43f4] type 01 class 0x060400 PCIe Switch Upstream Port
[    0.390140] pci 0000:03:00.0: PCI bridge to [bus 04-0f]
[    0.390146] pci 0000:03:00.0:   bridge window [io  0xc000-0xdfff]
[    0.390151] pci 0000:03:00.0:   bridge window [mem 0xf6200000-0xf67fffff]
[    0.390160] pci 0000:03:00.0:   bridge window [mem 0xfc20300000-0xfc203fffff 64bit pref]
[    0.390171] pci 0000:03:00.0: enabling Extended Tags
[    0.390220] pci 0000:03:00.0: PME# supported from D0 D3hot D3cold
[    0.390443] pci 0000:00:02.1: PCI bridge to [bus 03-0f]
[    0.390595] pci 0000:04:00.0: [1022:43f5] type 01 class 0x060400 PCIe Switch Downstream Port
[    0.390615] pci 0000:04:00.0: PCI bridge to [bus 05]
[    0.390623] pci 0000:04:00.0:   bridge window [mem 0xf6700000-0xf67fffff]
[    0.390640] pci 0000:04:00.0: enabling Extended Tags
[    0.390691] pci 0000:04:00.0: PME# supported from D0 D3hot D3cold
[    0.390825] pci 0000:04:04.0: [1022:43f5] type 01 class 0x060400 PCIe Switch Downstream Port
[    0.390845] pci 0000:04:04.0: PCI bridge to [bus 06]
[    0.390866] pci 0000:04:04.0: enabling Extended Tags
[    0.390919] pci 0000:04:04.0: PME# supported from D0 D3hot D3cold
[    0.391051] pci 0000:04:05.0: [1022:43f5] type 01 class 0x060400 PCIe Switch Downstream Port
[    0.391071] pci 0000:04:05.0: PCI bridge to [bus 07]
[    0.391093] pci 0000:04:05.0: enabling Extended Tags
[    0.391145] pci 0000:04:05.0: PME# supported from D0 D3hot D3cold
[    0.391277] pci 0000:04:06.0: [1022:43f5] type 01 class 0x060400 PCIe Switch Downstream Port
[    0.391298] pci 0000:04:06.0: PCI bridge to [bus 08]
[    0.391319] pci 0000:04:06.0: enabling Extended Tags
[    0.391372] pci 0000:04:06.0: PME# supported from D0 D3hot D3cold
[    0.391506] pci 0000:04:07.0: [1022:43f5] type 01 class 0x060400 PCIe Switch Downstream Port
[    0.391526] pci 0000:04:07.0: PCI bridge to [bus 09]
[    0.391547] pci 0000:04:07.0: enabling Extended Tags
[    0.391600] pci 0000:04:07.0: PME# supported from D0 D3hot D3cold
[    0.391735] pci 0000:04:08.0: [1022:43f5] type 01 class 0x060400 PCIe Switch Downstream Port
[    0.391755] pci 0000:04:08.0: PCI bridge to [bus 0a]
[    0.391761] pci 0000:04:08.0:   bridge window [io  0xd000-0xdfff]
[    0.391765] pci 0000:04:08.0:   bridge window [mem 0xf6600000-0xf66fffff]
[    0.391782] pci 0000:04:08.0: enabling Extended Tags
[    0.391833] pci 0000:04:08.0: PME# supported from D0 D3hot D3cold
[    0.391964] pci 0000:04:09.0: [1022:43f5] type 01 class 0x060400 PCIe Switch Downstream Port
[    0.391984] pci 0000:04:09.0: PCI bridge to [bus 0b]
[    0.392006] pci 0000:04:09.0: enabling Extended Tags
[    0.392058] pci 0000:04:09.0: PME# supported from D0 D3hot D3cold
[    0.392192] pci 0000:04:0a.0: [1022:43f5] type 01 class 0x060400 PCIe Switch Downstream Port
[    0.392211] pci 0000:04:0a.0: PCI bridge to [bus 0c]
[    0.392218] pci 0000:04:0a.0:   bridge window [io  0xc000-0xcfff]
[    0.392222] pci 0000:04:0a.0:   bridge window [mem 0xf6500000-0xf65fffff]
[    0.392239] pci 0000:04:0a.0: enabling Extended Tags
[    0.392292] pci 0000:04:0a.0: PME# supported from D0 D3hot D3cold
[    0.392426] pci 0000:04:0b.0: [1022:43f5] type 01 class 0x060400 PCIe Switch Downstream Port
[    0.392446] pci 0000:04:0b.0: PCI bridge to [bus 0d]
[    0.392453] pci 0000:04:0b.0:   bridge window [mem 0xf6400000-0xf64fffff]
[    0.392462] pci 0000:04:0b.0:   bridge window [mem 0xfc20300000-0xfc203fffff 64bit pref]
[    0.392474] pci 0000:04:0b.0: enabling Extended Tags
[    0.392525] pci 0000:04:0b.0: PME# supported from D0 D3hot D3cold
[    0.392660] pci 0000:04:0c.0: [1022:43f5] type 01 class 0x060400 PCIe Switch Downstream Port
[    0.392680] pci 0000:04:0c.0: PCI bridge to [bus 0e]
[    0.392687] pci 0000:04:0c.0:   bridge window [mem 0xf6300000-0xf63fffff]
[    0.392703] pci 0000:04:0c.0: enabling Extended Tags
[    0.392740] pci 0000:04:0c.0: PME# supported from D0 D3hot D3cold
[    0.392862] pci 0000:04:0d.0: [1022:43f5] type 01 class 0x060400 PCIe Switch Downstream Port
[    0.392882] pci 0000:04:0d.0: PCI bridge to [bus 0f]
[    0.392888] pci 0000:04:0d.0:   bridge window [mem 0xf6200000-0xf62fffff]
[    0.392905] pci 0000:04:0d.0: enabling Extended Tags
[    0.392941] pci 0000:04:0d.0: PME# supported from D0 D3hot D3cold
[    0.393040] pci 0000:03:00.0: PCI bridge to [bus 04-0f]
[    0.393139] pci 0000:05:00.0: [1c5c:1959] type 00 class 0x010802 PCIe Endpoint
[    0.393181] pci 0000:05:00.0: BAR 0 [mem 0xf6700000-0xf6703fff 64bit]
[    0.393195] pci 0000:05:00.0: enabling Extended Tags
[    0.393453] pci 0000:04:00.0: PCI bridge to [bus 05]
[    0.393499] pci 0000:04:04.0: PCI bridge to [bus 06]
[    0.393543] pci 0000:04:05.0: PCI bridge to [bus 07]
[    0.393586] pci 0000:04:06.0: PCI bridge to [bus 08]
[    0.393629] pci 0000:04:07.0: PCI bridge to [bus 09]
[    0.393684] pci 0000:0a:00.0: [1b21:0612] type 00 class 0x010601 PCIe Legacy Endpoint
[    0.393741] pci 0000:0a:00.0: BAR 0 [io  0xd050-0xd057]
[    0.393745] pci 0000:0a:00.0: BAR 1 [io  0xd040-0xd043]
[    0.393750] pci 0000:0a:00.0: BAR 2 [io  0xd030-0xd037]
[    0.393754] pci 0000:0a:00.0: BAR 3 [io  0xd020-0xd023]
[    0.393758] pci 0000:0a:00.0: BAR 4 [io  0xd000-0xd01f]
[    0.393763] pci 0000:0a:00.0: BAR 5 [mem 0xf6600000-0xf66001ff]
[    0.393903] pci 0000:04:08.0: PCI bridge to [bus 0a]
[    0.393946] pci 0000:04:09.0: PCI bridge to [bus 0b]
[    0.394011] pci 0000:0c:00.0: [10ec:8125] type 00 class 0x020000 PCIe Endpoint
[    0.394068] pci 0000:0c:00.0: BAR 0 [io  0xc000-0xc0ff]
[    0.394075] pci 0000:0c:00.0: BAR 2 [mem 0xf6500000-0xf650ffff 64bit]
[    0.394082] pci 0000:0c:00.0: BAR 4 [mem 0xf6510000-0xf6513fff 64bit]
[    0.394205] pci 0000:0c:00.0: supports D1 D2
[    0.394208] pci 0000:0c:00.0: PME# supported from D0 D1 D2 D3hot D3cold
[    0.394476] pci 0000:04:0a.0: PCI bridge to [bus 0c]
[    0.394539] pci 0000:0d:00.0: [14c3:0616] type 00 class 0x028000 PCIe Endpoint
[    0.394599] pci 0000:0d:00.0: BAR 0 [mem 0xfc20300000-0xfc203fffff 64bit pref]
[    0.394606] pci 0000:0d:00.0: BAR 2 [mem 0xf6400000-0xf6407fff 64bit]
[    0.394622] pci 0000:0d:00.0: enabling Extended Tags
[    0.394712] pci 0000:0d:00.0: PME# supported from D0 D3hot D3cold
[    0.394923] pci 0000:04:0b.0: PCI bridge to [bus 0d]
[    0.394976] pci 0000:0e:00.0: [1022:43f7] type 00 class 0x0c0330 PCIe Legacy Endpoint
[    0.395004] pci 0000:0e:00.0: BAR 0 [mem 0xf6300000-0xf6307fff 64bit]
[    0.395015] pci 0000:0e:00.0: enabling Extended Tags
[    0.395055] pci 0000:0e:00.0: PME# supported from D0 D3hot D3cold
[    0.395187] pci 0000:04:0c.0: PCI bridge to [bus 0e]
[    0.395238] pci 0000:0f:00.0: [1022:43f6] type 00 class 0x010601 PCIe Legacy Endpoint
[    0.395269] pci 0000:0f:00.0: BAR 5 [mem 0xf6280000-0xf62803ff]
[    0.395273] pci 0000:0f:00.0: ROM [mem 0xf6200000-0xf627ffff pref]
[    0.395282] pci 0000:0f:00.0: enabling Extended Tags
[    0.395315] pci 0000:0f:00.0: PME# supported from D0 D3hot D3cold
[    0.395405] pci 0000:04:0d.0: PCI bridge to [bus 0f]
[    0.395658] pci 0000:10:00.0: [1c5c:174a] type 00 class 0x010802 PCIe Endpoint
[    0.395690] pci 0000:10:00.0: BAR 0 [mem 0xf6d00000-0xf6d03fff 64bit]
[    0.395694] pci 0000:10:00.0: BAR 2 [mem 0xf6d05000-0xf6d05fff]
[    0.395697] pci 0000:10:00.0: BAR 3 [mem 0xf6d04000-0xf6d04fff]
[    0.395873] pci 0000:00:02.2: PCI bridge to [bus 10]
[    0.395962] pci 0000:11:00.0: [1002:164e] type 00 class 0x030000 PCIe Legacy Endpoint
[    0.395982] pci 0000:11:00.0: BAR 0 [mem 0xfc10000000-0xfc1fffffff 64bit pref]
[    0.395986] pci 0000:11:00.0: BAR 2 [mem 0xfc20000000-0xfc201fffff 64bit pref]
[    0.395990] pci 0000:11:00.0: BAR 4 [io  0xe000-0xe0ff]
[    0.395993] pci 0000:11:00.0: BAR 5 [mem 0xf6b00000-0xf6b7ffff]
[    0.395999] pci 0000:11:00.0: enabling Extended Tags
[    0.396037] pci 0000:11:00.0: PME# supported from D1 D2 D3hot D3cold
[    0.396134] pci 0000:11:00.1: [1002:1640] type 00 class 0x040300 PCIe Legacy Endpoint
[    0.396152] pci 0000:11:00.1: BAR 0 [mem 0xf6b88000-0xf6b8bfff]
[    0.396160] pci 0000:11:00.1: enabling Extended Tags
[    0.396185] pci 0000:11:00.1: PME# supported from D1 D2 D3hot D3cold
[    0.396257] pci 0000:11:00.2: [1022:1649] type 00 class 0x108000 PCIe Endpoint
[    0.396295] pci 0000:11:00.2: BAR 2 [mem 0xf6a00000-0xf6afffff]
[    0.396299] pci 0000:11:00.2: BAR 5 [mem 0xf6b8c000-0xf6b8dfff]
[    0.396305] pci 0000:11:00.2: enabling Extended Tags
[    0.396396] pci 0000:11:00.3: [1022:15b6] type 00 class 0x0c0330 PCIe Endpoint
[    0.396415] pci 0000:11:00.3: BAR 0 [mem 0xf6900000-0xf69fffff 64bit]
[    0.396423] pci 0000:11:00.3: enabling Extended Tags
[    0.396449] pci 0000:11:00.3: PME# supported from D0 D3hot D3cold
[    0.396524] pci 0000:11:00.4: [1022:15b7] type 00 class 0x0c0330 PCIe Endpoint
[    0.396543] pci 0000:11:00.4: BAR 0 [mem 0xf6800000-0xf68fffff 64bit]
[    0.396551] pci 0000:11:00.4: enabling Extended Tags
[    0.396577] pci 0000:11:00.4: PME# supported from D0 D3hot D3cold
[    0.396651] pci 0000:11:00.6: [1022:15e3] type 00 class 0x040300 PCIe Endpoint
[    0.396669] pci 0000:11:00.6: BAR 0 [mem 0xf6b80000-0xf6b87fff]
[    0.396677] pci 0000:11:00.6: enabling Extended Tags
[    0.396702] pci 0000:11:00.6: PME# supported from D0 D3hot D3cold
[    0.396786] pci 0000:00:08.1: PCI bridge to [bus 11]
[    0.396830] pci 0000:12:00.0: [1022:15b8] type 00 class 0x0c0330 PCIe Endpoint
[    0.396853] pci 0000:12:00.0: BAR 0 [mem 0xf6c00000-0xf6cfffff 64bit]
[    0.396861] pci 0000:12:00.0: enabling Extended Tags
[    0.396893] pci 0000:12:00.0: PME# supported from D0 D3hot D3cold
[    0.396982] pci 0000:00:08.3: PCI bridge to [bus 12]
[    0.403099] ACPI: PCI: Interrupt link LNKA configured for IRQ 0
[    0.403162] ACPI: PCI: Interrupt link LNKB configured for IRQ 0
[    0.403217] ACPI: PCI: Interrupt link LNKC configured for IRQ 0
[    0.403285] ACPI: PCI: Interrupt link LNKD configured for IRQ 0
[    0.403346] ACPI: PCI: Interrupt link LNKE configured for IRQ 0
[    0.403396] ACPI: PCI: Interrupt link LNKF configured for IRQ 0
[    0.403448] ACPI: PCI: Interrupt link LNKG configured for IRQ 0
[    0.403499] ACPI: PCI: Interrupt link LNKH configured for IRQ 0
[    0.404853] iommu: Default domain type: Translated
[    0.404853] iommu: DMA domain TLB invalidation policy: lazy mode
[    0.404853] SCSI subsystem initialized
[    0.404853] libata version 3.00 loaded.
[    0.404853] ACPI: bus type USB registered
[    0.404853] usbcore: registered new interface driver usbfs
[    0.404853] usbcore: registered new interface driver hub
[    0.404853] usbcore: registered new device driver usb
[    0.404853] pps_core: LinuxPPS API ver. 1 registered
[    0.404853] pps_core: Software ver. 5.3.6 - Copyright 2005-2007 Rodolfo Giometti <giometti@linux.it>
[    0.404853] PTP clock support registered
[    0.404853] EDAC MC: Ver: 3.0.0
[    0.405313] efivars: Registered efivars operations
[    0.405580] NetLabel: Initializing
[    0.405584] NetLabel:  domain hash size = 128
[    0.405587] NetLabel:  protocols = UNLABELED CIPSOv4 CALIPSO
[    0.405619] NetLabel:  unlabeled traffic allowed by default
[    0.405642] mctp: management component transport protocol core
[    0.405642] NET: Registered PF_MCTP protocol family
[    0.405642] PCI: Using ACPI for IRQ routing
[    0.412081] PCI: pci_cache_line_size set to 64 bytes
[    0.412152] e820: reserve RAM buffer [mem 0x09e02000-0x0bffffff]
[    0.412155] e820: reserve RAM buffer [mem 0x0a200000-0x0bffffff]
[    0.412156] e820: reserve RAM buffer [mem 0x0b000000-0x0bffffff]
[    0.412157] e820: reserve RAM buffer [mem 0xa6db2018-0xa7ffffff]
[    0.412159] e820: reserve RAM buffer [mem 0xa6dbd018-0xa7ffffff]
[    0.412160] e820: reserve RAM buffer [mem 0xa6e7b000-0xa7ffffff]
[    0.412161] e820: reserve RAM buffer [mem 0xa7dbd000-0xa7ffffff]
[    0.412162] e820: reserve RAM buffer [mem 0xac58d000-0xafffffff]
[    0.412163] e820: reserve RAM buffer [mem 0xbbff9000-0xbbffffff]
[    0.412164] e820: reserve RAM buffer [mem 0x101de80000-0x101fffffff]
[    0.412289] pci 0000:01:00.0: vgaarb: setting as boot VGA device
[    0.412292] pci 0000:01:00.0: vgaarb: bridge control possible
[    0.412295] pci 0000:01:00.0: vgaarb: VGA device added: decodes=io+mem,owns=none,locks=none
[    0.412308] pci 0000:11:00.0: vgaarb: bridge control possible
[    0.412311] pci 0000:11:00.0: vgaarb: VGA device added: decodes=io+mem,owns=none,locks=none
[    0.412315] vgaarb: loaded
[    0.412319] hpet0: at MMIO 0xfed00000, IRQs 2, 8, 0
[    0.412319] hpet0: 3 comparators, 32-bit 14.318180 MHz counter
[    0.414348] clocksource: Switched to clocksource tsc-early
[    0.415139] VFS: Disk quotas dquot_6.6.0
[    0.415152] VFS: Dquot-cache hash table entries: 512 (order 0, 4096 bytes)
[    0.415215] AppArmor: AppArmor Filesystem Enabled
[    0.415246] pnp: PnP ACPI init
[    0.415350] system 00:00: [mem 0xe0000000-0xefffffff] has been reserved
[    0.415428] system 00:01: [mem 0x1020000000-0x103fffffff window] has been reserved
[    0.415698] system 00:03: [io  0x0a00-0x0a0f] has been reserved
[    0.415702] system 00:03: [io  0x0a10-0x0a1f] has been reserved
[    0.415705] system 00:03: [io  0x0a20-0x0a2f] has been reserved
[    0.415981] system 00:04: [io  0x04d0-0x04d1] has been reserved
[    0.415985] system 00:04: [io  0x040b] has been reserved
[    0.415988] system 00:04: [io  0x04d6] has been reserved
[    0.415992] system 00:04: [io  0x0c00-0x0c01] has been reserved
[    0.415995] system 00:04: [io  0x0c14] has been reserved
[    0.415998] system 00:04: [io  0x0c50-0x0c51] has been reserved
[    0.416001] system 00:04: [io  0x0c52] has been reserved
[    0.416004] system 00:04: [io  0x0c6c] has been reserved
[    0.416007] system 00:04: [io  0x0c6f] has been reserved
[    0.416010] system 00:04: [io  0x0cd8-0x0cdf] has been reserved
[    0.416013] system 00:04: [io  0x0800-0x089f] has been reserved
[    0.416017] system 00:04: [io  0x0b00-0x0b0f] has been reserved
[    0.416020] system 00:04: [io  0x0b20-0x0b3f] has been reserved
[    0.416023] system 00:04: [io  0x0900-0x090f] has been reserved
[    0.416026] system 00:04: [io  0x0910-0x091f] has been reserved
[    0.416030] system 00:04: [mem 0xfedc0000-0xfedc0fff] has been reserved
[    0.416033] system 00:04: [mem 0xfee00000-0xfee00fff] has been reserved
[    0.416037] system 00:04: [mem 0xfec10000-0xfec10fff] has been reserved
[    0.416040] system 00:04: [mem 0xfeb00000-0xfeb00fff] has been reserved
[    0.416044] system 00:04: [mem 0xff000000-0xffffffff] has been reserved
[    0.420387] pnp: PnP ACPI: found 5 devices
[    0.426187] clocksource: acpi_pm: mask: 0xffffff max_cycles: 0xffffff, max_idle_ns: 2085701024 ns
[    0.426242] NET: Registered PF_INET protocol family
[    0.426301] IP idents hash table entries: 262144 (order: 9, 2097152 bytes, linear)
[    0.437215] tcp_listen_portaddr_hash hash table entries: 32768 (order: 7, 524288 bytes, linear)
[    0.437246] Table-perturb hash table entries: 65536 (order: 6, 262144 bytes, linear)
[    0.437347] TCP established hash table entries: 524288 (order: 10, 4194304 bytes, linear)
[    0.437586] TCP bind hash table entries: 65536 (order: 9, 2097152 bytes, linear)
[    0.437649] TCP: Hash tables configured (established 524288 bind 65536)
[    0.437757] MPTCP token hash table entries: 65536 (order: 8, 1572864 bytes, linear)
[    0.437827] UDP hash table entries: 32768 (order: 8, 1048576 bytes, linear)
[    0.437898] UDP-Lite hash table entries: 32768 (order: 8, 1048576 bytes, linear)
[    0.437987] NET: Registered PF_UNIX/PF_LOCAL protocol family
[    0.437994] NET: Registered PF_XDP protocol family
[    0.438008] pci 0000:00:01.1: PCI bridge to [bus 01]
[    0.438012] pci 0000:00:01.1:   bridge window [io  0xf000-0xffff]
[    0.438017] pci 0000:00:01.1:   bridge window [mem 0xf5000000-0xf60fffff]
[    0.438022] pci 0000:00:01.1:   bridge window [mem 0xf800000000-0xfc01ffffff 64bit pref]
[    0.438034] pci 0000:00:01.2: PCI bridge to [bus 02]
[    0.438039] pci 0000:00:01.2:   bridge window [mem 0xf6e00000-0xf6efffff]
[    0.438052] pci 0000:04:00.0: PCI bridge to [bus 05]
[    0.438061] pci 0000:04:00.0:   bridge window [mem 0xf6700000-0xf67fffff]
[    0.438069] pci 0000:04:04.0: PCI bridge to [bus 06]
[    0.438077] pci 0000:04:05.0: PCI bridge to [bus 07]
[    0.438086] pci 0000:04:06.0: PCI bridge to [bus 08]
[    0.438094] pci 0000:04:07.0: PCI bridge to [bus 09]
[    0.438103] pci 0000:04:08.0: PCI bridge to [bus 0a]
[    0.438107] pci 0000:04:08.0:   bridge window [io  0xd000-0xdfff]
[    0.438112] pci 0000:04:08.0:   bridge window [mem 0xf6600000-0xf66fffff]
[    0.438119] pci 0000:04:09.0: PCI bridge to [bus 0b]
[    0.438128] pci 0000:04:0a.0: PCI bridge to [bus 0c]
[    0.438131] pci 0000:04:0a.0:   bridge window [io  0xc000-0xcfff]
[    0.438136] pci 0000:04:0a.0:   bridge window [mem 0xf6500000-0xf65fffff]
[    0.438144] pci 0000:04:0b.0: PCI bridge to [bus 0d]
[    0.438148] pci 0000:04:0b.0:   bridge window [mem 0xf6400000-0xf64fffff]
[    0.438153] pci 0000:04:0b.0:   bridge window [mem 0xfc20300000-0xfc203fffff 64bit pref]
[    0.438159] pci 0000:04:0c.0: PCI bridge to [bus 0e]
[    0.438164] pci 0000:04:0c.0:   bridge window [mem 0xf6300000-0xf63fffff]
[    0.438172] pci 0000:04:0d.0: PCI bridge to [bus 0f]
[    0.438176] pci 0000:04:0d.0:   bridge window [mem 0xf6200000-0xf62fffff]
[    0.438185] pci 0000:03:00.0: PCI bridge to [bus 04-0f]
[    0.438189] pci 0000:03:00.0:   bridge window [io  0xc000-0xdfff]
[    0.438194] pci 0000:03:00.0:   bridge window [mem 0xf6200000-0xf67fffff]
[    0.438198] pci 0000:03:00.0:   bridge window [mem 0xfc20300000-0xfc203fffff 64bit pref]
[    0.438205] pci 0000:00:02.1: PCI bridge to [bus 03-0f]
[    0.438208] pci 0000:00:02.1:   bridge window [io  0xc000-0xdfff]
[    0.438213] pci 0000:00:02.1:   bridge window [mem 0xf6200000-0xf67fffff]
[    0.438217] pci 0000:00:02.1:   bridge window [mem 0xfc20300000-0xfc203fffff 64bit pref]
[    0.438229] pci 0000:00:02.2: PCI bridge to [bus 10]
[    0.438233] pci 0000:00:02.2:   bridge window [mem 0xf6d00000-0xf6dfffff]
[    0.438246] pci 0000:00:08.1: PCI bridge to [bus 11]
[    0.438254] pci 0000:00:08.1:   bridge window [io  0xe000-0xefff]
[    0.438258] pci 0000:00:08.1:   bridge window [mem 0xf6800000-0xf6bfffff]
[    0.438262] pci 0000:00:08.1:   bridge window [mem 0xfc10000000-0xfc201fffff 64bit pref]
[    0.438268] pci 0000:00:08.3: PCI bridge to [bus 12]
[    0.438271] pci 0000:00:08.3:   bridge window [mem 0xf6c00000-0xf6cfffff]
[    0.438277] pci_bus 0000:00: resource 4 [io  0x0000-0x03af window]
[    0.438281] pci_bus 0000:00: resource 5 [io  0x03e0-0x0cf7 window]
[    0.438284] pci_bus 0000:00: resource 6 [io  0x03b0-0x03df window]
[    0.438287] pci_bus 0000:00: resource 7 [io  0x0d00-0xffff window]
[    0.438291] pci_bus 0000:00: resource 8 [mem 0x000a0000-0x000dffff window]
[    0.438294] pci_bus 0000:00: resource 9 [mem 0xc0000000-0xf6ffffff window]
[    0.438298] pci_bus 0000:00: resource 10 [mem 0x1040000000-0xffffffffff window]
[    0.438301] pci_bus 0000:01: resource 0 [io  0xf000-0xffff]
[    0.438304] pci_bus 0000:01: resource 1 [mem 0xf5000000-0xf60fffff]
[    0.438308] pci_bus 0000:01: resource 2 [mem 0xf800000000-0xfc01ffffff 64bit pref]
[    0.438312] pci_bus 0000:02: resource 1 [mem 0xf6e00000-0xf6efffff]
[    0.438315] pci_bus 0000:03: resource 0 [io  0xc000-0xdfff]
[    0.438318] pci_bus 0000:03: resource 1 [mem 0xf6200000-0xf67fffff]
[    0.438321] pci_bus 0000:03: resource 2 [mem 0xfc20300000-0xfc203fffff 64bit pref]
[    0.438325] pci_bus 0000:04: resource 0 [io  0xc000-0xdfff]
[    0.438328] pci_bus 0000:04: resource 1 [mem 0xf6200000-0xf67fffff]
[    0.438331] pci_bus 0000:04: resource 2 [mem 0xfc20300000-0xfc203fffff 64bit pref]
[    0.438335] pci_bus 0000:05: resource 1 [mem 0xf6700000-0xf67fffff]
[    0.438338] pci_bus 0000:0a: resource 0 [io  0xd000-0xdfff]
[    0.438341] pci_bus 0000:0a: resource 1 [mem 0xf6600000-0xf66fffff]
[    0.438344] pci_bus 0000:0c: resource 0 [io  0xc000-0xcfff]
[    0.438347] pci_bus 0000:0c: resource 1 [mem 0xf6500000-0xf65fffff]
[    0.438351] pci_bus 0000:0d: resource 1 [mem 0xf6400000-0xf64fffff]
[    0.438354] pci_bus 0000:0d: resource 2 [mem 0xfc20300000-0xfc203fffff 64bit pref]
[    0.438358] pci_bus 0000:0e: resource 1 [mem 0xf6300000-0xf63fffff]
[    0.438361] pci_bus 0000:0f: resource 1 [mem 0xf6200000-0xf62fffff]
[    0.438364] pci_bus 0000:10: resource 1 [mem 0xf6d00000-0xf6dfffff]
[    0.438367] pci_bus 0000:11: resource 0 [io  0xe000-0xefff]
[    0.438370] pci_bus 0000:11: resource 1 [mem 0xf6800000-0xf6bfffff]
[    0.438374] pci_bus 0000:11: resource 2 [mem 0xfc10000000-0xfc201fffff 64bit pref]
[    0.438377] pci_bus 0000:12: resource 1 [mem 0xf6c00000-0xf6cfffff]
[    0.438516] pci 0000:01:00.1: extending delay after power-on from D3hot to 20 msec
[    0.438539] pci 0000:01:00.1: D0 power state depends on 0000:01:00.0
[    0.438751] pci 0000:11:00.1: D0 power state depends on 0000:11:00.0
[    0.439044] PCI: CLS 64 bytes, default 64
[    0.439059] pci 0000:00:00.2: AMD-Vi: IOMMU performance counters supported
[    0.439097] Trying to unpack rootfs image as initramfs...
[    0.439103] pci 0000:00:01.0: Adding to iommu group 0
[    0.439119] pci 0000:00:01.1: Adding to iommu group 1
[    0.439135] pci 0000:00:01.2: Adding to iommu group 2
[    0.439159] pci 0000:00:02.0: Adding to iommu group 3
[    0.439175] pci 0000:00:02.1: Adding to iommu group 4
[    0.439193] pci 0000:00:02.2: Adding to iommu group 5
[    0.439216] pci 0000:00:03.0: Adding to iommu group 6
[    0.439239] pci 0000:00:04.0: Adding to iommu group 7
[    0.439267] pci 0000:00:08.0: Adding to iommu group 8
[    0.439283] pci 0000:00:08.1: Adding to iommu group 9
[    0.439299] pci 0000:00:08.3: Adding to iommu group 10
[    0.439330] pci 0000:00:14.0: Adding to iommu group 11
[    0.439345] pci 0000:00:14.3: Adding to iommu group 11
[    0.439423] pci 0000:00:18.0: Adding to iommu group 12
[    0.439443] pci 0000:00:18.1: Adding to iommu group 12
[    0.439459] pci 0000:00:18.2: Adding to iommu group 12
[    0.439475] pci 0000:00:18.3: Adding to iommu group 12
[    0.439490] pci 0000:00:18.4: Adding to iommu group 12
[    0.439506] pci 0000:00:18.5: Adding to iommu group 12
[    0.439521] pci 0000:00:18.6: Adding to iommu group 12
[    0.439537] pci 0000:00:18.7: Adding to iommu group 12
[    0.439568] pci 0000:01:00.0: Adding to iommu group 13
[    0.439585] pci 0000:01:00.1: Adding to iommu group 13
[    0.439601] pci 0000:02:00.0: Adding to iommu group 14
[    0.439617] pci 0000:03:00.0: Adding to iommu group 15
[    0.439634] pci 0000:04:00.0: Adding to iommu group 16
[    0.439650] pci 0000:04:04.0: Adding to iommu group 17
[    0.439665] pci 0000:04:05.0: Adding to iommu group 18
[    0.439681] pci 0000:04:06.0: Adding to iommu group 19
[    0.439698] pci 0000:04:07.0: Adding to iommu group 20
[    0.439713] pci 0000:04:08.0: Adding to iommu group 21
[    0.439729] pci 0000:04:09.0: Adding to iommu group 22
[    0.439746] pci 0000:04:0a.0: Adding to iommu group 23
[    0.439762] pci 0000:04:0b.0: Adding to iommu group 24
[    0.439777] pci 0000:04:0c.0: Adding to iommu group 25
[    0.439793] pci 0000:04:0d.0: Adding to iommu group 26
[    0.439799] pci 0000:05:00.0: Adding to iommu group 16
[    0.439805] pci 0000:0a:00.0: Adding to iommu group 21
[    0.439810] pci 0000:0c:00.0: Adding to iommu group 23
[    0.439816] pci 0000:0d:00.0: Adding to iommu group 24
[    0.439821] pci 0000:0e:00.0: Adding to iommu group 25
[    0.439827] pci 0000:0f:00.0: Adding to iommu group 26
[    0.439844] pci 0000:10:00.0: Adding to iommu group 27
[    0.439869] pci 0000:11:00.0: Adding to iommu group 28
[    0.439886] pci 0000:11:00.1: Adding to iommu group 29
[    0.439902] pci 0000:11:00.2: Adding to iommu group 30
[    0.439920] pci 0000:11:00.3: Adding to iommu group 31
[    0.439936] pci 0000:11:00.4: Adding to iommu group 32
[    0.439952] pci 0000:11:00.6: Adding to iommu group 33
[    0.439968] pci 0000:12:00.0: Adding to iommu group 34
[    0.442928] AMD-Vi: Extended features (0x246577efa2254afa, 0x0): PPR NX GT [5] IA GA PC GA_vAPIC
[    0.442938] AMD-Vi: Interrupt remapping enabled
[    0.454630] AMD-Vi: Virtual APIC enabled
[    0.454642] PCI-DMA: Using software bounce buffering for IO (SWIOTLB)
[    0.454645] software IO TLB: mapped [mem 0x000000009c7db000-0x00000000a07db000] (64MB)
[    0.454678] LVT offset 0 assigned for vector 0x400
[    0.455477] perf: AMD IBS detected (0x00000bff)
[    0.455484] perf/amd_iommu: Detected AMD IOMMU #0 (2 banks, 4 counters/bank).
[    0.456040] Initialise system trusted keyrings
[    0.456051] Key type blacklist registered
[    0.456073] workingset: timestamp_bits=36 max_order=24 bucket_order=0
[    0.456081] zbud: loaded
[    0.456285] squashfs: version 4.0 (2009/01/31) Phillip Lougher
[    0.456354] fuse: init (API version 7.39)
[    0.456453] integrity: Platform Keyring initialized
[    0.456458] integrity: Machine keyring initialized
[    0.463576] Key type asymmetric registered
[    0.463579] Asymmetric key parser 'x509' registered
[    0.463590] Block layer SCSI generic (bsg) driver version 0.4 loaded (major 243)
[    0.463620] io scheduler mq-deadline registered
[    0.464838] pcieport 0000:00:01.1: PME: Signaling with IRQ 30
[    0.464963] pcieport 0000:00:01.2: PME: Signaling with IRQ 31
[    0.465082] pcieport 0000:00:02.1: PME: Signaling with IRQ 32
[    0.465215] pcieport 0000:00:02.2: PME: Signaling with IRQ 33
[    0.465333] pcieport 0000:00:08.1: PME: Signaling with IRQ 34
[    0.465438] pcieport 0000:00:08.3: PME: Signaling with IRQ 35
[    0.466774] shpchp: Standard Hot Plug PCI Controller Driver version: 0.4
[    0.466903] input: Power Button as /devices/LNXSYSTM:00/LNXSYBUS:00/PNP0C0C:00/input/input0
[    0.466923] ACPI: button: Power Button [PWRB]
[    0.466954] input: Power Button as /devices/LNXSYSTM:00/LNXPWRBN:00/input/input1
[    0.466995] ACPI: button: Power Button [PWRF]
[    0.467057] Estimated ratio of average max frequency by base frequency (times 1024): 1214
[    0.467071] Monitor-Mwait will be used to enter C-1 state
[    0.467076] ACPI: \_SB_.PLTF.C000: Found 3 idle states
[    0.467174] ACPI: \_SB_.PLTF.C002: Found 3 idle states
[    0.467319] ACPI: \_SB_.PLTF.C004: Found 3 idle states
[    0.467439] ACPI: \_SB_.PLTF.C006: Found 3 idle states
[    0.467546] ACPI: \_SB_.PLTF.C008: Found 3 idle states
[    0.467653] ACPI: \_SB_.PLTF.C00A: Found 3 idle states
[    0.467759] ACPI: \_SB_.PLTF.C00C: Found 3 idle states
[    0.467864] ACPI: \_SB_.PLTF.C00E: Found 3 idle states
[    0.467979] ACPI: \_SB_.PLTF.C010: Found 3 idle states
[    0.468091] ACPI: \_SB_.PLTF.C012: Found 3 idle states
[    0.468201] ACPI: \_SB_.PLTF.C014: Found 3 idle states
[    0.468316] ACPI: \_SB_.PLTF.C016: Found 3 idle states
[    0.468425] ACPI: \_SB_.PLTF.C018: Found 3 idle states
[    0.468547] ACPI: \_SB_.PLTF.C01A: Found 3 idle states
[    0.468668] ACPI: \_SB_.PLTF.C01C: Found 3 idle states
[    0.468783] ACPI: \_SB_.PLTF.C01E: Found 3 idle states
[    0.468866] ACPI: \_SB_.PLTF.C001: Found 3 idle states
[    0.468977] ACPI: \_SB_.PLTF.C003: Found 3 idle states
[    0.469086] ACPI: \_SB_.PLTF.C005: Found 3 idle states
[    0.469187] ACPI: \_SB_.PLTF.C007: Found 3 idle states
[    0.469294] ACPI: \_SB_.PLTF.C009: Found 3 idle states
[    0.469396] ACPI: \_SB_.PLTF.C00B: Found 3 idle states
[    0.469496] ACPI: \_SB_.PLTF.C00D: Found 3 idle states
[    0.469590] ACPI: \_SB_.PLTF.C00F: Found 3 idle states
[    0.469698] ACPI: \_SB_.PLTF.C011: Found 3 idle states
[    0.469804] ACPI: \_SB_.PLTF.C013: Found 3 idle states
[    0.469916] ACPI: \_SB_.PLTF.C015: Found 3 idle states
[    0.470026] ACPI: \_SB_.PLTF.C017: Found 3 idle states
[    0.470131] ACPI: \_SB_.PLTF.C019: Found 3 idle states
[    0.470239] ACPI: \_SB_.PLTF.C01B: Found 3 idle states
[    0.470351] ACPI: \_SB_.PLTF.C01D: Found 3 idle states
[    0.470457] ACPI: \_SB_.PLTF.C01F: Found 3 idle states
[    0.470693] Serial: 8250/16550 driver, 32 ports, IRQ sharing enabled
[    0.472526] Linux agpgart interface v0.103
[    0.484548] tpm_crb MSFT0101:00: Disabling hwrng
[    0.488380] loop: module loaded
[    0.488586] ACPI: bus type drm_connector registered
[    0.489165] tun: Universal TUN/TAP device driver, 1.6
[    0.489195] PPP generic driver version 2.4.2
[    0.489342] i8042: PNP: No PS/2 controller found.
[    0.489379] mousedev: PS/2 mouse device common for all mice
[    0.489444] rtc_cmos 00:02: RTC can wake from S4
[    0.489626] rtc_cmos 00:02: registered as rtc0
[    0.489656] rtc_cmos 00:02: setting system clock to 2025-04-13T23:59:41 UTC (1744588781)
[    0.489681] rtc_cmos 00:02: alarms up to one month, y3k, 114 bytes nvram
[    0.489689] i2c_dev: i2c /dev entries driver
[    0.489708] device-mapper: core: CONFIG_IMA_DISABLE_HTABLE is disabled. Duplicate IMA measurements will not be recorded in the IMA log.
[    0.489717] device-mapper: uevent: version 1.0.3
[    0.489750] device-mapper: ioctl: 4.48.0-ioctl (2023-03-01) initialised: dm-devel@redhat.com
[    0.489769] platform eisa.0: Probing EISA bus 0
[    0.489772] platform eisa.0: EISA: Cannot allocate resource for mainboard
[    0.489776] platform eisa.0: Cannot allocate resource for EISA slot 1
[    0.489779] platform eisa.0: Cannot allocate resource for EISA slot 2
[    0.489782] platform eisa.0: Cannot allocate resource for EISA slot 3
[    0.489785] platform eisa.0: Cannot allocate resource for EISA slot 4
[    0.489788] platform eisa.0: Cannot allocate resource for EISA slot 5
[    0.489791] platform eisa.0: Cannot allocate resource for EISA slot 6
[    0.489794] platform eisa.0: Cannot allocate resource for EISA slot 7
[    0.489797] platform eisa.0: Cannot allocate resource for EISA slot 8
[    0.489800] platform eisa.0: EISA: Detected 0 cards
[    0.492352] ledtrig-cpu: registered to indicate activity on CPUs
[    0.492593] [drm] Initialized simpledrm 1.0.0 20200625 for simple-framebuffer.0 on minor 0
[    0.496505] Console: switching to colour frame buffer device 160x45
[    0.498516] simple-framebuffer simple-framebuffer.0: [drm] fb0: simpledrmdrmfb frame buffer device
[    0.499705] drop_monitor: Initializing network drop monitor service
[    0.499843] NET: Registered PF_INET6 protocol family
[    0.635668] Freeing initrd memory: 71940K
[    0.639543] Segment Routing with IPv6
[    0.639577] In-situ OAM (IOAM) with IPv6
[    0.639613] NET: Registered PF_PACKET protocol family
[    0.639661] Key type dns_resolver registered
[    0.641577] microcode: Current revision: 0x0a601206
[    0.642052] resctrl: L3 allocation detected
[    0.642069] resctrl: MB allocation detected
[    0.642080] resctrl: SMBA allocation detected
[    0.642091] resctrl: L3 monitoring detected
[    0.642135] IPI shorthand broadcast: enabled
[    0.643696] sched_clock: Marking stable (641341820, 1577714)->(678878601, -35959067)
[    0.643869] registered taskstats version 1
[    0.644457] Loading compiled-in X.509 certificates
[    0.644826] Loaded X.509 cert 'Build time autogenerated kernel key: 97e06c320ea13f9f6032597ec1fbd60aa16c8e09'
[    0.645179] Loaded X.509 cert 'Canonical Ltd. Live Patch Signing: 14df34d1a87cf37625abec039ef2bf521249b969'
[    0.645503] Loaded X.509 cert 'Canonical Ltd. Kernel Module Signing: 88f752e560a1e0737e31163a466ad7b70a850c19'
[    0.646411] blacklist: Loading compiled-in revocation X.509 certificates
[    0.647026] Loaded X.509 cert 'Canonical Ltd. Secure Boot Signing: 61482aa2830d0ab2ad5af10b7250da9033ddcef0'
[    0.647590] Loaded X.509 cert 'Canonical Ltd. Secure Boot Signing (2017): 242ade75ac4a15e50d50c84b0d45ff3eae707a03'
[    0.648137] Loaded X.509 cert 'Canonical Ltd. Secure Boot Signing (ESM 2018): 365188c1d374d6b07c3c8f240f8ef722433d6a8b'
[    0.648713] Loaded X.509 cert 'Canonical Ltd. Secure Boot Signing (2019): c0746fd6c5da3ae827864651ad66ae47fe24b3e8'
[    0.649610] Loaded X.509 cert 'Canonical Ltd. Secure Boot Signing (2021 v1): a8d54bbb3825cfb94fa13c9f8a594a195c107b8d'
[    0.651130] Loaded X.509 cert 'Canonical Ltd. Secure Boot Signing (2021 v2): 4cf046892d6fd3c9a5b03f98d845f90851dc6a8c'
[    0.652329] Loaded X.509 cert 'Canonical Ltd. Secure Boot Signing (2021 v3): 100437bb6de6e469b581e61cd66bce3ef4ed53af'
[    0.653624] Loaded X.509 cert 'Canonical Ltd. Secure Boot Signing (Ubuntu Core 2019): c1d57b8f6b743f23ee41f4f7ee292f06eecadfb9'
[    0.659028] Key type .fscrypt registered
[    0.659529] Key type fscrypt-provisioning registered
[    0.660073] Key type trusted registered
[    0.669736] Key type encrypted registered
[    0.670216] AppArmor: AppArmor sha256 policy hashing enabled
[    0.670776] integrity: Loading X.509 certificate: UEFI:db
[    0.671540] integrity: Loaded X.509 cert 'Microsoft Corporation UEFI CA 2011: 13adbf4309bd82709c8cd54f316ed522988a1bd4'
[    0.672222] integrity: Loading X.509 certificate: UEFI:db
[    0.673010] integrity: Loaded X.509 cert 'Microsoft Windows Production PCA 2011: a92902398e16c49778cd90f99e4f9ae17c55af53'
[    0.673802] integrity: Loading X.509 certificate: UEFI:db
[    0.674601] integrity: Loaded X.509 cert 'Microsoft Corporation: Windows UEFI CA 2023: aefc5fbbbe055d8f8daa585473499417ab5a5272'
[    0.675440] integrity: Loading X.509 certificate: UEFI:db
[    0.676308] integrity: Loaded X.509 cert 'Microsoft UEFI CA 2023: 81aa6b3244c935bce0d6628af39827421e32497d'
[    0.677167] integrity: Loading X.509 certificate: UEFI:db
[    0.678030] integrity: Loaded X.509 cert 'MSI SHIP DB: ebc30d5be5f35f8041c1c2d9e613eee2'
[    0.679792] Loading compiled-in module X.509 certificates
[    0.680781] Loaded X.509 cert 'Build time autogenerated kernel key: 97e06c320ea13f9f6032597ec1fbd60aa16c8e09'
[    0.681537] ima: Allocated hash algorithm: sha256
[    0.726590] ima: No architecture policies found
[    0.727195] evm: Initialising EVM extended attributes:
[    0.727785] evm: security.selinux
[    0.728368] evm: security.SMACK64
[    0.728960] evm: security.SMACK64EXEC
[    0.729539] evm: security.SMACK64TRANSMUTE
[    0.730111] evm: security.SMACK64MMAP
[    0.730678] evm: security.apparmor
[    0.731246] evm: security.ima
[    0.731813] evm: security.capability
[    0.732381] evm: HMAC attrs: 0x1
[    0.733524] PM:   Magic number: 5:847:1009
[    0.739894] RAS: Correctable Errors collector initialized.
[    0.741382] clk: Disabling unused clocks
[    0.743770] Freeing unused decrypted memory: 2028K
[    0.744759] Freeing unused kernel image (initmem) memory: 4984K
[    0.745291] Write protecting the kernel read-only data: 36864k
[    0.746054] Freeing unused kernel image (rodata/data gap) memory: 416K
[    0.779552] x86/mm: Checked W+X mappings: passed, no W+X pages found.
[    0.780072] Run /init as init process
[    0.781524]   with arguments:
[    0.781527]     /init
[    0.781528]   with environment:
[    0.781529]     HOME=/
[    0.781530]     TERM=linux
[    0.781531]     BOOT_IMAGE=/boot/vmlinuz-6.8.0-57-generic
[    0.844445] ACPI: video: Video Device [VGA] (multi-head: yes  rom: no  post: no)
[    0.845653] input: Video Bus as /devices/LNXSYSTM:00/LNXSYBUS:00/PNP0A08:00/device:20/LNXVIDEO:00/input/input2
[    0.852041] piix4_smbus 0000:00:14.0: SMBus Host Controller at 0xb00, revision 0
[    0.852046] ahci 0000:0a:00.0: version 3.0
[    0.852133] xhci_hcd 0000:0e:00.0: xHCI Host Controller
[    0.852140] xhci_hcd 0000:0e:00.0: new USB bus registered, assigned bus number 1
[    0.852800] piix4_smbus 0000:00:14.0: Using register 0x02 for SMBus port selection
[    0.854216] ahci 0000:0a:00.0: SSS flag set, parallel bus scan disabled
[    0.855488] piix4_smbus 0000:00:14.0: Auxiliary SMBus Host Controller at 0xb20
[    0.857111] ahci 0000:0a:00.0: AHCI 0001.0200 32 slots 2 ports 6 Gbps 0x3 impl SATA mode
[    0.861486] ahci 0000:0a:00.0: flags: 64bit ncq sntf stag led clo pmp pio slum part ccc 
[    0.863113] r8169 0000:0c:00.0: enabling device (0000 -> 0003)
[    0.863232] scsi host0: ahci
[    0.866127] scsi host1: ahci
[    0.867110] ata1: SATA max UDMA/133 abar m512@0xf6600000 port 0xf6600100 irq 48 lpm-pol 0
[    0.867870] ata2: SATA max UDMA/133 abar m512@0xf6600000 port 0xf6600180 irq 48 lpm-pol 0
[    0.868845] ahci 0000:0f:00.0: SSS flag set, parallel bus scan disabled
[    0.869713] ahci 0000:0f:00.0: AHCI 0001.0301 32 slots 6 ports 6 Gbps 0xf impl SATA mode
[    0.870543] ahci 0000:0f:00.0: flags: 64bit ncq sntf stag pm led clo only pmp pio slum part sxs deso sadm sds apst 
[    0.871699] r8169 0000:0c:00.0 eth0: RTL8125B, d8:43:ae:91:18:49, XID 641, IRQ 50
[    0.871997] scsi host2: ahci
[    0.873694] r8169 0000:0c:00.0 eth0: jumbo features [frames: 9194 bytes, tx checksumming: ko]
[    0.875120] scsi host3: ahci
[    0.878133] scsi host4: ahci
[    0.879205] scsi host5: ahci
[    0.879261] nvme 0000:02:00.0: platform quirk: setting simple suspend
[    0.879289] nvme 0000:05:00.0: platform quirk: setting simple suspend
[    0.879349] nvme nvme0: pci function 0000:05:00.0
[    0.879360] nvme nvme1: pci function 0000:10:00.0
[    0.880104] scsi host6: ahci
[    0.881797] nvme nvme2: pci function 0000:02:00.0
[    0.883065] scsi host7: ahci
[    0.888390] ata3: SATA max UDMA/133 abar m1024@0xf6280000 port 0xf6280100 irq 49 lpm-pol 0
[    0.889194] ata4: SATA max UDMA/133 abar m1024@0xf6280000 port 0xf6280180 irq 49 lpm-pol 0
[    0.889975] ata5: SATA max UDMA/133 abar m1024@0xf6280000 port 0xf6280200 irq 49 lpm-pol 0
[    0.890795] ata6: SATA max UDMA/133 abar m1024@0xf6280000 port 0xf6280280 irq 49 lpm-pol 0
[    0.891503] ata7: DUMMY
[    0.892182] ata8: DUMMY
[    0.898183] nvme nvme0: 32/0/0 default/read/poll queues
[    0.902444]  nvme0n1: p1 p2
[    0.904472] nvme nvme2: 32/0/0 default/read/poll queues
[    0.908120] xhci_hcd 0000:0e:00.0: hcc params 0x0200ef81 hci version 0x110 quirks 0x0000000000000010
[    0.909363]  nvme2n1: p1 p2 p3
[    0.909460] xhci_hcd 0000:0e:00.0: xHCI Host Controller
[    0.911993] xhci_hcd 0000:0e:00.0: new USB bus registered, assigned bus number 2
[    0.913416] xhci_hcd 0000:0e:00.0: Host supports USB 3.2 Enhanced SuperSpeed
[    0.914657] usb usb1: New USB device found, idVendor=1d6b, idProduct=0002, bcdDevice= 6.08
[    0.915655] usb usb1: New USB device strings: Mfr=3, Product=2, SerialNumber=1
[    0.916591] usb usb1: Product: xHCI Host Controller
[    0.917496] usb usb1: Manufacturer: Linux 6.8.0-57-generic xhci-hcd
[    0.918421] usb usb1: SerialNumber: 0000:0e:00.0
[    0.919479] hub 1-0:1.0: USB hub found
[    0.920405] hub 1-0:1.0: 12 ports detected
[    0.921693] usb usb2: We don't know the algorithms for LPM for this host, disabling LPM.
[    0.922606] usb usb2: New USB device found, idVendor=1d6b, idProduct=0003, bcdDevice= 6.08
[    0.923457] usb usb2: New USB device strings: Mfr=3, Product=2, SerialNumber=1
[    0.924266] usb usb2: Product: xHCI Host Controller
[    0.925155] usb usb2: Manufacturer: Linux 6.8.0-57-generic xhci-hcd
[    0.926047] usb usb2: SerialNumber: 0000:0e:00.0
[    0.926994] hub 2-0:1.0: USB hub found
[    0.927887] hub 2-0:1.0: 5 ports detected
[    0.929067] xhci_hcd 0000:11:00.3: xHCI Host Controller
[    0.929929] xhci_hcd 0000:11:00.3: new USB bus registered, assigned bus number 3
[    0.931152] xhci_hcd 0000:11:00.3: hcc params 0x0120ffc5 hci version 0x120 quirks 0x0000000200000010
[    0.932516] xhci_hcd 0000:11:00.3: xHCI Host Controller
[    0.933357] xhci_hcd 0000:11:00.3: new USB bus registered, assigned bus number 4
[    0.934201] xhci_hcd 0000:11:00.3: Host supports USB 3.1 Enhanced SuperSpeed
[    0.934978] usb usb3: New USB device found, idVendor=1d6b, idProduct=0002, bcdDevice= 6.08
[    0.935834] usb usb3: New USB device strings: Mfr=3, Product=2, SerialNumber=1
[    0.936701] usb usb3: Product: xHCI Host Controller
[    0.937565] usb usb3: Manufacturer: Linux 6.8.0-57-generic xhci-hcd
[    0.938449] usb usb3: SerialNumber: 0000:11:00.3
[    0.939334] hub 3-0:1.0: USB hub found
[    0.940239] hub 3-0:1.0: 2 ports detected
[    0.942673] usb usb4: We don't know the algorithms for LPM for this host, disabling LPM.
[    0.944577] usb usb4: New USB device found, idVendor=1d6b, idProduct=0003, bcdDevice= 6.08
[    0.945656] usb usb4: New USB device strings: Mfr=3, Product=2, SerialNumber=1
[    0.946635] usb usb4: Product: xHCI Host Controller
[    0.947546] usb usb4: Manufacturer: Linux 6.8.0-57-generic xhci-hcd
[    0.948569] usb usb4: SerialNumber: 0000:11:00.3
[    0.949682] hub 4-0:1.0: USB hub found
[    0.950688] hub 4-0:1.0: 2 ports detected
[    0.953651] xhci_hcd 0000:11:00.4: xHCI Host Controller
[    0.954596] xhci_hcd 0000:11:00.4: new USB bus registered, assigned bus number 5
[    0.955628] xhci_hcd 0000:11:00.4: hcc params 0x0120ffc5 hci version 0x120 quirks 0x0000000200000010
[    0.956325] nvme nvme1: 32/0/0 default/read/poll queues
[    0.957619] xhci_hcd 0000:11:00.4: xHCI Host Controller
[    0.958990] xhci_hcd 0000:11:00.4: new USB bus registered, assigned bus number 6
[    0.959917] xhci_hcd 0000:11:00.4: Host supports USB 3.1 Enhanced SuperSpeed
[    0.960796] usb usb5: New USB device found, idVendor=1d6b, idProduct=0002, bcdDevice= 6.08
[    0.961626] usb usb5: New USB device strings: Mfr=3, Product=2, SerialNumber=1
[    0.962350] usb usb5: Product: xHCI Host Controller
[    0.962505] nvme nvme1: Ignoring bogus Namespace Identifiers
[    0.963070] usb usb5: Manufacturer: Linux 6.8.0-57-generic xhci-hcd
[    0.966190] usb usb5: SerialNumber: 0000:11:00.4
[    0.967504] hub 5-0:1.0: USB hub found
[    0.967505]  nvme1n1: p1 p2
[    0.969785] hub 5-0:1.0: 2 ports detected
[    0.973912] usb usb6: We don't know the algorithms for LPM for this host, disabling LPM.
[    0.974783] usb usb6: New USB device found, idVendor=1d6b, idProduct=0003, bcdDevice= 6.08
[    0.975442] usb usb6: New USB device strings: Mfr=3, Product=2, SerialNumber=1
[    0.976154] usb usb6: Product: xHCI Host Controller
[    0.976939] usb usb6: Manufacturer: Linux 6.8.0-57-generic xhci-hcd
[    0.977683] usb usb6: SerialNumber: 0000:11:00.4
[    0.978510] hub 6-0:1.0: USB hub found
[    0.979195] hub 6-0:1.0: 2 ports detected
[    0.981815] xhci_hcd 0000:12:00.0: xHCI Host Controller
[    0.982520] xhci_hcd 0000:12:00.0: new USB bus registered, assigned bus number 7
[    0.985819] xhci_hcd 0000:12:00.0: USB3 root hub has no ports
[    0.986773] xhci_hcd 0000:12:00.0: hcc params 0x0110ffc5 hci version 0x120 quirks 0x0000000200000010
[    0.988001] xhci_hcd 0000:12:00.0: xHCI Host Controller
[    0.989098] xhci_hcd 0000:12:00.0: new USB bus registered, assigned bus number 8
[    0.989967] xhci_hcd 0000:12:00.0: Host supports USB 3.0 SuperSpeed
[    0.990744] usb usb7: New USB device found, idVendor=1d6b, idProduct=0002, bcdDevice= 6.08
[    0.991478] usb usb7: New USB device strings: Mfr=3, Product=2, SerialNumber=1
[    0.992191] usb usb7: Product: xHCI Host Controller
[    0.992952] usb usb7: Manufacturer: Linux 6.8.0-57-generic xhci-hcd
[    0.993730] usb usb7: SerialNumber: 0000:12:00.0
[    0.994574] hub 7-0:1.0: USB hub found
[    0.995232] hub 7-0:1.0: 1 port detected
[    0.996831] usb usb8: We don't know the algorithms for LPM for this host, disabling LPM.
[    0.997499] usb usb8: New USB device found, idVendor=1d6b, idProduct=0003, bcdDevice= 6.08
[    0.998132] usb usb8: New USB device strings: Mfr=3, Product=2, SerialNumber=1
[    0.998812] usb usb8: Product: xHCI Host Controller
[    0.999558] usb usb8: Manufacturer: Linux 6.8.0-57-generic xhci-hcd
[    1.000270] usb usb8: SerialNumber: 0000:12:00.0
[    1.001082] hub 8-0:1.0: USB hub found
[    1.001783] hub 8-0:1.0: config failed, hub doesn't have any ports! (err -19)
[    1.173473] ata1: SATA link down (SStatus 0 SControl 300)
[    1.185597] usb 3-2: new high-speed USB device number 2 using xhci_hcd
[    1.198592] ata3: SATA link down (SStatus 0 SControl 300)
[    1.223597] usb 1-4: new full-speed USB device number 2 using xhci_hcd
[    1.303642] usb 3-2: device descriptor read/64, error -71
[    1.471604] tsc: Refined TSC clocksource calibration: 4199.984 MHz
[    1.472805] clocksource: tsc: mask: 0xffffffffffffffff max_cycles: 0x3c8a530211c, max_idle_ns: 440795403185 ns
[    1.473561] clocksource: Switched to clocksource tsc
[    1.484979] ata2: SATA link down (SStatus 0 SControl 300)
[    1.522628] usb 3-2: device descriptor read/64, error -71
[    1.592876] usb 1-4: New USB device found, idVendor=3151, idProduct=4015, bcdDevice= 1.04
[    1.593706] usb 1-4: New USB device strings: Mfr=1, Product=2, SerialNumber=0
[    1.594256] usb 1-4: Product: MonsGeek Keyboard
[    1.594785] usb 1-4: Manufacturer: ROYUAN
[    1.611243] usb 2-5: new SuperSpeed USB device number 2 using xhci_hcd
[    1.626878] usb 2-5: New USB device found, idVendor=174c, idProduct=3074, bcdDevice= 0.01
[    1.627415] usb 2-5: New USB device strings: Mfr=2, Product=3, SerialNumber=0
[    1.627928] usb 2-5: Product: ASM107x
[    1.628423] usb 2-5: Manufacturer: Asmedia
[    1.635955] hub 2-5:1.0: USB hub found
[    1.637528] hub 2-5:1.0: 4 ports detected
[    1.745595] usb 3-2: new high-speed USB device number 3 using xhci_hcd
[    1.796705] ata4: SATA link down (SStatus 0 SControl 300)
[    1.800597] usb 1-5: new high-speed USB device number 3 using xhci_hcd
[    1.910974] usb 3-2: New USB device found, idVendor=0c45, idProduct=6367, bcdDevice= 1.00
[    1.911669] usb 3-2: New USB device strings: Mfr=2, Product=1, SerialNumber=3
[    1.912202] usb 3-2: Product: HCAM01N
[    1.912712] usb 3-2: Manufacturer: Sonix Technology Co., Ltd.
[    1.913213] usb 3-2: SerialNumber: SN0001
[    2.055125] usb 1-5: New USB device found, idVendor=174c, idProduct=2074, bcdDevice= 0.01
[    2.055748] usb 1-5: New USB device strings: Mfr=2, Product=3, SerialNumber=0
[    2.056241] usb 1-5: Product: ASM107x
[    2.056727] usb 1-5: Manufacturer: Asmedia
[    2.067156] hub 1-5:1.0: USB hub found
[    2.072115] hub 1-5:1.0: 4 ports detected
[    2.100960] ata5: SATA link down (SStatus 0 SControl 300)
[    2.280594] usb 1-6: new high-speed USB device number 4 using xhci_hcd
[    2.412970] ata6: SATA link down (SStatus 0 SControl 300)
[    2.430591] r8169 0000:0c:00.0 enp12s0: renamed from eth0
[    4.168132] usb 1-6: New USB device found, idVendor=0db0, idProduct=422d, bcdDevice= 0.01
[    4.169295] usb 1-6: New USB device strings: Mfr=3, Product=1, SerialNumber=0
[    4.169973] usb 1-6: Product: USB Audio
[    4.170565] usb 1-6: Manufacturer: Generic
[    4.402594] usb 1-10: new full-speed USB device number 5 using xhci_hcd
[    4.691646] usb 1-10: New USB device found, idVendor=1462, idProduct=7d75, bcdDevice= 0.01
[    4.692425] usb 1-10: New USB device strings: Mfr=1, Product=2, SerialNumber=3
[    4.693006] usb 1-10: Product: MYSTIC LIGHT 
[    4.693512] usb 1-10: Manufacturer: MSI
[    4.694004] usb 1-10: SerialNumber: 7D7522120106
[    4.885593] usb 1-12: new high-speed USB device number 6 using xhci_hcd
[    5.099130] usb 1-12: New USB device found, idVendor=05e3, idProduct=0608, bcdDevice=60.70
[    5.099769] usb 1-12: New USB device strings: Mfr=0, Product=1, SerialNumber=0
[    5.100237] usb 1-12: Product: USB2.0 Hub
[    5.113185] hub 1-12:1.0: USB hub found
[    5.117130] hub 1-12:1.0: 4 ports detected
[    5.141521] hid: raw HID events driver (C) Jiri Kosina
[    5.174717] usbcore: registered new interface driver usbhid
[    5.175659] usbhid: USB HID core driver
[    5.177851] input: ROYUAN MonsGeek Keyboard as /devices/pci0000:00/0000:00:02.1/0000:03:00.0/0000:04:0c.0/0000:0e:00.0/usb1/1-4/1-4:1.0/0003:3151:4015.0001/input/input3
[    5.230680] hid-generic 0003:3151:4015.0001: input,hidraw0: USB HID v1.11 Keyboard [ROYUAN MonsGeek Keyboard] on usb-0000:0e:00.0-4/input0
[    5.231784] input: ROYUAN MonsGeek Keyboard Consumer Control as /devices/pci0000:00/0000:00:02.1/0000:03:00.0/0000:04:0c.0/0000:0e:00.0/usb1/1-4/1-4:1.1/0003:3151:4015.0002/input/input4
[    5.285661] input: ROYUAN MonsGeek Keyboard System Control as /devices/pci0000:00/0000:00:02.1/0000:03:00.0/0000:04:0c.0/0000:0e:00.0/usb1/1-4/1-4:1.1/0003:3151:4015.0002/input/input5
[    5.287310] input: ROYUAN MonsGeek Keyboard as /devices/pci0000:00/0000:00:02.1/0000:03:00.0/0000:04:0c.0/0000:0e:00.0/usb1/1-4/1-4:1.1/0003:3151:4015.0002/input/input6
[    5.289668] input: ROYUAN MonsGeek Keyboard Mouse as /devices/pci0000:00/0000:00:02.1/0000:03:00.0/0000:04:0c.0/0000:0e:00.0/usb1/1-4/1-4:1.1/0003:3151:4015.0002/input/input7
[    5.291706] input: ROYUAN MonsGeek Keyboard as /devices/pci0000:00/0000:00:02.1/0000:03:00.0/0000:04:0c.0/0000:0e:00.0/usb1/1-4/1-4:1.1/0003:3151:4015.0002/input/input8
[    5.293849] hid-generic 0003:3151:4015.0002: input,hiddev0,hidraw1: USB HID v1.11 Keyboard [ROYUAN MonsGeek Keyboard] on usb-0000:0e:00.0-4/input1
[    5.295007] hid-generic 0003:3151:4015.0003: hiddev1,hidraw2: USB HID v1.11 Device [ROYUAN MonsGeek Keyboard] on usb-0000:0e:00.0-4/input2
[    5.296286] hid-generic 0003:0DB0:422D.0004: hiddev2,hidraw3: USB HID v1.11 Device [Generic USB Audio] on usb-0000:0e:00.0-6/input7
[    5.297479] input: MSI MYSTIC LIGHT  as /devices/pci0000:00/0000:00:02.1/0000:03:00.0/0000:04:0c.0/0000:0e:00.0/usb1/1-10/1-10:1.0/0003:1462:7D75.0005/input/input9
[    5.299712] hid-generic 0003:1462:7D75.0005: input,hiddev3,hidraw4: USB HID v1.10 Device [MSI MYSTIC LIGHT ] on usb-0000:0e:00.0-10/input0
[    5.365844] EXT4-fs (nvme1n1p1): mounted filesystem b5e84f74-7532-4797-9ff4-9a3261f84236 ro with ordered data mode. Quota mode: none.
[    5.440552] systemd[1]: RTC configured in localtime, applying delta of 540 minutes to system time.
[    5.447596] usb 1-12.2: new full-speed USB device number 7 using xhci_hcd
[    5.449954] systemd[1]: Inserted module 'autofs4'
[    5.465278] systemd[1]: systemd 249.11-0ubuntu3.12 running in system mode (+PAM +AUDIT +SELINUX +APPARMOR +IMA +SMACK +SECCOMP +GCRYPT +GNUTLS +OPENSSL +ACL +BLKID +CURL +ELFUTILS +FIDO2 +IDN2 -IDN +IPTC +KMOD +LIBCRYPTSETUP +LIBFDISK +PCRE2 -PWQUALITY -P11KIT -QRENCODE +BZIP2 +LZ4 +XZ +ZLIB +ZSTD -XKBCOMMON +UTMP +SYSVINIT default-hierarchy=unified)
[    5.469303] systemd[1]: Detected architecture x86-64.
[    5.476841] systemd[1]: Hostname set to <layfort-MS-7D75>.
[    5.502516] block nvme1n1: the capability attribute has been deprecated.
[    5.525841] systemd[1]: Configuration file /run/systemd/system/netplan-ovs-cleanup.service is marked world-inaccessible. This has no effect as configuration data is accessible via APIs without restrictions. Proceeding anyway.
[    5.538630] systemd[1]: /lib/systemd/system/snapd.service:23: Unknown key name 'RestartMode' in section 'Service', ignoring.
[    5.564653] systemd[1]: Queued start job for default target Graphical Interface.
[    5.576020] systemd[1]: Created slice Slice /system/modprobe.
[    5.578440] systemd[1]: Created slice Slice /system/postgresql.
[    5.582007] systemd[1]: Created slice Slice /system/systemd-fsck.
[    5.584707] systemd[1]: Created slice User and Session Slice.
[    5.587058] systemd[1]: Started Forward Password Requests to Wall Directory Watch.
[    5.589544] systemd[1]: Set up automount Arbitrary Executable File Formats File System Automount Point.
[    5.591838] systemd[1]: Reached target User and Group Name Lookups.
[    5.593961] systemd[1]: Reached target Remote File Systems.
[    5.595979] systemd[1]: Reached target Slice Units.
[    5.598031] systemd[1]: Reached target Mounting snaps.
[    5.600119] systemd[1]: Reached target Local Verity Protected Volumes.
[    5.602130] systemd[1]: Listening on Syslog Socket.
[    5.604259] systemd[1]: Listening on fsck to fsckd communication Socket.
[    5.606324] systemd[1]: Listening on initctl Compatibility Named Pipe.
[    5.608341] systemd[1]: Listening on Journal Audit Socket.
[    5.610288] systemd[1]: Listening on Journal Socket (/dev/log).
[    5.612369] systemd[1]: Listening on Journal Socket.
[    5.614491] systemd[1]: Listening on udev Control Socket.
[    5.616288] systemd[1]: Listening on udev Kernel Socket.
[    5.624640] systemd[1]: Mounting Huge Pages File System...
[    5.628088] systemd[1]: Mounting POSIX Message Queue File System...
[    5.630863] systemd[1]: Mounting Kernel Debug File System...
[    5.633305] systemd[1]: Mounting Kernel Trace File System...
[    5.636272] systemd[1]: Starting Journal Service...
[    5.640906] systemd[1]: Starting Set the console keyboard layout...
[    5.643357] systemd[1]: Starting Create List of Static Device Nodes...
[    5.648207] systemd[1]: Starting Load Kernel Module configfs...
[    5.651664] systemd[1]: Starting Load Kernel Module drm...
[    5.653435] systemd[1]: Starting Load Kernel Module efi_pstore...
[    5.655972] pstore: Using crash dump compression: deflate
[    5.656471] systemd[1]: Starting Load Kernel Module fuse...
[    5.658312] pstore: Registered efi_pstore as persistent store backend
[    5.662096] systemd[1]: Condition check resulted in File System Check on Root Device being skipped.
[    5.664184] systemd[1]: Starting Load Kernel Modules...
[    5.667319] systemd[1]: Starting Remount Root and Kernel File Systems...
[    5.670196] systemd[1]: Starting Coldplug All udev Devices...
[    5.671287] lp: driver loaded but no devices found
[    5.675109] ppdev: user-space parallel port driver
[    5.675200] systemd[1]: Mounted Huge Pages File System.
[    5.678806] systemd[1]: Mounted POSIX Message Queue File System.
[    5.681051] systemd[1]: Mounted Kernel Debug File System.
[    5.683297] systemd[1]: Mounted Kernel Trace File System.
[    5.685551] systemd[1]: Started Journal Service.
[    5.687071] EXT4-fs (nvme1n1p1): re-mounted b5e84f74-7532-4797-9ff4-9a3261f84236 r/w. Quota mode: none.
[    5.715431] Adding 2097148k swap on /swapfile.  Priority:-2 extents:16 across:1445068800k SS
[    5.719952] systemd-journald[540]: Received client request to flush runtime journal.
[    5.741700] loop0: detected capacity change from 0 to 8
[    5.742756] loop1: detected capacity change from 0 to 151312
[    5.744271] loop2: detected capacity change from 0 to 151320
[    5.745966] loop3: detected capacity change from 0 to 496448
[    5.747277] loop4: detected capacity change from 0 to 495616
[    5.749041] loop5: detected capacity change from 0 to 1034424
[    5.750451] loop6: detected capacity change from 0 to 1056784
[    5.752060] loop7: detected capacity change from 0 to 187776
[    5.754079] loop8: detected capacity change from 0 to 26472
[    5.755575] loop9: detected capacity change from 0 to 24984
[    5.757172] loop10: detected capacity change from 0 to 91008
[    5.758583] loop11: detected capacity change from 0 to 91024
[    5.760304] loop12: detected capacity change from 0 to 1128
[    5.761665] loop13: detected capacity change from 0 to 1136
[    5.780117] usb 1-12.2: New USB device found, idVendor=3633, idProduct=0008, bcdDevice= 2.00
[    5.780122] usb 1-12.2: New USB device strings: Mfr=1, Product=2, SerialNumber=3
[    5.780123] usb 1-12.2: Product: AG-DIGITAL
[    5.780125] usb 1-12.2: Manufacturer: DeepCool
[    5.780126] usb 1-12.2: SerialNumber: 100877296484
[    5.827236] hid-generic 0003:3633:0008.0006: hiddev4,hidraw5: USB HID v1.10 Device [DeepCool AG-DIGITAL] on usb-0000:0e:00.0-12.2/input0
[    5.891920] ccp 0000:11:00.2: enabling device (0000 -> 0002)
[    5.892266] mc: Linux media interface: v0.10
[    5.892293] RAPL PMU: API unit is 2^-32 Joules, 1 fixed counters, 163840 ms ovfl timer
[    5.892297] RAPL PMU: hw unit of domain package 2^-16 Joules
[    5.894427] ccp 0000:11:00.2: tee enabled
[    5.894688] ccp 0000:11:00.2: psp enabled
[    5.908590] usb 1-12.3: new full-speed USB device number 8 using xhci_hcd
[    5.917927] cfg80211: Loading compiled-in X.509 certificates for regulatory database
[    5.918060] Loaded X.509 cert 'sforshee: 00b28ddf47aef9cea7'
[    5.918149] Loaded X.509 cert 'wens: 61c038651aabdcf94bd0ac7ff06c7248db18c600'
[    5.918974] cryptd: max_cpu_qlen set to 1000
[    5.919431] videodev: Linux video capture interface: v2.00
[    5.922613] AVX2 version of gcm_enc/dec engaged.
[    5.922670] AES CTR mode by8 optimization enabled
[    5.927026] usb 3-2: Found UVC 1.00 device HCAM01N (0c45:6367)
[    5.947535] usbcore: registered new interface driver uvcvideo
[    5.995050] nvidia: loading out-of-tree module taints kernel.
[    5.995057] nvidia: module license 'NVIDIA' taints kernel.
[    5.995059] Disabling lock debugging due to kernel taint
[    5.995061] nvidia: module license taints kernel.
[    5.998266] kvm_amd: TSC scaling supported
[    5.998268] kvm_amd: Nested Virtualization enabled
[    5.998270] kvm_amd: Nested Paging enabled
[    5.998271] kvm_amd: LBR virtualization supported
[    5.998279] kvm_amd: Virtual VMLOAD VMSAVE supported
[    5.998280] kvm_amd: Virtual GIF supported
[    5.998281] kvm_amd: Virtual NMI enabled
[    6.010695] audit: type=1400 audit(1744556387.020:2): apparmor="STATUS" operation="profile_load" profile="unconfined" name="libreoffice-xpdfimport" pid=836 comm="apparmor_parser"
[    6.010729] audit: type=1400 audit(1744556387.020:3): apparmor="STATUS" operation="profile_load" profile="unconfined" name="libreoffice-senddoc" pid=834 comm="apparmor_parser"
[    6.010772] audit: type=1400 audit(1744556387.020:4): apparmor="STATUS" operation="profile_load" profile="unconfined" name="/usr/libexec/ibus-engine-hangul" pid=838 comm="apparmor_parser"
[    6.010985] audit: type=1400 audit(1744556387.020:5): apparmor="STATUS" operation="profile_load" profile="unconfined" name="lsb_release" pid=825 comm="apparmor_parser"
[    6.011114] audit: type=1400 audit(1744556387.020:6): apparmor="STATUS" operation="profile_load" profile="unconfined" name="libreoffice-oosplash" pid=833 comm="apparmor_parser"
[    6.011170] audit: type=1400 audit(1744556387.020:7): apparmor="STATUS" operation="profile_load" profile="unconfined" name="/usr/bin/man" pid=831 comm="apparmor_parser"
[    6.011172] audit: type=1400 audit(1744556387.020:8): apparmor="STATUS" operation="profile_load" profile="unconfined" name="man_filter" pid=831 comm="apparmor_parser"
[    6.011174] audit: type=1400 audit(1744556387.020:9): apparmor="STATUS" operation="profile_load" profile="unconfined" name="man_groff" pid=831 comm="apparmor_parser"
[    6.011234] audit: type=1400 audit(1744556387.020:10): apparmor="STATUS" operation="profile_load" profile="unconfined" name="nvidia_modprobe" pid=826 comm="apparmor_parser"
[    6.011238] audit: type=1400 audit(1744556387.020:11): apparmor="STATUS" operation="profile_load" profile="unconfined" name="nvidia_modprobe//kmod" pid=826 comm="apparmor_parser"
[    6.016434] usb 3-2: 3:1: cannot get freq at ep 0x84
[    6.073711] MCE: In-kernel MCE decoding enabled.
[    6.075621] nvidia-nvlink: Nvlink Core is being initialized, major device number 510

[    6.076839] nvidia 0000:01:00.0: vgaarb: VGA decodes changed: olddecodes=io+mem,decodes=none:owns=none
[    6.094207] mt7921e 0000:0d:00.0: enabling device (0000 -> 0002)
[    6.095831] snd_hda_intel 0000:01:00.1: enabling device (0000 -> 0002)
[    6.095891] snd_hda_intel 0000:01:00.1: Disabling MSI
[    6.095898] snd_hda_intel 0000:01:00.1: Handle vga_switcheroo audio client
[    6.095964] snd_hda_intel 0000:11:00.1: enabling device (0000 -> 0002)
[    6.096015] snd_hda_intel 0000:11:00.1: Handle vga_switcheroo audio client
[    6.096140] snd_hda_intel 0000:11:00.6: enabling device (0000 -> 0002)
[    6.100379] snd_hda_intel 0000:11:00.6: no codecs found!
[    6.102608] mt7921e 0000:0d:00.0: ASIC revision: 79220010
[    6.114560] input: HD-Audio Generic HDMI/DP,pcm=3 as /devices/pci0000:00/0000:00:08.1/0000:11:00.1/sound/card3/input10
[    6.114703] input: HD-Audio Generic HDMI/DP,pcm=7 as /devices/pci0000:00/0000:00:08.1/0000:11:00.1/sound/card3/input11
[    6.114822] input: HD-Audio Generic HDMI/DP,pcm=8 as /devices/pci0000:00/0000:00:08.1/0000:11:00.1/sound/card3/input12
[    6.114823] input: HDA NVidia HDMI/DP,pcm=3 as /devices/pci0000:00/0000:00:01.1/0000:01:00.1/sound/card2/input14
[    6.115033] input: HD-Audio Generic HDMI/DP,pcm=9 as /devices/pci0000:00/0000:00:08.1/0000:11:00.1/sound/card3/input13
[    6.115098] input: HDA NVidia HDMI/DP,pcm=7 as /devices/pci0000:00/0000:00:01.1/0000:01:00.1/sound/card2/input15
[    6.115390] input: HDA NVidia HDMI/DP,pcm=8 as /devices/pci0000:00/0000:00:01.1/0000:01:00.1/sound/card2/input16
[    6.115566] input: HDA NVidia HDMI/DP,pcm=9 as /devices/pci0000:00/0000:00:01.1/0000:01:00.1/sound/card2/input17
[    6.124642] NVRM: loading NVIDIA UNIX x86_64 Kernel Module  550.120  Fri Sep 13 10:10:01 UTC 2024
[    6.132453] nvidia-modeset: Loading NVIDIA Kernel Mode Setting Driver for UNIX platforms  550.120  Fri Sep 13 10:01:25 UTC 2024
[    6.142127] [drm] [nvidia-drm] [GPU ID 0x00000100] Loading driver
[    6.177203] intel_rapl_common: Found RAPL domain package
[    6.177205] intel_rapl_common: Found RAPL domain core
[    6.177689] mt7921e 0000:0d:00.0: HW/SW Version: 0x8a108a10, Build Time: 20231120183400a

