[    0.000000] Linux version 6.8.0-52-generic (buildd@lcy02-amd64-099) (x86_64-linux-gnu-gcc-12 (Ubuntu 12.3.0-1ubuntu1~22.04) 12.3.0, GNU ld (GNU Binutils for Ubuntu) 2.38) #53~22.04.1-Ubuntu SMP PREEMPT_DYNAMIC Wed Jan 15 19:18:46 UTC 2 (Ubuntu 6.8.0-52.53~22.04.1-generic 6.8.12)
[    0.000000] Command line: BOOT_IMAGE=/boot/vmlinuz-6.8.0-52-generic root=UUID=b5e84f74-7532-4797-9ff4-9a3261f84236 ro memmap=16G$48G isolcpus=10,11,12,13
[    0.000000] KERNEL supported cpus:
[    0.000000]   Intel GenuineIntel
[    0.000000]   AMD AuthenticAMD
[    0.000000]   Hygon HygonGenuine
[    0.000000]   Centaur CentaurHauls
[    0.000000]   zhaoxin   Shanghai  
[    0.000000] BIOS-provided physical RAM map:
[    0.000000] BIOS-e820: [mem 0x0000000000000000-0x000000000009ffff] usable
[    0.000000] BIOS-e820: [mem 0x00000000000a0000-0x00000000000fffff] reserved
[    0.000000] BIOS-e820: [mem 0x0000000000100000-0x0000000009e01fff] usable
[    0.000000] BIOS-e820: [mem 0x0000000009e02000-0x0000000009ffffff] reserved
[    0.000000] BIOS-e820: [mem 0x000000000a000000-0x000000000a1fffff] usable
[    0.000000] BIOS-e820: [mem 0x000000000a200000-0x000000000a20ffff] ACPI NVS
[    0.000000] BIOS-e820: [mem 0x000000000a210000-0x000000000affffff] usable
[    0.000000] BIOS-e820: [mem 0x000000000b000000-0x000000000b020fff] reserved
[    0.000000] BIOS-e820: [mem 0x000000000b021000-0x00000000ac58cfff] usable
[    0.000000] BIOS-e820: [mem 0x00000000ac58d000-0x00000000b258cfff] reserved
[    0.000000] BIOS-e820: [mem 0x00000000b258d000-0x00000000b266efff] ACPI data
[    0.000000] BIOS-e820: [mem 0x00000000b266f000-0x00000000b466efff] ACPI NVS
[    0.000000] BIOS-e820: [mem 0x00000000b466f000-0x00000000ba5fefff] reserved
[    0.000000] BIOS-e820: [mem 0x00000000ba5ff000-0x00000000bbff8fff] usable
[    0.000000] BIOS-e820: [mem 0x00000000bbff9000-0x00000000bbffdfff] reserved
[    0.000000] BIOS-e820: [mem 0x00000000bbffe000-0x00000000bbffffff] usable
[    0.000000] BIOS-e820: [mem 0x00000000bc000000-0x00000000bcffffff] reserved
[    0.000000] BIOS-e820: [mem 0x00000000bd7f3000-0x00000000bfffffff] reserved
[    0.000000] BIOS-e820: [mem 0x00000000e0000000-0x00000000efffffff] reserved
[    0.000000] BIOS-e820: [mem 0x00000000f7000000-0x00000000ffffffff] reserved
[    0.000000] BIOS-e820: [mem 0x0000000100000000-0x000000101de7ffff] usable
[    0.000000] BIOS-e820: [mem 0x000000101eec0000-0x00000010601fffff] reserved
[    0.000000] BIOS-e820: [mem 0x000000fd00000000-0x000000ffffffffff] reserved
[    0.000000] NX (Execute Disable) protection: active
[    0.000000] APIC: Static calls initialized
[    0.000000] e820: update [mem 0xa6daa018-0xa6dcec57] usable ==> usable
[    0.000000] e820: update [mem 0xa6daa018-0xa6dcec57] usable ==> usable
[    0.000000] e820: update [mem 0xa6d9f018-0xa6da9e57] usable ==> usable
[    0.000000] e820: update [mem 0xa6d9f018-0xa6da9e57] usable ==> usable
[    0.000000] extended physical RAM map:
[    0.000000] reserve setup_data: [mem 0x0000000000000000-0x000000000009ffff] usable
[    0.000000] reserve setup_data: [mem 0x00000000000a0000-0x00000000000fffff] reserved
[    0.000000] reserve setup_data: [mem 0x0000000000100000-0x0000000009e01fff] usable
[    0.000000] reserve setup_data: [mem 0x0000000009e02000-0x0000000009ffffff] reserved
[    0.000000] reserve setup_data: [mem 0x000000000a000000-0x000000000a1fffff] usable
[    0.000000] reserve setup_data: [mem 0x000000000a200000-0x000000000a20ffff] ACPI NVS
[    0.000000] reserve setup_data: [mem 0x000000000a210000-0x000000000affffff] usable
[    0.000000] reserve setup_data: [mem 0x000000000b000000-0x000000000b020fff] reserved
[    0.000000] reserve setup_data: [mem 0x000000000b021000-0x00000000a6d9f017] usable
[    0.000000] reserve setup_data: [mem 0x00000000a6d9f018-0x00000000a6da9e57] usable
[    0.000000] reserve setup_data: [mem 0x00000000a6da9e58-0x00000000a6daa017] usable
[    0.000000] reserve setup_data: [mem 0x00000000a6daa018-0x00000000a6dcec57] usable
[    0.000000] reserve setup_data: [mem 0x00000000a6dcec58-0x00000000ac58cfff] usable
[    0.000000] reserve setup_data: [mem 0x00000000ac58d000-0x00000000b258cfff] reserved
[    0.000000] reserve setup_data: [mem 0x00000000b258d000-0x00000000b266efff] ACPI data
[    0.000000] reserve setup_data: [mem 0x00000000b266f000-0x00000000b466efff] ACPI NVS
[    0.000000] reserve setup_data: [mem 0x00000000b466f000-0x00000000ba5fefff] reserved
[    0.000000] reserve setup_data: [mem 0x00000000ba5ff000-0x00000000bbff8fff] usable
[    0.000000] reserve setup_data: [mem 0x00000000bbff9000-0x00000000bbffdfff] reserved
[    0.000000] reserve setup_data: [mem 0x00000000bbffe000-0x00000000bbffffff] usable
[    0.000000] reserve setup_data: [mem 0x00000000bc000000-0x00000000bcffffff] reserved
[    0.000000] reserve setup_data: [mem 0x00000000bd7f3000-0x00000000bfffffff] reserved
[    0.000000] reserve setup_data: [mem 0x00000000e0000000-0x00000000efffffff] reserved
[    0.000000] reserve setup_data: [mem 0x00000000f7000000-0x00000000ffffffff] reserved
[    0.000000] reserve setup_data: [mem 0x0000000100000000-0x0000000bffffffff] usable
[    0.000000] reserve setup_data: [mem 0x0000000c00000000-0x0000000fffffffff] reserved
[    0.000000] reserve setup_data: [mem 0x0000001000000000-0x000000101de7ffff] usable
[    0.000000] reserve setup_data: [mem 0x000000101eec0000-0x00000010601fffff] reserved
[    0.000000] reserve setup_data: [mem 0x000000fd00000000-0x000000ffffffffff] reserved
[    0.000000] user-defined physical RAM map:
[    0.000000] user: [mem 0x0000000000000000-0x000000000009ffff] usable
[    0.000000] user: [mem 0x00000000000a0000-0x00000000000fffff] reserved
[    0.000000] user: [mem 0x0000000000100000-0x0000000009e01fff] usable
[    0.000000] user: [mem 0x0000000009e02000-0x0000000009ffffff] reserved
[    0.000000] user: [mem 0x000000000a000000-0x000000000a1fffff] usable
[    0.000000] user: [mem 0x000000000a200000-0x000000000a20ffff] ACPI NVS
[    0.000000] user: [mem 0x000000000a210000-0x000000000affffff] usable
[    0.000000] user: [mem 0x000000000b000000-0x000000000b020fff] reserved
[    0.000000] user: [mem 0x000000000b021000-0x00000000a6d9f017] usable
[    0.000000] user: [mem 0x00000000a6d9f018-0x00000000a6da9e57] usable
[    0.000000] user: [mem 0x00000000a6da9e58-0x00000000a6daa017] usable
[    0.000000] user: [mem 0x00000000a6daa018-0x00000000a6dcec57] usable
[    0.000000] user: [mem 0x00000000a6dcec58-0x00000000ac58cfff] usable
[    0.000000] user: [mem 0x00000000ac58d000-0x00000000b258cfff] reserved
[    0.000000] user: [mem 0x00000000b258d000-0x00000000b266efff] ACPI data
[    0.000000] user: [mem 0x00000000b266f000-0x00000000b466efff] ACPI NVS
[    0.000000] user: [mem 0x00000000b466f000-0x00000000ba5fefff] reserved
[    0.000000] user: [mem 0x00000000ba5ff000-0x00000000bbff8fff] usable
[    0.000000] user: [mem 0x00000000bbff9000-0x00000000bbffdfff] reserved
[    0.000000] user: [mem 0x00000000bbffe000-0x00000000bbffffff] usable
[    0.000000] user: [mem 0x00000000bc000000-0x00000000bcffffff] reserved
[    0.000000] user: [mem 0x00000000bd7f3000-0x00000000bfffffff] reserved
[    0.000000] user: [mem 0x00000000e0000000-0x00000000efffffff] reserved
[    0.000000] user: [mem 0x00000000f7000000-0x00000000ffffffff] reserved
[    0.000000] user: [mem 0x0000000100000000-0x0000000bffffffff] usable
[    0.000000] user: [mem 0x0000000c00000000-0x0000000fffffffff] reserved
[    0.000000] user: [mem 0x0000001000000000-0x000000101de7ffff] usable
[    0.000000] user: [mem 0x000000101eec0000-0x00000010601fffff] reserved
[    0.000000] user: [mem 0x000000fd00000000-0x000000ffffffffff] reserved
[    0.000000] efi: EFI v2.9 by American Megatrends
[    0.000000] efi: ACPI=0xb4656000 ACPI 2.0=0xb4656014 TPMFinalLog=0xb4623000 SMBIOS=0xb9ad9000 SMBIOS 3.0=0xb9ad8000 MEMATTR=0xa6f11018 ESRT=0xa7dbe418 MOKvar=0xb9b39000 RNG=0xb25ba018 TPMEventLog=0xa6dcf018 
[    0.000000] random: crng init done
[    0.000000] efi: Remove mem78: MMIO range=[0xe0000000-0xefffffff] (256MB) from e820 map
[    0.000000] e820: remove [mem 0xe0000000-0xefffffff] reserved
[    0.000000] efi: Remove mem79: MMIO range=[0xf7000000-0xfedfffff] (126MB) from e820 map
[    0.000000] e820: remove [mem 0xf7000000-0xfedfffff] reserved
[    0.000000] efi: Not removing mem80: MMIO range=[0xfee00000-0xfee00fff] (4KB) from e820 map
[    0.000000] efi: Remove mem81: MMIO range=[0xfee01000-0xffffffff] (17MB) from e820 map
[    0.000000] e820: remove [mem 0xfee01000-0xffffffff] reserved
[    0.000000] efi: Remove mem83: MMIO range=[0x1040000000-0x10601fffff] (514MB) from e820 map
[    0.000000] e820: remove [mem 0x1040000000-0x10601fffff] reserved
[    0.000000] secureboot: Secure boot disabled
[    0.000000] SMBIOS 3.6.0 present.
[    0.000000] DMI: Micro-Star International Co., Ltd. MS-7D75/MAG B650 TOMAHAWK WIFI (MS-7D75), BIOS 1.E0 02/20/2024
[    0.000000] tsc: Fast TSC calibration using PIT
[    0.000000] tsc: Detected 4199.896 MHz processor
[    0.000119] e820: update [mem 0x00000000-0x00000fff] usable ==> reserved
[    0.000120] e820: remove [mem 0x000a0000-0x000fffff] usable
[    0.000126] last_pfn = 0x101de80 max_arch_pfn = 0x400000000
[    0.000130] MTRR map: 5 entries (3 fixed + 2 variable; max 20), built from 9 variable MTRRs
[    0.000131] x86/PAT: Configuration [0-7]: WB  WC  UC- UC  WB  WP  UC- WT  
[    0.000340] e820: update [mem 0xc0000000-0xffffffff] usable ==> reserved
[    0.000348] last_pfn = 0xbc000 max_arch_pfn = 0x400000000
[    0.002756] esrt: Reserving ESRT space from 0x00000000a7dbe418 to 0x00000000a7dbe450.
[    0.002761] e820: update [mem 0xa7dbe000-0xa7dbefff] usable ==> reserved
[    0.002774] Using GB pages for direct mapping
[    0.003081] secureboot: Secure boot disabled
[    0.003081] RAMDISK: [mem 0xa081d000-0xa4e5ffff]
[    0.003086] ACPI: Early table checksum verification disabled
[    0.003089] ACPI: RSDP 0x00000000B4656014 000024 (v02 ALASKA)
[    0.003091] ACPI: XSDT 0x00000000B4655728 000104 (v01 ALASKA A M I    01072009 AMI  01000013)
[    0.003095] ACPI: FACP 0x00000000B2665000 000114 (v06 ALASKA A M I    01072009 AMI  00010013)
[    0.003098] ACPI: DSDT 0x00000000B25EA000 06F33C (v128 ALASKA A M I    01072009 INTL 20221020)
[    0.003100] ACPI: FACS 0x00000000B4653000 000040
[    0.003102] ACPI: SSDT 0x00000000B2667000 007F64 (v02 AMD    Splinter 00000002 MSFT 04000000)
[    0.003103] ACPI: SSDT 0x00000000B2666000 0003F1 (v02 ALASKA CPUSSDT  01072009 AMI  01072009)
[    0.003104] ACPI: FIDT 0x00000000B265E000 00009C (v01 ALASKA A M I    01072009 AMI  00010013)
[    0.003106] ACPI: MCFG 0x00000000B265D000 00003C (v01 ALASKA A M I    01072009 MSFT 00010013)
[    0.003107] ACPI: HPET 0x00000000B265C000 000038 (v01 ALASKA A M I    01072009 AMI  00000005)
[    0.003108] ACPI: WDRT 0x00000000B265B000 000047 (v01 ALASKA A M I    01072009 AMI  00000005)
[    0.003110] ACPI: UEFI 0x00000000B4000000 000048 (v01 ALASKA A M I    01072009 AMI  01000013)
[    0.003111] ACPI: FPDT 0x00000000B265A000 000044 (v01 ALASKA A M I    01072009 AMI  01000013)
[    0.003112] ACPI: VFCT 0x00000000B25DF000 00AE84 (v01 ALASKA A M I    00000001 AMD  33504F47)
[    0.003113] ACPI: SSDT 0x00000000B25D5000 009BAE (v02 AMD    AMD CPU  00000001 AMD  00000001)
[    0.003115] ACPI: SSDT 0x00000000B2663000 0006D4 (v02 AMD    CPMWLRC  00000001 INTL 20221020)
[    0.003116] ACPI: SSDT 0x00000000B2661000 0015D0 (v02 AMD    CPMDFIG2 00000001 INTL 20221020)
[    0.003117] ACPI: SSDT 0x00000000B25D2000 002AA6 (v02 AMD    CDFAAIG2 00000001 INTL 20221020)
[    0.003119] ACPI: SSDT 0x00000000B2660000 00078F (v02 AMD    CPMDFDG1 00000001 INTL 20221020)
[    0.003120] ACPI: SSDT 0x00000000B25C8000 009A53 (v02 AMD    CPMCMN   00000001 INTL 20221020)
[    0.003121] ACPI: SSDT 0x00000000B25C5000 002406 (v02 AMD    AOD      00000001 INTL 20221020)
[    0.003122] ACPI: TPM2 0x00000000B265F000 00004C (v04 ALASKA A M I    00000001 AMI  00000000)
[    0.003124] ACPI: WSMT 0x00000000B25C4000 000028 (v01 ALASKA A M I    01072009 AMI  00010013)
[    0.003125] ACPI: APIC 0x00000000B25C3000 00015E (v06 ALASKA A M I    01072009 AMI  00010013)
[    0.003126] ACPI: IVRS 0x00000000B25C2000 0000C8 (v02 AMD    AmdTable 00000001 AMD  00000001)
[    0.003128] ACPI: SSDT 0x00000000B25C1000 000500 (v02 AMD    MEMTOOL0 00000002 INTL 20221020)
[    0.003129] ACPI: SSDT 0x00000000B25C0000 00096A (v02 AMD    CPMMSOSC 00000001 INTL 20221020)
[    0.003130] ACPI: SSDT 0x00000000B25BF000 00047C (v02 AMD    AMDWOV   00000001 INTL 20221020)
[    0.003131] ACPI: SSDT 0x00000000B25BD000 001046 (v02 AMD    CPMACPV4 00000001 INTL 20221020)
[    0.003133] ACPI: SSDT 0x00000000B25BC000 00053E (v01 AMD    CPMAPMFD 00000001 INTL 20221020)
[    0.003134] ACPI: SSDT 0x00000000B25BB000 00044E (v02 AMD    AmdTable 00000001 INTL 20221020)
[    0.003135] ACPI: BGRT 0x00000000B2664000 000038 (v01 ALASKA A M I    01072009 AMI  00010013)
[    0.003136] ACPI: Reserving FACP table memory at [mem 0xb2665000-0xb2665113]
[    0.003137] ACPI: Reserving DSDT table memory at [mem 0xb25ea000-0xb265933b]
[    0.003137] ACPI: Reserving FACS table memory at [mem 0xb4653000-0xb465303f]
[    0.003138] ACPI: Reserving SSDT table memory at [mem 0xb2667000-0xb266ef63]
[    0.003138] ACPI: Reserving SSDT table memory at [mem 0xb2666000-0xb26663f0]
[    0.003139] ACPI: Reserving FIDT table memory at [mem 0xb265e000-0xb265e09b]
[    0.003139] ACPI: Reserving MCFG table memory at [mem 0xb265d000-0xb265d03b]
[    0.003139] ACPI: Reserving HPET table memory at [mem 0xb265c000-0xb265c037]
[    0.003140] ACPI: Reserving WDRT table memory at [mem 0xb265b000-0xb265b046]
[    0.003140] ACPI: Reserving UEFI table memory at [mem 0xb4000000-0xb4000047]
[    0.003140] ACPI: Reserving FPDT table memory at [mem 0xb265a000-0xb265a043]
[    0.003141] ACPI: Reserving VFCT table memory at [mem 0xb25df000-0xb25e9e83]
[    0.003141] ACPI: Reserving SSDT table memory at [mem 0xb25d5000-0xb25debad]
[    0.003142] ACPI: Reserving SSDT table memory at [mem 0xb2663000-0xb26636d3]
[    0.003142] ACPI: Reserving SSDT table memory at [mem 0xb2661000-0xb26625cf]
[    0.003142] ACPI: Reserving SSDT table memory at [mem 0xb25d2000-0xb25d4aa5]
[    0.003143] ACPI: Reserving SSDT table memory at [mem 0xb2660000-0xb266078e]
[    0.003143] ACPI: Reserving SSDT table memory at [mem 0xb25c8000-0xb25d1a52]
[    0.003143] ACPI: Reserving SSDT table memory at [mem 0xb25c5000-0xb25c7405]
[    0.003144] ACPI: Reserving TPM2 table memory at [mem 0xb265f000-0xb265f04b]
[    0.003144] ACPI: Reserving WSMT table memory at [mem 0xb25c4000-0xb25c4027]
[    0.003145] ACPI: Reserving APIC table memory at [mem 0xb25c3000-0xb25c315d]
[    0.003145] ACPI: Reserving IVRS table memory at [mem 0xb25c2000-0xb25c20c7]
[    0.003145] ACPI: Reserving SSDT table memory at [mem 0xb25c1000-0xb25c14ff]
[    0.003146] ACPI: Reserving SSDT table memory at [mem 0xb25c0000-0xb25c0969]
[    0.003146] ACPI: Reserving SSDT table memory at [mem 0xb25bf000-0xb25bf47b]
[    0.003147] ACPI: Reserving SSDT table memory at [mem 0xb25bd000-0xb25be045]
[    0.003147] ACPI: Reserving SSDT table memory at [mem 0xb25bc000-0xb25bc53d]
[    0.003147] ACPI: Reserving SSDT table memory at [mem 0xb25bb000-0xb25bb44d]
[    0.003148] ACPI: Reserving BGRT table memory at [mem 0xb2664000-0xb2664037]
[    0.003226] No NUMA configuration found
[    0.003227] Faking a node at [mem 0x0000000000000000-0x000000101de7ffff]
[    0.003231] NODE_DATA(0) allocated [mem 0x101de55000-0x101de7ffff]
[    0.003326] Zone ranges:
[    0.003326]   DMA      [mem 0x0000000000001000-0x0000000000ffffff]
[    0.003327]   DMA32    [mem 0x0000000001000000-0x00000000ffffffff]
[    0.003328]   Normal   [mem 0x0000000100000000-0x000000101de7ffff]
[    0.003329]   Device   empty
[    0.003329] Movable zone start for each node
[    0.003330] Early memory node ranges
[    0.003330]   node   0: [mem 0x0000000000001000-0x000000000009ffff]
[    0.003331]   node   0: [mem 0x0000000000100000-0x0000000009e01fff]
[    0.003332]   node   0: [mem 0x000000000a000000-0x000000000a1fffff]
[    0.003332]   node   0: [mem 0x000000000a210000-0x000000000affffff]
[    0.003332]   node   0: [mem 0x000000000b021000-0x00000000ac58cfff]
[    0.003333]   node   0: [mem 0x00000000ba5ff000-0x00000000bbff8fff]
[    0.003333]   node   0: [mem 0x00000000bbffe000-0x00000000bbffffff]
[    0.003334]   node   0: [mem 0x0000000100000000-0x0000000bffffffff]
[    0.003336]   node   0: [mem 0x0000001000000000-0x000000101de7ffff]
[    0.003336] Initmem setup node 0 [mem 0x0000000000001000-0x000000101de7ffff]
[    0.003340] On node 0, zone DMA: 1 pages in unavailable ranges
[    0.003348] On node 0, zone DMA: 96 pages in unavailable ranges
[    0.003417] On node 0, zone DMA32: 510 pages in unavailable ranges
[    0.003424] On node 0, zone DMA32: 16 pages in unavailable ranges
[    0.004581] On node 0, zone DMA32: 33 pages in unavailable ranges
[    0.004686] On node 0, zone DMA32: 24690 pages in unavailable ranges
[    0.004687] On node 0, zone DMA32: 5 pages in unavailable ranges
[    0.031459] On node 0, zone Normal: 16384 pages in unavailable ranges
[    0.031819] On node 0, zone Normal: 8576 pages in unavailable ranges
[    0.032504] ACPI: PM-Timer IO Port: 0x808
[    0.032512] ACPI: LAPIC_NMI (acpi_id[0xff] high edge lint[0x1])
[    0.032522] IOAPIC[0]: apic_id 32, version 33, address 0xfec00000, GSI 0-23
[    0.032526] IOAPIC[1]: apic_id 33, version 33, address 0xfec01000, GSI 24-55
[    0.032527] ACPI: INT_SRC_OVR (bus 0 bus_irq 0 global_irq 2 dfl dfl)
[    0.032528] ACPI: INT_SRC_OVR (bus 0 bus_irq 9 global_irq 9 low level)
[    0.032530] ACPI: Using ACPI (MADT) for SMP configuration information
[    0.032531] ACPI: HPET id: 0x10228201 base: 0xfed00000
[    0.032538] e820: update [mem 0xa6e76000-0xa6ed2fff] usable ==> reserved
[    0.032546] smpboot: Allowing 32 CPUs, 0 hotplug CPUs
[    0.032558] PM: hibernation: Registered nosave memory: [mem 0x00000000-0x00000fff]
[    0.032559] PM: hibernation: Registered nosave memory: [mem 0x000a0000-0x000fffff]
[    0.032560] PM: hibernation: Registered nosave memory: [mem 0x09e02000-0x09ffffff]
[    0.032561] PM: hibernation: Registered nosave memory: [mem 0x0a200000-0x0a20ffff]
[    0.032562] PM: hibernation: Registered nosave memory: [mem 0x0b000000-0x0b020fff]
[    0.032562] PM: hibernation: Registered nosave memory: [mem 0xa6d9f000-0xa6d9ffff]
[    0.032563] PM: hibernation: Registered nosave memory: [mem 0xa6da9000-0xa6da9fff]
[    0.032563] PM: hibernation: Registered nosave memory: [mem 0xa6daa000-0xa6daafff]
[    0.032564] PM: hibernation: Registered nosave memory: [mem 0xa6dce000-0xa6dcefff]
[    0.032565] PM: hibernation: Registered nosave memory: [mem 0xa6e76000-0xa6ed2fff]
[    0.032566] PM: hibernation: Registered nosave memory: [mem 0xa7dbe000-0xa7dbefff]
[    0.032566] PM: hibernation: Registered nosave memory: [mem 0xac58d000-0xb258cfff]
[    0.032567] PM: hibernation: Registered nosave memory: [mem 0xb258d000-0xb266efff]
[    0.032567] PM: hibernation: Registered nosave memory: [mem 0xb266f000-0xb466efff]
[    0.032567] PM: hibernation: Registered nosave memory: [mem 0xb466f000-0xba5fefff]
[    0.032568] PM: hibernation: Registered nosave memory: [mem 0xbbff9000-0xbbffdfff]
[    0.032569] PM: hibernation: Registered nosave memory: [mem 0xbc000000-0xbcffffff]
[    0.032569] PM: hibernation: Registered nosave memory: [mem 0xbd000000-0xbd7f2fff]
[    0.032570] PM: hibernation: Registered nosave memory: [mem 0xbd7f3000-0xbfffffff]
[    0.032570] PM: hibernation: Registered nosave memory: [mem 0xc0000000-0xfedfffff]
[    0.032570] PM: hibernation: Registered nosave memory: [mem 0xfee00000-0xfee00fff]
[    0.032571] PM: hibernation: Registered nosave memory: [mem 0xfee01000-0xffffffff]
[    0.032571] PM: hibernation: Registered nosave memory: [mem 0xc00000000-0xfffffffff]
[    0.032572] [mem 0xc0000000-0xfedfffff] available for PCI devices
[    0.032573] Booting paravirtualized kernel on bare hardware
[    0.032575] clocksource: refined-jiffies: mask: 0xffffffff max_cycles: 0xffffffff, max_idle_ns: 1910969940391419 ns
[    0.032581] setup_percpu: NR_CPUS:8192 nr_cpumask_bits:32 nr_cpu_ids:32 nr_node_ids:1
[    0.033392] percpu: Embedded 86 pages/cpu s229376 r8192 d114688 u524288
[    0.033395] pcpu-alloc: s229376 r8192 d114688 u524288 alloc=1*2097152
[    0.033397] pcpu-alloc: [0] 00 01 02 03 [0] 04 05 06 07 
[    0.033399] pcpu-alloc: [0] 08 09 10 11 [0] 12 13 14 15 
[    0.033402] pcpu-alloc: [0] 16 17 18 19 [0] 20 21 22 23 
[    0.033404] pcpu-alloc: [0] 24 25 26 27 [0] 28 29 30 31 
[    0.033415] Kernel command line: BOOT_IMAGE=/boot/vmlinuz-6.8.0-52-generic root=UUID=b5e84f74-7532-4797-9ff4-9a3261f84236 ro memmap=16G$48G isolcpus=10,11,12,13
[    0.033456] Unknown kernel command line parameters "BOOT_IMAGE=/boot/vmlinuz-6.8.0-52-generic", will be passed to user space.
[    0.035976] Dentry cache hash table entries: 8388608 (order: 14, 67108864 bytes, linear)
[    0.037099] Inode-cache hash table entries: 4194304 (order: 13, 33554432 bytes, linear)
[    0.037214] Fallback order for Node 0: 0 
[    0.037216] Built 1 zonelists, mobility grouping on.  Total pages: 12175338
[    0.037217] Policy zone: Normal
[    0.037222] mem auto-init: stack:all(zero), heap alloc:on, heap free:off
[    0.037254] software IO TLB: area num 32.
[    0.085444] Memory: 48279816K/49475044K available (22528K kernel code, 4439K rwdata, 13908K rodata, 4972K init, 4740K bss, 1194968K reserved, 0K cma-reserved)
[    0.086008] SLUB: HWalign=64, Order=0-3, MinObjects=0, CPUs=32, Nodes=1
[    0.086025] ftrace: allocating 57956 entries in 227 pages
[    0.094015] ftrace: allocated 227 pages with 5 groups
[    0.094592] Dynamic Preempt: voluntary
[    0.094663] rcu: Preemptible hierarchical RCU implementation.
[    0.094663] rcu: 	RCU restricting CPUs from NR_CPUS=8192 to nr_cpu_ids=32.
[    0.094664] 	Trampoline variant of Tasks RCU enabled.
[    0.094665] 	Rude variant of Tasks RCU enabled.
[    0.094665] 	Tracing variant of Tasks RCU enabled.
[    0.094665] rcu: RCU calculated value of scheduler-enlistment delay is 100 jiffies.
[    0.094666] rcu: Adjusting geometry for rcu_fanout_leaf=16, nr_cpu_ids=32
[    0.096176] NR_IRQS: 524544, nr_irqs: 1224, preallocated irqs: 16
[    0.096354] rcu: srcu_init: Setting srcu_struct sizes based on contention.
[    0.096485] Console: colour dummy device 80x25
[    0.096486] printk: legacy console [tty0] enabled
[    0.096732] ACPI: Core revision 20230628
[    0.096948] clocksource: hpet: mask: 0xffffffff max_cycles: 0xffffffff, max_idle_ns: 133484873504 ns
[    0.096962] APIC: Switch to symmetric I/O mode setup
[    0.097469] AMD-Vi: Using global IVHD EFR:0x246577efa2254afa, EFR2:0x0
[    0.097694] APIC: Switched APIC routing to: physical flat
[    0.098278] ..TIMER: vector=0x30 apic1=0 pin1=2 apic2=-1 pin2=-1
[    0.102967] clocksource: tsc-early: mask: 0xffffffffffffffff max_cycles: 0x3c89fee5e0e, max_idle_ns: 440795233401 ns
[    0.102971] Calibrating delay loop (skipped), value calculated using timer frequency.. 8399.79 BogoMIPS (lpj=4199896)
[    0.102983] x86/cpu: User Mode Instruction Prevention (UMIP) activated
[    0.103023] LVT offset 1 assigned for vector 0xf9
[    0.103148] LVT offset 2 assigned for vector 0xf4
[    0.103185] process: using mwait in idle threads
[    0.103186] Last level iTLB entries: 4KB 512, 2MB 512, 4MB 256
[    0.103188] Last level dTLB entries: 4KB 3072, 2MB 3072, 4MB 1536, 1GB 0
[    0.103190] Spectre V1 : Mitigation: usercopy/swapgs barriers and __user pointer sanitization
[    0.103192] Spectre V2 : Mitigation: Enhanced / Automatic IBRS
[    0.103193] Spectre V2 : Spectre v2 / SpectreRSB mitigation: Filling RSB on context switch
[    0.103196] Spectre V2 : mitigation: Enabling conditional Indirect Branch Prediction Barrier
[    0.103197] Spectre V2 : User space: Mitigation: STIBP always-on protection
[    0.103199] Speculative Store Bypass: Mitigation: Speculative Store Bypass disabled via prctl
[    0.103201] Speculative Return Stack Overflow: Mitigation: Safe RET
[    0.103206] x86/fpu: Supporting XSAVE feature 0x001: 'x87 floating point registers'
[    0.103208] x86/fpu: Supporting XSAVE feature 0x002: 'SSE registers'
[    0.103209] x86/fpu: Supporting XSAVE feature 0x004: 'AVX registers'
[    0.103210] x86/fpu: Supporting XSAVE feature 0x020: 'AVX-512 opmask'
[    0.103212] x86/fpu: Supporting XSAVE feature 0x040: 'AVX-512 Hi256'
[    0.103213] x86/fpu: Supporting XSAVE feature 0x080: 'AVX-512 ZMM_Hi256'
[    0.103214] x86/fpu: Supporting XSAVE feature 0x200: 'Protection Keys User registers'
[    0.103215] x86/fpu: Supporting XSAVE feature 0x800: 'Control-flow User registers'
[    0.103217] x86/fpu: xstate_offset[2]:  576, xstate_sizes[2]:  256
[    0.103219] x86/fpu: xstate_offset[5]:  832, xstate_sizes[5]:   64
[    0.103220] x86/fpu: xstate_offset[6]:  896, xstate_sizes[6]:  512
[    0.103221] x86/fpu: xstate_offset[7]: 1408, xstate_sizes[7]: 1024
[    0.103222] x86/fpu: xstate_offset[9]: 2432, xstate_sizes[9]:    8
[    0.103224] x86/fpu: xstate_offset[11]: 2440, xstate_sizes[11]:   16
[    0.103225] x86/fpu: Enabled xstate features 0xae7, context size is 2456 bytes, using 'compacted' format.
[    0.123499] Freeing SMP alternatives memory: 48K
[    0.123503] pid_max: default: 32768 minimum: 301
[    0.126737] LSM: initializing lsm=lockdown,capability,landlock,yama,apparmor,integrity
[    0.126756] landlock: Up and running.
[    0.126758] Yama: becoming mindful.
[    0.126782] AppArmor: AppArmor initialized
[    0.126857] Mount-cache hash table entries: 131072 (order: 8, 1048576 bytes, linear)
[    0.126905] Mountpoint-cache hash table entries: 131072 (order: 8, 1048576 bytes, linear)
[    0.230891] smpboot: CPU0: AMD Ryzen 9 7950X3D 16-Core Processor (family: 0x19, model: 0x61, stepping: 0x2)
[    0.230970] RCU Tasks: Setting shift to 5 and lim to 1 rcu_task_cb_adjust=1.
[    0.230970] RCU Tasks Rude: Setting shift to 5 and lim to 1 rcu_task_cb_adjust=1.
[    0.230970] RCU Tasks Trace: Setting shift to 5 and lim to 1 rcu_task_cb_adjust=1.
[    0.230970] Performance Events: Fam17h+ 16-deep LBR, core perfctr, AMD PMU driver.
[    0.230970] ... version:                2
[    0.230970] ... bit width:              48
[    0.230970] ... generic registers:      6
[    0.230970] ... value mask:             0000ffffffffffff
[    0.230970] ... max period:             00007fffffffffff
[    0.230970] ... fixed-purpose events:   0
[    0.230970] ... event mask:             000000000000003f
[    0.230970] signal: max sigframe size: 3376
[    0.230970] rcu: Hierarchical SRCU implementation.
[    0.230970] rcu: 	Max phase no-delay instances is 400.
[    0.232347] NMI watchdog: Enabled. Permanently consumes one hw-PMU counter.
[    0.232523] smp: Bringing up secondary CPUs ...
[    0.232599] smpboot: x86: Booting SMP configuration:
[    0.232605] .... node  #0, CPUs:        #1  #2  #3  #4  #5  #6  #7  #8  #9 #10 #11 #12 #13 #14 #15 #16 #17 #18 #19 #20 #21 #22 #23 #24 #25 #26 #27 #28 #29 #30 #31
[    0.255971] Spectre V2 : Update user space SMT mitigation: STIBP always-on
[    0.272007] smp: Brought up 1 node, 32 CPUs
[    0.272007] smpboot: Max logical packages: 1
[    0.272007] smpboot: Total of 32 processors activated (268793.34 BogoMIPS)
[    0.275015] devtmpfs: initialized
[    0.275021] x86/mm: Memory block size: 2048MB
[    0.276345] ACPI: PM: Registering ACPI NVS region [mem 0x0a200000-0x0a20ffff] (65536 bytes)
[    0.276345] ACPI: PM: Registering ACPI NVS region [mem 0xb266f000-0xb466efff] (33554432 bytes)
[    0.276345] clocksource: jiffies: mask: 0xffffffff max_cycles: 0xffffffff, max_idle_ns: 1911260446275000 ns
[    0.276356] futex hash table entries: 8192 (order: 7, 524288 bytes, linear)
[    0.276425] pinctrl core: initialized pinctrl subsystem
[    0.276501] PM: RTC time: 16:16:40, date: 2025-02-26
[    0.277185] NET: Registered PF_NETLINK/PF_ROUTE protocol family
[    0.277390] DMA: preallocated 4096 KiB GFP_KERNEL pool for atomic allocations
[    0.277488] DMA: preallocated 4096 KiB GFP_KERNEL|GFP_DMA pool for atomic allocations
[    0.277580] DMA: preallocated 4096 KiB GFP_KERNEL|GFP_DMA32 pool for atomic allocations
[    0.277590] audit: initializing netlink subsys (disabled)
[    0.277597] audit: type=2000 audit(1740586600.179:1): state=initialized audit_enabled=0 res=1
[    0.277597] thermal_sys: Registered thermal governor 'fair_share'
[    0.277597] thermal_sys: Registered thermal governor 'bang_bang'
[    0.277597] thermal_sys: Registered thermal governor 'step_wise'
[    0.277597] thermal_sys: Registered thermal governor 'user_space'
[    0.277597] thermal_sys: Registered thermal governor 'power_allocator'
[    0.277597] EISA bus registered
[    0.277597] cpuidle: using governor ladder
[    0.277597] cpuidle: using governor menu
[    0.278006] acpiphp: ACPI Hot Plug PCI Controller Driver version: 0.5
[    0.278094] PCI: ECAM [mem 0xe0000000-0xefffffff] (base 0xe0000000) for domain 0000 [bus 00-ff]
[    0.278108] PCI: Using configuration type 1 for base access
[    0.278236] kprobes: kprobe jump-optimization is enabled. All kprobes are optimized if possible.
[    0.278243] HugeTLB: registered 1.00 GiB page size, pre-allocated 0 pages
[    0.278243] HugeTLB: 16380 KiB vmemmap can be freed for a 1.00 GiB page
[    0.278243] HugeTLB: registered 2.00 MiB page size, pre-allocated 0 pages
[    0.278243] HugeTLB: 28 KiB vmemmap can be freed for a 2.00 MiB page
[    0.278243] fbcon: Taking over console
[    0.278243] ACPI: Added _OSI(Module Device)
[    0.278243] ACPI: Added _OSI(Processor Device)
[    0.278243] ACPI: Added _OSI(3.0 _SCP Extensions)
[    0.278243] ACPI: Added _OSI(Processor Aggregator Device)
[    0.305017] ACPI: 16 ACPI AML tables successfully acquired and loaded
[    0.351242] ACPI: USB4 _OSC: OS supports USB3+ DisplayPort+ PCIe+ XDomain+
[    0.351247] ACPI: USB4 _OSC: OS controls USB3+ DisplayPort+ PCIe+ XDomain+
[    0.351665] ACPI: _OSC evaluation for CPUs failed, trying _PDC
[    0.352643] ACPI: Interpreter enabled
[    0.352661] ACPI: PM: (supports S0 S3 S4 S5)
[    0.352663] ACPI: Using IOAPIC for interrupt routing
[    0.355297] PCI: Using host bridge windows from ACPI; if necessary, use "pci=nocrs" and report a bug
[    0.355301] PCI: Ignoring E820 reservations for host bridge windows
[    0.355869] ACPI: Enabled 12 GPEs in block 00 to 1F
[    0.358693] ACPI: \_SB_.PCI0.GP17.XHC0.P0U0: New power resource
[    0.360860] ACPI: \_SB_.PCI0.GP17.XHC1.P0U1: New power resource
[    0.364528] ACPI: \_SB_.PCI0.GP19.XHC2.P0U2: New power resource
[    0.365392] ACPI: \_SB_.PCI0.GPP0.M237: New power resource
[    0.365757] ACPI: \_SB_.PCI0.GPP1.P0NV: New power resource
[    0.366856] ACPI: \_SB_.PCI0.GPP7.PWRS: New power resource
[    0.367284] ACPI: \_SB_.PCI0.GPP7.UP00.PWRS: New power resource
[    0.367685] ACPI: \_SB_.PCI0.GPP7.UP00.DP00.PWRS: New power resource
[    0.368087] ACPI: \_SB_.PCI0.GPP7.UP00.DP00.NV00.PWRS: New power resource
[    0.368490] ACPI: \_SB_.PCI0.GPP7.UP00.DP08.PWRS: New power resource
[    0.368783] ACPI: \_SB_.PCI0.GPP7.UP00.DP08.EP00.PWRS: New power resource
[    0.369108] ACPI: \_SB_.PCI0.GPP7.UP00.DP10.PWRS: New power resource
[    0.369394] ACPI: \_SB_.PCI0.GPP7.UP00.DP10.WN00.PWRS: New power resource
[    0.369719] ACPI: \_SB_.PCI0.GPP7.UP00.DP18.PWRS: New power resource
[    0.370010] ACPI: \_SB_.PCI0.GPP7.UP00.DP18.LN00.PWRS: New power resource
[    0.370334] ACPI: \_SB_.PCI0.GPP7.UP00.DP20.PWRS: New power resource
[    0.370921] ACPI: \_SB_.PCI0.GPP7.UP00.DP20.NV00.PWRS: New power resource
[    0.371358] ACPI: \_SB_.PCI0.GPP7.UP00.DP28.PWRS: New power resource
[    0.371926] ACPI: \_SB_.PCI0.GPP7.UP00.DP28.EP00.PWRS: New power resource
[    0.372190] ACPI: \_SB_.PCI0.GPP7.UP00.DP30.PWRS: New power resource
[    0.372766] ACPI: \_SB_.PCI0.GPP7.UP00.DP30.EP00.PWRS: New power resource
[    0.373122] ACPI: \_SB_.PCI0.GPP7.UP00.DP38.PWRS: New power resource
[    0.373703] ACPI: \_SB_.PCI0.GPP7.UP00.DP38.EP00.PWRS: New power resource
[    0.374056] ACPI: \_SB_.PCI0.GPP7.UP00.DP40.PWRS: New power resource
[    0.374456] ACPI: \_SB_.PCI0.GPP7.UP00.DP48.PWRS: New power resource
[    0.375035] ACPI: \_SB_.PCI0.GPP7.UP00.DP48.EP00.PWRS: New power resource
[    0.375386] ACPI: \_SB_.PCI0.GPP7.UP00.DP50.PWRS: New power resource
[    0.375782] ACPI: \_SB_.PCI0.GPP7.UP00.DP50.EP00.PWRS: New power resource
[    0.376194] ACPI: \_SB_.PCI0.GPP7.UP00.DP58.PWRS: New power resource
[    0.376595] ACPI: \_SB_.PCI0.GPP7.UP00.DP58.EP00.PWRS: New power resource
[    0.376998] ACPI: \_SB_.PCI0.GPP7.UP00.DP60.PWRS: New power resource
[    0.377394] ACPI: \_SB_.PCI0.GPP7.UP00.DP60.XH00.PWRS: New power resource
[    0.378412] ACPI: \_SB_.PCI0.GPP7.UP00.DP68.PWRS: New power resource
[    0.378762] ACPI: \_SB_.PCI0.GPP7.UP00.DP68.SA00.PWRS: New power resource
[    0.378822] ACPI: \_SB_.PCI0.GPP8.PWR1: New power resource
[    0.385175] ACPI: \_SB_.PRWL: New power resource
[    0.385205] ACPI: \_SB_.PRWB: New power resource
[    0.386133] ACPI: PCI Root Bridge [PCI0] (domain 0000 [bus 00-ff])
[    0.386140] acpi PNP0A08:00: _OSC: OS supports [ExtendedConfig ASPM ClockPM Segments MSI EDR HPX-Type3]
[    0.386327] acpi PNP0A08:00: _OSC: OS now controls [PCIeHotplug SHPCHotplug PME AER PCIeCapability LTR DPC]
[    0.386971] PCI host bridge to bus 0000:00
[    0.386974] pci_bus 0000:00: root bus resource [io  0x0000-0x03af window]
[    0.386978] pci_bus 0000:00: root bus resource [io  0x03e0-0x0cf7 window]
[    0.386981] pci_bus 0000:00: root bus resource [io  0x03b0-0x03df window]
[    0.386984] pci_bus 0000:00: root bus resource [io  0x0d00-0xffff window]
[    0.386988] pci_bus 0000:00: root bus resource [mem 0x000a0000-0x000dffff window]
[    0.386992] pci_bus 0000:00: root bus resource [mem 0xc0000000-0xf6ffffff window]
[    0.386995] pci_bus 0000:00: root bus resource [mem 0x1040000000-0xffffffffff window]
[    0.386999] pci_bus 0000:00: root bus resource [bus 00-ff]
[    0.387017] pci 0000:00:00.0: [1022:14d8] type 00 class 0x060000 conventional PCI endpoint
[    0.387111] pci 0000:00:00.2: [1022:14d9] type 00 class 0x080600 conventional PCI endpoint
[    0.387197] pci 0000:00:01.0: [1022:14da] type 00 class 0x060000 conventional PCI endpoint
[    0.387267] pci 0000:00:01.1: [1022:14db] type 01 class 0x060400 PCIe Root Port
[    0.387283] pci 0000:00:01.1: PCI bridge to [bus 01]
[    0.387289] pci 0000:00:01.1:   bridge window [io  0xf000-0xffff]
[    0.387293] pci 0000:00:01.1:   bridge window [mem 0xf5000000-0xf60fffff]
[    0.387300] pci 0000:00:01.1:   bridge window [mem 0xf800000000-0xfc01ffffff 64bit pref]
[    0.387356] pci 0000:00:01.1: PME# supported from D0 D3hot D3cold
[    0.387951] pci 0000:00:01.2: [1022:14db] type 01 class 0x060400 PCIe Root Port
[    0.387968] pci 0000:00:01.2: PCI bridge to [bus 02]
[    0.387974] pci 0000:00:01.2:   bridge window [mem 0xf6e00000-0xf6efffff]
[    0.388032] pci 0000:00:01.2: PME# supported from D0 D3hot D3cold
[    0.388156] pci 0000:00:02.0: [1022:14da] type 00 class 0x060000 conventional PCI endpoint
[    0.388225] pci 0000:00:02.1: [1022:14db] type 01 class 0x060400 PCIe Root Port
[    0.388242] pci 0000:00:02.1: PCI bridge to [bus 03-0f]
[    0.388247] pci 0000:00:02.1:   bridge window [io  0xc000-0xdfff]
[    0.388251] pci 0000:00:02.1:   bridge window [mem 0xf6200000-0xf67fffff]
[    0.388258] pci 0000:00:02.1:   bridge window [mem 0xfc20300000-0xfc203fffff 64bit pref]
[    0.388267] pci 0000:00:02.1: enabling Extended Tags
[    0.388315] pci 0000:00:02.1: PME# supported from D0 D3hot D3cold
[    0.388501] pci 0000:00:02.2: [1022:14db] type 01 class 0x060400 PCIe Root Port
[    0.388517] pci 0000:00:02.2: PCI bridge to [bus 10]
[    0.388523] pci 0000:00:02.2:   bridge window [mem 0xf6d00000-0xf6dfffff]
[    0.388535] pci 0000:00:02.2: enabling Extended Tags
[    0.388583] pci 0000:00:02.2: PME# supported from D0 D3hot D3cold
[    0.388705] pci 0000:00:03.0: [1022:14da] type 00 class 0x060000 conventional PCI endpoint
[    0.388782] pci 0000:00:04.0: [1022:14da] type 00 class 0x060000 conventional PCI endpoint
[    0.388861] pci 0000:00:08.0: [1022:14da] type 00 class 0x060000 conventional PCI endpoint
[    0.388933] pci 0000:00:08.1: [1022:14dd] type 01 class 0x060400 PCIe Root Port
[    0.388947] pci 0000:00:08.1: PCI bridge to [bus 11]
[    0.388952] pci 0000:00:08.1:   bridge window [io  0xe000-0xefff]
[    0.388955] pci 0000:00:08.1:   bridge window [mem 0xf6800000-0xf6bfffff]
[    0.388962] pci 0000:00:08.1:   bridge window [mem 0xfc10000000-0xfc201fffff 64bit pref]
[    0.388971] pci 0000:00:08.1: enabling Extended Tags
[    0.389000] pci 0000:00:08.1: PME# supported from D0 D3hot D3cold
[    0.389105] pci 0000:00:08.3: [1022:14dd] type 01 class 0x060400 PCIe Root Port
[    0.389119] pci 0000:00:08.3: PCI bridge to [bus 12]
[    0.389124] pci 0000:00:08.3:   bridge window [mem 0xf6c00000-0xf6cfffff]
[    0.389134] pci 0000:00:08.3: enabling Extended Tags
[    0.389162] pci 0000:00:08.3: PME# supported from D0 D3hot D3cold
[    0.389264] pci 0000:00:14.0: [1022:790b] type 00 class 0x0c0500 conventional PCI endpoint
[    0.389381] pci 0000:00:14.3: [1022:790e] type 00 class 0x060100 conventional PCI endpoint
[    0.389510] pci 0000:00:18.0: [1022:14e0] type 00 class 0x060000 conventional PCI endpoint
[    0.389547] pci 0000:00:18.1: [1022:14e1] type 00 class 0x060000 conventional PCI endpoint
[    0.389582] pci 0000:00:18.2: [1022:14e2] type 00 class 0x060000 conventional PCI endpoint
[    0.389617] pci 0000:00:18.3: [1022:14e3] type 00 class 0x060000 conventional PCI endpoint
[    0.389653] pci 0000:00:18.4: [1022:14e4] type 00 class 0x060000 conventional PCI endpoint
[    0.389688] pci 0000:00:18.5: [1022:14e5] type 00 class 0x060000 conventional PCI endpoint
[    0.389723] pci 0000:00:18.6: [1022:14e6] type 00 class 0x060000 conventional PCI endpoint
[    0.389759] pci 0000:00:18.7: [1022:14e7] type 00 class 0x060000 conventional PCI endpoint
[    0.389860] pci 0000:01:00.0: [10de:2705] type 00 class 0x030000 PCIe Legacy Endpoint
[    0.389870] pci 0000:01:00.0: BAR 0 [mem 0xf5000000-0xf5ffffff]
[    0.389879] pci 0000:01:00.0: BAR 1 [mem 0xf800000000-0xfbffffffff 64bit pref]
[    0.389888] pci 0000:01:00.0: BAR 3 [mem 0xfc00000000-0xfc01ffffff 64bit pref]
[    0.389894] pci 0000:01:00.0: BAR 5 [io  0xf000-0xf07f]
[    0.389901] pci 0000:01:00.0: ROM [mem 0xf6000000-0xf607ffff pref]
[    0.389941] pci 0000:01:00.0: PME# supported from D0 D3hot
[    0.390078] pci 0000:01:00.1: [10de:22bb] type 00 class 0x040300 PCIe Endpoint
[    0.390087] pci 0000:01:00.1: BAR 0 [mem 0xf6080000-0xf6083fff]
[    0.390207] pci 0000:00:01.1: PCI bridge to [bus 01]
[    0.390281] pci 0000:02:00.0: [1c5c:1959] type 00 class 0x010802 PCIe Endpoint
[    0.390295] pci 0000:02:00.0: BAR 0 [mem 0xf6e00000-0xf6e03fff 64bit]
[    0.390477] pci 0000:00:01.2: PCI bridge to [bus 02]
[    0.390549] pci 0000:03:00.0: [1022:43f4] type 01 class 0x060400 PCIe Switch Upstream Port
[    0.390571] pci 0000:03:00.0: PCI bridge to [bus 04-0f]
[    0.390577] pci 0000:03:00.0:   bridge window [io  0xc000-0xdfff]
[    0.390581] pci 0000:03:00.0:   bridge window [mem 0xf6200000-0xf67fffff]
[    0.390590] pci 0000:03:00.0:   bridge window [mem 0xfc20300000-0xfc203fffff 64bit pref]
[    0.390602] pci 0000:03:00.0: enabling Extended Tags
[    0.390650] pci 0000:03:00.0: PME# supported from D0 D3hot D3cold
[    0.390864] pci 0000:00:02.1: PCI bridge to [bus 03-0f]
[    0.391015] pci 0000:04:00.0: [1022:43f5] type 01 class 0x060400 PCIe Switch Downstream Port
[    0.391037] pci 0000:04:00.0: PCI bridge to [bus 05]
[    0.391045] pci 0000:04:00.0:   bridge window [mem 0xf6700000-0xf67fffff]
[    0.391062] pci 0000:04:00.0: enabling Extended Tags
[    0.391113] pci 0000:04:00.0: PME# supported from D0 D3hot D3cold
[    0.391247] pci 0000:04:04.0: [1022:43f5] type 01 class 0x060400 PCIe Switch Downstream Port
[    0.391268] pci 0000:04:04.0: PCI bridge to [bus 06]
[    0.391290] pci 0000:04:04.0: enabling Extended Tags
[    0.391342] pci 0000:04:04.0: PME# supported from D0 D3hot D3cold
[    0.391473] pci 0000:04:05.0: [1022:43f5] type 01 class 0x060400 PCIe Switch Downstream Port
[    0.391495] pci 0000:04:05.0: PCI bridge to [bus 07]
[    0.391516] pci 0000:04:05.0: enabling Extended Tags
[    0.391569] pci 0000:04:05.0: PME# supported from D0 D3hot D3cold
[    0.391699] pci 0000:04:06.0: [1022:43f5] type 01 class 0x060400 PCIe Switch Downstream Port
[    0.391721] pci 0000:04:06.0: PCI bridge to [bus 08]
[    0.391742] pci 0000:04:06.0: enabling Extended Tags
[    0.391795] pci 0000:04:06.0: PME# supported from D0 D3hot D3cold
[    0.391926] pci 0000:04:07.0: [1022:43f5] type 01 class 0x060400 PCIe Switch Downstream Port
[    0.391948] pci 0000:04:07.0: PCI bridge to [bus 09]
[    0.391972] pci 0000:04:07.0: enabling Extended Tags
[    0.392029] pci 0000:04:07.0: PME# supported from D0 D3hot D3cold
[    0.392163] pci 0000:04:08.0: [1022:43f5] type 01 class 0x060400 PCIe Switch Downstream Port
[    0.392185] pci 0000:04:08.0: PCI bridge to [bus 0a]
[    0.392191] pci 0000:04:08.0:   bridge window [io  0xd000-0xdfff]
[    0.392195] pci 0000:04:08.0:   bridge window [mem 0xf6600000-0xf66fffff]
[    0.392213] pci 0000:04:08.0: enabling Extended Tags
[    0.392263] pci 0000:04:08.0: PME# supported from D0 D3hot D3cold
[    0.392395] pci 0000:04:09.0: [1022:43f5] type 01 class 0x060400 PCIe Switch Downstream Port
[    0.392417] pci 0000:04:09.0: PCI bridge to [bus 0b]
[    0.392438] pci 0000:04:09.0: enabling Extended Tags
[    0.392491] pci 0000:04:09.0: PME# supported from D0 D3hot D3cold
[    0.392628] pci 0000:04:0a.0: [1022:43f5] type 01 class 0x060400 PCIe Switch Downstream Port
[    0.392650] pci 0000:04:0a.0: PCI bridge to [bus 0c]
[    0.392656] pci 0000:04:0a.0:   bridge window [io  0xc000-0xcfff]
[    0.392660] pci 0000:04:0a.0:   bridge window [mem 0xf6500000-0xf65fffff]
[    0.392677] pci 0000:04:0a.0: enabling Extended Tags
[    0.392728] pci 0000:04:0a.0: PME# supported from D0 D3hot D3cold
[    0.392860] pci 0000:04:0b.0: [1022:43f5] type 01 class 0x060400 PCIe Switch Downstream Port
[    0.392882] pci 0000:04:0b.0: PCI bridge to [bus 0d]
[    0.392890] pci 0000:04:0b.0:   bridge window [mem 0xf6400000-0xf64fffff]
[    0.392899] pci 0000:04:0b.0:   bridge window [mem 0xfc20300000-0xfc203fffff 64bit pref]
[    0.392911] pci 0000:04:0b.0: enabling Extended Tags
[    0.392961] pci 0000:04:0b.0: PME# supported from D0 D3hot D3cold
[    0.393099] pci 0000:04:0c.0: [1022:43f5] type 01 class 0x060400 PCIe Switch Downstream Port
[    0.393120] pci 0000:04:0c.0: PCI bridge to [bus 0e]
[    0.393126] pci 0000:04:0c.0:   bridge window [mem 0xf6300000-0xf63fffff]
[    0.393143] pci 0000:04:0c.0: enabling Extended Tags
[    0.393179] pci 0000:04:0c.0: PME# supported from D0 D3hot D3cold
[    0.393301] pci 0000:04:0d.0: [1022:43f5] type 01 class 0x060400 PCIe Switch Downstream Port
[    0.393323] pci 0000:04:0d.0: PCI bridge to [bus 0f]
[    0.393329] pci 0000:04:0d.0:   bridge window [mem 0xf6200000-0xf62fffff]
[    0.393345] pci 0000:04:0d.0: enabling Extended Tags
[    0.393382] pci 0000:04:0d.0: PME# supported from D0 D3hot D3cold
[    0.393479] pci 0000:03:00.0: PCI bridge to [bus 04-0f]
[    0.393578] pci 0000:05:00.0: [1c5c:1959] type 00 class 0x010802 PCIe Endpoint
[    0.393598] pci 0000:05:00.0: BAR 0 [mem 0xf6700000-0xf6703fff 64bit]
[    0.393641] pci 0000:05:00.0: enabling Extended Tags
[    0.393898] pci 0000:04:00.0: PCI bridge to [bus 05]
[    0.393941] pci 0000:04:04.0: PCI bridge to [bus 06]
[    0.393986] pci 0000:04:05.0: PCI bridge to [bus 07]
[    0.394029] pci 0000:04:06.0: PCI bridge to [bus 08]
[    0.394071] pci 0000:04:07.0: PCI bridge to [bus 09]
[    0.394126] pci 0000:0a:00.0: [1b21:0612] type 00 class 0x010601 PCIe Legacy Endpoint
[    0.394148] pci 0000:0a:00.0: BAR 0 [io  0xd050-0xd057]
[    0.394161] pci 0000:0a:00.0: BAR 1 [io  0xd040-0xd043]
[    0.394174] pci 0000:0a:00.0: BAR 2 [io  0xd030-0xd037]
[    0.394186] pci 0000:0a:00.0: BAR 3 [io  0xd020-0xd023]
[    0.394199] pci 0000:0a:00.0: BAR 4 [io  0xd000-0xd01f]
[    0.394211] pci 0000:0a:00.0: BAR 5 [mem 0xf6600000-0xf66001ff]
[    0.394358] pci 0000:04:08.0: PCI bridge to [bus 0a]
[    0.394401] pci 0000:04:09.0: PCI bridge to [bus 0b]
[    0.394466] pci 0000:0c:00.0: [10ec:8125] type 00 class 0x020000 PCIe Endpoint
[    0.394486] pci 0000:0c:00.0: BAR 0 [io  0xc000-0xc0ff]
[    0.394510] pci 0000:0c:00.0: BAR 2 [mem 0xf6500000-0xf650ffff 64bit]
[    0.394526] pci 0000:0c:00.0: BAR 4 [mem 0xf6510000-0xf6513fff 64bit]
[    0.394655] pci 0000:0c:00.0: supports D1 D2
[    0.394658] pci 0000:0c:00.0: PME# supported from D0 D1 D2 D3hot D3cold
[    0.394919] pci 0000:04:0a.0: PCI bridge to [bus 0c]
[    0.394982] pci 0000:0d:00.0: [14c3:0616] type 00 class 0x028000 PCIe Endpoint
[    0.395009] pci 0000:0d:00.0: BAR 0 [mem 0xfc20300000-0xfc203fffff 64bit pref]
[    0.395026] pci 0000:0d:00.0: BAR 2 [mem 0xf6400000-0xf6407fff 64bit]
[    0.395060] pci 0000:0d:00.0: enabling Extended Tags
[    0.395150] pci 0000:0d:00.0: PME# supported from D0 D3hot D3cold
[    0.395360] pci 0000:04:0b.0: PCI bridge to [bus 0d]
[    0.395413] pci 0000:0e:00.0: [1022:43f7] type 00 class 0x0c0330 PCIe Legacy Endpoint
[    0.395428] pci 0000:0e:00.0: BAR 0 [mem 0xf6300000-0xf6307fff 64bit]
[    0.395457] pci 0000:0e:00.0: enabling Extended Tags
[    0.395497] pci 0000:0e:00.0: PME# supported from D0 D3hot D3cold
[    0.395628] pci 0000:04:0c.0: PCI bridge to [bus 0e]
[    0.395679] pci 0000:0f:00.0: [1022:43f6] type 00 class 0x010601 PCIe Legacy Endpoint
[    0.395713] pci 0000:0f:00.0: BAR 5 [mem 0xf6280000-0xf62803ff]
[    0.395721] pci 0000:0f:00.0: ROM [mem 0xf6200000-0xf627ffff pref]
[    0.395728] pci 0000:0f:00.0: enabling Extended Tags
[    0.395761] pci 0000:0f:00.0: PME# supported from D0 D3hot D3cold
[    0.395850] pci 0000:04:0d.0: PCI bridge to [bus 0f]
[    0.395988] pci 0000:10:00.0: [1c5c:174a] type 00 class 0x010802 PCIe Endpoint
[    0.396003] pci 0000:10:00.0: BAR 0 [mem 0xf6d00000-0xf6d03fff 64bit]
[    0.396012] pci 0000:10:00.0: BAR 2 [mem 0xf6d05000-0xf6d05fff]
[    0.396020] pci 0000:10:00.0: BAR 3 [mem 0xf6d04000-0xf6d04fff]
[    0.396207] pci 0000:00:02.2: PCI bridge to [bus 10]
[    0.396296] pci 0000:11:00.0: [1002:164e] type 00 class 0x030000 PCIe Legacy Endpoint
[    0.396307] pci 0000:11:00.0: BAR 0 [mem 0xfc10000000-0xfc1fffffff 64bit pref]
[    0.396314] pci 0000:11:00.0: BAR 2 [mem 0xfc20000000-0xfc201fffff 64bit pref]
[    0.396321] pci 0000:11:00.0: BAR 4 [io  0xe000-0xe0ff]
[    0.396327] pci 0000:11:00.0: BAR 5 [mem 0xf6b00000-0xf6b7ffff]
[    0.396335] pci 0000:11:00.0: enabling Extended Tags
[    0.396372] pci 0000:11:00.0: PME# supported from D1 D2 D3hot D3cold
[    0.396470] pci 0000:11:00.1: [1002:1640] type 00 class 0x040300 PCIe Legacy Endpoint
[    0.396478] pci 0000:11:00.1: BAR 0 [mem 0xf6b88000-0xf6b8bfff]
[    0.396495] pci 0000:11:00.1: enabling Extended Tags
[    0.396520] pci 0000:11:00.1: PME# supported from D1 D2 D3hot D3cold
[    0.396591] pci 0000:11:00.2: [1022:1649] type 00 class 0x108000 PCIe Endpoint
[    0.396623] pci 0000:11:00.2: BAR 2 [mem 0xf6a00000-0xf6afffff]
[    0.396632] pci 0000:11:00.2: BAR 5 [mem 0xf6b8c000-0xf6b8dfff]
[    0.396639] pci 0000:11:00.2: enabling Extended Tags
[    0.396729] pci 0000:11:00.3: [1022:15b6] type 00 class 0x0c0330 PCIe Endpoint
[    0.396740] pci 0000:11:00.3: BAR 0 [mem 0xf6900000-0xf69fffff 64bit]
[    0.396760] pci 0000:11:00.3: enabling Extended Tags
[    0.396786] pci 0000:11:00.3: PME# supported from D0 D3hot D3cold
[    0.396982] pci 0000:11:00.4: [1022:15b7] type 00 class 0x0c0330 PCIe Endpoint
[    0.396992] pci 0000:11:00.4: BAR 0 [mem 0xf6800000-0xf68fffff 64bit]
[    0.397012] pci 0000:11:00.4: enabling Extended Tags
[    0.397038] pci 0000:11:00.4: PME# supported from D0 D3hot D3cold
[    0.397111] pci 0000:11:00.6: [1022:15e3] type 00 class 0x040300 PCIe Endpoint
[    0.397119] pci 0000:11:00.6: BAR 0 [mem 0xf6b80000-0xf6b87fff]
[    0.397136] pci 0000:11:00.6: enabling Extended Tags
[    0.397161] pci 0000:11:00.6: PME# supported from D0 D3hot D3cold
[    0.397243] pci 0000:00:08.1: PCI bridge to [bus 11]
[    0.397286] pci 0000:12:00.0: [1022:15b8] type 00 class 0x0c0330 PCIe Endpoint
[    0.397301] pci 0000:12:00.0: BAR 0 [mem 0xf6c00000-0xf6cfffff 64bit]
[    0.397325] pci 0000:12:00.0: enabling Extended Tags
[    0.397357] pci 0000:12:00.0: PME# supported from D0 D3hot D3cold
[    0.397444] pci 0000:00:08.3: PCI bridge to [bus 12]
[    0.403409] ACPI: PCI: Interrupt link LNKA configured for IRQ 0
[    0.403471] ACPI: PCI: Interrupt link LNKB configured for IRQ 0
[    0.403525] ACPI: PCI: Interrupt link LNKC configured for IRQ 0
[    0.403590] ACPI: PCI: Interrupt link LNKD configured for IRQ 0
[    0.403650] ACPI: PCI: Interrupt link LNKE configured for IRQ 0
[    0.403700] ACPI: PCI: Interrupt link LNKF configured for IRQ 0
[    0.403751] ACPI: PCI: Interrupt link LNKG configured for IRQ 0
[    0.403801] ACPI: PCI: Interrupt link LNKH configured for IRQ 0
[    0.405127] iommu: Default domain type: Translated
[    0.405127] iommu: DMA domain TLB invalidation policy: lazy mode
[    0.405127] SCSI subsystem initialized
[    0.405127] libata version 3.00 loaded.
[    0.405127] ACPI: bus type USB registered
[    0.405127] usbcore: registered new interface driver usbfs
[    0.405127] usbcore: registered new interface driver hub
[    0.405127] usbcore: registered new device driver usb
[    0.405127] pps_core: LinuxPPS API ver. 1 registered
[    0.405127] pps_core: Software ver. 5.3.6 - Copyright 2005-2007 Rodolfo Giometti <giometti@linux.it>
[    0.405127] PTP clock support registered
[    0.405127] EDAC MC: Ver: 3.0.0
[    0.405127] efivars: Registered efivars operations
[    0.405149] NetLabel: Initializing
[    0.405151] NetLabel:  domain hash size = 128
[    0.405154] NetLabel:  protocols = UNLABELED CIPSOv4 CALIPSO
[    0.405171] NetLabel:  unlabeled traffic allowed by default
[    0.405185] mctp: management component transport protocol core
[    0.405185] NET: Registered PF_MCTP protocol family
[    0.405185] PCI: Using ACPI for IRQ routing
[    0.412769] PCI: pci_cache_line_size set to 64 bytes
[    0.412840] e820: reserve RAM buffer [mem 0x09e02000-0x0bffffff]
[    0.412842] e820: reserve RAM buffer [mem 0x0a200000-0x0bffffff]
[    0.412843] e820: reserve RAM buffer [mem 0x0b000000-0x0bffffff]
[    0.412844] e820: reserve RAM buffer [mem 0xa6d9f018-0xa7ffffff]
[    0.412845] e820: reserve RAM buffer [mem 0xa6daa018-0xa7ffffff]
[    0.412846] e820: reserve RAM buffer [mem 0xa6e76000-0xa7ffffff]
[    0.412847] e820: reserve RAM buffer [mem 0xa7dbe000-0xa7ffffff]
[    0.412848] e820: reserve RAM buffer [mem 0xac58d000-0xafffffff]
[    0.412849] e820: reserve RAM buffer [mem 0xbbff9000-0xbbffffff]
[    0.412850] e820: reserve RAM buffer [mem 0x101de80000-0x101fffffff]
[    0.412886] pci 0000:01:00.0: vgaarb: setting as boot VGA device
[    0.412886] pci 0000:01:00.0: vgaarb: bridge control possible
[    0.412886] pci 0000:01:00.0: vgaarb: VGA device added: decodes=io+mem,owns=none,locks=none
[    0.412886] pci 0000:11:00.0: vgaarb: bridge control possible
[    0.412886] pci 0000:11:00.0: vgaarb: VGA device added: decodes=io+mem,owns=none,locks=none
[    0.412886] vgaarb: loaded
[    0.412990] hpet0: at MMIO 0xfed00000, IRQs 2, 8, 0
[    0.412996] hpet0: 3 comparators, 32-bit 14.318180 MHz counter
[    0.415030] clocksource: Switched to clocksource tsc-early
[    0.415101] VFS: Disk quotas dquot_6.6.0
[    0.415114] VFS: Dquot-cache hash table entries: 512 (order 0, 4096 bytes)
[    0.415231] AppArmor: AppArmor Filesystem Enabled
[    0.415257] pnp: PnP ACPI init
[    0.415342] system 00:00: [mem 0xe0000000-0xefffffff] has been reserved
[    0.415417] system 00:01: [mem 0x1020000000-0x103fffffff window] has been reserved
[    0.415686] system 00:03: [io  0x0a00-0x0a0f] has been reserved
[    0.415690] system 00:03: [io  0x0a10-0x0a1f] has been reserved
[    0.415693] system 00:03: [io  0x0a20-0x0a2f] has been reserved
[    0.415969] system 00:04: [io  0x04d0-0x04d1] has been reserved
[    0.415973] system 00:04: [io  0x040b] has been reserved
[    0.415976] system 00:04: [io  0x04d6] has been reserved
[    0.415979] system 00:04: [io  0x0c00-0x0c01] has been reserved
[    0.415983] system 00:04: [io  0x0c14] has been reserved
[    0.415986] system 00:04: [io  0x0c50-0x0c51] has been reserved
[    0.415989] system 00:04: [io  0x0c52] has been reserved
[    0.415992] system 00:04: [io  0x0c6c] has been reserved
[    0.415995] system 00:04: [io  0x0c6f] has been reserved
[    0.415998] system 00:04: [io  0x0cd8-0x0cdf] has been reserved
[    0.416001] system 00:04: [io  0x0800-0x089f] has been reserved
[    0.416004] system 00:04: [io  0x0b00-0x0b0f] has been reserved
[    0.416007] system 00:04: [io  0x0b20-0x0b3f] has been reserved
[    0.416011] system 00:04: [io  0x0900-0x090f] has been reserved
[    0.416014] system 00:04: [io  0x0910-0x091f] has been reserved
[    0.416017] system 00:04: [mem 0xfedc0000-0xfedc0fff] has been reserved
[    0.416021] system 00:04: [mem 0xfee00000-0xfee00fff] has been reserved
[    0.416024] system 00:04: [mem 0xfec10000-0xfec10fff] has been reserved
[    0.416027] system 00:04: [mem 0xfeb00000-0xfeb00fff] has been reserved
[    0.416031] system 00:04: [mem 0xff000000-0xffffffff] has been reserved
[    0.420306] pnp: PnP ACPI: found 5 devices
[    0.426091] clocksource: acpi_pm: mask: 0xffffff max_cycles: 0xffffff, max_idle_ns: 2085701024 ns
[    0.426145] NET: Registered PF_INET protocol family
[    0.426205] IP idents hash table entries: 262144 (order: 9, 2097152 bytes, linear)
[    0.436733] tcp_listen_portaddr_hash hash table entries: 32768 (order: 7, 524288 bytes, linear)
[    0.436763] Table-perturb hash table entries: 65536 (order: 6, 262144 bytes, linear)
[    0.436851] TCP established hash table entries: 524288 (order: 10, 4194304 bytes, linear)
[    0.437089] TCP bind hash table entries: 65536 (order: 9, 2097152 bytes, linear)
[    0.437149] TCP: Hash tables configured (established 524288 bind 65536)
[    0.437265] MPTCP token hash table entries: 65536 (order: 8, 1572864 bytes, linear)
[    0.437336] UDP hash table entries: 32768 (order: 8, 1048576 bytes, linear)
[    0.437406] UDP-Lite hash table entries: 32768 (order: 8, 1048576 bytes, linear)
[    0.437494] NET: Registered PF_UNIX/PF_LOCAL protocol family
[    0.437501] NET: Registered PF_XDP protocol family
[    0.437514] pci 0000:00:01.1: PCI bridge to [bus 01]
[    0.437518] pci 0000:00:01.1:   bridge window [io  0xf000-0xffff]
[    0.437523] pci 0000:00:01.1:   bridge window [mem 0xf5000000-0xf60fffff]
[    0.437528] pci 0000:00:01.1:   bridge window [mem 0xf800000000-0xfc01ffffff 64bit pref]
[    0.437541] pci 0000:00:01.2: PCI bridge to [bus 02]
[    0.437545] pci 0000:00:01.2:   bridge window [mem 0xf6e00000-0xf6efffff]
[    0.437558] pci 0000:04:00.0: PCI bridge to [bus 05]
[    0.437567] pci 0000:04:00.0:   bridge window [mem 0xf6700000-0xf67fffff]
[    0.437575] pci 0000:04:04.0: PCI bridge to [bus 06]
[    0.437583] pci 0000:04:05.0: PCI bridge to [bus 07]
[    0.437592] pci 0000:04:06.0: PCI bridge to [bus 08]
[    0.437600] pci 0000:04:07.0: PCI bridge to [bus 09]
[    0.437609] pci 0000:04:08.0: PCI bridge to [bus 0a]
[    0.437613] pci 0000:04:08.0:   bridge window [io  0xd000-0xdfff]
[    0.437618] pci 0000:04:08.0:   bridge window [mem 0xf6600000-0xf66fffff]
[    0.437625] pci 0000:04:09.0: PCI bridge to [bus 0b]
[    0.437633] pci 0000:04:0a.0: PCI bridge to [bus 0c]
[    0.437637] pci 0000:04:0a.0:   bridge window [io  0xc000-0xcfff]
[    0.437642] pci 0000:04:0a.0:   bridge window [mem 0xf6500000-0xf65fffff]
[    0.437649] pci 0000:04:0b.0: PCI bridge to [bus 0d]
[    0.437654] pci 0000:04:0b.0:   bridge window [mem 0xf6400000-0xf64fffff]
[    0.437659] pci 0000:04:0b.0:   bridge window [mem 0xfc20300000-0xfc203fffff 64bit pref]
[    0.437665] pci 0000:04:0c.0: PCI bridge to [bus 0e]
[    0.437670] pci 0000:04:0c.0:   bridge window [mem 0xf6300000-0xf63fffff]
[    0.437677] pci 0000:04:0d.0: PCI bridge to [bus 0f]
[    0.437682] pci 0000:04:0d.0:   bridge window [mem 0xf6200000-0xf62fffff]
[    0.437689] pci 0000:03:00.0: PCI bridge to [bus 04-0f]
[    0.437692] pci 0000:03:00.0:   bridge window [io  0xc000-0xdfff]
[    0.437697] pci 0000:03:00.0:   bridge window [mem 0xf6200000-0xf67fffff]
[    0.437702] pci 0000:03:00.0:   bridge window [mem 0xfc20300000-0xfc203fffff 64bit pref]
[    0.437709] pci 0000:00:02.1: PCI bridge to [bus 03-0f]
[    0.437712] pci 0000:00:02.1:   bridge window [io  0xc000-0xdfff]
[    0.437716] pci 0000:00:02.1:   bridge window [mem 0xf6200000-0xf67fffff]
[    0.437721] pci 0000:00:02.1:   bridge window [mem 0xfc20300000-0xfc203fffff 64bit pref]
[    0.437733] pci 0000:00:02.2: PCI bridge to [bus 10]
[    0.437737] pci 0000:00:02.2:   bridge window [mem 0xf6d00000-0xf6dfffff]
[    0.437750] pci 0000:00:08.1: PCI bridge to [bus 11]
[    0.437758] pci 0000:00:08.1:   bridge window [io  0xe000-0xefff]
[    0.437762] pci 0000:00:08.1:   bridge window [mem 0xf6800000-0xf6bfffff]
[    0.437766] pci 0000:00:08.1:   bridge window [mem 0xfc10000000-0xfc201fffff 64bit pref]
[    0.437771] pci 0000:00:08.3: PCI bridge to [bus 12]
[    0.437775] pci 0000:00:08.3:   bridge window [mem 0xf6c00000-0xf6cfffff]
[    0.437782] pci_bus 0000:00: resource 4 [io  0x0000-0x03af window]
[    0.437785] pci_bus 0000:00: resource 5 [io  0x03e0-0x0cf7 window]
[    0.437788] pci_bus 0000:00: resource 6 [io  0x03b0-0x03df window]
[    0.437791] pci_bus 0000:00: resource 7 [io  0x0d00-0xffff window]
[    0.437795] pci_bus 0000:00: resource 8 [mem 0x000a0000-0x000dffff window]
[    0.437798] pci_bus 0000:00: resource 9 [mem 0xc0000000-0xf6ffffff window]
[    0.437801] pci_bus 0000:00: resource 10 [mem 0x1040000000-0xffffffffff window]
[    0.437805] pci_bus 0000:01: resource 0 [io  0xf000-0xffff]
[    0.437808] pci_bus 0000:01: resource 1 [mem 0xf5000000-0xf60fffff]
[    0.437811] pci_bus 0000:01: resource 2 [mem 0xf800000000-0xfc01ffffff 64bit pref]
[    0.437815] pci_bus 0000:02: resource 1 [mem 0xf6e00000-0xf6efffff]
[    0.437818] pci_bus 0000:03: resource 0 [io  0xc000-0xdfff]
[    0.437821] pci_bus 0000:03: resource 1 [mem 0xf6200000-0xf67fffff]
[    0.437825] pci_bus 0000:03: resource 2 [mem 0xfc20300000-0xfc203fffff 64bit pref]
[    0.437828] pci_bus 0000:04: resource 0 [io  0xc000-0xdfff]
[    0.437831] pci_bus 0000:04: resource 1 [mem 0xf6200000-0xf67fffff]
[    0.437834] pci_bus 0000:04: resource 2 [mem 0xfc20300000-0xfc203fffff 64bit pref]
[    0.437838] pci_bus 0000:05: resource 1 [mem 0xf6700000-0xf67fffff]
[    0.437842] pci_bus 0000:0a: resource 0 [io  0xd000-0xdfff]
[    0.437845] pci_bus 0000:0a: resource 1 [mem 0xf6600000-0xf66fffff]
[    0.437848] pci_bus 0000:0c: resource 0 [io  0xc000-0xcfff]
[    0.437851] pci_bus 0000:0c: resource 1 [mem 0xf6500000-0xf65fffff]
[    0.437854] pci_bus 0000:0d: resource 1 [mem 0xf6400000-0xf64fffff]
[    0.437857] pci_bus 0000:0d: resource 2 [mem 0xfc20300000-0xfc203fffff 64bit pref]
[    0.437861] pci_bus 0000:0e: resource 1 [mem 0xf6300000-0xf63fffff]
[    0.437864] pci_bus 0000:0f: resource 1 [mem 0xf6200000-0xf62fffff]
[    0.437867] pci_bus 0000:10: resource 1 [mem 0xf6d00000-0xf6dfffff]
[    0.437870] pci_bus 0000:11: resource 0 [io  0xe000-0xefff]
[    0.437873] pci_bus 0000:11: resource 1 [mem 0xf6800000-0xf6bfffff]
[    0.437876] pci_bus 0000:11: resource 2 [mem 0xfc10000000-0xfc201fffff 64bit pref]
[    0.437882] pci_bus 0000:12: resource 1 [mem 0xf6c00000-0xf6cfffff]
[    0.438020] pci 0000:01:00.1: extending delay after power-on from D3hot to 20 msec
[    0.438040] pci 0000:01:00.1: D0 power state depends on 0000:01:00.0
[    0.438249] pci 0000:11:00.1: D0 power state depends on 0000:11:00.0
[    0.438531] PCI: CLS 64 bytes, default 64
[    0.438546] pci 0000:00:00.2: AMD-Vi: IOMMU performance counters supported
[    0.438583] Trying to unpack rootfs image as initramfs...
[    0.438590] pci 0000:00:01.0: Adding to iommu group 0
[    0.438606] pci 0000:00:01.1: Adding to iommu group 1
[    0.438621] pci 0000:00:01.2: Adding to iommu group 2
[    0.438645] pci 0000:00:02.0: Adding to iommu group 3
[    0.438660] pci 0000:00:02.1: Adding to iommu group 4
[    0.438675] pci 0000:00:02.2: Adding to iommu group 5
[    0.438697] pci 0000:00:03.0: Adding to iommu group 6
[    0.438720] pci 0000:00:04.0: Adding to iommu group 7
[    0.438743] pci 0000:00:08.0: Adding to iommu group 8
[    0.438758] pci 0000:00:08.1: Adding to iommu group 9
[    0.438774] pci 0000:00:08.3: Adding to iommu group 10
[    0.438805] pci 0000:00:14.0: Adding to iommu group 11
[    0.438820] pci 0000:00:14.3: Adding to iommu group 11
[    0.438899] pci 0000:00:18.0: Adding to iommu group 12
[    0.438914] pci 0000:00:18.1: Adding to iommu group 12
[    0.438930] pci 0000:00:18.2: Adding to iommu group 12
[    0.438945] pci 0000:00:18.3: Adding to iommu group 12
[    0.438960] pci 0000:00:18.4: Adding to iommu group 12
[    0.438975] pci 0000:00:18.5: Adding to iommu group 12
[    0.438990] pci 0000:00:18.6: Adding to iommu group 12
[    0.439006] pci 0000:00:18.7: Adding to iommu group 12
[    0.439037] pci 0000:01:00.0: Adding to iommu group 13
[    0.439054] pci 0000:01:00.1: Adding to iommu group 13
[    0.439069] pci 0000:02:00.0: Adding to iommu group 14
[    0.439084] pci 0000:03:00.0: Adding to iommu group 15
[    0.439100] pci 0000:04:00.0: Adding to iommu group 16
[    0.439116] pci 0000:04:04.0: Adding to iommu group 17
[    0.439131] pci 0000:04:05.0: Adding to iommu group 18
[    0.439146] pci 0000:04:06.0: Adding to iommu group 19
[    0.439162] pci 0000:04:07.0: Adding to iommu group 20
[    0.439177] pci 0000:04:08.0: Adding to iommu group 21
[    0.439193] pci 0000:04:09.0: Adding to iommu group 22
[    0.439209] pci 0000:04:0a.0: Adding to iommu group 23
[    0.439224] pci 0000:04:0b.0: Adding to iommu group 24
[    0.439240] pci 0000:04:0c.0: Adding to iommu group 25
[    0.439255] pci 0000:04:0d.0: Adding to iommu group 26
[    0.439261] pci 0000:05:00.0: Adding to iommu group 16
[    0.439266] pci 0000:0a:00.0: Adding to iommu group 21
[    0.439272] pci 0000:0c:00.0: Adding to iommu group 23
[    0.439277] pci 0000:0d:00.0: Adding to iommu group 24
[    0.439282] pci 0000:0e:00.0: Adding to iommu group 25
[    0.439287] pci 0000:0f:00.0: Adding to iommu group 26
[    0.439303] pci 0000:10:00.0: Adding to iommu group 27
[    0.439328] pci 0000:11:00.0: Adding to iommu group 28
[    0.439344] pci 0000:11:00.1: Adding to iommu group 29
[    0.439360] pci 0000:11:00.2: Adding to iommu group 30
[    0.439376] pci 0000:11:00.3: Adding to iommu group 31
[    0.439393] pci 0000:11:00.4: Adding to iommu group 32
[    0.439408] pci 0000:11:00.6: Adding to iommu group 33
[    0.439424] pci 0000:12:00.0: Adding to iommu group 34
[    0.442339] AMD-Vi: Extended features (0x246577efa2254afa, 0x0): PPR NX GT [5] IA GA PC GA_vAPIC
[    0.442349] AMD-Vi: Interrupt remapping enabled
[    0.455874] AMD-Vi: Virtual APIC enabled
[    0.455897] PCI-DMA: Using software bounce buffering for IO (SWIOTLB)
[    0.455900] software IO TLB: mapped [mem 0x000000009c81d000-0x00000000a081d000] (64MB)
[    0.455933] LVT offset 0 assigned for vector 0x400
[    0.458536] perf: AMD IBS detected (0x00000bff)
[    0.458545] perf/amd_iommu: Detected AMD IOMMU #0 (2 banks, 4 counters/bank).
[    0.459327] Initialise system trusted keyrings
[    0.459338] Key type blacklist registered
[    0.459380] workingset: timestamp_bits=36 max_order=24 bucket_order=0
[    0.459391] zbud: loaded
[    0.459637] squashfs: version 4.0 (2009/01/31) Phillip Lougher
[    0.459701] fuse: init (API version 7.39)
[    0.459795] integrity: Platform Keyring initialized
[    0.459800] integrity: Machine keyring initialized
[    0.466782] Key type asymmetric registered
[    0.466785] Asymmetric key parser 'x509' registered
[    0.466795] Block layer SCSI generic (bsg) driver version 0.4 loaded (major 243)
[    0.466830] io scheduler mq-deadline registered
[    0.468046] pcieport 0000:00:01.1: PME: Signaling with IRQ 30
[    0.468172] pcieport 0000:00:01.2: PME: Signaling with IRQ 31
[    0.468292] pcieport 0000:00:02.1: PME: Signaling with IRQ 32
[    0.468413] pcieport 0000:00:02.2: PME: Signaling with IRQ 33
[    0.468530] pcieport 0000:00:08.1: PME: Signaling with IRQ 34
[    0.468635] pcieport 0000:00:08.3: PME: Signaling with IRQ 35
[    0.469960] shpchp: Standard Hot Plug PCI Controller Driver version: 0.4
[    0.470084] input: Power Button as /devices/LNXSYSTM:00/LNXSYBUS:00/PNP0C0C:00/input/input0
[    0.470105] ACPI: button: Power Button [PWRB]
[    0.470136] input: Power Button as /devices/LNXSYSTM:00/LNXPWRBN:00/input/input1
[    0.470174] ACPI: button: Power Button [PWRF]
[    0.470225] Estimated ratio of average max frequency by base frequency (times 1024): 1214
[    0.470239] Monitor-Mwait will be used to enter C-1 state
[    0.470242] ACPI: \_SB_.PLTF.C000: Found 3 idle states
[    0.470361] ACPI: \_SB_.PLTF.C002: Found 3 idle states
[    0.470445] ACPI: \_SB_.PLTF.C004: Found 3 idle states
[    0.470558] ACPI: \_SB_.PLTF.C006: Found 3 idle states
[    0.470671] ACPI: \_SB_.PLTF.C008: Found 3 idle states
[    0.470782] ACPI: \_SB_.PLTF.C00A: Found 3 idle states
[    0.470895] ACPI: \_SB_.PLTF.C00C: Found 3 idle states
[    0.471003] ACPI: \_SB_.PLTF.C00E: Found 3 idle states
[    0.471121] ACPI: \_SB_.PLTF.C010: Found 3 idle states
[    0.471238] ACPI: \_SB_.PLTF.C012: Found 3 idle states
[    0.471355] ACPI: \_SB_.PLTF.C014: Found 3 idle states
[    0.471473] ACPI: \_SB_.PLTF.C016: Found 3 idle states
[    0.471584] ACPI: \_SB_.PLTF.C018: Found 3 idle states
[    0.471706] ACPI: \_SB_.PLTF.C01A: Found 3 idle states
[    0.471815] ACPI: \_SB_.PLTF.C01C: Found 3 idle states
[    0.471928] ACPI: \_SB_.PLTF.C01E: Found 3 idle states
[    0.472010] ACPI: \_SB_.PLTF.C001: Found 3 idle states
[    0.472118] ACPI: \_SB_.PLTF.C003: Found 3 idle states
[    0.472237] ACPI: \_SB_.PLTF.C005: Found 3 idle states
[    0.472338] ACPI: \_SB_.PLTF.C007: Found 3 idle states
[    0.472446] ACPI: \_SB_.PLTF.C009: Found 3 idle states
[    0.472549] ACPI: \_SB_.PLTF.C00B: Found 3 idle states
[    0.472645] ACPI: \_SB_.PLTF.C00D: Found 3 idle states
[    0.472743] ACPI: \_SB_.PLTF.C00F: Found 3 idle states
[    0.472852] ACPI: \_SB_.PLTF.C011: Found 3 idle states
[    0.472964] ACPI: \_SB_.PLTF.C013: Found 3 idle states
[    0.473076] ACPI: \_SB_.PLTF.C015: Found 3 idle states
[    0.473183] ACPI: \_SB_.PLTF.C017: Found 3 idle states
[    0.473294] ACPI: \_SB_.PLTF.C019: Found 3 idle states
[    0.473405] ACPI: \_SB_.PLTF.C01B: Found 3 idle states
[    0.473519] ACPI: \_SB_.PLTF.C01D: Found 3 idle states
[    0.473628] ACPI: \_SB_.PLTF.C01F: Found 3 idle states
[    0.473865] Serial: 8250/16550 driver, 32 ports, IRQ sharing enabled
[    0.475666] Linux agpgart interface v0.103
[    0.499942] tpm_crb MSFT0101:00: Disabling hwrng
[    0.503752] loop: module loaded
[    0.503959] ACPI: bus type drm_connector registered
[    0.504538] tun: Universal TUN/TAP device driver, 1.6
[    0.504568] PPP generic driver version 2.4.2
[    0.504684] i8042: PNP: No PS/2 controller found.
[    0.504720] mousedev: PS/2 mouse device common for all mice
[    0.504786] rtc_cmos 00:02: RTC can wake from S4
[    0.504967] rtc_cmos 00:02: registered as rtc0
[    0.504992] rtc_cmos 00:02: setting system clock to 2025-02-26T16:16:40 UTC (1740586600)
[    0.505016] rtc_cmos 00:02: alarms up to one month, y3k, 114 bytes nvram
[    0.505024] i2c_dev: i2c /dev entries driver
[    0.505043] device-mapper: core: CONFIG_IMA_DISABLE_HTABLE is disabled. Duplicate IMA measurements will not be recorded in the IMA log.
[    0.505052] device-mapper: uevent: version 1.0.3
[    0.505085] device-mapper: ioctl: 4.48.0-ioctl (2023-03-01) initialised: dm-devel@redhat.com
[    0.505103] platform eisa.0: Probing EISA bus 0
[    0.505107] platform eisa.0: EISA: Cannot allocate resource for mainboard
[    0.505110] platform eisa.0: Cannot allocate resource for EISA slot 1
[    0.505113] platform eisa.0: Cannot allocate resource for EISA slot 2
[    0.505116] platform eisa.0: Cannot allocate resource for EISA slot 3
[    0.505119] platform eisa.0: Cannot allocate resource for EISA slot 4
[    0.505122] platform eisa.0: Cannot allocate resource for EISA slot 5
[    0.505125] platform eisa.0: Cannot allocate resource for EISA slot 6
[    0.505128] platform eisa.0: Cannot allocate resource for EISA slot 7
[    0.505131] platform eisa.0: Cannot allocate resource for EISA slot 8
[    0.505134] platform eisa.0: EISA: Detected 0 cards
[    0.506776] ledtrig-cpu: registered to indicate activity on CPUs
[    0.506954] [drm] Initialized simpledrm 1.0.0 20200625 for simple-framebuffer.0 on minor 0
[    0.510895] Console: switching to colour frame buffer device 160x45
[    0.512925] simple-framebuffer simple-framebuffer.0: [drm] fb0: simpledrmdrmfb frame buffer device
[    0.514102] drop_monitor: Initializing network drop monitor service
[    0.514225] NET: Registered PF_INET6 protocol family
[    0.634456] Freeing initrd memory: 71948K
[    0.638233] Segment Routing with IPv6
[    0.638265] In-situ OAM (IOAM) with IPv6
[    0.638314] NET: Registered PF_PACKET protocol family
[    0.638368] Key type dns_resolver registered
[    0.640247] microcode: Current revision: 0x0a601206
[    0.640721] resctrl: L3 allocation detected
[    0.640734] resctrl: MB allocation detected
[    0.640750] resctrl: SMBA allocation detected
[    0.640767] resctrl: L3 monitoring detected
[    0.640885] IPI shorthand broadcast: enabled
[    0.642496] sched_clock: Marking stable (640695575, 1593924)->(676371237, -34081738)
[    0.642696] registered taskstats version 1
[    0.643274] Loading compiled-in X.509 certificates
[    0.643687] Loaded X.509 cert 'Build time autogenerated kernel key: 9c450472d11f6a54d343cc34a875c96cb5858c74'
[    0.644053] Loaded X.509 cert 'Canonical Ltd. Live Patch Signing: 14df34d1a87cf37625abec039ef2bf521249b969'
[    0.644412] Loaded X.509 cert 'Canonical Ltd. Kernel Module Signing: 88f752e560a1e0737e31163a466ad7b70a850c19'
[    0.645095] blacklist: Loading compiled-in revocation X.509 certificates
[    0.645650] Loaded X.509 cert 'Canonical Ltd. Secure Boot Signing: 61482aa2830d0ab2ad5af10b7250da9033ddcef0'
[    0.646147] Loaded X.509 cert 'Canonical Ltd. Secure Boot Signing (2017): 242ade75ac4a15e50d50c84b0d45ff3eae707a03'
[    0.647286] Loaded X.509 cert 'Canonical Ltd. Secure Boot Signing (ESM 2018): 365188c1d374d6b07c3c8f240f8ef722433d6a8b'
[    0.648260] Loaded X.509 cert 'Canonical Ltd. Secure Boot Signing (2019): c0746fd6c5da3ae827864651ad66ae47fe24b3e8'
[    0.648819] Loaded X.509 cert 'Canonical Ltd. Secure Boot Signing (2021 v1): a8d54bbb3825cfb94fa13c9f8a594a195c107b8d'
[    0.649325] Loaded X.509 cert 'Canonical Ltd. Secure Boot Signing (2021 v2): 4cf046892d6fd3c9a5b03f98d845f90851dc6a8c'
[    0.649822] Loaded X.509 cert 'Canonical Ltd. Secure Boot Signing (2021 v3): 100437bb6de6e469b581e61cd66bce3ef4ed53af'
[    0.650385] Loaded X.509 cert 'Canonical Ltd. Secure Boot Signing (Ubuntu Core 2019): c1d57b8f6b743f23ee41f4f7ee292f06eecadfb9'
[    0.654508] Key type .fscrypt registered
[    0.654971] Key type fscrypt-provisioning registered
[    0.655464] Key type trusted registered
[    0.664776] Key type encrypted registered
[    0.665243] AppArmor: AppArmor sha256 policy hashing enabled
[    0.665773] integrity: Loading X.509 certificate: UEFI:db
[    0.666469] integrity: Loaded X.509 cert 'Microsoft Corporation UEFI CA 2011: 13adbf4309bd82709c8cd54f316ed522988a1bd4'
[    0.667095] integrity: Loading X.509 certificate: UEFI:db
[    0.667785] integrity: Loaded X.509 cert 'Microsoft Windows Production PCA 2011: a92902398e16c49778cd90f99e4f9ae17c55af53'
[    0.668565] integrity: Loading X.509 certificate: UEFI:db
[    0.669386] integrity: Loaded X.509 cert 'Microsoft Corporation: Windows UEFI CA 2023: aefc5fbbbe055d8f8daa585473499417ab5a5272'
[    0.670149] integrity: Loading X.509 certificate: UEFI:db
[    0.670943] integrity: Loaded X.509 cert 'Microsoft UEFI CA 2023: 81aa6b3244c935bce0d6628af39827421e32497d'
[    0.671708] integrity: Loading X.509 certificate: UEFI:db
[    0.672551] integrity: Loaded X.509 cert 'MSI SHIP DB: ebc30d5be5f35f8041c1c2d9e613eee2'
[    0.674199] Loading compiled-in module X.509 certificates
[    0.675214] Loaded X.509 cert 'Build time autogenerated kernel key: 9c450472d11f6a54d343cc34a875c96cb5858c74'
[    0.675986] ima: Allocated hash algorithm: sha256
[    0.709350] ima: No architecture policies found
[    0.709934] evm: Initialising EVM extended attributes:
[    0.710515] evm: security.selinux
[    0.711091] evm: security.SMACK64
[    0.711668] evm: security.SMACK64EXEC
[    0.712230] evm: security.SMACK64TRANSMUTE
[    0.712790] evm: security.SMACK64MMAP
[    0.713339] evm: security.apparmor
[    0.713891] evm: security.ima
[    0.714439] evm: security.capability
[    0.714990] evm: HMAC attrs: 0x1
[    0.715785] PM:   Magic number: 13:346:288
[    0.716599] tty tty21: hash matches
[    0.722279] RAS: Correctable Errors collector initialized.
[    0.723025] clk: Disabling unused clocks
[    0.724843] Freeing unused decrypted memory: 2028K
[    0.725940] Freeing unused kernel image (initmem) memory: 4972K
[    0.726639] Write protecting the kernel read-only data: 36864k
[    0.727473] Freeing unused kernel image (rodata/data gap) memory: 428K
[    0.760436] x86/mm: Checked W+X mappings: passed, no W+X pages found.
[    0.760949] Run /init as init process
[    0.761453]   with arguments:
[    0.761454]     /init
[    0.761455]   with environment:
[    0.761456]     HOME=/
[    0.761457]     TERM=linux
[    0.761458]     BOOT_IMAGE=/boot/vmlinuz-6.8.0-52-generic
[    0.821422] ACPI: video: Video Device [VGA] (multi-head: yes  rom: no  post: no)
[    0.822421] input: Video Bus as /devices/LNXSYSTM:00/LNXSYBUS:00/PNP0A08:00/device:20/LNXVIDEO:00/input/input2
[    0.830169] piix4_smbus 0000:00:14.0: SMBus Host Controller at 0xb00, revision 0
[    0.830203] xhci_hcd 0000:0e:00.0: xHCI Host Controller
[    0.830335] ahci 0000:0a:00.0: version 3.0
[    0.830552] ahci 0000:0a:00.0: SSS flag set, parallel bus scan disabled
[    0.830588] ahci 0000:0a:00.0: AHCI 0001.0200 32 slots 2 ports 6 Gbps 0x3 impl SATA mode
[    0.830591] ahci 0000:0a:00.0: flags: 64bit ncq sntf stag led clo pmp pio slum part ccc 
[    0.830990] piix4_smbus 0000:00:14.0: Using register 0x02 for SMBus port selection
[    0.831483] scsi host0: ahci
[    0.831839] scsi host1: ahci
[    0.831899] ata1: SATA max UDMA/133 abar m512@0xf6600000 port 0xf6600100 irq 48 lpm-pol 0
[    0.831902] ata2: SATA max UDMA/133 abar m512@0xf6600000 port 0xf6600180 irq 48 lpm-pol 0
[    0.832029] ahci 0000:0f:00.0: SSS flag set, parallel bus scan disabled
[    0.832052] ahci 0000:0f:00.0: AHCI 0001.0301 32 slots 6 ports 6 Gbps 0xf impl SATA mode
[    0.832054] ahci 0000:0f:00.0: flags: 64bit ncq sntf stag pm led clo only pmp pio slum part sxs deso sadm sds apst 
[    0.832195] xhci_hcd 0000:0e:00.0: new USB bus registered, assigned bus number 1
[    0.833159] scsi host2: ahci
[    0.833266] scsi host3: ahci
[    0.833368] scsi host4: ahci
[    0.833491] scsi host5: ahci
[    0.833572] piix4_smbus 0000:00:14.0: Auxiliary SMBus Host Controller at 0xb20
[    0.840710] r8169 0000:0c:00.0: enabling device (0000 -> 0003)
[    0.841408] scsi host6: ahci
[    0.850098] scsi host7: ahci
[    0.850116] nvme 0000:02:00.0: platform quirk: setting simple suspend
[    0.850151] nvme 0000:05:00.0: platform quirk: setting simple suspend
[    0.850235] nvme nvme0: pci function 0000:05:00.0
[    0.850248] nvme nvme1: pci function 0000:10:00.0
[    0.850738] ata3: SATA max UDMA/133 abar m1024@0xf6280000 port 0xf6280100 irq 49 lpm-pol 0
[    0.851066] r8169 0000:0c:00.0 eth0: RTL8125B, d8:43:ae:91:18:49, XID 641, IRQ 50
[    0.851071] r8169 0000:0c:00.0 eth0: jumbo features [frames: 9194 bytes, tx checksumming: ko]
[    0.852545] nvme nvme2: pci function 0000:02:00.0
[    0.853573] ata4: SATA max UDMA/133 abar m1024@0xf6280000 port 0xf6280180 irq 49 lpm-pol 0
[    0.859964] ata5: SATA max UDMA/133 abar m1024@0xf6280000 port 0xf6280200 irq 49 lpm-pol 0
[    0.860648] ata6: SATA max UDMA/133 abar m1024@0xf6280000 port 0xf6280280 irq 49 lpm-pol 0
[    0.861366] ata7: DUMMY
[    0.862064] ata8: DUMMY
[    0.869441] nvme nvme0: 32/0/0 default/read/poll queues
[    0.872542] nvme nvme2: 32/0/0 default/read/poll queues
[    0.873859]  nvme0n1: p1 p2
[    0.877879]  nvme2n1: p1 p2 p3
[    0.891323] xhci_hcd 0000:0e:00.0: hcc params 0x0200ef81 hci version 0x110 quirks 0x0000000000000010
[    0.893713] xhci_hcd 0000:0e:00.0: xHCI Host Controller
[    0.894571] xhci_hcd 0000:0e:00.0: new USB bus registered, assigned bus number 2
[    0.895662] xhci_hcd 0000:0e:00.0: Host supports USB 3.2 Enhanced SuperSpeed
[    0.897020] usb usb1: New USB device found, idVendor=1d6b, idProduct=0002, bcdDevice= 6.08
[    0.898085] usb usb1: New USB device strings: Mfr=3, Product=2, SerialNumber=1
[    0.898884] usb usb1: Product: xHCI Host Controller
[    0.900007] usb usb1: Manufacturer: Linux 6.8.0-52-generic xhci-hcd
[    0.901127] usb usb1: SerialNumber: 0000:0e:00.0
[    0.902436] hub 1-0:1.0: USB hub found
[    0.903433] hub 1-0:1.0: 12 ports detected
[    0.905216] usb usb2: We don't know the algorithms for LPM for this host, disabling LPM.
[    0.906207] usb usb2: New USB device found, idVendor=1d6b, idProduct=0003, bcdDevice= 6.08
[    0.907078] usb usb2: New USB device strings: Mfr=3, Product=2, SerialNumber=1
[    0.907987] usb usb2: Product: xHCI Host Controller
[    0.909075] usb usb2: Manufacturer: Linux 6.8.0-52-generic xhci-hcd
[    0.910116] usb usb2: SerialNumber: 0000:0e:00.0
[    0.910923] hub 2-0:1.0: USB hub found
[    0.911617] hub 2-0:1.0: 5 ports detected
[    0.912585] xhci_hcd 0000:11:00.3: xHCI Host Controller
[    0.913125] xhci_hcd 0000:11:00.3: new USB bus registered, assigned bus number 3
[    0.914051] xhci_hcd 0000:11:00.3: hcc params 0x0120ffc5 hci version 0x120 quirks 0x0000000200000010
[    0.915221] xhci_hcd 0000:11:00.3: xHCI Host Controller
[    0.915788] xhci_hcd 0000:11:00.3: new USB bus registered, assigned bus number 4
[    0.916384] xhci_hcd 0000:11:00.3: Host supports USB 3.1 Enhanced SuperSpeed
[    0.917109] usb usb3: New USB device found, idVendor=1d6b, idProduct=0002, bcdDevice= 6.08
[    0.917705] usb usb3: New USB device strings: Mfr=3, Product=2, SerialNumber=1
[    0.918280] usb usb3: Product: xHCI Host Controller
[    0.918938] usb usb3: Manufacturer: Linux 6.8.0-52-generic xhci-hcd
[    0.919560] usb usb3: SerialNumber: 0000:11:00.3
[    0.920284] hub 3-0:1.0: USB hub found
[    0.920893] hub 3-0:1.0: 2 ports detected
[    0.923151] usb usb4: We don't know the algorithms for LPM for this host, disabling LPM.
[    0.924050] usb usb4: New USB device found, idVendor=1d6b, idProduct=0003, bcdDevice= 6.08
[    0.924685] usb usb4: New USB device strings: Mfr=3, Product=2, SerialNumber=1
[    0.925225] usb usb4: Product: xHCI Host Controller
[    0.925735] usb usb4: Manufacturer: Linux 6.8.0-52-generic xhci-hcd
[    0.926359] usb usb4: SerialNumber: 0000:11:00.3
[    0.927138] hub 4-0:1.0: USB hub found
[    0.927718] hub 4-0:1.0: 2 ports detected
[    0.928341] nvme nvme1: 32/0/0 default/read/poll queues
[    0.930344] xhci_hcd 0000:11:00.4: xHCI Host Controller
[    0.931117] xhci_hcd 0000:11:00.4: new USB bus registered, assigned bus number 5
[    0.932091] xhci_hcd 0000:11:00.4: hcc params 0x0120ffc5 hci version 0x120 quirks 0x0000000200000010
[    0.933324] xhci_hcd 0000:11:00.4: xHCI Host Controller
[    0.934000] xhci_hcd 0000:11:00.4: new USB bus registered, assigned bus number 6
[    0.934397] nvme nvme1: Ignoring bogus Namespace Identifiers
[    0.934559] xhci_hcd 0000:11:00.4: Host supports USB 3.1 Enhanced SuperSpeed
[    0.935810] usb usb5: New USB device found, idVendor=1d6b, idProduct=0002, bcdDevice= 6.08
[    0.936494] usb usb5: New USB device strings: Mfr=3, Product=2, SerialNumber=1
[    0.937072]  nvme1n1: p1 p2
[    0.937170] usb usb5: Product: xHCI Host Controller
[    0.939894] usb usb5: Manufacturer: Linux 6.8.0-52-generic xhci-hcd
[    0.940809] usb usb5: SerialNumber: 0000:11:00.4
[    0.941545] hub 5-0:1.0: USB hub found
[    0.942517] hub 5-0:1.0: 2 ports detected
[    0.944922] usb usb6: We don't know the algorithms for LPM for this host, disabling LPM.
[    0.946609] usb usb6: New USB device found, idVendor=1d6b, idProduct=0003, bcdDevice= 6.08
[    0.947643] usb usb6: New USB device strings: Mfr=3, Product=2, SerialNumber=1
[    0.948357] usb usb6: Product: xHCI Host Controller
[    0.949368] usb usb6: Manufacturer: Linux 6.8.0-52-generic xhci-hcd
[    0.950371] usb usb6: SerialNumber: 0000:11:00.4
[    0.951481] hub 6-0:1.0: USB hub found
[    0.952488] hub 6-0:1.0: 2 ports detected
[    0.955348] xhci_hcd 0000:12:00.0: xHCI Host Controller
[    0.956396] xhci_hcd 0000:12:00.0: new USB bus registered, assigned bus number 7
[    0.958778] xhci_hcd 0000:12:00.0: USB3 root hub has no ports
[    0.960116] xhci_hcd 0000:12:00.0: hcc params 0x0110ffc5 hci version 0x120 quirks 0x0000000200000010
[    0.962161] xhci_hcd 0000:12:00.0: xHCI Host Controller
[    0.963621] xhci_hcd 0000:12:00.0: new USB bus registered, assigned bus number 8
[    0.964715] xhci_hcd 0000:12:00.0: Host supports USB 3.0 SuperSpeed
[    0.965918] usb usb7: New USB device found, idVendor=1d6b, idProduct=0002, bcdDevice= 6.08
[    0.967277] usb usb7: New USB device strings: Mfr=3, Product=2, SerialNumber=1
[    0.968641] usb usb7: Product: xHCI Host Controller
[    0.969980] usb usb7: Manufacturer: Linux 6.8.0-52-generic xhci-hcd
[    0.971333] usb usb7: SerialNumber: 0000:12:00.0
[    0.972804] hub 7-0:1.0: USB hub found
[    0.973470] hub 7-0:1.0: 1 port detected
[    0.975085] usb usb8: We don't know the algorithms for LPM for this host, disabling LPM.
[    0.975730] usb usb8: New USB device found, idVendor=1d6b, idProduct=0003, bcdDevice= 6.08
[    0.976390] usb usb8: New USB device strings: Mfr=3, Product=2, SerialNumber=1
[    0.977033] usb usb8: Product: xHCI Host Controller
[    0.977746] usb usb8: Manufacturer: Linux 6.8.0-52-generic xhci-hcd
[    0.978471] usb usb8: SerialNumber: 0000:12:00.0
[    0.979276] hub 8-0:1.0: USB hub found
[    0.979955] hub 8-0:1.0: config failed, hub doesn't have any ports! (err -19)
[    1.142684] ata1: SATA link down (SStatus 0 SControl 300)
[    1.164611] usb 3-2: new high-speed USB device number 2 using xhci_hcd
[    1.168384] ata3: SATA link down (SStatus 0 SControl 300)
[    1.209610] usb 1-2: new full-speed USB device number 2 using xhci_hcd
[    1.331009] usb 3-2: New USB device found, idVendor=0c45, idProduct=6367, bcdDevice= 1.00
[    1.331681] usb 3-2: New USB device strings: Mfr=2, Product=1, SerialNumber=3
[    1.332215] usb 3-2: Product: HCAM01N
[    1.332714] usb 3-2: Manufacturer: Sonix Technology Co., Ltd.
[    1.333191] usb 3-2: SerialNumber: SN0001
[    1.455014] ata2: SATA link down (SStatus 0 SControl 300)
[    1.473610] tsc: Refined TSC clocksource calibration: 4200.002 MHz
[    1.474424] clocksource: tsc: mask: 0xffffffffffffffff max_cycles: 0x3c8a631d5be, max_idle_ns: 440795208828 ns
[    1.475090] clocksource: Switched to clocksource tsc
[    1.581151] usb 1-2: New USB device found, idVendor=045e, idProduct=0b12, bcdDevice= 5.09
[    1.581909] usb 1-2: New USB device strings: Mfr=1, Product=2, SerialNumber=3
[    1.582430] usb 1-2: Product: Controller
[    1.582927] usb 1-2: Manufacturer: Microsoft
[    1.583413] usb 1-2: SerialNumber: 3039373130343736303037333037
[    1.595856] usb 2-5: new SuperSpeed USB device number 2 using xhci_hcd
[    1.612138] usb 2-5: New USB device found, idVendor=174c, idProduct=3074, bcdDevice= 0.01
[    1.612784] usb 2-5: New USB device strings: Mfr=2, Product=3, SerialNumber=0
[    1.613292] usb 2-5: Product: ASM107x
[    1.613791] usb 2-5: Manufacturer: Asmedia
[    1.622200] hub 2-5:1.0: USB hub found
[    1.623139] hub 2-5:1.0: 4 ports detected
[    1.766987] ata4: SATA link down (SStatus 0 SControl 300)
[    1.785608] usb 1-4: new full-speed USB device number 3 using xhci_hcd
[    2.078976] ata5: SATA link down (SStatus 0 SControl 300)
[    2.155187] usb 1-4: New USB device found, idVendor=3151, idProduct=4015, bcdDevice= 1.04
[    2.155977] usb 1-4: New USB device strings: Mfr=1, Product=2, SerialNumber=0
[    2.156538] usb 1-4: Product: MonsGeek Keyboard
[    2.157057] usb 1-4: Manufacturer: ROYUAN
[    2.350609] usb 1-5: new high-speed USB device number 4 using xhci_hcd
[    2.390989] ata6: SATA link down (SStatus 0 SControl 300)
[    2.410611] r8169 0000:0c:00.0 enp12s0: renamed from eth0
[    2.605383] usb 1-5: New USB device found, idVendor=174c, idProduct=2074, bcdDevice= 0.01
[    2.606398] usb 1-5: New USB device strings: Mfr=2, Product=3, SerialNumber=0
[    2.607030] usb 1-5: Product: ASM107x
[    2.607555] usb 1-5: Manufacturer: Asmedia
[    2.619424] hub 1-5:1.0: USB hub found
[    2.625372] hub 1-5:1.0: 4 ports detected
[    2.834617] usb 1-6: new high-speed USB device number 5 using xhci_hcd
[    4.680398] usb 1-6: New USB device found, idVendor=0db0, idProduct=422d, bcdDevice= 0.01
[    4.681237] usb 1-6: New USB device strings: Mfr=3, Product=1, SerialNumber=0
[    4.681887] usb 1-6: Product: USB Audio
[    4.682326] usb 1-6: Manufacturer: Generic
[    4.915609] usb 1-7: new high-speed USB device number 6 using xhci_hcd
[    5.137383] usb 1-7: New USB device found, idVendor=0e8d, idProduct=0616, bcdDevice= 1.00
[    5.138100] usb 1-7: New USB device strings: Mfr=5, Product=6, SerialNumber=7
[    5.138585] usb 1-7: Product: Wireless_Device
[    5.139037] usb 1-7: Manufacturer: MediaTek Inc.
[    5.139474] usb 1-7: SerialNumber: 000000000
[    5.364609] usb 1-10: new full-speed USB device number 7 using xhci_hcd
[    5.653896] usb 1-10: New USB device found, idVendor=1462, idProduct=7d75, bcdDevice= 0.01
[    5.654769] usb 1-10: New USB device strings: Mfr=1, Product=2, SerialNumber=3
[    5.655254] usb 1-10: Product: MYSTIC LIGHT 
[    5.655705] usb 1-10: Manufacturer: MSI
[    5.656128] usb 1-10: SerialNumber: 7D7522120106
[    5.849611] usb 1-12: new high-speed USB device number 8 using xhci_hcd
[    6.062377] usb 1-12: New USB device found, idVendor=05e3, idProduct=0608, bcdDevice=60.70
[    6.063076] usb 1-12: New USB device strings: Mfr=0, Product=1, SerialNumber=0
[    6.063539] usb 1-12: Product: USB2.0 Hub
[    6.077438] hub 1-12:1.0: USB hub found
[    6.081377] hub 1-12:1.0: 4 ports detected
[    6.107029] hid: raw HID events driver (C) Jiri Kosina
[    6.138928] usbcore: registered new interface driver usbhid
[    6.139522] usbhid: USB HID core driver
[    6.141731] input: ROYUAN MonsGeek Keyboard as /devices/pci0000:00/0000:00:02.1/0000:03:00.0/0000:04:0c.0/0000:0e:00.0/usb1/1-4/1-4:1.0/0003:3151:4015.0001/input/input3
[    6.195701] hid-generic 0003:3151:4015.0001: input,hidraw0: USB HID v1.11 Keyboard [ROYUAN MonsGeek Keyboard] on usb-0000:0e:00.0-4/input0
[    6.197004] input: ROYUAN MonsGeek Keyboard Consumer Control as /devices/pci0000:00/0000:00:02.1/0000:03:00.0/0000:04:0c.0/0000:0e:00.0/usb1/1-4/1-4:1.1/0003:3151:4015.0002/input/input4
[    6.250691] input: ROYUAN MonsGeek Keyboard System Control as /devices/pci0000:00/0000:00:02.1/0000:03:00.0/0000:04:0c.0/0000:0e:00.0/usb1/1-4/1-4:1.1/0003:3151:4015.0002/input/input5
[    6.252487] input: ROYUAN MonsGeek Keyboard as /devices/pci0000:00/0000:00:02.1/0000:03:00.0/0000:04:0c.0/0000:0e:00.0/usb1/1-4/1-4:1.1/0003:3151:4015.0002/input/input6
[    6.254898] input: ROYUAN MonsGeek Keyboard Mouse as /devices/pci0000:00/0000:00:02.1/0000:03:00.0/0000:04:0c.0/0000:0e:00.0/usb1/1-4/1-4:1.1/0003:3151:4015.0002/input/input7
[    6.257609] input: ROYUAN MonsGeek Keyboard as /devices/pci0000:00/0000:00:02.1/0000:03:00.0/0000:04:0c.0/0000:0e:00.0/usb1/1-4/1-4:1.1/0003:3151:4015.0002/input/input8
[    6.260417] hid-generic 0003:3151:4015.0002: input,hiddev0,hidraw1: USB HID v1.11 Keyboard [ROYUAN MonsGeek Keyboard] on usb-0000:0e:00.0-4/input1
[    6.261889] hid-generic 0003:3151:4015.0003: hiddev1,hidraw2: USB HID v1.11 Device [ROYUAN MonsGeek Keyboard] on usb-0000:0e:00.0-4/input2
[    6.263348] hid-generic 0003:0DB0:422D.0004: hiddev2,hidraw3: USB HID v1.11 Device [Generic USB Audio] on usb-0000:0e:00.0-6/input7
[    6.264858] input: MSI MYSTIC LIGHT  as /devices/pci0000:00/0000:00:02.1/0000:03:00.0/0000:04:0c.0/0000:0e:00.0/usb1/1-10/1-10:1.0/0003:1462:7D75.0005/input/input9
[    6.267830] hid-generic 0003:1462:7D75.0005: input,hiddev3,hidraw4: USB HID v1.10 Device [MSI MYSTIC LIGHT ] on usb-0000:0e:00.0-10/input0
[    6.408611] usb 1-12.2: new full-speed USB device number 9 using xhci_hcd
[    6.473201] EXT4-fs (nvme1n1p1): mounted filesystem b5e84f74-7532-4797-9ff4-9a3261f84236 ro with ordered data mode. Quota mode: none.
[    6.552172] systemd[1]: RTC configured in localtime, applying delta of 540 minutes to system time.
[    6.560454] systemd[1]: Inserted module 'autofs4'
[    6.577578] systemd[1]: systemd 249.11-0ubuntu3.12 running in system mode (+PAM +AUDIT +SELINUX +APPARMOR +IMA +SMACK +SECCOMP +GCRYPT +GNUTLS +OPENSSL +ACL +BLKID +CURL +ELFUTILS +FIDO2 +IDN2 -IDN +IPTC +KMOD +LIBCRYPTSETUP +LIBFDISK +PCRE2 -PWQUALITY -P11KIT -QRENCODE +BZIP2 +LZ4 +XZ +ZLIB +ZSTD -XKBCOMMON +UTMP +SYSVINIT default-hierarchy=unified)
[    6.580526] systemd[1]: Detected architecture x86-64.
[    6.587081] systemd[1]: Hostname set to <layfort-MS-7D75>.
[    6.615636] block nvme1n1: the capability attribute has been deprecated.
[    6.639286] systemd[1]: Configuration file /run/systemd/system/netplan-ovs-cleanup.service is marked world-inaccessible. This has no effect as configuration data is accessible via APIs without restrictions. Proceeding anyway.
[    6.671411] systemd[1]: /lib/systemd/system/snapd.service:23: Unknown key name 'RestartMode' in section 'Service', ignoring.
[    6.697582] systemd[1]: Queued start job for default target Graphical Interface.
[    6.709963] systemd[1]: Created slice Slice /system/modprobe.
[    6.712361] systemd[1]: Created slice Slice /system/postgresql.
[    6.715411] systemd[1]: Created slice Slice /system/systemd-fsck.
[    6.717969] systemd[1]: Created slice User and Session Slice.
[    6.720255] systemd[1]: Started Forward Password Requests to Wall Directory Watch.
[    6.722674] systemd[1]: Set up automount Arbitrary Executable File Formats File System Automount Point.
[    6.724766] systemd[1]: Reached target User and Group Name Lookups.
[    6.726878] systemd[1]: Reached target Remote File Systems.
[    6.728950] systemd[1]: Reached target Slice Units.
[    6.731120] systemd[1]: Reached target Mounting snaps.
[    6.733105] systemd[1]: Reached target Local Verity Protected Volumes.
[    6.735241] systemd[1]: Listening on Syslog Socket.
[    6.737148] systemd[1]: Listening on fsck to fsckd communication Socket.
[    6.737389] usb 1-12.2: New USB device found, idVendor=3633, idProduct=0008, bcdDevice= 2.00
[    6.740554] usb 1-12.2: New USB device strings: Mfr=1, Product=2, SerialNumber=3
[    6.740556] usb 1-12.2: Product: AG-DIGITAL
[    6.740557] usb 1-12.2: Manufacturer: DeepCool
[    6.740558] usb 1-12.2: SerialNumber: 100877296484
[    6.747167] systemd[1]: Listening on initctl Compatibility Named Pipe.
[    6.749736] systemd[1]: Listening on Journal Audit Socket.
[    6.752162] systemd[1]: Listening on Journal Socket (/dev/log).
[    6.754600] systemd[1]: Listening on Journal Socket.
[    6.757334] systemd[1]: Listening on udev Control Socket.
[    6.759763] systemd[1]: Listening on udev Kernel Socket.
[    6.767659] systemd[1]: Mounting Huge Pages File System...
[    6.771241] systemd[1]: Mounting POSIX Message Queue File System...
[    6.774297] systemd[1]: Mounting Kernel Debug File System...
[    6.777181] systemd[1]: Mounting Kernel Trace File System...
[    6.782536] systemd[1]: Starting Journal Service...
[    6.784906] systemd[1]: Starting Set the console keyboard layout...
[    6.787368] systemd[1]: Starting Create List of Static Device Nodes...
[    6.789852] systemd[1]: Starting Load Kernel Module configfs...
[    6.793530] systemd[1]: Starting Load Kernel Module drm...
[    6.793644] hid-generic 0003:3633:0008.0006: hiddev4,hidraw5: USB HID v1.10 Device [DeepCool AG-DIGITAL] on usb-0000:0e:00.0-12.2/input0
[    6.796671] systemd[1]: Starting Load Kernel Module efi_pstore...
[    6.798507] systemd[1]: Starting Load Kernel Module fuse...
[    6.799610] pstore: Using crash dump compression: deflate
[    6.802800] systemd[1]: Condition check resulted in File System Check on Root Device being skipped.
[    6.802835] pstore: Registered efi_pstore as persistent store backend
[    6.804899] systemd[1]: Starting Load Kernel Modules...
[    6.809434] systemd[1]: Starting Remount Root and Kernel File Systems...
[    6.812441] systemd[1]: Starting Coldplug All udev Devices...
[    6.813796] lp: driver loaded but no devices found
[    6.816645] systemd[1]: Mounted Huge Pages File System.
[    6.817168] ppdev: user-space parallel port driver
[    6.822565] systemd[1]: Mounted POSIX Message Queue File System.
[    6.825943] systemd[1]: Mounted Kernel Debug File System.
[    6.828095] systemd[1]: Mounted Kernel Trace File System.
[    6.830155] systemd[1]: Finished Set the console keyboard layout.
[    6.832016] systemd[1]: Finished Create List of Static Device Nodes.
[    6.833802] systemd[1]: Started Journal Service.
[    6.834969] EXT4-fs (nvme1n1p1): re-mounted b5e84f74-7532-4797-9ff4-9a3261f84236 r/w. Quota mode: none.
[    6.868215] Adding 2097148k swap on /swapfile.  Priority:-2 extents:16 across:1445068800k SS
[    6.873611] usb 1-12.3: new full-speed USB device number 10 using xhci_hcd
[    6.874164] systemd-journald[543]: Received client request to flush runtime journal.
[    6.899574] loop0: detected capacity change from 0 to 8
[    6.900547] loop1: detected capacity change from 0 to 151288
[    6.902073] loop2: detected capacity change from 0 to 151328
[    6.903644] loop3: detected capacity change from 0 to 528368
[    6.905011] loop4: detected capacity change from 0 to 528256
[    6.906291] loop5: detected capacity change from 0 to 1034424
[    6.907787] loop6: detected capacity change from 0 to 1056784
[    6.909346] loop7: detected capacity change from 0 to 187776
[    6.911388] loop8: detected capacity change from 0 to 26472
[    6.912905] loop9: detected capacity change from 0 to 24984
[    6.914355] loop10: detected capacity change from 0 to 90720
[    6.915699] loop11: detected capacity change from 0 to 91008
[    6.917225] loop12: detected capacity change from 0 to 1128
[    6.919016] loop13: detected capacity change from 0 to 1136
[    7.012262] ccp 0000:11:00.2: enabling device (0000 -> 0002)
[    7.013616] ccp 0000:11:00.2: tee enabled
[    7.013833] ccp 0000:11:00.2: psp enabled
[    7.044799] mc: Linux media interface: v0.10
[    7.047525] RAPL PMU: API unit is 2^-32 Joules, 1 fixed counters, 163840 ms ovfl timer
[    7.047529] RAPL PMU: hw unit of domain package 2^-16 Joules
[    7.050497] cryptd: max_cpu_qlen set to 1000
[    7.055357] videodev: Linux video capture interface: v2.00
[    7.056224] AVX2 version of gcm_enc/dec engaged.
[    7.056281] AES CTR mode by8 optimization enabled
[    7.064577] usb 3-2: Found UVC 1.00 device HCAM01N (0c45:6367)
[    7.084903] usbcore: registered new interface driver uvcvideo
[    7.164536] nvidia: loading out-of-tree module taints kernel.
[    7.164542] nvidia: module license 'NVIDIA' taints kernel.
[    7.164543] Disabling lock debugging due to kernel taint
[    7.164545] nvidia: module license taints kernel.
[    7.170447] usb 3-2: 3:1: cannot get freq at ep 0x84
[    7.176363] usb 1-12.3: New USB device found, idVendor=046d, idProduct=c53f, bcdDevice=44.01
[    7.176366] usb 1-12.3: New USB device strings: Mfr=1, Product=2, SerialNumber=0
[    7.176368] usb 1-12.3: Product: USB Receiver
[    7.176370] usb 1-12.3: Manufacturer: Logitech
[    7.196972] audit: type=1400 audit(1740554207.191:2): apparmor="STATUS" operation="profile_load" profile="unconfined" name="libreoffice-senddoc" pid=782 comm="apparmor_parser"
[    7.196999] audit: type=1400 audit(1740554207.191:3): apparmor="STATUS" operation="profile_load" profile="unconfined" name="libreoffice-xpdfimport" pid=784 comm="apparmor_parser"
[    7.197356] audit: type=1400 audit(1740554207.191:4): apparmor="STATUS" operation="profile_load" profile="unconfined" name="/usr/libexec/ibus-engine-hangul" pid=786 comm="apparmor_parser"
[    7.197388] audit: type=1400 audit(1740554207.191:5): apparmor="STATUS" operation="profile_load" profile="unconfined" name="lsb_release" pid=773 comm="apparmor_parser"
[    7.197425] audit: type=1400 audit(1740554207.191:6): apparmor="STATUS" operation="profile_load" profile="unconfined" name="libreoffice-oosplash" pid=781 comm="apparmor_parser"
[    7.197600] audit: type=1400 audit(1740554207.191:7): apparmor="STATUS" operation="profile_load" profile="unconfined" name="nvidia_modprobe" pid=774 comm="apparmor_parser"
[    7.197603] audit: type=1400 audit(1740554207.192:8): apparmor="STATUS" operation="profile_load" profile="unconfined" name="nvidia_modprobe//kmod" pid=774 comm="apparmor_parser"
[    7.197667] audit: type=1400 audit(1740554207.192:9): apparmor="STATUS" operation="profile_load" profile="unconfined" name="/usr/bin/man" pid=779 comm="apparmor_parser"
[    7.197670] audit: type=1400 audit(1740554207.192:10): apparmor="STATUS" operation="profile_load" profile="unconfined" name="man_filter" pid=779 comm="apparmor_parser"
[    7.197672] audit: type=1400 audit(1740554207.192:11): apparmor="STATUS" operation="profile_load" profile="unconfined" name="man_groff" pid=779 comm="apparmor_parser"
[    7.226497] input: Logitech USB Receiver as /devices/pci0000:00/0000:00:02.1/0000:03:00.0/0000:04:0c.0/0000:0e:00.0/usb1/1-12/1-12.3/1-12.3:1.0/0003:046D:C53F.0007/input/input10
[    7.235202] nvidia-nvlink: Nvlink Core is being initialized, major device number 510

[    7.236442] nvidia 0000:01:00.0: vgaarb: VGA decodes changed: olddecodes=io+mem,decodes=none:owns=none
[    7.278686] hid-generic 0003:046D:C53F.0007: input,hidraw6: USB HID v1.11 Keyboard [Logitech USB Receiver] on usb-0000:0e:00.0-12.3/input0
[    7.279637] NVRM: loading NVIDIA UNIX x86_64 Kernel Module  550.120  Fri Sep 13 10:10:01 UTC 2024
[    7.296511] input: Logitech USB Receiver Mouse as /devices/pci0000:00/0000:00:02.1/0000:03:00.0/0000:04:0c.0/0000:0e:00.0/usb1/1-12/1-12.3/1-12.3:1.1/0003:046D:C53F.0008/input/input11
[    7.296591] input: Logitech USB Receiver Consumer Control as /devices/pci0000:00/0000:00:02.1/0000:03:00.0/0000:04:0c.0/0000:0e:00.0/usb1/1-12/1-12.3/1-12.3:1.1/0003:046D:C53F.0008/input/input12
[    7.348637] input: Logitech USB Receiver System Control as /devices/pci0000:00/0000:00:02.1/0000:03:00.0/0000:04:0c.0/0000:0e:00.0/usb1/1-12/1-12.3/1-12.3:1.1/0003:046D:C53F.0008/input/input13
[    7.348701] hid-generic 0003:046D:C53F.0008: input,hiddev5,hidraw7: USB HID v1.11 Mouse [Logitech USB Receiver] on usb-0000:0e:00.0-12.3/input1
[    7.364468] hid-generic 0003:046D:C53F.0009: hiddev6,hidraw8: USB HID v1.11 Device [Logitech USB Receiver] on usb-0000:0e:00.0-12.3/input2
[    8.307271] nvidia-modeset: Loading NVIDIA Kernel Mode Setting Driver for UNIX platforms  550.120  Fri Sep 13 10:01:25 UTC 2024
[    8.307634] kvm_amd: TSC scaling supported
[    8.307637] kvm_amd: Nested Virtualization enabled
[    8.307639] kvm_amd: Nested Paging enabled
[    8.307640] kvm_amd: LBR virtualization supported
[    8.307652] kvm_amd: Virtual VMLOAD VMSAVE supported
